#
# A fatal error has been detected by the Java Runtime Environment:
#
#  SIGSEGV (0xb) at pc=0x00007a6f135a4f37, pid=2494, tid=2494
#
# JRE version: OpenJDK Runtime Environment (21.0.7+6) (build 21.0.7+6-Ubuntu-0ubuntu124.04)
# Java VM: OpenJDK 64-Bit Server VM (21.0.7+6-Ubuntu-0ubuntu124.04, mixed mode, sharing, tiered, compressed oops, compressed class ptrs, g1 gc, linux-amd64)
# Problematic frame:
# V  [libjvm.so+0x5a4f37]  AccessInternal::PostRuntimeDispatch<G1BarrierSet::AccessBarrier<548964ul, G1BarrierSet>, (AccessInternal::BarrierType)0, 548964ul>::oop_access_barrier(void*, oopDesc*)+0x57
#
# Core dump will be written. Default location: Core dumps may be processed with "/wsl-capture-crash %t %E %p %s" (or dumping to /home/hyuntae-choi/gcam-core/exe/core.2494)
#
# If you would like to submit a bug report, please visit:
#   https://bugs.launchpad.net/ubuntu/+source/openjdk-21
#

---------------  S U M M A R Y ------------

Command Line: -Djava.system.class.loader=WildcardExpandingClassLoader 

Host: 12th Gen Intel(R) Core(TM) i7-12700H, 20 cores, 15G, Ubuntu 24.04.2 LTS
Time: Sun Jun 22 20:05:17 2025 KST elapsed time: 0.106218 seconds (0d 0h 0m 0s)

---------------  T H R E A D  ---------------

Current thread (0x00007a6f126a4f00):  JavaThread "main"             [_thread_in_vm, id=2494, stack(0x00007ffc7fc72000,0x00007ffc7fd72000) (1024K)]

Stack: [0x00007ffc7fc72000,0x00007ffc7fd72000],  sp=0x00007ffc7fd6f260,  free space=1012k
Native frames: (J=compiled Java code, j=interpreted, Vv=VM code, C=native code)
V  [libjvm.so+0x5a4f37]  AccessInternal::PostRuntimeDispatch<G1BarrierSet::AccessBarrier<548964ul, G1BarrierSet>, (AccessInternal::BarrierType)0, 548964ul>::oop_access_barrier(void*, oopDesc*)+0x57
V  [libjvm.so+0x9e7901]  JNIHandles::destroy_global(_jobject*)+0x21
V  [libjvm.so+0x9a3c5d]  jni_DeleteGlobalRef+0x7d

siginfo: si_signo: 11 (SIGSEGV), si_code: 1 (SEGV_MAPERR), si_addr: 0x0000006c6d782e64

Registers:
RAX=0x00007a6f144ed9d0, RBX=0x0000006c6d782e64, RCX=0x0000000000000050, RDX=0x00007a6f12693de8
RSP=0x00007ffc7fd6f260, RBP=0x00007ffc7fd6f280, RSI=0x0000000000000000, RDI=0x0000006c6d782e64
R8 =0x0000000000000000, R9 =0x0000000080000000, R10=0x00007ffc7fde0080, R11=0x0000000000000293
R12=0x0000000000000000, R13=0x00007a6f126ea080, R14=0x00007ffc7fd6f3b0, R15=0x00007ffc7fd6f3c0
RIP=0x00007a6f135a4f37, EFLAGS=0x0000000000010246, CSGSFS=0x002b000000000033, ERR=0x0000000000000006
  TRAPNO=0x000000000000000e

XMM[0]=0x00007a6f126d7600 0x00007a6f126d7600
XMM[1]=0x00007a6f1269bc00 0x00007a6f1269bc00
XMM[2]=0x74206f7420657469 0x7277206f74207265
XMM[3]=0x6176614a20646e69 0x66206f742064656c
XMM[4]=0x00007ffc7fd6b5a0 0x00007f0000000000
XMM[5]=0x00007a6f0205fcc6 0x00007ffc7fd6b680
XMM[6]=0x0000000000000000 0x00007a6f0205fb90
XMM[7]=0x00007ffc7fd6b6f0 0x00007f0000000000
XMM[8]=0x0000000000000000 0xe808ec8348000000
XMM[9]=0x0000000000000000 0x6161616161616161
XMM[10]=0x0000000000000000 0x00360a0200153213
XMM[11]=0x0000000000000000 0x9999999999999999
XMM[12]=0x0000000000000000 0x2020202020202020
XMM[13]=0x0000000000000000 0x0000000000000006
XMM[14]=0x0000000000000000 0x0000000000000004
XMM[15]=0x0000000000000000 0x0000000000000000
  MXCSR=0x00001fa2


Register to memory mapping:

RAX=0x00007a6f144ed9d0: <offset 0x00000000014ed9d0> in /usr/lib/jvm/default-java/lib/server/libjvm.so at 0x00007a6f13000000
RBX=0x0000006c6d782e64 is an unknown value
RCX=0x0000000000000050 is an unknown value
RDX=0x00007a6f12693de8 points into unknown readable memory: 0x0000000000000000 | 00 00 00 00 00 00 00 00
RSP=0x00007ffc7fd6f260 is pointing into the stack for thread: 0x00007a6f126a4f00
RBP=0x00007ffc7fd6f280 is pointing into the stack for thread: 0x00007a6f126a4f00
RSI=0x0 is null
RDI=0x0000006c6d782e64 is an unknown value
R8 =0x0 is null
R9 =0x0000000080000000 is an unknown value
R10=0x00007ffc7fde0080 points into unknown readable memory: 0x000000010001db74 | 74 db 01 00 01 00 00 00
R11=0x0000000000000293 is an unknown value
R12=0x0 is null
R13=0x00007a6f126ea080 points into unknown readable memory: 0x00007a6f144aace8 | e8 ac 4a 14 6f 7a 00 00
R14=0x00007ffc7fd6f3b0 is pointing into the stack for thread: 0x00007a6f126a4f00
R15=0x00007ffc7fd6f3c0 is pointing into the stack for thread: 0x00007a6f126a4f00

Top of Stack: (sp=0x00007ffc7fd6f260)
0x00007ffc7fd6f260:   0000006c6d782e64 0000006c6d782e66
0x00007ffc7fd6f270:   00007a6f126a52b8 00007ffc7fd6f3b0
0x00007ffc7fd6f280:   00007ffc7fd6f2a0 00007a6f139e7901
0x00007ffc7fd6f290:   00007ffc7fd6f2d0 00007a6f126a4f00
0x00007ffc7fd6f2a0:   00007ffc7fd6f2d0 00007a6f139a3c5d
0x00007ffc7fd6f2b0:   00007a6f12e7ba20 00007ffc7fd6f460
0x00007ffc7fd6f2c0:   00007a6f126d2400 000063263b43e827
0x00007ffc7fd6f2d0:   00007a6f126e3160 000063263af8ae16
0x00007ffc7fd6f2e0:   00007a6f126d7600 00007ffc7fd6f390
0x00007ffc7fd6f2f0:   00007ffc7fd6f3d0 000000011269bc00
0x00007ffc7fd6f300:   00007a6f126cfac0 00007ffc7fd6f350
0x00007ffc7fd6f310:   0000000200010006 00007a6f126e2d00
0x00007ffc7fd6f320:   000063263b509e00 000063263b50a180
0x00007ffc7fd6f330:   00007a6f126aff60 000000000000007a
0x00007ffc7fd6f340:   000000000000009c ffffffffffffffff
0x00007ffc7fd6f350:   00007ffc7fd6f360 0000000000000000
0x00007ffc7fd6f360:   0000000000000000 0000000000000000
0x00007ffc7fd6f370:   00007ffc7fd6f380 0000000000000000
0x00007ffc7fd6f380:   0000000000000000 0000000000000016
0x00007ffc7fd6f390:   00007ffc7fd6f3a0 000000000000000b
0x00007ffc7fd6f3a0:   69724442444c4d58 0000000000726576
0x00007ffc7fd6f3b0:   00007ffc7fd6f3c0 0000000000000000
0x00007ffc7fd6f3c0:   0000000000000000 00007a6f12892571
0x00007ffc7fd6f3d0:   00007ffc7fd6f3e0 0000000000000001
0x00007ffc7fd6f3e0:   000000000000003a 00007ffc7fd6f440
0x00007ffc7fd6f3f0:   00007ffc7fd6f400 0000000000000008
0x00007ffc7fd6f400:   676f6c5f6e69616d 00006e6f69746100
0x00007ffc7fd6f410:   000063263b501490 76e7c4cd74d3d700
0x00007ffc7fd6f420:   000000000000000a 00007a6f126d2400
0x00007ffc7fd6f430:   00007ffc7fd6f670 00007ffc7fd6f690
0x00007ffc7fd6f440:   00007ffc7fd6f6d0 000063263b501490
0x00007ffc7fd6f450:   00007a6f126e35e0 000063263af8b567 

Instructions: (pc=0x00007a6f135a4f37)
0x00007a6f135a4e37:   00 48 8d 05 21 03 00 00 eb b6 0f 1f 80 00 00 00
0x00007a6f135a4e47:   00 48 8d 05 01 ff ff ff eb a6 0f 1f 80 00 00 00
0x00007a6f135a4e57:   00 48 8d 05 d1 05 00 00 eb 96 0f 1f 80 00 00 00
0x00007a6f135a4e67:   00 48 8d 05 f1 fe ff ff eb 86 0f 1f 80 00 00 00
0x00007a6f135a4e77:   00 48 8d 05 f1 fe ff ff e9 73 ff ff ff 0f 1f 40
0x00007a6f135a4e87:   00 48 8d 05 c1 00 00 00 e9 63 ff ff ff 0f 1f 40
0x00007a6f135a4e97:   00 48 8d 05 21 01 00 00 e9 53 ff ff ff 0f 1f 40
0x00007a6f135a4ea7:   00 48 8d 05 d1 fe ff ff e9 43 ff ff ff 48 8d 05
0x00007a6f135a4eb7:   95 80 f1 00 48 8d 0d 16 09 ba 00 ba e2 00 00 00
0x00007a6f135a4ec7:   48 8d 35 42 09 ba 00 bf 00 00 00 e0 48 8b 00 c6
0x00007a6f135a4ed7:   00 58 31 c0 e8 c0 b4 10 00 f3 0f 1e fa 55 48 8d
0x00007a6f135a4ee7:   05 e4 8a f4 00 48 89 e5 41 56 41 55 41 54 49 89
0x00007a6f135a4ef7:   f4 53 4c 8b 28 48 89 fb 41 80 bd 18 06 00 00 00
0x00007a6f135a4f07:   74 2e 4c 8b 37 4d 85 f6 74 26 66 48 8d 3d 67 30
0x00007a6f135a4f17:   f1 00 66 66 48 e8 1f c6 cf ff 49 8d bd f0 04 00
0x00007a6f135a4f27:   00 4c 89 f2 48 8b 30 48 83 c6 28 e8 39 f1 80 00
0x00007a6f135a4f37:   4c 89 23 5b 41 5c 41 5d 41 5e 5d c3 66 2e 0f 1f
0x00007a6f135a4f47:   84 00 00 00 00 00 0f 1f 00 f3 0f 1e fa 55 48 8d
0x00007a6f135a4f57:   05 74 8a f4 00 48 89 e5 41 56 41 55 41 54 49 89
0x00007a6f135a4f67:   f4 53 4c 8b 28 48 89 fb 41 80 bd 18 06 00 00 00
0x00007a6f135a4f77:   74 2e 4c 8b 37 4d 85 f6 74 26 66 48 8d 3d f7 2f
0x00007a6f135a4f87:   f1 00 66 66 48 e8 af c5 cf ff 49 8d bd f0 04 00
0x00007a6f135a4f97:   00 4c 89 f2 48 8b 30 48 83 c6 28 e8 c9 f0 80 00
0x00007a6f135a4fa7:   4c 89 23 5b 41 5c 41 5d 41 5e 5d c3 66 2e 0f 1f
0x00007a6f135a4fb7:   84 00 00 00 00 00 0f 1f 00 f3 0f 1e fa 55 48 8d
0x00007a6f135a4fc7:   05 04 8a f4 00 48 89 e5 41 56 41 55 49 89 fd 41
0x00007a6f135a4fd7:   54 53 4c 8b 20 48 89 f3 48 8d 05 a2 8e f5 00 80
0x00007a6f135a4fe7:   38 00 74 19 48 85 f6 74 14 49 8b 44 24 40 0f b6
0x00007a6f135a4ff7:   80 f1 02 00 00 a8 02 0f 85 94 00 00 00 48 8d 05
0x00007a6f135a5007:   01 8d f1 00 80 38 00 74 76 49 8b 44 24 40 0f b6
0x00007a6f135a5017:   80 f1 02 00 00 a8 02 74 66 4d 8b 75 00 4d 85 f6
0x00007a6f135a5027:   74 5d 49 8b 44 24 40 48 8b 90 a8 08 00 00 48 8d 


Stack slot to memory mapping:

stack at sp + 0 slots: 0x0000006c6d782e64 is an unknown value
stack at sp + 1 slots: 0x0000006c6d782e66 is an unknown value
stack at sp + 2 slots: 0x00007a6f126a52b8 points into unknown readable memory: 0x00007a6f144bf040 | 40 f0 4b 14 6f 7a 00 00
stack at sp + 3 slots: 0x00007ffc7fd6f3b0 is pointing into the stack for thread: 0x00007a6f126a4f00
stack at sp + 4 slots: 0x00007ffc7fd6f2a0 is pointing into the stack for thread: 0x00007a6f126a4f00
stack at sp + 5 slots: 0x00007a6f139e7901: <offset 0x00000000009e7901> in /usr/lib/jvm/default-java/lib/server/libjvm.so at 0x00007a6f13000000
stack at sp + 6 slots: 0x00007ffc7fd6f2d0 is pointing into the stack for thread: 0x00007a6f126a4f00
stack at sp + 7 slots: 0x00007a6f126a4f00 is a thread


---------------  P R O C E S S  ---------------

Threads class SMR info:
_java_thread_list=0x00007a6eabdbe8a0, length=13, elements={
0x00007a6f126a4f00, 0x00007a6f127a9600, 0x00007a6f127a8f00, 0x00007a6f127a8800,
0x00007a6f127a8100, 0x00007a6f12727900, 0x00007a6f127bd600, 0x00007a6f127bcb80,
0x00007a6eabe97580, 0x00007a6eabe96b00, 0x00007a6eabe96080, 0x00007a6f12727200,
0x00007a6f12724f00
}

Java Threads: ( => current thread )
=>0x00007a6f126a4f00 JavaThread "main"                              [_thread_in_vm, id=2494, stack(0x00007ffc7fc72000,0x00007ffc7fd72000) (1024K)]
  0x00007a6f127a9600 JavaThread "Reference Handler"          daemon [_thread_blocked, id=2502, stack(0x00007a6ef156f000,0x00007a6ef166f000) (1024K)]
  0x00007a6f127a8f00 JavaThread "Finalizer"                  daemon [_thread_blocked, id=2503, stack(0x00007a6ef146f000,0x00007a6ef156f000) (1024K)]
  0x00007a6f127a8800 JavaThread "Signal Dispatcher"          daemon [_thread_blocked, id=2504, stack(0x00007a6ef136f000,0x00007a6ef146f000) (1024K)]
  0x00007a6f127a8100 JavaThread "Service Thread"             daemon [_thread_blocked, id=2505, stack(0x00007a6ef126f000,0x00007a6ef136f000) (1024K)]
  0x00007a6f12727900 JavaThread "Monitor Deflation Thread"   daemon [_thread_blocked, id=2506, stack(0x00007a6ef116f000,0x00007a6ef126f000) (1024K)]
  0x00007a6f127bd600 JavaThread "C2 CompilerThread0"         daemon [_thread_blocked, id=2507, stack(0x00007a6ef106f000,0x00007a6ef116f000) (1024K)]
  0x00007a6f127bcb80 JavaThread "C1 CompilerThread0"         daemon [_thread_blocked, id=2508, stack(0x00007a6eabf00000,0x00007a6eac000000) (1024K)]
  0x00007a6eabe97580 JavaThread "C1 CompilerThread1"         daemon [_thread_blocked, id=2509, stack(0x00007a6eab200000,0x00007a6eab300000) (1024K)]
  0x00007a6eabe96b00 JavaThread "C1 CompilerThread2"         daemon [_thread_blocked, id=2510, stack(0x00007a6eaa4fc000,0x00007a6eaa5fc000) (1024K)]
  0x00007a6eabe96080 JavaThread "C1 CompilerThread3"         daemon [_thread_blocked, id=2511, stack(0x00007a6eaa3fc000,0x00007a6eaa4fc000) (1024K)]
  0x00007a6f12727200 JavaThread "Common-Cleaner"             daemon [_thread_blocked, id=2512, stack(0x00007a6eaa2fc000,0x00007a6eaa3fc000) (1024K)]
  0x00007a6f12724f00 JavaThread "Notification Thread"        daemon [_thread_blocked, id=2513, stack(0x00007a6eaa1fc000,0x00007a6eaa2fc000) (1024K)]
Total: 13

Other Threads:
  0x00007a6f12698800 VMThread "VM Thread"                           [id=2501, stack(0x00007a6ef1670000,0x00007a6ef1770000) (1024K)]
  0x00007a6f126cab00 WatcherThread "VM Periodic Task Thread"        [id=2500, stack(0x00007a6ef1771000,0x00007a6ef1871000) (1024K)]
  0x00007a6f1269b000 WorkerThread "GC Thread#0"                     [id=2495, stack(0x00007a6ef4ba3000,0x00007a6ef4ca3000) (1024K)]
  0x00007a6f1269ac00 ConcurrentGCThread "G1 Main Marker"            [id=2496, stack(0x00007a6ef4aa2000,0x00007a6ef4ba2000) (1024K)]
  0x00007a6f1269a400 WorkerThread "G1 Conc#0"                       [id=2497, stack(0x00007a6ef49a1000,0x00007a6ef4aa1000) (1024K)]
  0x00007a6f12675d00 ConcurrentGCThread "G1 Refine#0"               [id=2498, stack(0x00007a6ef1973000,0x00007a6ef1a73000) (1024K)]
  0x00007a6f12675600 ConcurrentGCThread "G1 Service"                [id=2499, stack(0x00007a6ef1872000,0x00007a6ef1972000) (1024K)]
Total: 7

Threads with active compile tasks:
Total: 0

VM state: not at safepoint (normal execution)

VM Mutex/Monitor currently owned by a thread: None

Heap address: 0x0000000708600000, size: 3962 MB, Compressed Oops mode: Zero based, Oop shift amount: 3

CDS archive(s) mapped at: [0x00007a6eb0000000-0x00007a6eb0c97000-0x00007a6eb0c97000), size 13201408, SharedBaseAddress: 0x00007a6eb0000000, ArchiveRelocationMode: 1.
Compressed class space mapped at: 0x00007a6eb1000000-0x00007a6ef1000000, reserved size: 1073741824
Narrow klass base: 0x00007a6eb0000000, Narrow klass shift: 0, Narrow klass range: 0x100000000

GC Precious Log:
 CardTable entry size: 512
 Card Set container configuration: InlinePtr #cards 4 size 8 Array Of Cards #cards 16 size 48 Howl #buckets 8 coarsen threshold 3686 Howl Bitmap #cards 512 size 80 coarsen threshold 460 Card regions per heap region 1 cards per card region 4096
 CPUs: 20 total, 20 available
 Memory: 15845M
 Large Page Support: Disabled
 NUMA Support: Disabled
 Compressed Oops: Enabled (Zero based)
 Heap Region Size: 2M
 Heap Min Capacity: 8M
 Heap Initial Capacity: 248M
 Heap Max Capacity: 3962M
 Pre-touch: Disabled
 Parallel Workers: 15
 Concurrent Workers: 4
 Concurrent Refinement Workers: 15
 Periodic GC: Disabled

Heap:
 garbage-first heap   total 256000K, used 3121K [0x0000000708600000, 0x0000000800000000)
  region size 2048K, 2 young (4096K), 0 survivors (0K)
 Metaspace       used 389K, committed 576K, reserved 1114112K
  class space    used 24K, committed 128K, reserved 1048576K

Heap Regions: E=young(eden), S=young(survivor), O=old, HS=humongous(starts), HC=humongous(continues), CS=collection set, F=free, TAMS=top-at-mark-start, PB=parsable bottom
|   0|0x0000000708600000, 0x0000000708600000, 0x0000000708800000|  0%| F|  |TAMS 0x0000000708600000| PB 0x0000000708600000| Untracked 
|   1|0x0000000708800000, 0x0000000708800000, 0x0000000708a00000|  0%| F|  |TAMS 0x0000000708800000| PB 0x0000000708800000| Untracked 
|   2|0x0000000708a00000, 0x0000000708a00000, 0x0000000708c00000|  0%| F|  |TAMS 0x0000000708a00000| PB 0x0000000708a00000| Untracked 
|   3|0x0000000708c00000, 0x0000000708c00000, 0x0000000708e00000|  0%| F|  |TAMS 0x0000000708c00000| PB 0x0000000708c00000| Untracked 
|   4|0x0000000708e00000, 0x0000000708e00000, 0x0000000709000000|  0%| F|  |TAMS 0x0000000708e00000| PB 0x0000000708e00000| Untracked 
|   5|0x0000000709000000, 0x0000000709000000, 0x0000000709200000|  0%| F|  |TAMS 0x0000000709000000| PB 0x0000000709000000| Untracked 
|   6|0x0000000709200000, 0x0000000709200000, 0x0000000709400000|  0%| F|  |TAMS 0x0000000709200000| PB 0x0000000709200000| Untracked 
|   7|0x0000000709400000, 0x0000000709400000, 0x0000000709600000|  0%| F|  |TAMS 0x0000000709400000| PB 0x0000000709400000| Untracked 
|   8|0x0000000709600000, 0x0000000709600000, 0x0000000709800000|  0%| F|  |TAMS 0x0000000709600000| PB 0x0000000709600000| Untracked 
|   9|0x0000000709800000, 0x0000000709800000, 0x0000000709a00000|  0%| F|  |TAMS 0x0000000709800000| PB 0x0000000709800000| Untracked 
|  10|0x0000000709a00000, 0x0000000709a00000, 0x0000000709c00000|  0%| F|  |TAMS 0x0000000709a00000| PB 0x0000000709a00000| Untracked 
|  11|0x0000000709c00000, 0x0000000709c00000, 0x0000000709e00000|  0%| F|  |TAMS 0x0000000709c00000| PB 0x0000000709c00000| Untracked 
|  12|0x0000000709e00000, 0x0000000709e00000, 0x000000070a000000|  0%| F|  |TAMS 0x0000000709e00000| PB 0x0000000709e00000| Untracked 
|  13|0x000000070a000000, 0x000000070a000000, 0x000000070a200000|  0%| F|  |TAMS 0x000000070a000000| PB 0x000000070a000000| Untracked 
|  14|0x000000070a200000, 0x000000070a200000, 0x000000070a400000|  0%| F|  |TAMS 0x000000070a200000| PB 0x000000070a200000| Untracked 
|  15|0x000000070a400000, 0x000000070a400000, 0x000000070a600000|  0%| F|  |TAMS 0x000000070a400000| PB 0x000000070a400000| Untracked 
|  16|0x000000070a600000, 0x000000070a600000, 0x000000070a800000|  0%| F|  |TAMS 0x000000070a600000| PB 0x000000070a600000| Untracked 
|  17|0x000000070a800000, 0x000000070a800000, 0x000000070aa00000|  0%| F|  |TAMS 0x000000070a800000| PB 0x000000070a800000| Untracked 
|  18|0x000000070aa00000, 0x000000070aa00000, 0x000000070ac00000|  0%| F|  |TAMS 0x000000070aa00000| PB 0x000000070aa00000| Untracked 
|  19|0x000000070ac00000, 0x000000070ac00000, 0x000000070ae00000|  0%| F|  |TAMS 0x000000070ac00000| PB 0x000000070ac00000| Untracked 
|  20|0x000000070ae00000, 0x000000070ae00000, 0x000000070b000000|  0%| F|  |TAMS 0x000000070ae00000| PB 0x000000070ae00000| Untracked 
|  21|0x000000070b000000, 0x000000070b000000, 0x000000070b200000|  0%| F|  |TAMS 0x000000070b000000| PB 0x000000070b000000| Untracked 
|  22|0x000000070b200000, 0x000000070b200000, 0x000000070b400000|  0%| F|  |TAMS 0x000000070b200000| PB 0x000000070b200000| Untracked 
|  23|0x000000070b400000, 0x000000070b400000, 0x000000070b600000|  0%| F|  |TAMS 0x000000070b400000| PB 0x000000070b400000| Untracked 
|  24|0x000000070b600000, 0x000000070b600000, 0x000000070b800000|  0%| F|  |TAMS 0x000000070b600000| PB 0x000000070b600000| Untracked 
|  25|0x000000070b800000, 0x000000070b800000, 0x000000070ba00000|  0%| F|  |TAMS 0x000000070b800000| PB 0x000000070b800000| Untracked 
|  26|0x000000070ba00000, 0x000000070ba00000, 0x000000070bc00000|  0%| F|  |TAMS 0x000000070ba00000| PB 0x000000070ba00000| Untracked 
|  27|0x000000070bc00000, 0x000000070bc00000, 0x000000070be00000|  0%| F|  |TAMS 0x000000070bc00000| PB 0x000000070bc00000| Untracked 
|  28|0x000000070be00000, 0x000000070be00000, 0x000000070c000000|  0%| F|  |TAMS 0x000000070be00000| PB 0x000000070be00000| Untracked 
|  29|0x000000070c000000, 0x000000070c000000, 0x000000070c200000|  0%| F|  |TAMS 0x000000070c000000| PB 0x000000070c000000| Untracked 
|  30|0x000000070c200000, 0x000000070c200000, 0x000000070c400000|  0%| F|  |TAMS 0x000000070c200000| PB 0x000000070c200000| Untracked 
|  31|0x000000070c400000, 0x000000070c400000, 0x000000070c600000|  0%| F|  |TAMS 0x000000070c400000| PB 0x000000070c400000| Untracked 
|  32|0x000000070c600000, 0x000000070c600000, 0x000000070c800000|  0%| F|  |TAMS 0x000000070c600000| PB 0x000000070c600000| Untracked 
|  33|0x000000070c800000, 0x000000070c800000, 0x000000070ca00000|  0%| F|  |TAMS 0x000000070c800000| PB 0x000000070c800000| Untracked 
|  34|0x000000070ca00000, 0x000000070ca00000, 0x000000070cc00000|  0%| F|  |TAMS 0x000000070ca00000| PB 0x000000070ca00000| Untracked 
|  35|0x000000070cc00000, 0x000000070cc00000, 0x000000070ce00000|  0%| F|  |TAMS 0x000000070cc00000| PB 0x000000070cc00000| Untracked 
|  36|0x000000070ce00000, 0x000000070ce00000, 0x000000070d000000|  0%| F|  |TAMS 0x000000070ce00000| PB 0x000000070ce00000| Untracked 
|  37|0x000000070d000000, 0x000000070d000000, 0x000000070d200000|  0%| F|  |TAMS 0x000000070d000000| PB 0x000000070d000000| Untracked 
|  38|0x000000070d200000, 0x000000070d200000, 0x000000070d400000|  0%| F|  |TAMS 0x000000070d200000| PB 0x000000070d200000| Untracked 
|  39|0x000000070d400000, 0x000000070d400000, 0x000000070d600000|  0%| F|  |TAMS 0x000000070d400000| PB 0x000000070d400000| Untracked 
|  40|0x000000070d600000, 0x000000070d600000, 0x000000070d800000|  0%| F|  |TAMS 0x000000070d600000| PB 0x000000070d600000| Untracked 
|  41|0x000000070d800000, 0x000000070d800000, 0x000000070da00000|  0%| F|  |TAMS 0x000000070d800000| PB 0x000000070d800000| Untracked 
|  42|0x000000070da00000, 0x000000070da00000, 0x000000070dc00000|  0%| F|  |TAMS 0x000000070da00000| PB 0x000000070da00000| Untracked 
|  43|0x000000070dc00000, 0x000000070dc00000, 0x000000070de00000|  0%| F|  |TAMS 0x000000070dc00000| PB 0x000000070dc00000| Untracked 
|  44|0x000000070de00000, 0x000000070de00000, 0x000000070e000000|  0%| F|  |TAMS 0x000000070de00000| PB 0x000000070de00000| Untracked 
|  45|0x000000070e000000, 0x000000070e000000, 0x000000070e200000|  0%| F|  |TAMS 0x000000070e000000| PB 0x000000070e000000| Untracked 
|  46|0x000000070e200000, 0x000000070e200000, 0x000000070e400000|  0%| F|  |TAMS 0x000000070e200000| PB 0x000000070e200000| Untracked 
|  47|0x000000070e400000, 0x000000070e400000, 0x000000070e600000|  0%| F|  |TAMS 0x000000070e400000| PB 0x000000070e400000| Untracked 
|  48|0x000000070e600000, 0x000000070e600000, 0x000000070e800000|  0%| F|  |TAMS 0x000000070e600000| PB 0x000000070e600000| Untracked 
|  49|0x000000070e800000, 0x000000070e800000, 0x000000070ea00000|  0%| F|  |TAMS 0x000000070e800000| PB 0x000000070e800000| Untracked 
|  50|0x000000070ea00000, 0x000000070ea00000, 0x000000070ec00000|  0%| F|  |TAMS 0x000000070ea00000| PB 0x000000070ea00000| Untracked 
|  51|0x000000070ec00000, 0x000000070ec00000, 0x000000070ee00000|  0%| F|  |TAMS 0x000000070ec00000| PB 0x000000070ec00000| Untracked 
|  52|0x000000070ee00000, 0x000000070ee00000, 0x000000070f000000|  0%| F|  |TAMS 0x000000070ee00000| PB 0x000000070ee00000| Untracked 
|  53|0x000000070f000000, 0x000000070f000000, 0x000000070f200000|  0%| F|  |TAMS 0x000000070f000000| PB 0x000000070f000000| Untracked 
|  54|0x000000070f200000, 0x000000070f200000, 0x000000070f400000|  0%| F|  |TAMS 0x000000070f200000| PB 0x000000070f200000| Untracked 
|  55|0x000000070f400000, 0x000000070f400000, 0x000000070f600000|  0%| F|  |TAMS 0x000000070f400000| PB 0x000000070f400000| Untracked 
|  56|0x000000070f600000, 0x000000070f600000, 0x000000070f800000|  0%| F|  |TAMS 0x000000070f600000| PB 0x000000070f600000| Untracked 
|  57|0x000000070f800000, 0x000000070f800000, 0x000000070fa00000|  0%| F|  |TAMS 0x000000070f800000| PB 0x000000070f800000| Untracked 
|  58|0x000000070fa00000, 0x000000070fa00000, 0x000000070fc00000|  0%| F|  |TAMS 0x000000070fa00000| PB 0x000000070fa00000| Untracked 
|  59|0x000000070fc00000, 0x000000070fc00000, 0x000000070fe00000|  0%| F|  |TAMS 0x000000070fc00000| PB 0x000000070fc00000| Untracked 
|  60|0x000000070fe00000, 0x000000070fe00000, 0x0000000710000000|  0%| F|  |TAMS 0x000000070fe00000| PB 0x000000070fe00000| Untracked 
|  61|0x0000000710000000, 0x0000000710000000, 0x0000000710200000|  0%| F|  |TAMS 0x0000000710000000| PB 0x0000000710000000| Untracked 
|  62|0x0000000710200000, 0x0000000710200000, 0x0000000710400000|  0%| F|  |TAMS 0x0000000710200000| PB 0x0000000710200000| Untracked 
|  63|0x0000000710400000, 0x0000000710400000, 0x0000000710600000|  0%| F|  |TAMS 0x0000000710400000| PB 0x0000000710400000| Untracked 
|  64|0x0000000710600000, 0x0000000710600000, 0x0000000710800000|  0%| F|  |TAMS 0x0000000710600000| PB 0x0000000710600000| Untracked 
|  65|0x0000000710800000, 0x0000000710800000, 0x0000000710a00000|  0%| F|  |TAMS 0x0000000710800000| PB 0x0000000710800000| Untracked 
|  66|0x0000000710a00000, 0x0000000710a00000, 0x0000000710c00000|  0%| F|  |TAMS 0x0000000710a00000| PB 0x0000000710a00000| Untracked 
|  67|0x0000000710c00000, 0x0000000710c00000, 0x0000000710e00000|  0%| F|  |TAMS 0x0000000710c00000| PB 0x0000000710c00000| Untracked 
|  68|0x0000000710e00000, 0x0000000710e00000, 0x0000000711000000|  0%| F|  |TAMS 0x0000000710e00000| PB 0x0000000710e00000| Untracked 
|  69|0x0000000711000000, 0x0000000711000000, 0x0000000711200000|  0%| F|  |TAMS 0x0000000711000000| PB 0x0000000711000000| Untracked 
|  70|0x0000000711200000, 0x0000000711200000, 0x0000000711400000|  0%| F|  |TAMS 0x0000000711200000| PB 0x0000000711200000| Untracked 
|  71|0x0000000711400000, 0x0000000711400000, 0x0000000711600000|  0%| F|  |TAMS 0x0000000711400000| PB 0x0000000711400000| Untracked 
|  72|0x0000000711600000, 0x0000000711600000, 0x0000000711800000|  0%| F|  |TAMS 0x0000000711600000| PB 0x0000000711600000| Untracked 
|  73|0x0000000711800000, 0x0000000711800000, 0x0000000711a00000|  0%| F|  |TAMS 0x0000000711800000| PB 0x0000000711800000| Untracked 
|  74|0x0000000711a00000, 0x0000000711a00000, 0x0000000711c00000|  0%| F|  |TAMS 0x0000000711a00000| PB 0x0000000711a00000| Untracked 
|  75|0x0000000711c00000, 0x0000000711c00000, 0x0000000711e00000|  0%| F|  |TAMS 0x0000000711c00000| PB 0x0000000711c00000| Untracked 
|  76|0x0000000711e00000, 0x0000000711e00000, 0x0000000712000000|  0%| F|  |TAMS 0x0000000711e00000| PB 0x0000000711e00000| Untracked 
|  77|0x0000000712000000, 0x0000000712000000, 0x0000000712200000|  0%| F|  |TAMS 0x0000000712000000| PB 0x0000000712000000| Untracked 
|  78|0x0000000712200000, 0x0000000712200000, 0x0000000712400000|  0%| F|  |TAMS 0x0000000712200000| PB 0x0000000712200000| Untracked 
|  79|0x0000000712400000, 0x0000000712400000, 0x0000000712600000|  0%| F|  |TAMS 0x0000000712400000| PB 0x0000000712400000| Untracked 
|  80|0x0000000712600000, 0x0000000712600000, 0x0000000712800000|  0%| F|  |TAMS 0x0000000712600000| PB 0x0000000712600000| Untracked 
|  81|0x0000000712800000, 0x0000000712800000, 0x0000000712a00000|  0%| F|  |TAMS 0x0000000712800000| PB 0x0000000712800000| Untracked 
|  82|0x0000000712a00000, 0x0000000712a00000, 0x0000000712c00000|  0%| F|  |TAMS 0x0000000712a00000| PB 0x0000000712a00000| Untracked 
|  83|0x0000000712c00000, 0x0000000712c00000, 0x0000000712e00000|  0%| F|  |TAMS 0x0000000712c00000| PB 0x0000000712c00000| Untracked 
|  84|0x0000000712e00000, 0x0000000712e00000, 0x0000000713000000|  0%| F|  |TAMS 0x0000000712e00000| PB 0x0000000712e00000| Untracked 
|  85|0x0000000713000000, 0x0000000713000000, 0x0000000713200000|  0%| F|  |TAMS 0x0000000713000000| PB 0x0000000713000000| Untracked 
|  86|0x0000000713200000, 0x0000000713200000, 0x0000000713400000|  0%| F|  |TAMS 0x0000000713200000| PB 0x0000000713200000| Untracked 
|  87|0x0000000713400000, 0x0000000713400000, 0x0000000713600000|  0%| F|  |TAMS 0x0000000713400000| PB 0x0000000713400000| Untracked 
|  88|0x0000000713600000, 0x0000000713600000, 0x0000000713800000|  0%| F|  |TAMS 0x0000000713600000| PB 0x0000000713600000| Untracked 
|  89|0x0000000713800000, 0x0000000713800000, 0x0000000713a00000|  0%| F|  |TAMS 0x0000000713800000| PB 0x0000000713800000| Untracked 
|  90|0x0000000713a00000, 0x0000000713a00000, 0x0000000713c00000|  0%| F|  |TAMS 0x0000000713a00000| PB 0x0000000713a00000| Untracked 
|  91|0x0000000713c00000, 0x0000000713c00000, 0x0000000713e00000|  0%| F|  |TAMS 0x0000000713c00000| PB 0x0000000713c00000| Untracked 
|  92|0x0000000713e00000, 0x0000000713e00000, 0x0000000714000000|  0%| F|  |TAMS 0x0000000713e00000| PB 0x0000000713e00000| Untracked 
|  93|0x0000000714000000, 0x0000000714000000, 0x0000000714200000|  0%| F|  |TAMS 0x0000000714000000| PB 0x0000000714000000| Untracked 
|  94|0x0000000714200000, 0x0000000714200000, 0x0000000714400000|  0%| F|  |TAMS 0x0000000714200000| PB 0x0000000714200000| Untracked 
|  95|0x0000000714400000, 0x0000000714400000, 0x0000000714600000|  0%| F|  |TAMS 0x0000000714400000| PB 0x0000000714400000| Untracked 
|  96|0x0000000714600000, 0x0000000714600000, 0x0000000714800000|  0%| F|  |TAMS 0x0000000714600000| PB 0x0000000714600000| Untracked 
|  97|0x0000000714800000, 0x0000000714800000, 0x0000000714a00000|  0%| F|  |TAMS 0x0000000714800000| PB 0x0000000714800000| Untracked 
|  98|0x0000000714a00000, 0x0000000714a00000, 0x0000000714c00000|  0%| F|  |TAMS 0x0000000714a00000| PB 0x0000000714a00000| Untracked 
|  99|0x0000000714c00000, 0x0000000714c00000, 0x0000000714e00000|  0%| F|  |TAMS 0x0000000714c00000| PB 0x0000000714c00000| Untracked 
| 100|0x0000000714e00000, 0x0000000714e00000, 0x0000000715000000|  0%| F|  |TAMS 0x0000000714e00000| PB 0x0000000714e00000| Untracked 
| 101|0x0000000715000000, 0x0000000715000000, 0x0000000715200000|  0%| F|  |TAMS 0x0000000715000000| PB 0x0000000715000000| Untracked 
| 102|0x0000000715200000, 0x0000000715200000, 0x0000000715400000|  0%| F|  |TAMS 0x0000000715200000| PB 0x0000000715200000| Untracked 
| 103|0x0000000715400000, 0x0000000715400000, 0x0000000715600000|  0%| F|  |TAMS 0x0000000715400000| PB 0x0000000715400000| Untracked 
| 104|0x0000000715600000, 0x0000000715600000, 0x0000000715800000|  0%| F|  |TAMS 0x0000000715600000| PB 0x0000000715600000| Untracked 
| 105|0x0000000715800000, 0x0000000715800000, 0x0000000715a00000|  0%| F|  |TAMS 0x0000000715800000| PB 0x0000000715800000| Untracked 
| 106|0x0000000715a00000, 0x0000000715a00000, 0x0000000715c00000|  0%| F|  |TAMS 0x0000000715a00000| PB 0x0000000715a00000| Untracked 
| 107|0x0000000715c00000, 0x0000000715c00000, 0x0000000715e00000|  0%| F|  |TAMS 0x0000000715c00000| PB 0x0000000715c00000| Untracked 
| 108|0x0000000715e00000, 0x0000000715e00000, 0x0000000716000000|  0%| F|  |TAMS 0x0000000715e00000| PB 0x0000000715e00000| Untracked 
| 109|0x0000000716000000, 0x0000000716000000, 0x0000000716200000|  0%| F|  |TAMS 0x0000000716000000| PB 0x0000000716000000| Untracked 
| 110|0x0000000716200000, 0x0000000716200000, 0x0000000716400000|  0%| F|  |TAMS 0x0000000716200000| PB 0x0000000716200000| Untracked 
| 111|0x0000000716400000, 0x0000000716400000, 0x0000000716600000|  0%| F|  |TAMS 0x0000000716400000| PB 0x0000000716400000| Untracked 
| 112|0x0000000716600000, 0x0000000716600000, 0x0000000716800000|  0%| F|  |TAMS 0x0000000716600000| PB 0x0000000716600000| Untracked 
| 113|0x0000000716800000, 0x0000000716800000, 0x0000000716a00000|  0%| F|  |TAMS 0x0000000716800000| PB 0x0000000716800000| Untracked 
| 114|0x0000000716a00000, 0x0000000716a00000, 0x0000000716c00000|  0%| F|  |TAMS 0x0000000716a00000| PB 0x0000000716a00000| Untracked 
| 115|0x0000000716c00000, 0x0000000716c00000, 0x0000000716e00000|  0%| F|  |TAMS 0x0000000716c00000| PB 0x0000000716c00000| Untracked 
| 116|0x0000000716e00000, 0x0000000716e00000, 0x0000000717000000|  0%| F|  |TAMS 0x0000000716e00000| PB 0x0000000716e00000| Untracked 
| 117|0x0000000717000000, 0x0000000717000000, 0x0000000717200000|  0%| F|  |TAMS 0x0000000717000000| PB 0x0000000717000000| Untracked 
| 118|0x0000000717200000, 0x0000000717200000, 0x0000000717400000|  0%| F|  |TAMS 0x0000000717200000| PB 0x0000000717200000| Untracked 
| 119|0x0000000717400000, 0x0000000717400000, 0x0000000717600000|  0%| F|  |TAMS 0x0000000717400000| PB 0x0000000717400000| Untracked 
| 120|0x0000000717600000, 0x0000000717600000, 0x0000000717800000|  0%| F|  |TAMS 0x0000000717600000| PB 0x0000000717600000| Untracked 
| 121|0x0000000717800000, 0x0000000717800000, 0x0000000717a00000|  0%| F|  |TAMS 0x0000000717800000| PB 0x0000000717800000| Untracked 
| 122|0x0000000717a00000, 0x0000000717a71350, 0x0000000717c00000| 22%| E|  |TAMS 0x0000000717a00000| PB 0x0000000717a00000| Complete 
| 123|0x0000000717c00000, 0x0000000717e00000, 0x0000000717e00000|100%| E|CS|TAMS 0x0000000717c00000| PB 0x0000000717c00000| Complete 
|1980|0x00000007ffe00000, 0x00000007fff0c7c0, 0x0000000800000000| 52%| O|  |TAMS 0x00000007ffe00000| PB 0x00000007ffe00000| Untracked 

Card table byte_map: [0x00007a6ef8b87000,0x00007a6ef9344000] _byte_map_base: 0x00007a6ef5344000

Marking Bits: (CMBitMap*) 0x00007a6f12676410
 Bits: [0x00007a6ef4d9f000, 0x00007a6ef8b87000)

Polling page: 0x00007a6f14587000

Metaspace:

Usage:
  Non-class:    365.12 KB used.
      Class:     24.23 KB used.
       Both:    389.34 KB used.

Virtual space:
  Non-class space:       64.00 MB reserved,     448.00 KB ( <1%) committed,  1 nodes.
      Class space:        1.00 GB reserved,     128.00 KB ( <1%) committed,  1 nodes.
             Both:        1.06 GB reserved,     576.00 KB ( <1%) committed. 

Chunk freelists:
   Non-Class:  11.97 MB
       Class:  15.74 MB
        Both:  27.71 MB

MaxMetaspaceSize: unlimited
CompressedClassSpaceSize: 1.00 GB
Initial GC threshold: 21.00 MB
Current GC threshold: 21.00 MB
CDS: on
 - commit_granule_bytes: 65536.
 - commit_granule_words: 8192.
 - virtual_space_node_default_size: 8388608.
 - enlarge_chunks_in_place: 1.
 - use_allocation_guard: 0.


Internal statistics:

num_allocs_failed_limit: 0.
num_arena_births: 12.
num_arena_deaths: 0.
num_vsnodes_births: 2.
num_vsnodes_deaths: 0.
num_space_committed: 9.
num_space_uncommitted: 0.
num_chunks_returned_to_freelist: 0.
num_chunks_taken_from_freelist: 15.
num_chunk_merges: 0.
num_chunk_splits: 8.
num_chunks_enlarged: 5.
num_inconsistent_stats: 0.

CodeHeap 'non-profiled nmethods': size=119168Kb used=37Kb max_used=37Kb free=119130Kb
 bounds [0x00007a6f027a0000, 0x00007a6f02a10000, 0x00007a6f09c00000]
CodeHeap 'profiled nmethods': size=119164Kb used=154Kb max_used=154Kb free=119009Kb
 bounds [0x00007a6efac00000, 0x00007a6efae70000, 0x00007a6f0205f000]
CodeHeap 'non-nmethods': size=7428Kb used=2945Kb max_used=2958Kb free=4482Kb
 bounds [0x00007a6f0205f000, 0x00007a6f0234f000, 0x00007a6f027a0000]
 total_blobs=518 nmethods=127 adapters=294
 compilation: enabled
              stopped_count=0, restarted_count=0
 full_count=0

Compilation events (20 events):
Event: 0.099 Thread 0x00007a6eabe97580  119       3       java.util.zip.ZipFile$Source::isMetaName (141 bytes)
Event: 0.099 Thread 0x00007a6eabe96080 nmethod 118 0x00007a6efac1f490 code [0x00007a6efac1f640, 0x00007a6efac1f8a8]
Event: 0.099 Thread 0x00007a6eabe96080  120       3       java.util.zip.ZipFile$Source::nextEntryPos (22 bytes)
Event: 0.099 Thread 0x00007a6f127bcb80 nmethod 117 0x00007a6efac1fa10 code [0x00007a6efac1fc20, 0x00007a6efac20068]
Event: 0.099 Thread 0x00007a6eabe96080 nmethod 120 0x00007a6efac20290 code [0x00007a6efac20440, 0x00007a6efac20760]
Event: 0.099 Thread 0x00007a6eabe97580 nmethod 119 0x00007a6efac20910 code [0x00007a6efac20ae0, 0x00007a6efac20f70]
Event: 0.100 Thread 0x00007a6f127bd600 nmethod 107 0x00007a6f027a8f10 code [0x00007a6f027a90a0, 0x00007a6f027a9178]
Event: 0.100 Thread 0x00007a6eabe96b00 nmethod 115 0x00007a6efac21110 code [0x00007a6efac21500, 0x00007a6efac22d68]
Event: 0.100 Thread 0x00007a6eabe96b00  121       3       java.lang.String::getBytes (44 bytes)
Event: 0.101 Thread 0x00007a6eabe97580  122       3       java.lang.String::isEmpty (14 bytes)
Event: 0.101 Thread 0x00007a6f127bcb80  123       3       java.util.Arrays::copyOfRange (25 bytes)
Event: 0.101 Thread 0x00007a6eabe96b00 nmethod 121 0x00007a6efac23c10 code [0x00007a6efac23de0, 0x00007a6efac240d0]
Event: 0.101 Thread 0x00007a6eabe96b00  124       3       java.lang.StringLatin1::equals (36 bytes)
Event: 0.101 Thread 0x00007a6eabe97580 nmethod 122 0x00007a6efac24210 code [0x00007a6efac243a0, 0x00007a6efac24508]
Event: 0.101 Thread 0x00007a6eabe96b00 nmethod 124 0x00007a6efac24590 code [0x00007a6efac24740, 0x00007a6efac249b8]
Event: 0.101 Thread 0x00007a6eabe96b00  126       3       java.lang.StringBuilder::append (8 bytes)
Event: 0.101 Thread 0x00007a6eabe97580  127       3       java.lang.AbstractStringBuilder::append (45 bytes)
Event: 0.101 Thread 0x00007a6eabe96b00 nmethod 126 0x00007a6efac24b10 code [0x00007a6efac24cc0, 0x00007a6efac24e08]
Event: 0.101 Thread 0x00007a6f127bcb80 nmethod 123 0x00007a6efac24e90 code [0x00007a6efac25120, 0x00007a6efac25ca0]
Event: 0.101 Thread 0x00007a6eabe97580 nmethod 127 0x00007a6efac26110 code [0x00007a6efac26320, 0x00007a6efac26848]

GC Heap History (0 events):
No events

Dll operation events (4 events):
Event: 0.018 Loaded shared library /usr/lib/jvm/java-21-openjdk-amd64/lib/libjava.so
Event: 0.067 Loaded shared library /usr/lib/jvm/java-21-openjdk-amd64/lib/libjsvml.so
Event: 0.075 Loaded shared library /usr/lib/jvm/java-21-openjdk-amd64/lib/libnio.so
Event: 0.078 Loaded shared library /usr/lib/jvm/java-21-openjdk-amd64/lib/libzip.so

Deoptimization events (0 events):
No events

Classes loaded (20 events):
Event: 0.091 Loading class java/net/URLConnection
Event: 0.091 Loading class java/net/URLConnection done
Event: 0.091 Loading class sun/net/www/URLConnection done
Event: 0.091 Loading class sun/net/www/protocol/file/FileURLConnection done
Event: 0.092 Loading class sun/net/www/MessageHeader
Event: 0.092 Loading class sun/net/www/MessageHeader done
Event: 0.092 Loading class java/io/FilePermission$1
Event: 0.092 Loading class jdk/internal/access/JavaIOFilePermissionAccess
Event: 0.092 Loading class jdk/internal/access/JavaIOFilePermissionAccess done
Event: 0.092 Loading class java/io/FilePermission$1 done
Event: 0.096 Loading class java/io/FilePermissionCollection
Event: 0.096 Loading class java/io/FilePermissionCollection done
Event: 0.096 Loading class java/util/Vector
Event: 0.096 Loading class java/util/Vector done
Event: 0.098 Loading class java/io/FileNotFoundException
Event: 0.098 Loading class java/io/FileNotFoundException done
Event: 0.098 Loading class java/security/PrivilegedActionException
Event: 0.098 Loading class java/security/PrivilegedActionException done
Event: 0.100 Loading class java/util/StringTokenizer
Event: 0.100 Loading class java/util/StringTokenizer done

Classes unloaded (0 events):
No events

Classes redefined (0 events):
No events

Internal exceptions (1 events):
Event: 0.101 Thread 0x00007a6f126a4f00 Exception <a 'java/lang/NoClassDefFoundError'{0x0000000717a1cec8}: joptsimple/OptionException> (0x0000000717a1cec8) 
thrown [./src/hotspot/share/classfile/systemDictionary.cpp, line 301]

ZGC Phase Switch (0 events):
No events

VM Operations (2 events):
Event: 0.100 Executing VM operation: HandshakeAllThreads (Deoptimize)
Event: 0.100 Executing VM operation: HandshakeAllThreads (Deoptimize) done

Memory protections (13 events):
Event: 0.016 Protecting memory [0x00007ffc7fc72000,0x00007ffc7fc76000] with protection modes 0
Event: 0.065 Protecting memory [0x00007a6ef156f000,0x00007a6ef1573000] with protection modes 0
Event: 0.065 Protecting memory [0x00007a6ef146f000,0x00007a6ef1473000] with protection modes 0
Event: 0.065 Protecting memory [0x00007a6ef136f000,0x00007a6ef1373000] with protection modes 0
Event: 0.065 Protecting memory [0x00007a6ef126f000,0x00007a6ef1273000] with protection modes 0
Event: 0.065 Protecting memory [0x00007a6ef116f000,0x00007a6ef1173000] with protection modes 0
Event: 0.065 Protecting memory [0x00007a6ef106f000,0x00007a6ef1073000] with protection modes 0
Event: 0.066 Protecting memory [0x00007a6eabf00000,0x00007a6eabf04000] with protection modes 0
Event: 0.069 Protecting memory [0x00007a6eab200000,0x00007a6eab204000] with protection modes 0
Event: 0.070 Protecting memory [0x00007a6eaa4fc000,0x00007a6eaa500000] with protection modes 0
Event: 0.070 Protecting memory [0x00007a6eaa3fc000,0x00007a6eaa400000] with protection modes 0
Event: 0.073 Protecting memory [0x00007a6eaa2fc000,0x00007a6eaa300000] with protection modes 0
Event: 0.088 Protecting memory [0x00007a6eaa1fc000,0x00007a6eaa200000] with protection modes 0

Nmethod flushes (0 events):
No events

Events (13 events):
Event: 0.051 Thread 0x00007a6f126a4f00 Thread added: 0x00007a6f126a4f00
Event: 0.065 Thread 0x00007a6f126a4f00 Thread added: 0x00007a6f127a9600
Event: 0.065 Thread 0x00007a6f126a4f00 Thread added: 0x00007a6f127a8f00
Event: 0.065 Thread 0x00007a6f126a4f00 Thread added: 0x00007a6f127a8800
Event: 0.065 Thread 0x00007a6f126a4f00 Thread added: 0x00007a6f127a8100
Event: 0.065 Thread 0x00007a6f126a4f00 Thread added: 0x00007a6f12727900
Event: 0.065 Thread 0x00007a6f126a4f00 Thread added: 0x00007a6f127bd600
Event: 0.066 Thread 0x00007a6f126a4f00 Thread added: 0x00007a6f127bcb80
Event: 0.069 Thread 0x00007a6f127bcb80 Thread added: 0x00007a6eabe97580
Event: 0.070 Thread 0x00007a6f127bcb80 Thread added: 0x00007a6eabe96b00
Event: 0.070 Thread 0x00007a6f127bcb80 Thread added: 0x00007a6eabe96080
Event: 0.073 Thread 0x00007a6f126a4f00 Thread added: 0x00007a6f12727200
Event: 0.088 Thread 0x00007a6f126a4f00 Thread added: 0x00007a6f12724f00


Dynamic libraries:
708600000-717e00000 rw-p 00000000 00:00 0 
717e00000-7ffe00000 ---p 00000000 00:00 0 
7ffe00000-7fff0d000 rw-p 00cd6000 08:30 88814                            /usr/lib/jvm/java-21-openjdk-amd64/lib/server/classes.jsa
7fff0d000-800000000 rw-p 00000000 00:00 0 
63263aed4000-63263af14000 r--p 00000000 08:30 90566                      /home/hyuntae-choi/gcam-core/exe/gcam.exe
63263af14000-63263b434000 r-xp 00040000 08:30 90566                      /home/hyuntae-choi/gcam-core/exe/gcam.exe
63263b434000-63263b501000 r--p 00560000 08:30 90566                      /home/hyuntae-choi/gcam-core/exe/gcam.exe
63263b501000-63263b517000 r--p 0062d000 08:30 90566                      /home/hyuntae-choi/gcam-core/exe/gcam.exe
63263b517000-63263b518000 rw-p 00643000 08:30 90566                      /home/hyuntae-choi/gcam-core/exe/gcam.exe
63263b518000-63263b52d000 rw-p 00000000 00:00 0 
7a6eaa1fc000-7a6eaa200000 ---p 00000000 00:00 0 
7a6eaa200000-7a6eaa2fc000 rw-p 00000000 00:00 0 
7a6eaa2fc000-7a6eaa300000 ---p 00000000 00:00 0 
7a6eaa300000-7a6eaa3fc000 rw-p 00000000 00:00 0 
7a6eaa3fc000-7a6eaa400000 ---p 00000000 00:00 0 
7a6eaa400000-7a6eaa4fc000 rw-p 00000000 00:00 0 
7a6eaa4fc000-7a6eaa500000 ---p 00000000 00:00 0 
7a6eaa500000-7a6eab200000 rw-p 00000000 00:00 0 
7a6eab200000-7a6eab204000 ---p 00000000 00:00 0 
7a6eab204000-7a6eabf00000 rw-p 00000000 00:00 0 
7a6eabf00000-7a6eabf04000 ---p 00000000 00:00 0 
7a6eabf04000-7a6eac060000 rw-p 00000000 00:00 0 
7a6eac060000-7a6eac400000 ---p 00000000 00:00 0 
7a6eac400000-7a6eac410000 rw-p 00000000 00:00 0 
7a6eac410000-7a6eb0000000 ---p 00000000 00:00 0 
7a6eb0000000-7a6eb0c97000 rw-p 00001000 08:30 88814                      /usr/lib/jvm/java-21-openjdk-amd64/lib/server/classes.jsa
7a6eb0c97000-7a6eb1000000 ---p 00000000 00:00 0 
7a6eb1000000-7a6eb1010000 rw-p 00000000 00:00 0 
7a6eb1010000-7a6eb1040000 ---p 00000000 00:00 0 
7a6eb1040000-7a6eb1050000 rw-p 00000000 00:00 0 
7a6eb1050000-7a6ef1000000 ---p 00000000 00:00 0 
7a6ef106f000-7a6ef1073000 ---p 00000000 00:00 0 
7a6ef1073000-7a6ef116f000 rw-p 00000000 00:00 0 
7a6ef116f000-7a6ef1173000 ---p 00000000 00:00 0 
7a6ef1173000-7a6ef126f000 rw-p 00000000 00:00 0 
7a6ef126f000-7a6ef1273000 ---p 00000000 00:00 0 
7a6ef1273000-7a6ef136f000 rw-p 00000000 00:00 0 
7a6ef136f000-7a6ef1373000 ---p 00000000 00:00 0 
7a6ef1373000-7a6ef146f000 rw-p 00000000 00:00 0 
7a6ef146f000-7a6ef1473000 ---p 00000000 00:00 0 
7a6ef1473000-7a6ef156f000 rw-p 00000000 00:00 0 
7a6ef156f000-7a6ef1573000 ---p 00000000 00:00 0 
7a6ef1573000-7a6ef166f000 rw-p 00000000 00:00 0 
7a6ef166f000-7a6ef1670000 ---p 00000000 00:00 0 
7a6ef1670000-7a6ef1770000 rw-p 00000000 00:00 0 
7a6ef1770000-7a6ef1771000 ---p 00000000 00:00 0 
7a6ef1771000-7a6ef1871000 rw-p 00000000 00:00 0 
7a6ef1871000-7a6ef1872000 ---p 00000000 00:00 0 
7a6ef1872000-7a6ef1972000 rw-p 00000000 00:00 0 
7a6ef1972000-7a6ef1973000 ---p 00000000 00:00 0 
7a6ef1973000-7a6ef49a0000 rw-p 00000000 00:00 0 
7a6ef49a0000-7a6ef49a1000 ---p 00000000 00:00 0 
7a6ef49a1000-7a6ef4aa1000 rw-p 00000000 00:00 0 
7a6ef4aa1000-7a6ef4aa2000 ---p 00000000 00:00 0 
7a6ef4aa2000-7a6ef4ba2000 rw-p 00000000 00:00 0 
7a6ef4ba2000-7a6ef4ba3000 ---p 00000000 00:00 0 
7a6ef4ba3000-7a6ef517f000 rw-p 00000000 00:00 0 
7a6ef517f000-7a6ef8b7f000 ---p 00000000 00:00 0 
7a6ef8b7f000-7a6ef8c03000 rw-p 00000000 00:00 0 
7a6ef8c03000-7a6ef9343000 ---p 00000000 00:00 0 
7a6ef9343000-7a6ef93c0000 rw-p 00000000 00:00 0 
7a6ef93c0000-7a6ef9b00000 ---p 00000000 00:00 0 
7a6ef9b00000-7a6efaa33000 rw-p 00000000 00:00 0 
7a6efaa33000-7a6efab17000 ---p 00000000 00:00 0 
7a6efab17000-7a6efab1c000 rw-p 00000000 00:00 0 
7a6efab1c000-7a6efac00000 ---p 00000000 00:00 0 
7a6efac00000-7a6efae70000 rwxp 00000000 00:00 0 
7a6efae70000-7a6f0205f000 ---p 00000000 00:00 0 
7a6f0205f000-7a6f0234f000 rwxp 00000000 00:00 0 
7a6f0234f000-7a6f027a0000 ---p 00000000 00:00 0 
7a6f027a0000-7a6f02a10000 rwxp 00000000 00:00 0 
7a6f02a10000-7a6f09c00000 ---p 00000000 00:00 0 
7a6f09c00000-7a6f1221e000 r--s 00000000 08:30 88811                      /usr/lib/jvm/java-21-openjdk-amd64/lib/modules
7a6f1222c000-7a6f12231000 r--p 00000000 08:30 88795                      /usr/lib/jvm/java-21-openjdk-amd64/lib/libjsvml.so
7a6f12231000-7a6f12272000 r-xp 00005000 08:30 88795                      /usr/lib/jvm/java-21-openjdk-amd64/lib/libjsvml.so
7a6f12272000-7a6f122fb000 r--p 00046000 08:30 88795                      /usr/lib/jvm/java-21-openjdk-amd64/lib/libjsvml.so
7a6f122fb000-7a6f122fc000 r--p 000ce000 08:30 88795                      /usr/lib/jvm/java-21-openjdk-amd64/lib/libjsvml.so
7a6f122fc000-7a6f122fd000 rw-p 000cf000 08:30 88795                      /usr/lib/jvm/java-21-openjdk-amd64/lib/libjsvml.so
7a6f122fd000-7a6f12800000 rw-p 00000000 00:00 0 
7a6f12800000-7a6f12828000 r--p 00000000 08:30 12715                      /usr/lib/x86_64-linux-gnu/libc.so.6
7a6f12828000-7a6f129b0000 r-xp 00028000 08:30 12715                      /usr/lib/x86_64-linux-gnu/libc.so.6
7a6f129b0000-7a6f129ff000 r--p 001b0000 08:30 12715                      /usr/lib/x86_64-linux-gnu/libc.so.6
7a6f129ff000-7a6f12a03000 r--p 001fe000 08:30 12715                      /usr/lib/x86_64-linux-gnu/libc.so.6
7a6f12a03000-7a6f12a05000 rw-p 00202000 08:30 12715                      /usr/lib/x86_64-linux-gnu/libc.so.6
7a6f12a05000-7a6f12a12000 rw-p 00000000 00:00 0 
7a6f12a42000-7a6f12a44000 r--p 00000000 08:30 13126                      /usr/lib/x86_64-linux-gnu/libz.so.1.3
7a6f12a44000-7a6f12a56000 r-xp 00002000 08:30 13126                      /usr/lib/x86_64-linux-gnu/libz.so.1.3
7a6f12a56000-7a6f12a5c000 r--p 00014000 08:30 13126                      /usr/lib/x86_64-linux-gnu/libz.so.1.3
7a6f12a5c000-7a6f12a5d000 r--p 0001a000 08:30 13126                      /usr/lib/x86_64-linux-gnu/libz.so.1.3
7a6f12a5d000-7a6f12a5e000 rw-p 0001b000 08:30 13126                      /usr/lib/x86_64-linux-gnu/libz.so.1.3
7a6f12a67000-7a6f12a69000 r--p 00000000 08:30 88810                      /usr/lib/jvm/java-21-openjdk-amd64/lib/libzip.so
7a6f12a69000-7a6f12a6e000 r-xp 00002000 08:30 88810                      /usr/lib/jvm/java-21-openjdk-amd64/lib/libzip.so
7a6f12a6e000-7a6f12a70000 r--p 00007000 08:30 88810                      /usr/lib/jvm/java-21-openjdk-amd64/lib/libzip.so
7a6f12a70000-7a6f12a71000 r--p 00008000 08:30 88810                      /usr/lib/jvm/java-21-openjdk-amd64/lib/libzip.so
7a6f12a71000-7a6f12a72000 rw-p 00009000 08:30 88810                      /usr/lib/jvm/java-21-openjdk-amd64/lib/libzip.so
7a6f12a72000-7a6f12a75000 r--p 00000000 08:30 88802                      /usr/lib/jvm/java-21-openjdk-amd64/lib/libnet.so
7a6f12a75000-7a6f12a7d000 r-xp 00003000 08:30 88802                      /usr/lib/jvm/java-21-openjdk-amd64/lib/libnet.so
7a6f12a7d000-7a6f12a7f000 r--p 0000b000 08:30 88802                      /usr/lib/jvm/java-21-openjdk-amd64/lib/libnet.so
7a6f12a7f000-7a6f12a80000 r--p 0000c000 08:30 88802                      /usr/lib/jvm/java-21-openjdk-amd64/lib/libnet.so
7a6f12a80000-7a6f12a81000 rw-p 0000d000 08:30 88802                      /usr/lib/jvm/java-21-openjdk-amd64/lib/libnet.so
7a6f12a81000-7a6f12a88000 r--p 00000000 08:30 88803                      /usr/lib/jvm/java-21-openjdk-amd64/lib/libnio.so
7a6f12a88000-7a6f12a91000 r-xp 00007000 08:30 88803                      /usr/lib/jvm/java-21-openjdk-amd64/lib/libnio.so
7a6f12a91000-7a6f12a95000 r--p 00010000 08:30 88803                      /usr/lib/jvm/java-21-openjdk-amd64/lib/libnio.so
7a6f12a95000-7a6f12a96000 r--p 00014000 08:30 88803                      /usr/lib/jvm/java-21-openjdk-amd64/lib/libnio.so
7a6f12a96000-7a6f12a97000 rw-p 00015000 08:30 88803                      /usr/lib/jvm/java-21-openjdk-amd64/lib/libnio.so
7a6f12a97000-7a6f12af0000 r--p 00000000 08:30 2597                       /usr/lib/locale/C.utf8/LC_CTYPE
7a6f12af0000-7a6f12af6000 rw-p 00000000 00:00 0 
7a6f12af6000-7a6f12aff000 ---p 00000000 00:00 0 
7a6f12aff000-7a6f12c00000 rw-p 00000000 00:00 0 
7a6f12c00000-7a6f12c9d000 r--p 00000000 08:30 13036                      /usr/lib/x86_64-linux-gnu/libstdc++.so.6.0.33
7a6f12c9d000-7a6f12de5000 r-xp 0009d000 08:30 13036                      /usr/lib/x86_64-linux-gnu/libstdc++.so.6.0.33
7a6f12de5000-7a6f12e6c000 r--p 001e5000 08:30 13036                      /usr/lib/x86_64-linux-gnu/libstdc++.so.6.0.33
7a6f12e6c000-7a6f12e77000 r--p 0026b000 08:30 13036                      /usr/lib/x86_64-linux-gnu/libstdc++.so.6.0.33
7a6f12e77000-7a6f12e7a000 rw-p 00276000 08:30 13036                      /usr/lib/x86_64-linux-gnu/libstdc++.so.6.0.33
7a6f12e7a000-7a6f12e7e000 rw-p 00000000 00:00 0 
7a6f12e81000-7a6f12e82000 r--p 00000000 08:30 2604                       /usr/lib/locale/C.utf8/LC_NUMERIC
7a6f12e82000-7a6f12e83000 r--p 00000000 08:30 2607                       /usr/lib/locale/C.utf8/LC_TIME
7a6f12e83000-7a6f12e84000 r--p 00000000 08:30 2596                       /usr/lib/locale/C.utf8/LC_COLLATE
7a6f12e84000-7a6f12e85000 r--p 00000000 08:30 2602                       /usr/lib/locale/C.utf8/LC_MONETARY
7a6f12e85000-7a6f12e86000 r--p 00000000 08:30 2601                       /usr/lib/locale/C.utf8/LC_MESSAGES/SYS_LC_MESSAGES
7a6f12e86000-7a6f12ed6000 rw-p 00000000 00:00 0 
7a6f12ed6000-7a6f12edc000 r--p 00000000 08:30 86477                      /usr/lib/x86_64-linux-gnu/libtbbmalloc.so.2.11
7a6f12edc000-7a6f12eee000 r-xp 00006000 08:30 86477                      /usr/lib/x86_64-linux-gnu/libtbbmalloc.so.2.11
7a6f12eee000-7a6f12ef3000 r--p 00018000 08:30 86477                      /usr/lib/x86_64-linux-gnu/libtbbmalloc.so.2.11
7a6f12ef3000-7a6f12ef4000 r--p 0001c000 08:30 86477                      /usr/lib/x86_64-linux-gnu/libtbbmalloc.so.2.11
7a6f12ef4000-7a6f12ef6000 rw-p 0001d000 08:30 86477                      /usr/lib/x86_64-linux-gnu/libtbbmalloc.so.2.11
7a6f12ef6000-7a6f12f17000 rw-p 00000000 00:00 0 
7a6f12f17000-7a6f12f27000 r--p 00000000 08:30 12921                      /usr/lib/x86_64-linux-gnu/libm.so.6
7a6f12f27000-7a6f12fa6000 r-xp 00010000 08:30 12921                      /usr/lib/x86_64-linux-gnu/libm.so.6
7a6f12fa6000-7a6f12ffe000 r--p 0008f000 08:30 12921                      /usr/lib/x86_64-linux-gnu/libm.so.6
7a6f12ffe000-7a6f12fff000 r--p 000e7000 08:30 12921                      /usr/lib/x86_64-linux-gnu/libm.so.6
7a6f12fff000-7a6f13000000 rw-p 000e8000 08:30 12921                      /usr/lib/x86_64-linux-gnu/libm.so.6
7a6f13000000-7a6f132a1000 r--p 00000000 08:30 88817                      /usr/lib/jvm/java-21-openjdk-amd64/lib/server/libjvm.so
7a6f132a1000-7a6f1410d000 r-xp 002a1000 08:30 88817                      /usr/lib/jvm/java-21-openjdk-amd64/lib/server/libjvm.so
7a6f1410d000-7a6f143e5000 r--p 0110d000 08:30 88817                      /usr/lib/jvm/java-21-openjdk-amd64/lib/server/libjvm.so
7a6f143e5000-7a6f144b8000 r--p 013e5000 08:30 88817                      /usr/lib/jvm/java-21-openjdk-amd64/lib/server/libjvm.so
7a6f144b8000-7a6f144e8000 rw-p 014b8000 08:30 88817                      /usr/lib/jvm/java-21-openjdk-amd64/lib/server/libjvm.so
7a6f144e8000-7a6f1454e000 rw-p 00000000 00:00 0 
7a6f1454e000-7a6f1454f000 r--p 00000000 08:30 2605                       /usr/lib/locale/C.utf8/LC_PAPER
7a6f1454f000-7a6f14550000 r--p 00000000 08:30 2603                       /usr/lib/locale/C.utf8/LC_NAME
7a6f14550000-7a6f14551000 r--p 00000000 08:30 2595                       /usr/lib/locale/C.utf8/LC_ADDRESS
7a6f14551000-7a6f14552000 r--p 00000000 08:30 2606                       /usr/lib/locale/C.utf8/LC_TELEPHONE
7a6f14552000-7a6f14553000 r--p 00000000 08:30 2599                       /usr/lib/locale/C.utf8/LC_MEASUREMENT
7a6f14553000-7a6f1455a000 r--s 00000000 08:30 12431                      /usr/lib/x86_64-linux-gnu/gconv/gconv-modules.cache
7a6f1455a000-7a6f1455b000 r--p 00000000 08:30 2598                       /usr/lib/locale/C.utf8/LC_IDENTIFICATION
7a6f1455b000-7a6f14568000 r--p 00000000 08:30 88788                      /usr/lib/jvm/java-21-openjdk-amd64/lib/libjava.so
7a6f14568000-7a6f14577000 r-xp 0000d000 08:30 88788                      /usr/lib/jvm/java-21-openjdk-amd64/lib/libjava.so
7a6f14577000-7a6f1457c000 r--p 0001c000 08:30 88788                      /usr/lib/jvm/java-21-openjdk-amd64/lib/libjava.so
7a6f1457c000-7a6f1457d000 r--p 00021000 08:30 88788                      /usr/lib/jvm/java-21-openjdk-amd64/lib/libjava.so
7a6f1457d000-7a6f1457e000 rw-p 00022000 08:30 88788                      /usr/lib/jvm/java-21-openjdk-amd64/lib/libjava.so
7a6f1457e000-7a6f1457f000 rw-p 00000000 00:00 0 
7a6f1457f000-7a6f14587000 rw-s 00000000 08:30 90589                      /tmp/hsperfdata_hyuntae-choi/2494
7a6f14587000-7a6f14588000 ---p 00000000 00:00 0 
7a6f14588000-7a6f14589000 r--p 00000000 00:00 0 
7a6f14589000-7a6f1458e000 rw-p 00000000 00:00 0 
7a6f1458e000-7a6f1458f000 ---p 00000000 00:00 0 
7a6f1458f000-7a6f14591000 r--p 00000000 08:30 88791                      /usr/lib/jvm/java-21-openjdk-amd64/lib/libjimage.so
7a6f14591000-7a6f14594000 r-xp 00002000 08:30 88791                      /usr/lib/jvm/java-21-openjdk-amd64/lib/libjimage.so
7a6f14594000-7a6f14595000 r--p 00005000 08:30 88791                      /usr/lib/jvm/java-21-openjdk-amd64/lib/libjimage.so
7a6f14595000-7a6f14596000 r--p 00006000 08:30 88791                      /usr/lib/jvm/java-21-openjdk-amd64/lib/libjimage.so
7a6f14596000-7a6f14597000 rw-p 00007000 08:30 88791                      /usr/lib/jvm/java-21-openjdk-amd64/lib/libjimage.so
7a6f14597000-7a6f1459b000 r--p 00000000 08:30 12817                      /usr/lib/x86_64-linux-gnu/libgcc_s.so.1
7a6f1459b000-7a6f145bf000 r-xp 00004000 08:30 12817                      /usr/lib/x86_64-linux-gnu/libgcc_s.so.1
7a6f145bf000-7a6f145c3000 r--p 00028000 08:30 12817                      /usr/lib/x86_64-linux-gnu/libgcc_s.so.1
7a6f145c3000-7a6f145c4000 r--p 0002b000 08:30 12817                      /usr/lib/x86_64-linux-gnu/libgcc_s.so.1
7a6f145c4000-7a6f145c5000 rw-p 0002c000 08:30 12817                      /usr/lib/x86_64-linux-gnu/libgcc_s.so.1
7a6f145c5000-7a6f145c7000 rw-p 00000000 00:00 0 
7a6f145c7000-7a6f145c8000 r--p 00000000 08:30 86478                      /usr/lib/x86_64-linux-gnu/libtbbmalloc_proxy.so.2.11
7a6f145c8000-7a6f145c9000 r-xp 00001000 08:30 86478                      /usr/lib/x86_64-linux-gnu/libtbbmalloc_proxy.so.2.11
7a6f145c9000-7a6f145ca000 r--p 00002000 08:30 86478                      /usr/lib/x86_64-linux-gnu/libtbbmalloc_proxy.so.2.11
7a6f145ca000-7a6f145cb000 r--p 00002000 08:30 86478                      /usr/lib/x86_64-linux-gnu/libtbbmalloc_proxy.so.2.11
7a6f145cb000-7a6f145cc000 rw-p 00003000 08:30 86478                      /usr/lib/x86_64-linux-gnu/libtbbmalloc_proxy.so.2.11
7a6f145cc000-7a6f145d8000 r--p 00000000 08:30 86505                      /usr/lib/x86_64-linux-gnu/libtbb.so.12.11
7a6f145d8000-7a6f145fb000 r-xp 0000c000 08:30 86505                      /usr/lib/x86_64-linux-gnu/libtbb.so.12.11
7a6f145fb000-7a6f14605000 r--p 0002f000 08:30 86505                      /usr/lib/x86_64-linux-gnu/libtbb.so.12.11
7a6f14605000-7a6f14607000 r--p 00039000 08:30 86505                      /usr/lib/x86_64-linux-gnu/libtbb.so.12.11
7a6f14607000-7a6f1460a000 rw-p 0003b000 08:30 86505                      /usr/lib/x86_64-linux-gnu/libtbb.so.12.11
7a6f1460a000-7a6f14622000 rw-p 00000000 00:00 0 
7a6f14622000-7a6f14623000 r--p 00000000 08:30 12512                      /usr/lib/x86_64-linux-gnu/ld-linux-x86-64.so.2
7a6f14623000-7a6f1464e000 r-xp 00001000 08:30 12512                      /usr/lib/x86_64-linux-gnu/ld-linux-x86-64.so.2
7a6f1464e000-7a6f14658000 r--p 0002c000 08:30 12512                      /usr/lib/x86_64-linux-gnu/ld-linux-x86-64.so.2
7a6f14658000-7a6f1465a000 r--p 00036000 08:30 12512                      /usr/lib/x86_64-linux-gnu/ld-linux-x86-64.so.2
7a6f1465a000-7a6f1465c000 rw-p 00038000 08:30 12512                      /usr/lib/x86_64-linux-gnu/ld-linux-x86-64.so.2
7ffc7fc72000-7ffc7fc76000 ---p 00000000 00:00 0 
7ffc7fc76000-7ffc7fd72000 rw-p 00000000 00:00 0                          [stack]
7ffc7fde0000-7ffc7fde4000 r--p 00000000 00:00 0                          [vvar]
7ffc7fde4000-7ffc7fde6000 r-xp 00000000 00:00 0                          [vdso]
Total number of mappings: 187


VM Arguments:
jvm_args: -Djava.system.class.loader=WildcardExpandingClassLoader 
java_command: <unknown>
java_class_path (initial): XMLDBDriver.jar:/home/hyuntae-choi/gcam-core/libs/jars/*.jar:../output/modelinterface/ModelInterface.jar
Launcher Type: generic

[Global flags]
     intx CICompilerCount                          = 12                                        {product} {ergonomic}
     uint ConcGCThreads                            = 4                                         {product} {ergonomic}
     uint G1ConcRefinementThreads                  = 15                                        {product} {ergonomic}
   size_t G1HeapRegionSize                         = 2097152                                   {product} {ergonomic}
    uintx GCDrainStackTargetSize                   = 64                                        {product} {ergonomic}
   size_t InitialHeapSize                          = 260046848                                 {product} {ergonomic}
   size_t MarkStackSize                            = 4194304                                   {product} {ergonomic}
   size_t MaxHeapSize                              = 4154458112                                {product} {ergonomic}
   size_t MaxNewSize                               = 2491416576                                {product} {ergonomic}
   size_t MinHeapDeltaBytes                        = 2097152                                   {product} {ergonomic}
   size_t MinHeapSize                              = 8388608                                   {product} {ergonomic}
    uintx NonNMethodCodeHeapSize                   = 7602480                                {pd product} {ergonomic}
    uintx NonProfiledCodeHeapSize                  = 122027880                              {pd product} {ergonomic}
    uintx ProfiledCodeHeapSize                     = 122027880                              {pd product} {ergonomic}
    uintx ReservedCodeCacheSize                    = 251658240                              {pd product} {ergonomic}
     bool SegmentedCodeCache                       = true                                      {product} {ergonomic}
   size_t SoftMaxHeapSize                          = 4154458112                             {manageable} {ergonomic}
     bool UseCompressedOops                        = true                           {product lp64_product} {ergonomic}
     bool UseG1GC                                  = true                                      {product} {ergonomic}

Logging:
Log output configuration:
 #0: stdout all=warning uptime,level,tags foldmultilines=false
 #1: stderr all=off uptime,level,tags foldmultilines=false

Environment Variables:
CLASSPATH=/home/hyuntae-choi/gcam-core/libs/jars/*.jar
PATH=/usr/local/sbin:/usr/local/bin:/usr/sbin:/usr/bin:/sbin:/bin:/usr/games:/usr/local/games:/usr/lib/wsl/lib:/mnt/c/Windows/system32:/mnt/c/Windows:/mnt/c/Windows/System32/Wbem:/mnt/c/Windows/System32/WindowsPowerShell/v1.0/:/mnt/c/Windows/System32/OpenSSH/:/mnt/c/Program Files (x86)/NVIDIA Corporation/PhysX/Common:/mnt/c/Program Files/NVIDIA Corporation/NVIDIA NvDLISR:/mnt/c/WINDOWS/system32:/mnt/c/WINDOWS:/mnt/c/WINDOWS/System32/Wbem:/mnt/c/WINDOWS/System32/WindowsPowerShell/v1.0/:/mnt/c/WINDOWS/System32/OpenSSH/:/mnt/c/Program Files/Git/cmd:/mnt/c/Program Files/Docker/Docker/resources/bin:/mnt/c/Users/HyuntaeChoi/AppData/Local/Microsoft/WindowsApps:/mnt/c/Users/HyuntaeChoi/AppData/Local/Programs/Microsoft VS Code/bin:/snap/bin
SHELL=/bin/bash
DISPLAY=:0
HOSTTYPE=x86_64
LANG=C.UTF-8
TERM=xterm-256color

Active Locale:
LC_ALL=C.UTF-8
LC_COLLATE=C.UTF-8
LC_CTYPE=C.UTF-8
LC_MESSAGES=C.UTF-8
LC_MONETARY=C.UTF-8
LC_NUMERIC=C.UTF-8
LC_TIME=C.UTF-8

Signal Handlers:
   SIGSEGV: crash_handler in libjvm.so, mask=11100100010111111101111111111110, flags=SA_RESTART|SA_SIGINFO, unblocked
    SIGBUS: crash_handler in libjvm.so, mask=11100100010111111101111111111110, flags=SA_RESTART|SA_SIGINFO, unblocked
    SIGFPE: crash_handler in libjvm.so, mask=11100100010111111101111111111110, flags=SA_RESTART|SA_SIGINFO, unblocked
   SIGPIPE: javaSignalHandler in libjvm.so, mask=11100100010111111101111111111110, flags=SA_RESTART|SA_SIGINFO, blocked
   SIGXFSZ: javaSignalHandler in libjvm.so, mask=11100100010111111101111111111110, flags=SA_RESTART|SA_SIGINFO, blocked
    SIGILL: crash_handler in libjvm.so, mask=11100100010111111101111111111110, flags=SA_RESTART|SA_SIGINFO, unblocked
   SIGUSR2: SR_handler in libjvm.so, mask=00000000000000000000000000000000, flags=SA_RESTART|SA_SIGINFO, blocked
    SIGHUP: UserHandler in libjvm.so, mask=11100100010111111101111111111110, flags=SA_RESTART|SA_SIGINFO, blocked
    SIGINT: UserHandler in libjvm.so, mask=11100100010111111101111111111110, flags=SA_RESTART|SA_SIGINFO, blocked
   SIGTERM: UserHandler in libjvm.so, mask=11100100010111111101111111111110, flags=SA_RESTART|SA_SIGINFO, blocked
   SIGQUIT: UserHandler in libjvm.so, mask=11100100010111111101111111111110, flags=SA_RESTART|SA_SIGINFO, blocked
   SIGTRAP: crash_handler in libjvm.so, mask=11100100010111111101111111111110, flags=SA_RESTART|SA_SIGINFO, unblocked


Periodic native trim disabled

---------------  S Y S T E M  ---------------

OS:
DISTRIB_ID=Ubuntu
DISTRIB_RELEASE=24.04
DISTRIB_CODENAME=noble
DISTRIB_DESCRIPTION="Ubuntu 24.04.2 LTS"
uname: Linux 6.6.87.1-microsoft-standard-WSL2 #1 SMP PREEMPT_DYNAMIC Mon Apr 21 17:08:54 UTC 2025 x86_64
OS uptime: 0 days 0:08 hours
libc: glibc 2.39 NPTL 2.39 
rlimit (soft/hard): STACK 8192k/infinity , CORE 0k/infinity , NPROC 63341/63341 , NOFILE 1048576/1048576 , AS infinity/infinity , CPU infinity/infinity , DATA infinity/infinity , FSIZE infinity/infinity , MEMLOCK 65536k/65536k
load average: 3.27 2.63 1.14

/proc/meminfo:
MemTotal:       16225476 kB
MemFree:        10593708 kB
MemAvailable:   15528400 kB
Buffers:           63208 kB
Cached:          4962764 kB
SwapCached:            0 kB
Active:           940560 kB
Inactive:        4169240 kB
Active(anon):       2832 kB
Inactive(anon):    84916 kB
Active(file):     937728 kB
Inactive(file):  4084324 kB
Unevictable:           0 kB
Mlocked:               0 kB
SwapTotal:       4194304 kB
SwapFree:        4194304 kB
Dirty:            708888 kB
Writeback:             0 kB
AnonPages:         84584 kB
Mapped:           115180 kB
Shmem:              3576 kB
KReclaimable:     160640 kB
Slab:             249428 kB
SReclaimable:     160640 kB
SUnreclaim:        88788 kB
KernelStack:        5320 kB
PageTables:         2644 kB
SecPageTables:         0 kB
NFS_Unstable:          0 kB
Bounce:                0 kB
WritebackTmp:          0 kB
CommitLimit:    12307040 kB
Committed_AS:     991492 kB
VmallocTotal:   34359738367 kB
VmallocUsed:       31096 kB
VmallocChunk:          0 kB
Percpu:            10080 kB
HardwareCorrupted:     0 kB
AnonHugePages:         0 kB
ShmemHugePages:        0 kB
ShmemPmdMapped:        0 kB
FileHugePages:         0 kB
FilePmdMapped:         0 kB
Unaccepted:            0 kB
HugePages_Total:       0
HugePages_Free:        0
HugePages_Rsvd:        0
HugePages_Surp:        0
Hugepagesize:       2048 kB
Hugetlb:               0 kB
DirectMap4k:       64512 kB
DirectMap2M:     6074368 kB
DirectMap1G:    18874368 kB

/sys/kernel/mm/transparent_hugepage/enabled: always [madvise] never
/sys/kernel/mm/transparent_hugepage/hpage_pmd_size: 2097152
/sys/kernel/mm/transparent_hugepage/defrag (defrag/compaction efforts parameter): always defer defer+madvise [madvise] never

Process Memory:
Virtual Size: 5805080K (peak: 5805080K)
Resident Set Size: 51384K (peak: 51384K) (anon: 27520K, file: 23864K, shmem: 0K)
Swapped out: 0K
C-Heap outstanding allocations: 0K, retained: 0K
glibc malloc tunables: (default)

/proc/sys/kernel/threads-max (system-wide limit on the number of threads): 126683
/proc/sys/vm/max_map_count (maximum number of memory map areas a process may have): 1048576
/proc/sys/vm/swappiness (control to define how aggressively the kernel swaps out anonymous memory): 60
/proc/sys/kernel/pid_max (system-wide limit on number of process identifiers): 4194304

container (cgroup) information:
container_type: cgroupv2
cpu_cpuset_cpus: not supported
cpu_memory_nodes: not supported
active_processor_count: 20
cpu_quota: no quota
cpu_period: 100000
cpu_shares: no shares
memory_limit_in_bytes: unlimited
memory_and_swap_limit_in_bytes: unlimited
memory_soft_limit_in_bytes: unlimited
memory_usage_in_bytes: 4800108 k
memory_max_usage_in_bytes: not supported
memory_swap_current_in_bytes: unlimited
memory_swap_max_limit_in_bytes: unlimited
maximum number of tasks: 19002
current number of tasks: 28

Hyper-V virtualization detected
Steal ticks since vm start: 0
Steal ticks percentage since vm start:  0.000

CPU: total 20 (initial active 20) (16 cores per cpu, 2 threads per core) family 6 model 154 stepping 3 microcode 0xffffffff, cx8, cmov, fxsr, ht, mmx, 3dnowpref, sse, sse2, sse3, ssse3, sse4.1, sse4.2, popcnt, lzcnt, tsc, tscinvbit, avx, avx2, aes, erms, clmul, bmi1, bmi2, adx, sha, fma, vzeroupper, clflush, clflushopt, clwb, hv, serialize, rdtscp, rdpid, fsrm, f16c, cet_ibt, cet_ss
CPU Model and flags from /proc/cpuinfo:
model name	: 12th Gen Intel(R) Core(TM) i7-12700H
flags		: fpu vme de pse tsc msr pae mce cx8 apic sep mtrr pge mca cmov pat pse36 clflush mmx fxsr sse sse2 ss ht syscall nx pdpe1gb rdtscp lm constant_tsc rep_good nopl xtopology tsc_reliable nonstop_tsc cpuid tsc_known_freq pni pclmulqdq vmx ssse3 fma cx16 pcid sse4_1 sse4_2 x2apic movbe popcnt tsc_deadline_timer aes xsave avx f16c rdrand hypervisor lahf_lm abm 3dnowprefetch ssbd ibrs ibpb stibp ibrs_enhanced tpr_shadow ept vpid ept_ad fsgsbase tsc_adjust bmi1 avx2 smep bmi2 erms invpcid rdseed adx smap clflushopt clwb sha_ni xsaveopt xsavec xgetbv1 xsaves avx_vnni vnmi umip waitpkg gfni vaes vpclmulqdq rdpid movdiri movdir64b fsrm md_clear serialize flush_l1d arch_capabilities

Online cpus: 0-19
Offline cpus: 
BIOS frequency limitation: <Not Available>
Frequency switch latency (ns): <Not Available>
Available cpu frequencies: <Not Available>
Current governor: <Not Available>
Core performance/turbo boost: <Not Available>

Memory: 4k page, physical 16225476k(15527900k free), swap 4194304k(4194304k free)
Page Sizes: 4k

vm_info: OpenJDK 64-Bit Server VM (21.0.7+6-Ubuntu-0ubuntu124.04) for linux-amd64 JRE (21.0.7+6-Ubuntu-0ubuntu124.04), built on 2025-04-17T05:57:30Z by "buildd" with gcc 13.3.0

END.
