#
# A fatal error has been detected by the Java Runtime Environment:
#
#  SIGSEGV (0xb) at pc=0x00007abaf89a4f37, pid=5995, tid=5995
#
# JRE version: OpenJDK Runtime Environment (21.0.7+6) (build 21.0.7+6-Ubuntu-0ubuntu124.04)
# Java VM: OpenJDK 64-Bit Server VM (21.0.7+6-Ubuntu-0ubuntu124.04, mixed mode, sharing, tiered, compressed oops, compressed class ptrs, g1 gc, linux-amd64)
# Problematic frame:
# V  [libjvm.so+0x5a4f37]  AccessInternal::PostRuntimeDispatch<G1BarrierSet::AccessBarrier<548964ul, G1BarrierSet>, (AccessInternal::BarrierType)0, 548964ul>::oop_access_barrier(void*, oopDesc*)+0x57
#
# Core dump will be written. Default location: Core dumps may be processed with "/wsl-capture-crash %t %E %p %s" (or dumping to /home/hyuntae-choi/gcam-core/exe/core.5995)
#
# If you would like to submit a bug report, please visit:
#   https://bugs.launchpad.net/ubuntu/+source/openjdk-21
#

---------------  S U M M A R Y ------------

Command Line: -Djava.system.class.loader=WildcardExpandingClassLoader 

Host: 12th Gen Intel(R) Core(TM) i7-12700H, 20 cores, 15G, Ubuntu 24.04.2 LTS
Time: Sun Jun 22 20:15:46 2025 KST elapsed time: 0.061995 seconds (0d 0h 0m 0s)

---------------  T H R E A D  ---------------

Current thread (0x00007abaf7aa0f00):  JavaThread "main"             [_thread_in_vm, id=5995, stack(0x00007ffed4f53000,0x00007ffed5053000) (1024K)]

Stack: [0x00007ffed4f53000,0x00007ffed5053000],  sp=0x00007ffed5051390,  free space=1016k
Native frames: (J=compiled Java code, j=interpreted, Vv=VM code, C=native code)
V  [libjvm.so+0x5a4f37]  AccessInternal::PostRuntimeDispatch<G1BarrierSet::AccessBarrier<548964ul, G1BarrierSet>, (AccessInternal::BarrierType)0, 548964ul>::oop_access_barrier(void*, oopDesc*)+0x57
V  [libjvm.so+0x9e7901]  JNIHandles::destroy_global(_jobject*)+0x21
V  [libjvm.so+0x9a3c5d]  jni_DeleteGlobalRef+0x7d

siginfo: si_signo: 11 (SIGSEGV), si_code: 1 (SEGV_MAPERR), si_addr: 0x0000006c6d782e64

Registers:
RAX=0x00007abaf98ed9d0, RBX=0x0000006c6d782e64, RCX=0x0000000000000050, RDX=0x00007abaf7a9fde8
RSP=0x00007ffed5051390, RBP=0x00007ffed50513b0, RSI=0x0000000000000000, RDI=0x0000006c6d782e64
R8 =0x0000000000000000, R9 =0x0000000080000000, R10=0x00007ffed517b080, R11=0x0000000000000293
R12=0x0000000000000000, R13=0x00007abaf7aea080, R14=0x00007ffed50514e0, R15=0x00007ffed50514f0
RIP=0x00007abaf89a4f37, EFLAGS=0x0000000000010246, CSGSFS=0x002b000000000033, ERR=0x0000000000000006
  TRAPNO=0x000000000000000e

XMM[0]=0x00007abaf7ad7600 0x00007abaf7ad7600
XMM[1]=0x00007abaf7aa7c00 0x00007abaf7aa7c00
XMM[2]=0x74206f7420657469 0x7277206f74207265
XMM[3]=0x6176614a20646e69 0x66206f742064656c
XMM[4]=0x00007ffed504d6d0 0x00007f0000000000
XMM[5]=0x00007abae745fcc6 0x00007ffed504d7b0
XMM[6]=0x0000000000000000 0x00007abae745fb90
XMM[7]=0x00007ffed504d820 0x00007f0000000000
XMM[8]=0x0000000000000000 0xe808ec8348000000
XMM[9]=0x0000000000000000 0x6161616161616161
XMM[10]=0x0000000000000000 0x00360a0200153213
XMM[11]=0x0000000000000000 0x9999999999999999
XMM[12]=0x0000000000000000 0x2020202020202020
XMM[13]=0x0000000000000000 0x0000000000000006
XMM[14]=0x0000000000000000 0x0000000000000004
XMM[15]=0x0000000000000000 0x0000000000000000
  MXCSR=0x00001fa2


Register to memory mapping:

RAX=0x00007abaf98ed9d0: <offset 0x00000000014ed9d0> in /usr/lib/jvm/default-java/lib/server/libjvm.so at 0x00007abaf8400000
RBX=0x0000006c6d782e64 is an unknown value
RCX=0x0000000000000050 is an unknown value
RDX=0x00007abaf7a9fde8 points into unknown readable memory: 0x0000000000000000 | 00 00 00 00 00 00 00 00
RSP=0x00007ffed5051390 is pointing into the stack for thread: 0x00007abaf7aa0f00
RBP=0x00007ffed50513b0 is pointing into the stack for thread: 0x00007abaf7aa0f00
RSI=0x0 is null
RDI=0x0000006c6d782e64 is an unknown value
R8 =0x0 is null
R9 =0x0000000080000000 is an unknown value
R10=0x00007ffed517b080 points into unknown readable memory: 0x000000010004c0bc | bc c0 04 00 01 00 00 00
R11=0x0000000000000293 is an unknown value
R12=0x0 is null
R13=0x00007abaf7aea080 points into unknown readable memory: 0x00007abaf98aace8 | e8 ac 8a f9 ba 7a 00 00
R14=0x00007ffed50514e0 is pointing into the stack for thread: 0x00007abaf7aa0f00
R15=0x00007ffed50514f0 is pointing into the stack for thread: 0x00007abaf7aa0f00

Top of Stack: (sp=0x00007ffed5051390)
0x00007ffed5051390:   0000006c6d782e64 0000006c6d782e66
0x00007ffed50513a0:   00007abaf7aa12b8 00007ffed50514e0
0x00007ffed50513b0:   00007ffed50513d0 00007abaf8de7901
0x00007ffed50513c0:   00007ffed5051400 00007abaf7aa0f00
0x00007ffed50513d0:   00007ffed5051400 00007abaf8da3c5d
0x00007ffed50513e0:   00007abaf827ba20 00007ffed5051590
0x00007ffed50513f0:   00007abaf7ad2400 00005e44851f5817
0x00007ffed5051400:   00007abaf7ae3160 00005e4484d41e16
0x00007ffed5051410:   0000000000000000 00007ffed50514c0
0x00007ffed5051420:   00007ffed5051500 00000001f7ad7600
0x00007ffed5051430:   00007abaf7acfac0 00007ffed5051480
0x00007ffed5051440:   0000000200010006 00007abaf7ae2d00
0x00007ffed5051450:   7475706d6f632000 7774666f73207265
0x00007ffed5051460:   00007abaf7aaff60 000000000000006c
0x00007ffed5051470:   0000000000000088 ffffffffffffffff
0x00007ffed5051480:   00007ffed5051490 0000000000000000
0x00007ffed5051490:   0000000000000000 0000000000000000
0x00007ffed50514a0:   00007ffed50514b0 0000000000000000
0x00007ffed50514b0:   0000000000000000 0000000000000016
0x00007ffed50514c0:   00007ffed50514d0 000000000000000b
0x00007ffed50514d0:   69724442444c4d58 0000000000726576
0x00007ffed50514e0:   00007ffed50514f0 0000000000000000
0x00007ffed50514f0:   0000000000000000 00007abaf7c92571
0x00007ffed5051500:   00007ffed5051510 0000000000000001
0x00007ffed5051510:   000000000000003a 00007ffed5051570
0x00007ffed5051520:   00007ffed5051530 0000000000000008
0x00007ffed5051530:   676f6c5f6e69616d 00006e6f69746100
0x00007ffed5051540:   00005e44852b8490 f9e170d692adde00
0x00007ffed5051550:   000000000000000a 00007abaf7ad2400
0x00007ffed5051560:   00007ffed50517a0 00007ffed50517c0
0x00007ffed5051570:   00007ffed5051800 00005e44852b8490
0x00007ffed5051580:   00007abaf7ae35e0 00005e4484d42567 

Instructions: (pc=0x00007abaf89a4f37)
0x00007abaf89a4e37:   00 48 8d 05 21 03 00 00 eb b6 0f 1f 80 00 00 00
0x00007abaf89a4e47:   00 48 8d 05 01 ff ff ff eb a6 0f 1f 80 00 00 00
0x00007abaf89a4e57:   00 48 8d 05 d1 05 00 00 eb 96 0f 1f 80 00 00 00
0x00007abaf89a4e67:   00 48 8d 05 f1 fe ff ff eb 86 0f 1f 80 00 00 00
0x00007abaf89a4e77:   00 48 8d 05 f1 fe ff ff e9 73 ff ff ff 0f 1f 40
0x00007abaf89a4e87:   00 48 8d 05 c1 00 00 00 e9 63 ff ff ff 0f 1f 40
0x00007abaf89a4e97:   00 48 8d 05 21 01 00 00 e9 53 ff ff ff 0f 1f 40
0x00007abaf89a4ea7:   00 48 8d 05 d1 fe ff ff e9 43 ff ff ff 48 8d 05
0x00007abaf89a4eb7:   95 80 f1 00 48 8d 0d 16 09 ba 00 ba e2 00 00 00
0x00007abaf89a4ec7:   48 8d 35 42 09 ba 00 bf 00 00 00 e0 48 8b 00 c6
0x00007abaf89a4ed7:   00 58 31 c0 e8 c0 b4 10 00 f3 0f 1e fa 55 48 8d
0x00007abaf89a4ee7:   05 e4 8a f4 00 48 89 e5 41 56 41 55 41 54 49 89
0x00007abaf89a4ef7:   f4 53 4c 8b 28 48 89 fb 41 80 bd 18 06 00 00 00
0x00007abaf89a4f07:   74 2e 4c 8b 37 4d 85 f6 74 26 66 48 8d 3d 67 30
0x00007abaf89a4f17:   f1 00 66 66 48 e8 1f c6 cf ff 49 8d bd f0 04 00
0x00007abaf89a4f27:   00 4c 89 f2 48 8b 30 48 83 c6 28 e8 39 f1 80 00
0x00007abaf89a4f37:   4c 89 23 5b 41 5c 41 5d 41 5e 5d c3 66 2e 0f 1f
0x00007abaf89a4f47:   84 00 00 00 00 00 0f 1f 00 f3 0f 1e fa 55 48 8d
0x00007abaf89a4f57:   05 74 8a f4 00 48 89 e5 41 56 41 55 41 54 49 89
0x00007abaf89a4f67:   f4 53 4c 8b 28 48 89 fb 41 80 bd 18 06 00 00 00
0x00007abaf89a4f77:   74 2e 4c 8b 37 4d 85 f6 74 26 66 48 8d 3d f7 2f
0x00007abaf89a4f87:   f1 00 66 66 48 e8 af c5 cf ff 49 8d bd f0 04 00
0x00007abaf89a4f97:   00 4c 89 f2 48 8b 30 48 83 c6 28 e8 c9 f0 80 00
0x00007abaf89a4fa7:   4c 89 23 5b 41 5c 41 5d 41 5e 5d c3 66 2e 0f 1f
0x00007abaf89a4fb7:   84 00 00 00 00 00 0f 1f 00 f3 0f 1e fa 55 48 8d
0x00007abaf89a4fc7:   05 04 8a f4 00 48 89 e5 41 56 41 55 49 89 fd 41
0x00007abaf89a4fd7:   54 53 4c 8b 20 48 89 f3 48 8d 05 a2 8e f5 00 80
0x00007abaf89a4fe7:   38 00 74 19 48 85 f6 74 14 49 8b 44 24 40 0f b6
0x00007abaf89a4ff7:   80 f1 02 00 00 a8 02 0f 85 94 00 00 00 48 8d 05
0x00007abaf89a5007:   01 8d f1 00 80 38 00 74 76 49 8b 44 24 40 0f b6
0x00007abaf89a5017:   80 f1 02 00 00 a8 02 74 66 4d 8b 75 00 4d 85 f6
0x00007abaf89a5027:   74 5d 49 8b 44 24 40 48 8b 90 a8 08 00 00 48 8d 


Stack slot to memory mapping:

stack at sp + 0 slots: 0x0000006c6d782e64 is an unknown value
stack at sp + 1 slots: 0x0000006c6d782e66 is an unknown value
stack at sp + 2 slots: 0x00007abaf7aa12b8 points into unknown readable memory: 0x00007abaf98bf040 | 40 f0 8b f9 ba 7a 00 00
stack at sp + 3 slots: 0x00007ffed50514e0 is pointing into the stack for thread: 0x00007abaf7aa0f00
stack at sp + 4 slots: 0x00007ffed50513d0 is pointing into the stack for thread: 0x00007abaf7aa0f00
stack at sp + 5 slots: 0x00007abaf8de7901: <offset 0x00000000009e7901> in /usr/lib/jvm/default-java/lib/server/libjvm.so at 0x00007abaf8400000
stack at sp + 6 slots: 0x00007ffed5051400 is pointing into the stack for thread: 0x00007abaf7aa0f00
stack at sp + 7 slots: 0x00007abaf7aa0f00 is a thread


---------------  P R O C E S S  ---------------

Threads class SMR info:
_java_thread_list=0x00007aba90ebe900, length=13, elements={
0x00007abaf7aa0f00, 0x00007abaf7ba9600, 0x00007abaf7ba8f00, 0x00007abaf7ba8800,
0x00007abaf7ba8100, 0x00007abaf7b27900, 0x00007abaf7bbd600, 0x00007abaf7bbcb80,
0x00007aba90f9f580, 0x00007aba90f6b580, 0x00007aba90f6ab00, 0x00007abaf7b27200,
0x00007abaf7b24f00
}

Java Threads: ( => current thread )
=>0x00007abaf7aa0f00 JavaThread "main"                              [_thread_in_vm, id=5995, stack(0x00007ffed4f53000,0x00007ffed5053000) (1024K)]
  0x00007abaf7ba9600 JavaThread "Reference Handler"          daemon [_thread_blocked, id=6003, stack(0x00007abad696f000,0x00007abad6a6f000) (1024K)]
  0x00007abaf7ba8f00 JavaThread "Finalizer"                  daemon [_thread_blocked, id=6004, stack(0x00007abad686f000,0x00007abad696f000) (1024K)]
  0x00007abaf7ba8800 JavaThread "Signal Dispatcher"          daemon [_thread_blocked, id=6005, stack(0x00007abad676f000,0x00007abad686f000) (1024K)]
  0x00007abaf7ba8100 JavaThread "Service Thread"             daemon [_thread_blocked, id=6006, stack(0x00007abad666f000,0x00007abad676f000) (1024K)]
  0x00007abaf7b27900 JavaThread "Monitor Deflation Thread"   daemon [_thread_blocked, id=6007, stack(0x00007abad656f000,0x00007abad666f000) (1024K)]
  0x00007abaf7bbd600 JavaThread "C2 CompilerThread0"         daemon [_thread_blocked, id=6008, stack(0x00007abad646f000,0x00007abad656f000) (1024K)]
  0x00007abaf7bbcb80 JavaThread "C1 CompilerThread0"         daemon [_thread_blocked, id=6009, stack(0x00007abad636f000,0x00007abad646f000) (1024K)]
  0x00007aba90f9f580 JavaThread "C1 CompilerThread1"         daemon [_thread_blocked, id=6010, stack(0x00007aba8f92f000,0x00007aba8fa2f000) (1024K)]
  0x00007aba90f6b580 JavaThread "C1 CompilerThread2"         daemon [_thread_blocked, id=6011, stack(0x00007aba8f82f000,0x00007aba8f92f000) (1024K)]
  0x00007aba90f6ab00 JavaThread "C1 CompilerThread3"         daemon [_thread_blocked, id=6012, stack(0x00007aba8f72f000,0x00007aba8f82f000) (1024K)]
  0x00007abaf7b27200 JavaThread "Common-Cleaner"             daemon [_thread_blocked, id=6013, stack(0x00007aba8f62f000,0x00007aba8f72f000) (1024K)]
  0x00007abaf7b24f00 JavaThread "Notification Thread"        daemon [_thread_blocked, id=6014, stack(0x00007aba8f52f000,0x00007aba8f62f000) (1024K)]
Total: 13

Other Threads:
  0x00007abaf7aa4800 VMThread "VM Thread"                           [id=6002, stack(0x00007abad6a70000,0x00007abad6b70000) (1024K)]
  0x00007abaf7acab00 WatcherThread "VM Periodic Task Thread"        [id=6001, stack(0x00007abad6b71000,0x00007abad6c71000) (1024K)]
  0x00007abaf7aa7000 WorkerThread "GC Thread#0"                     [id=5996, stack(0x00007abad9fa3000,0x00007abada0a3000) (1024K)]
  0x00007abaf7aa6c00 ConcurrentGCThread "G1 Main Marker"            [id=5997, stack(0x00007abad9ea2000,0x00007abad9fa2000) (1024K)]
  0x00007abaf7aa6400 WorkerThread "G1 Conc#0"                       [id=5998, stack(0x00007abad9da1000,0x00007abad9ea1000) (1024K)]
  0x00007abaf7a75d00 ConcurrentGCThread "G1 Refine#0"               [id=5999, stack(0x00007abad6d73000,0x00007abad6e73000) (1024K)]
  0x00007abaf7a75600 ConcurrentGCThread "G1 Service"                [id=6000, stack(0x00007abad6c72000,0x00007abad6d72000) (1024K)]
Total: 7

Threads with active compile tasks:
Total: 0

VM state: not at safepoint (normal execution)

VM Mutex/Monitor currently owned by a thread: None

Heap address: 0x0000000708600000, size: 3962 MB, Compressed Oops mode: Zero based, Oop shift amount: 3

CDS archive(s) mapped at: [0x00007aba95000000-0x00007aba95c97000-0x00007aba95c97000), size 13201408, SharedBaseAddress: 0x00007aba95000000, ArchiveRelocationMode: 1.
Compressed class space mapped at: 0x00007aba96000000-0x00007abad6000000, reserved size: 1073741824
Narrow klass base: 0x00007aba95000000, Narrow klass shift: 0, Narrow klass range: 0x100000000

GC Precious Log:
 CardTable entry size: 512
 Card Set container configuration: InlinePtr #cards 4 size 8 Array Of Cards #cards 16 size 48 Howl #buckets 8 coarsen threshold 3686 Howl Bitmap #cards 512 size 80 coarsen threshold 460 Card regions per heap region 1 cards per card region 4096
 CPUs: 20 total, 20 available
 Memory: 15845M
 Large Page Support: Disabled
 NUMA Support: Disabled
 Compressed Oops: Enabled (Zero based)
 Heap Region Size: 2M
 Heap Min Capacity: 8M
 Heap Initial Capacity: 248M
 Heap Max Capacity: 3962M
 Pre-touch: Disabled
 Parallel Workers: 15
 Concurrent Workers: 4
 Concurrent Refinement Workers: 15
 Periodic GC: Disabled

Heap:
 garbage-first heap   total 256000K, used 3121K [0x0000000708600000, 0x0000000800000000)
  region size 2048K, 2 young (4096K), 0 survivors (0K)
 Metaspace       used 395K, committed 576K, reserved 1114112K
  class space    used 25K, committed 128K, reserved 1048576K

Heap Regions: E=young(eden), S=young(survivor), O=old, HS=humongous(starts), HC=humongous(continues), CS=collection set, F=free, TAMS=top-at-mark-start, PB=parsable bottom
|   0|0x0000000708600000, 0x0000000708600000, 0x0000000708800000|  0%| F|  |TAMS 0x0000000708600000| PB 0x0000000708600000| Untracked 
|   1|0x0000000708800000, 0x0000000708800000, 0x0000000708a00000|  0%| F|  |TAMS 0x0000000708800000| PB 0x0000000708800000| Untracked 
|   2|0x0000000708a00000, 0x0000000708a00000, 0x0000000708c00000|  0%| F|  |TAMS 0x0000000708a00000| PB 0x0000000708a00000| Untracked 
|   3|0x0000000708c00000, 0x0000000708c00000, 0x0000000708e00000|  0%| F|  |TAMS 0x0000000708c00000| PB 0x0000000708c00000| Untracked 
|   4|0x0000000708e00000, 0x0000000708e00000, 0x0000000709000000|  0%| F|  |TAMS 0x0000000708e00000| PB 0x0000000708e00000| Untracked 
|   5|0x0000000709000000, 0x0000000709000000, 0x0000000709200000|  0%| F|  |TAMS 0x0000000709000000| PB 0x0000000709000000| Untracked 
|   6|0x0000000709200000, 0x0000000709200000, 0x0000000709400000|  0%| F|  |TAMS 0x0000000709200000| PB 0x0000000709200000| Untracked 
|   7|0x0000000709400000, 0x0000000709400000, 0x0000000709600000|  0%| F|  |TAMS 0x0000000709400000| PB 0x0000000709400000| Untracked 
|   8|0x0000000709600000, 0x0000000709600000, 0x0000000709800000|  0%| F|  |TAMS 0x0000000709600000| PB 0x0000000709600000| Untracked 
|   9|0x0000000709800000, 0x0000000709800000, 0x0000000709a00000|  0%| F|  |TAMS 0x0000000709800000| PB 0x0000000709800000| Untracked 
|  10|0x0000000709a00000, 0x0000000709a00000, 0x0000000709c00000|  0%| F|  |TAMS 0x0000000709a00000| PB 0x0000000709a00000| Untracked 
|  11|0x0000000709c00000, 0x0000000709c00000, 0x0000000709e00000|  0%| F|  |TAMS 0x0000000709c00000| PB 0x0000000709c00000| Untracked 
|  12|0x0000000709e00000, 0x0000000709e00000, 0x000000070a000000|  0%| F|  |TAMS 0x0000000709e00000| PB 0x0000000709e00000| Untracked 
|  13|0x000000070a000000, 0x000000070a000000, 0x000000070a200000|  0%| F|  |TAMS 0x000000070a000000| PB 0x000000070a000000| Untracked 
|  14|0x000000070a200000, 0x000000070a200000, 0x000000070a400000|  0%| F|  |TAMS 0x000000070a200000| PB 0x000000070a200000| Untracked 
|  15|0x000000070a400000, 0x000000070a400000, 0x000000070a600000|  0%| F|  |TAMS 0x000000070a400000| PB 0x000000070a400000| Untracked 
|  16|0x000000070a600000, 0x000000070a600000, 0x000000070a800000|  0%| F|  |TAMS 0x000000070a600000| PB 0x000000070a600000| Untracked 
|  17|0x000000070a800000, 0x000000070a800000, 0x000000070aa00000|  0%| F|  |TAMS 0x000000070a800000| PB 0x000000070a800000| Untracked 
|  18|0x000000070aa00000, 0x000000070aa00000, 0x000000070ac00000|  0%| F|  |TAMS 0x000000070aa00000| PB 0x000000070aa00000| Untracked 
|  19|0x000000070ac00000, 0x000000070ac00000, 0x000000070ae00000|  0%| F|  |TAMS 0x000000070ac00000| PB 0x000000070ac00000| Untracked 
|  20|0x000000070ae00000, 0x000000070ae00000, 0x000000070b000000|  0%| F|  |TAMS 0x000000070ae00000| PB 0x000000070ae00000| Untracked 
|  21|0x000000070b000000, 0x000000070b000000, 0x000000070b200000|  0%| F|  |TAMS 0x000000070b000000| PB 0x000000070b000000| Untracked 
|  22|0x000000070b200000, 0x000000070b200000, 0x000000070b400000|  0%| F|  |TAMS 0x000000070b200000| PB 0x000000070b200000| Untracked 
|  23|0x000000070b400000, 0x000000070b400000, 0x000000070b600000|  0%| F|  |TAMS 0x000000070b400000| PB 0x000000070b400000| Untracked 
|  24|0x000000070b600000, 0x000000070b600000, 0x000000070b800000|  0%| F|  |TAMS 0x000000070b600000| PB 0x000000070b600000| Untracked 
|  25|0x000000070b800000, 0x000000070b800000, 0x000000070ba00000|  0%| F|  |TAMS 0x000000070b800000| PB 0x000000070b800000| Untracked 
|  26|0x000000070ba00000, 0x000000070ba00000, 0x000000070bc00000|  0%| F|  |TAMS 0x000000070ba00000| PB 0x000000070ba00000| Untracked 
|  27|0x000000070bc00000, 0x000000070bc00000, 0x000000070be00000|  0%| F|  |TAMS 0x000000070bc00000| PB 0x000000070bc00000| Untracked 
|  28|0x000000070be00000, 0x000000070be00000, 0x000000070c000000|  0%| F|  |TAMS 0x000000070be00000| PB 0x000000070be00000| Untracked 
|  29|0x000000070c000000, 0x000000070c000000, 0x000000070c200000|  0%| F|  |TAMS 0x000000070c000000| PB 0x000000070c000000| Untracked 
|  30|0x000000070c200000, 0x000000070c200000, 0x000000070c400000|  0%| F|  |TAMS 0x000000070c200000| PB 0x000000070c200000| Untracked 
|  31|0x000000070c400000, 0x000000070c400000, 0x000000070c600000|  0%| F|  |TAMS 0x000000070c400000| PB 0x000000070c400000| Untracked 
|  32|0x000000070c600000, 0x000000070c600000, 0x000000070c800000|  0%| F|  |TAMS 0x000000070c600000| PB 0x000000070c600000| Untracked 
|  33|0x000000070c800000, 0x000000070c800000, 0x000000070ca00000|  0%| F|  |TAMS 0x000000070c800000| PB 0x000000070c800000| Untracked 
|  34|0x000000070ca00000, 0x000000070ca00000, 0x000000070cc00000|  0%| F|  |TAMS 0x000000070ca00000| PB 0x000000070ca00000| Untracked 
|  35|0x000000070cc00000, 0x000000070cc00000, 0x000000070ce00000|  0%| F|  |TAMS 0x000000070cc00000| PB 0x000000070cc00000| Untracked 
|  36|0x000000070ce00000, 0x000000070ce00000, 0x000000070d000000|  0%| F|  |TAMS 0x000000070ce00000| PB 0x000000070ce00000| Untracked 
|  37|0x000000070d000000, 0x000000070d000000, 0x000000070d200000|  0%| F|  |TAMS 0x000000070d000000| PB 0x000000070d000000| Untracked 
|  38|0x000000070d200000, 0x000000070d200000, 0x000000070d400000|  0%| F|  |TAMS 0x000000070d200000| PB 0x000000070d200000| Untracked 
|  39|0x000000070d400000, 0x000000070d400000, 0x000000070d600000|  0%| F|  |TAMS 0x000000070d400000| PB 0x000000070d400000| Untracked 
|  40|0x000000070d600000, 0x000000070d600000, 0x000000070d800000|  0%| F|  |TAMS 0x000000070d600000| PB 0x000000070d600000| Untracked 
|  41|0x000000070d800000, 0x000000070d800000, 0x000000070da00000|  0%| F|  |TAMS 0x000000070d800000| PB 0x000000070d800000| Untracked 
|  42|0x000000070da00000, 0x000000070da00000, 0x000000070dc00000|  0%| F|  |TAMS 0x000000070da00000| PB 0x000000070da00000| Untracked 
|  43|0x000000070dc00000, 0x000000070dc00000, 0x000000070de00000|  0%| F|  |TAMS 0x000000070dc00000| PB 0x000000070dc00000| Untracked 
|  44|0x000000070de00000, 0x000000070de00000, 0x000000070e000000|  0%| F|  |TAMS 0x000000070de00000| PB 0x000000070de00000| Untracked 
|  45|0x000000070e000000, 0x000000070e000000, 0x000000070e200000|  0%| F|  |TAMS 0x000000070e000000| PB 0x000000070e000000| Untracked 
|  46|0x000000070e200000, 0x000000070e200000, 0x000000070e400000|  0%| F|  |TAMS 0x000000070e200000| PB 0x000000070e200000| Untracked 
|  47|0x000000070e400000, 0x000000070e400000, 0x000000070e600000|  0%| F|  |TAMS 0x000000070e400000| PB 0x000000070e400000| Untracked 
|  48|0x000000070e600000, 0x000000070e600000, 0x000000070e800000|  0%| F|  |TAMS 0x000000070e600000| PB 0x000000070e600000| Untracked 
|  49|0x000000070e800000, 0x000000070e800000, 0x000000070ea00000|  0%| F|  |TAMS 0x000000070e800000| PB 0x000000070e800000| Untracked 
|  50|0x000000070ea00000, 0x000000070ea00000, 0x000000070ec00000|  0%| F|  |TAMS 0x000000070ea00000| PB 0x000000070ea00000| Untracked 
|  51|0x000000070ec00000, 0x000000070ec00000, 0x000000070ee00000|  0%| F|  |TAMS 0x000000070ec00000| PB 0x000000070ec00000| Untracked 
|  52|0x000000070ee00000, 0x000000070ee00000, 0x000000070f000000|  0%| F|  |TAMS 0x000000070ee00000| PB 0x000000070ee00000| Untracked 
|  53|0x000000070f000000, 0x000000070f000000, 0x000000070f200000|  0%| F|  |TAMS 0x000000070f000000| PB 0x000000070f000000| Untracked 
|  54|0x000000070f200000, 0x000000070f200000, 0x000000070f400000|  0%| F|  |TAMS 0x000000070f200000| PB 0x000000070f200000| Untracked 
|  55|0x000000070f400000, 0x000000070f400000, 0x000000070f600000|  0%| F|  |TAMS 0x000000070f400000| PB 0x000000070f400000| Untracked 
|  56|0x000000070f600000, 0x000000070f600000, 0x000000070f800000|  0%| F|  |TAMS 0x000000070f600000| PB 0x000000070f600000| Untracked 
|  57|0x000000070f800000, 0x000000070f800000, 0x000000070fa00000|  0%| F|  |TAMS 0x000000070f800000| PB 0x000000070f800000| Untracked 
|  58|0x000000070fa00000, 0x000000070fa00000, 0x000000070fc00000|  0%| F|  |TAMS 0x000000070fa00000| PB 0x000000070fa00000| Untracked 
|  59|0x000000070fc00000, 0x000000070fc00000, 0x000000070fe00000|  0%| F|  |TAMS 0x000000070fc00000| PB 0x000000070fc00000| Untracked 
|  60|0x000000070fe00000, 0x000000070fe00000, 0x0000000710000000|  0%| F|  |TAMS 0x000000070fe00000| PB 0x000000070fe00000| Untracked 
|  61|0x0000000710000000, 0x0000000710000000, 0x0000000710200000|  0%| F|  |TAMS 0x0000000710000000| PB 0x0000000710000000| Untracked 
|  62|0x0000000710200000, 0x0000000710200000, 0x0000000710400000|  0%| F|  |TAMS 0x0000000710200000| PB 0x0000000710200000| Untracked 
|  63|0x0000000710400000, 0x0000000710400000, 0x0000000710600000|  0%| F|  |TAMS 0x0000000710400000| PB 0x0000000710400000| Untracked 
|  64|0x0000000710600000, 0x0000000710600000, 0x0000000710800000|  0%| F|  |TAMS 0x0000000710600000| PB 0x0000000710600000| Untracked 
|  65|0x0000000710800000, 0x0000000710800000, 0x0000000710a00000|  0%| F|  |TAMS 0x0000000710800000| PB 0x0000000710800000| Untracked 
|  66|0x0000000710a00000, 0x0000000710a00000, 0x0000000710c00000|  0%| F|  |TAMS 0x0000000710a00000| PB 0x0000000710a00000| Untracked 
|  67|0x0000000710c00000, 0x0000000710c00000, 0x0000000710e00000|  0%| F|  |TAMS 0x0000000710c00000| PB 0x0000000710c00000| Untracked 
|  68|0x0000000710e00000, 0x0000000710e00000, 0x0000000711000000|  0%| F|  |TAMS 0x0000000710e00000| PB 0x0000000710e00000| Untracked 
|  69|0x0000000711000000, 0x0000000711000000, 0x0000000711200000|  0%| F|  |TAMS 0x0000000711000000| PB 0x0000000711000000| Untracked 
|  70|0x0000000711200000, 0x0000000711200000, 0x0000000711400000|  0%| F|  |TAMS 0x0000000711200000| PB 0x0000000711200000| Untracked 
|  71|0x0000000711400000, 0x0000000711400000, 0x0000000711600000|  0%| F|  |TAMS 0x0000000711400000| PB 0x0000000711400000| Untracked 
|  72|0x0000000711600000, 0x0000000711600000, 0x0000000711800000|  0%| F|  |TAMS 0x0000000711600000| PB 0x0000000711600000| Untracked 
|  73|0x0000000711800000, 0x0000000711800000, 0x0000000711a00000|  0%| F|  |TAMS 0x0000000711800000| PB 0x0000000711800000| Untracked 
|  74|0x0000000711a00000, 0x0000000711a00000, 0x0000000711c00000|  0%| F|  |TAMS 0x0000000711a00000| PB 0x0000000711a00000| Untracked 
|  75|0x0000000711c00000, 0x0000000711c00000, 0x0000000711e00000|  0%| F|  |TAMS 0x0000000711c00000| PB 0x0000000711c00000| Untracked 
|  76|0x0000000711e00000, 0x0000000711e00000, 0x0000000712000000|  0%| F|  |TAMS 0x0000000711e00000| PB 0x0000000711e00000| Untracked 
|  77|0x0000000712000000, 0x0000000712000000, 0x0000000712200000|  0%| F|  |TAMS 0x0000000712000000| PB 0x0000000712000000| Untracked 
|  78|0x0000000712200000, 0x0000000712200000, 0x0000000712400000|  0%| F|  |TAMS 0x0000000712200000| PB 0x0000000712200000| Untracked 
|  79|0x0000000712400000, 0x0000000712400000, 0x0000000712600000|  0%| F|  |TAMS 0x0000000712400000| PB 0x0000000712400000| Untracked 
|  80|0x0000000712600000, 0x0000000712600000, 0x0000000712800000|  0%| F|  |TAMS 0x0000000712600000| PB 0x0000000712600000| Untracked 
|  81|0x0000000712800000, 0x0000000712800000, 0x0000000712a00000|  0%| F|  |TAMS 0x0000000712800000| PB 0x0000000712800000| Untracked 
|  82|0x0000000712a00000, 0x0000000712a00000, 0x0000000712c00000|  0%| F|  |TAMS 0x0000000712a00000| PB 0x0000000712a00000| Untracked 
|  83|0x0000000712c00000, 0x0000000712c00000, 0x0000000712e00000|  0%| F|  |TAMS 0x0000000712c00000| PB 0x0000000712c00000| Untracked 
|  84|0x0000000712e00000, 0x0000000712e00000, 0x0000000713000000|  0%| F|  |TAMS 0x0000000712e00000| PB 0x0000000712e00000| Untracked 
|  85|0x0000000713000000, 0x0000000713000000, 0x0000000713200000|  0%| F|  |TAMS 0x0000000713000000| PB 0x0000000713000000| Untracked 
|  86|0x0000000713200000, 0x0000000713200000, 0x0000000713400000|  0%| F|  |TAMS 0x0000000713200000| PB 0x0000000713200000| Untracked 
|  87|0x0000000713400000, 0x0000000713400000, 0x0000000713600000|  0%| F|  |TAMS 0x0000000713400000| PB 0x0000000713400000| Untracked 
|  88|0x0000000713600000, 0x0000000713600000, 0x0000000713800000|  0%| F|  |TAMS 0x0000000713600000| PB 0x0000000713600000| Untracked 
|  89|0x0000000713800000, 0x0000000713800000, 0x0000000713a00000|  0%| F|  |TAMS 0x0000000713800000| PB 0x0000000713800000| Untracked 
|  90|0x0000000713a00000, 0x0000000713a00000, 0x0000000713c00000|  0%| F|  |TAMS 0x0000000713a00000| PB 0x0000000713a00000| Untracked 
|  91|0x0000000713c00000, 0x0000000713c00000, 0x0000000713e00000|  0%| F|  |TAMS 0x0000000713c00000| PB 0x0000000713c00000| Untracked 
|  92|0x0000000713e00000, 0x0000000713e00000, 0x0000000714000000|  0%| F|  |TAMS 0x0000000713e00000| PB 0x0000000713e00000| Untracked 
|  93|0x0000000714000000, 0x0000000714000000, 0x0000000714200000|  0%| F|  |TAMS 0x0000000714000000| PB 0x0000000714000000| Untracked 
|  94|0x0000000714200000, 0x0000000714200000, 0x0000000714400000|  0%| F|  |TAMS 0x0000000714200000| PB 0x0000000714200000| Untracked 
|  95|0x0000000714400000, 0x0000000714400000, 0x0000000714600000|  0%| F|  |TAMS 0x0000000714400000| PB 0x0000000714400000| Untracked 
|  96|0x0000000714600000, 0x0000000714600000, 0x0000000714800000|  0%| F|  |TAMS 0x0000000714600000| PB 0x0000000714600000| Untracked 
|  97|0x0000000714800000, 0x0000000714800000, 0x0000000714a00000|  0%| F|  |TAMS 0x0000000714800000| PB 0x0000000714800000| Untracked 
|  98|0x0000000714a00000, 0x0000000714a00000, 0x0000000714c00000|  0%| F|  |TAMS 0x0000000714a00000| PB 0x0000000714a00000| Untracked 
|  99|0x0000000714c00000, 0x0000000714c00000, 0x0000000714e00000|  0%| F|  |TAMS 0x0000000714c00000| PB 0x0000000714c00000| Untracked 
| 100|0x0000000714e00000, 0x0000000714e00000, 0x0000000715000000|  0%| F|  |TAMS 0x0000000714e00000| PB 0x0000000714e00000| Untracked 
| 101|0x0000000715000000, 0x0000000715000000, 0x0000000715200000|  0%| F|  |TAMS 0x0000000715000000| PB 0x0000000715000000| Untracked 
| 102|0x0000000715200000, 0x0000000715200000, 0x0000000715400000|  0%| F|  |TAMS 0x0000000715200000| PB 0x0000000715200000| Untracked 
| 103|0x0000000715400000, 0x0000000715400000, 0x0000000715600000|  0%| F|  |TAMS 0x0000000715400000| PB 0x0000000715400000| Untracked 
| 104|0x0000000715600000, 0x0000000715600000, 0x0000000715800000|  0%| F|  |TAMS 0x0000000715600000| PB 0x0000000715600000| Untracked 
| 105|0x0000000715800000, 0x0000000715800000, 0x0000000715a00000|  0%| F|  |TAMS 0x0000000715800000| PB 0x0000000715800000| Untracked 
| 106|0x0000000715a00000, 0x0000000715a00000, 0x0000000715c00000|  0%| F|  |TAMS 0x0000000715a00000| PB 0x0000000715a00000| Untracked 
| 107|0x0000000715c00000, 0x0000000715c00000, 0x0000000715e00000|  0%| F|  |TAMS 0x0000000715c00000| PB 0x0000000715c00000| Untracked 
| 108|0x0000000715e00000, 0x0000000715e00000, 0x0000000716000000|  0%| F|  |TAMS 0x0000000715e00000| PB 0x0000000715e00000| Untracked 
| 109|0x0000000716000000, 0x0000000716000000, 0x0000000716200000|  0%| F|  |TAMS 0x0000000716000000| PB 0x0000000716000000| Untracked 
| 110|0x0000000716200000, 0x0000000716200000, 0x0000000716400000|  0%| F|  |TAMS 0x0000000716200000| PB 0x0000000716200000| Untracked 
| 111|0x0000000716400000, 0x0000000716400000, 0x0000000716600000|  0%| F|  |TAMS 0x0000000716400000| PB 0x0000000716400000| Untracked 
| 112|0x0000000716600000, 0x0000000716600000, 0x0000000716800000|  0%| F|  |TAMS 0x0000000716600000| PB 0x0000000716600000| Untracked 
| 113|0x0000000716800000, 0x0000000716800000, 0x0000000716a00000|  0%| F|  |TAMS 0x0000000716800000| PB 0x0000000716800000| Untracked 
| 114|0x0000000716a00000, 0x0000000716a00000, 0x0000000716c00000|  0%| F|  |TAMS 0x0000000716a00000| PB 0x0000000716a00000| Untracked 
| 115|0x0000000716c00000, 0x0000000716c00000, 0x0000000716e00000|  0%| F|  |TAMS 0x0000000716c00000| PB 0x0000000716c00000| Untracked 
| 116|0x0000000716e00000, 0x0000000716e00000, 0x0000000717000000|  0%| F|  |TAMS 0x0000000716e00000| PB 0x0000000716e00000| Untracked 
| 117|0x0000000717000000, 0x0000000717000000, 0x0000000717200000|  0%| F|  |TAMS 0x0000000717000000| PB 0x0000000717000000| Untracked 
| 118|0x0000000717200000, 0x0000000717200000, 0x0000000717400000|  0%| F|  |TAMS 0x0000000717200000| PB 0x0000000717200000| Untracked 
| 119|0x0000000717400000, 0x0000000717400000, 0x0000000717600000|  0%| F|  |TAMS 0x0000000717400000| PB 0x0000000717400000| Untracked 
| 120|0x0000000717600000, 0x0000000717600000, 0x0000000717800000|  0%| F|  |TAMS 0x0000000717600000| PB 0x0000000717600000| Untracked 
| 121|0x0000000717800000, 0x0000000717800000, 0x0000000717a00000|  0%| F|  |TAMS 0x0000000717800000| PB 0x0000000717800000| Untracked 
| 122|0x0000000717a00000, 0x0000000717a70a88, 0x0000000717c00000| 22%| E|  |TAMS 0x0000000717a00000| PB 0x0000000717a00000| Complete 
| 123|0x0000000717c00000, 0x0000000717e00000, 0x0000000717e00000|100%| E|CS|TAMS 0x0000000717c00000| PB 0x0000000717c00000| Complete 
|1980|0x00000007ffe00000, 0x00000007fff0c7c0, 0x0000000800000000| 52%| O|  |TAMS 0x00000007ffe00000| PB 0x00000007ffe00000| Untracked 

Card table byte_map: [0x00007abaddf87000,0x00007abade744000] _byte_map_base: 0x00007abada744000

Marking Bits: (CMBitMap*) 0x00007abaf7a76410
 Bits: [0x00007abada19f000, 0x00007abaddf87000)

Polling page: 0x00007abaf8287000

Metaspace:

Usage:
  Non-class:    370.17 KB used.
      Class:     25.24 KB used.
       Both:    395.41 KB used.

Virtual space:
  Non-class space:       64.00 MB reserved,     448.00 KB ( <1%) committed,  1 nodes.
      Class space:        1.00 GB reserved,     128.00 KB ( <1%) committed,  1 nodes.
             Both:        1.06 GB reserved,     576.00 KB ( <1%) committed. 

Chunk freelists:
   Non-Class:  11.97 MB
       Class:  15.74 MB
        Both:  27.71 MB

MaxMetaspaceSize: unlimited
CompressedClassSpaceSize: 1.00 GB
Initial GC threshold: 21.00 MB
Current GC threshold: 21.00 MB
CDS: on
 - commit_granule_bytes: 65536.
 - commit_granule_words: 8192.
 - virtual_space_node_default_size: 8388608.
 - enlarge_chunks_in_place: 1.
 - use_allocation_guard: 0.


Internal statistics:

num_allocs_failed_limit: 0.
num_arena_births: 12.
num_arena_deaths: 0.
num_vsnodes_births: 2.
num_vsnodes_deaths: 0.
num_space_committed: 9.
num_space_uncommitted: 0.
num_chunks_returned_to_freelist: 0.
num_chunks_taken_from_freelist: 16.
num_chunk_merges: 0.
num_chunk_splits: 9.
num_chunks_enlarged: 5.
num_inconsistent_stats: 0.

CodeHeap 'non-profiled nmethods': size=119168Kb used=39Kb max_used=39Kb free=119128Kb
 bounds [0x00007abae7ba0000, 0x00007abae7e10000, 0x00007abaef000000]
CodeHeap 'profiled nmethods': size=119164Kb used=155Kb max_used=155Kb free=119008Kb
 bounds [0x00007abae0000000, 0x00007abae0270000, 0x00007abae745f000]
CodeHeap 'non-nmethods': size=7428Kb used=2944Kb max_used=2958Kb free=4483Kb
 bounds [0x00007abae745f000, 0x00007abae774f000, 0x00007abae7ba0000]
 total_blobs=520 nmethods=129 adapters=294
 compilation: enabled
              stopped_count=0, restarted_count=0
 full_count=0

Compilation events (20 events):
Event: 0.054 Thread 0x00007abaf7bbcb80 nmethod 116 0x00007abae001f990 code [0x00007abae001fb40, 0x00007abae001fe08]
Event: 0.054 Thread 0x00007aba90f6b580 nmethod 118 0x00007abae001ff90 code [0x00007abae0020140, 0x00007abae00203a8]
Event: 0.054 Thread 0x00007aba90f6ab00 nmethod 117 0x00007abae0020510 code [0x00007abae0020720, 0x00007abae0020b68]
Event: 0.054 Thread 0x00007aba90f6b580  121       3       java.lang.StringLatin1::equals (36 bytes)
Event: 0.054 Thread 0x00007aba90f9f580 nmethod 115 0x00007abae0020d90 code [0x00007abae0021180, 0x00007abae00229e8]
Event: 0.054 Thread 0x00007aba90f6b580 nmethod 121 0x00007abae0023890 code [0x00007abae0023a40, 0x00007abae0023cb8]
Event: 0.054 Thread 0x00007abaf7bbd600  122       4       java.lang.String::isLatin1 (19 bytes)
Event: 0.054 Thread 0x00007aba90f6ab00  124       3       java.lang.String::getBytes (44 bytes)
Event: 0.054 Thread 0x00007abaf7bbcb80  123       3       java.lang.String::isEmpty (14 bytes)
Event: 0.054 Thread 0x00007abaf7bbd600 nmethod 122 0x00007abae7ba9690 code [0x00007abae7ba9800, 0x00007abae7ba98b0]
Event: 0.054 Thread 0x00007aba90f9f580  125       3       java.util.Arrays::copyOfRange (25 bytes)
Event: 0.054 Thread 0x00007aba90f6ab00 nmethod 124 0x00007abae0023e10 code [0x00007abae0023fe0, 0x00007abae00242d0]
Event: 0.054 Thread 0x00007abaf7bbcb80 nmethod 123 0x00007abae0024410 code [0x00007abae00245a0, 0x00007abae0024708]
Event: 0.055 Thread 0x00007abaf7bbcb80  127       3       java.lang.StringBuilder::append (8 bytes)
Event: 0.055 Thread 0x00007abaf7bbcb80 nmethod 127 0x00007abae0025a10 code [0x00007abae0025bc0, 0x00007abae0025d08]
Event: 0.055 Thread 0x00007abaf7bbcb80  128       3       java.lang.AbstractStringBuilder::append (45 bytes)
Event: 0.055 Thread 0x00007aba90f9f580 nmethod 125 0x00007abae0024790 code [0x00007abae0024a20, 0x00007abae00255a0]
Event: 0.055 Thread 0x00007abaf7bbcb80 nmethod 128 0x00007abae0025d90 code [0x00007abae0025fa0, 0x00007abae00264c8]
Event: 0.056 Thread 0x00007aba90f6b580  129       3       java.lang.AbstractStringBuilder::putStringAt (19 bytes)
Event: 0.056 Thread 0x00007aba90f6b580 nmethod 129 0x00007abae0026710 code [0x00007abae00268e0, 0x00007abae0026bb0]

GC Heap History (0 events):
No events

Dll operation events (4 events):
Event: 0.002 Loaded shared library /usr/lib/jvm/java-21-openjdk-amd64/lib/libjava.so
Event: 0.024 Loaded shared library /usr/lib/jvm/java-21-openjdk-amd64/lib/libjsvml.so
Event: 0.032 Loaded shared library /usr/lib/jvm/java-21-openjdk-amd64/lib/libnio.so
Event: 0.033 Loaded shared library /usr/lib/jvm/java-21-openjdk-amd64/lib/libzip.so

Deoptimization events (0 events):
No events

Classes loaded (20 events):
Event: 0.047 Loading class java/net/URLConnection
Event: 0.047 Loading class java/net/URLConnection done
Event: 0.047 Loading class sun/net/www/URLConnection done
Event: 0.047 Loading class sun/net/www/protocol/file/FileURLConnection done
Event: 0.047 Loading class sun/net/www/MessageHeader
Event: 0.047 Loading class sun/net/www/MessageHeader done
Event: 0.047 Loading class java/io/FilePermission$1
Event: 0.047 Loading class jdk/internal/access/JavaIOFilePermissionAccess
Event: 0.047 Loading class jdk/internal/access/JavaIOFilePermissionAccess done
Event: 0.047 Loading class java/io/FilePermission$1 done
Event: 0.050 Loading class java/io/FilePermissionCollection
Event: 0.050 Loading class java/io/FilePermissionCollection done
Event: 0.050 Loading class java/util/Vector
Event: 0.050 Loading class java/util/Vector done
Event: 0.054 Loading class java/util/StringTokenizer
Event: 0.054 Loading class java/util/StringTokenizer done
Event: 0.054 Loading class java/io/FileNotFoundException
Event: 0.054 Loading class java/io/FileNotFoundException done
Event: 0.054 Loading class java/security/PrivilegedActionException
Event: 0.054 Loading class java/security/PrivilegedActionException done

Classes unloaded (0 events):
No events

Classes redefined (0 events):
No events

Internal exceptions (1 events):
Event: 0.056 Thread 0x00007abaf7aa0f00 Exception <a 'java/lang/NoClassDefFoundError'{0x0000000717a1c848}: joptsimple/OptionException> (0x0000000717a1c848) 
thrown [./src/hotspot/share/classfile/systemDictionary.cpp, line 301]

ZGC Phase Switch (0 events):
No events

VM Operations (2 events):
Event: 0.054 Executing VM operation: HandshakeAllThreads (Deoptimize)
Event: 0.054 Executing VM operation: HandshakeAllThreads (Deoptimize) done

Memory protections (13 events):
Event: 0.001 Protecting memory [0x00007ffed4f53000,0x00007ffed4f57000] with protection modes 0
Event: 0.022 Protecting memory [0x00007abad696f000,0x00007abad6973000] with protection modes 0
Event: 0.022 Protecting memory [0x00007abad686f000,0x00007abad6873000] with protection modes 0
Event: 0.022 Protecting memory [0x00007abad676f000,0x00007abad6773000] with protection modes 0
Event: 0.023 Protecting memory [0x00007abad666f000,0x00007abad6673000] with protection modes 0
Event: 0.023 Protecting memory [0x00007abad656f000,0x00007abad6573000] with protection modes 0
Event: 0.023 Protecting memory [0x00007abad646f000,0x00007abad6473000] with protection modes 0
Event: 0.023 Protecting memory [0x00007abad636f000,0x00007abad6373000] with protection modes 0
Event: 0.027 Protecting memory [0x00007aba8f92f000,0x00007aba8f933000] with protection modes 0
Event: 0.028 Protecting memory [0x00007aba8f82f000,0x00007aba8f833000] with protection modes 0
Event: 0.028 Protecting memory [0x00007aba8f72f000,0x00007aba8f733000] with protection modes 0
Event: 0.031 Protecting memory [0x00007aba8f62f000,0x00007aba8f633000] with protection modes 0
Event: 0.046 Protecting memory [0x00007aba8f52f000,0x00007aba8f533000] with protection modes 0

Nmethod flushes (0 events):
No events

Events (13 events):
Event: 0.016 Thread 0x00007abaf7aa0f00 Thread added: 0x00007abaf7aa0f00
Event: 0.022 Thread 0x00007abaf7aa0f00 Thread added: 0x00007abaf7ba9600
Event: 0.022 Thread 0x00007abaf7aa0f00 Thread added: 0x00007abaf7ba8f00
Event: 0.022 Thread 0x00007abaf7aa0f00 Thread added: 0x00007abaf7ba8800
Event: 0.023 Thread 0x00007abaf7aa0f00 Thread added: 0x00007abaf7ba8100
Event: 0.023 Thread 0x00007abaf7aa0f00 Thread added: 0x00007abaf7b27900
Event: 0.023 Thread 0x00007abaf7aa0f00 Thread added: 0x00007abaf7bbd600
Event: 0.023 Thread 0x00007abaf7aa0f00 Thread added: 0x00007abaf7bbcb80
Event: 0.027 Thread 0x00007abaf7bbd600 Thread added: 0x00007aba90f9f580
Event: 0.028 Thread 0x00007abaf7bbcb80 Thread added: 0x00007aba90f6b580
Event: 0.028 Thread 0x00007abaf7bbcb80 Thread added: 0x00007aba90f6ab00
Event: 0.031 Thread 0x00007abaf7aa0f00 Thread added: 0x00007abaf7b27200
Event: 0.046 Thread 0x00007abaf7aa0f00 Thread added: 0x00007abaf7b24f00


Dynamic libraries:
708600000-717e00000 rw-p 00000000 00:00 0 
717e00000-7ffe00000 ---p 00000000 00:00 0 
7ffe00000-7fff0d000 rw-p 00cd6000 08:30 88814                            /usr/lib/jvm/java-21-openjdk-amd64/lib/server/classes.jsa
7fff0d000-800000000 rw-p 00000000 00:00 0 
5e4484c8b000-5e4484ccb000 r--p 00000000 08:30 90566                      /home/hyuntae-choi/gcam-core/exe/gcam.exe
5e4484ccb000-5e44851eb000 r-xp 00040000 08:30 90566                      /home/hyuntae-choi/gcam-core/exe/gcam.exe
5e44851eb000-5e44852b8000 r--p 00560000 08:30 90566                      /home/hyuntae-choi/gcam-core/exe/gcam.exe
5e44852b8000-5e44852ce000 r--p 0062d000 08:30 90566                      /home/hyuntae-choi/gcam-core/exe/gcam.exe
5e44852ce000-5e44852cf000 rw-p 00643000 08:30 90566                      /home/hyuntae-choi/gcam-core/exe/gcam.exe
5e44852cf000-5e44852e4000 rw-p 00000000 00:00 0 
7aba8e92b000-7aba8f52f000 rw-p 00000000 00:00 0 
7aba8f52f000-7aba8f533000 ---p 00000000 00:00 0 
7aba8f533000-7aba8f62f000 rw-p 00000000 00:00 0 
7aba8f62f000-7aba8f633000 ---p 00000000 00:00 0 
7aba8f633000-7aba8f72f000 rw-p 00000000 00:00 0 
7aba8f72f000-7aba8f733000 ---p 00000000 00:00 0 
7aba8f733000-7aba8f82f000 rw-p 00000000 00:00 0 
7aba8f82f000-7aba8f833000 ---p 00000000 00:00 0 
7aba8f833000-7aba8f92f000 rw-p 00000000 00:00 0 
7aba8f92f000-7aba8f933000 ---p 00000000 00:00 0 
7aba8f933000-7aba8fa2f000 rw-p 00000000 00:00 0 
7aba8fa2f000-7aba8fa34000 r--p 00000000 08:30 88795                      /usr/lib/jvm/java-21-openjdk-amd64/lib/libjsvml.so
7aba8fa34000-7aba8fa75000 r-xp 00005000 08:30 88795                      /usr/lib/jvm/java-21-openjdk-amd64/lib/libjsvml.so
7aba8fa75000-7aba8fafe000 r--p 00046000 08:30 88795                      /usr/lib/jvm/java-21-openjdk-amd64/lib/libjsvml.so
7aba8fafe000-7aba8faff000 r--p 000ce000 08:30 88795                      /usr/lib/jvm/java-21-openjdk-amd64/lib/libjsvml.so
7aba8faff000-7aba8fb00000 rw-p 000cf000 08:30 88795                      /usr/lib/jvm/java-21-openjdk-amd64/lib/libjsvml.so
7aba8fb00000-7aba91060000 rw-p 00000000 00:00 0 
7aba91060000-7aba91400000 ---p 00000000 00:00 0 
7aba91400000-7aba91410000 rw-p 00000000 00:00 0 
7aba91410000-7aba95000000 ---p 00000000 00:00 0 
7aba95000000-7aba95c97000 rw-p 00001000 08:30 88814                      /usr/lib/jvm/java-21-openjdk-amd64/lib/server/classes.jsa
7aba95c97000-7aba96000000 ---p 00000000 00:00 0 
7aba96000000-7aba96010000 rw-p 00000000 00:00 0 
7aba96010000-7aba96040000 ---p 00000000 00:00 0 
7aba96040000-7aba96050000 rw-p 00000000 00:00 0 
7aba96050000-7abad6000000 ---p 00000000 00:00 0 
7abad606f000-7abad636f000 rw-p 00000000 00:00 0 
7abad636f000-7abad6373000 ---p 00000000 00:00 0 
7abad6373000-7abad646f000 rw-p 00000000 00:00 0 
7abad646f000-7abad6473000 ---p 00000000 00:00 0 
7abad6473000-7abad656f000 rw-p 00000000 00:00 0 
7abad656f000-7abad6573000 ---p 00000000 00:00 0 
7abad6573000-7abad666f000 rw-p 00000000 00:00 0 
7abad666f000-7abad6673000 ---p 00000000 00:00 0 
7abad6673000-7abad676f000 rw-p 00000000 00:00 0 
7abad676f000-7abad6773000 ---p 00000000 00:00 0 
7abad6773000-7abad686f000 rw-p 00000000 00:00 0 
7abad686f000-7abad6873000 ---p 00000000 00:00 0 
7abad6873000-7abad696f000 rw-p 00000000 00:00 0 
7abad696f000-7abad6973000 ---p 00000000 00:00 0 
7abad6973000-7abad6a6f000 rw-p 00000000 00:00 0 
7abad6a6f000-7abad6a70000 ---p 00000000 00:00 0 
7abad6a70000-7abad6b70000 rw-p 00000000 00:00 0 
7abad6b70000-7abad6b71000 ---p 00000000 00:00 0 
7abad6b71000-7abad6c71000 rw-p 00000000 00:00 0 
7abad6c71000-7abad6c72000 ---p 00000000 00:00 0 
7abad6c72000-7abad6d72000 rw-p 00000000 00:00 0 
7abad6d72000-7abad6d73000 ---p 00000000 00:00 0 
7abad6d73000-7abad9da0000 rw-p 00000000 00:00 0 
7abad9da0000-7abad9da1000 ---p 00000000 00:00 0 
7abad9da1000-7abad9ea1000 rw-p 00000000 00:00 0 
7abad9ea1000-7abad9ea2000 ---p 00000000 00:00 0 
7abad9ea2000-7abad9fa2000 rw-p 00000000 00:00 0 
7abad9fa2000-7abad9fa3000 ---p 00000000 00:00 0 
7abad9fa3000-7abada57f000 rw-p 00000000 00:00 0 
7abada57f000-7abaddf7f000 ---p 00000000 00:00 0 
7abaddf7f000-7abade003000 rw-p 00000000 00:00 0 
7abade003000-7abade743000 ---p 00000000 00:00 0 
7abade743000-7abade7c0000 rw-p 00000000 00:00 0 
7abade7c0000-7abadef00000 ---p 00000000 00:00 0 
7abadef00000-7abadfe33000 rw-p 00000000 00:00 0 
7abadfe33000-7abadff17000 ---p 00000000 00:00 0 
7abadff17000-7abadff1c000 rw-p 00000000 00:00 0 
7abadff1c000-7abae0000000 ---p 00000000 00:00 0 
7abae0000000-7abae0270000 rwxp 00000000 00:00 0 
7abae0270000-7abae745f000 ---p 00000000 00:00 0 
7abae745f000-7abae774f000 rwxp 00000000 00:00 0 
7abae774f000-7abae7ba0000 ---p 00000000 00:00 0 
7abae7ba0000-7abae7e10000 rwxp 00000000 00:00 0 
7abae7e10000-7abaef000000 ---p 00000000 00:00 0 
7abaef000000-7abaf761e000 r--s 00000000 08:30 88811                      /usr/lib/jvm/java-21-openjdk-amd64/lib/modules
7abaf7665000-7abaf7667000 r--p 00000000 08:30 13126                      /usr/lib/x86_64-linux-gnu/libz.so.1.3
7abaf7667000-7abaf7679000 r-xp 00002000 08:30 13126                      /usr/lib/x86_64-linux-gnu/libz.so.1.3
7abaf7679000-7abaf767f000 r--p 00014000 08:30 13126                      /usr/lib/x86_64-linux-gnu/libz.so.1.3
7abaf767f000-7abaf7680000 r--p 0001a000 08:30 13126                      /usr/lib/x86_64-linux-gnu/libz.so.1.3
7abaf7680000-7abaf7681000 rw-p 0001b000 08:30 13126                      /usr/lib/x86_64-linux-gnu/libz.so.1.3
7abaf768a000-7abaf768c000 r--p 00000000 08:30 88810                      /usr/lib/jvm/java-21-openjdk-amd64/lib/libzip.so
7abaf768c000-7abaf7691000 r-xp 00002000 08:30 88810                      /usr/lib/jvm/java-21-openjdk-amd64/lib/libzip.so
7abaf7691000-7abaf7693000 r--p 00007000 08:30 88810                      /usr/lib/jvm/java-21-openjdk-amd64/lib/libzip.so
7abaf7693000-7abaf7694000 r--p 00008000 08:30 88810                      /usr/lib/jvm/java-21-openjdk-amd64/lib/libzip.so
7abaf7694000-7abaf7695000 rw-p 00009000 08:30 88810                      /usr/lib/jvm/java-21-openjdk-amd64/lib/libzip.so
7abaf7695000-7abaf7698000 r--p 00000000 08:30 88802                      /usr/lib/jvm/java-21-openjdk-amd64/lib/libnet.so
7abaf7698000-7abaf76a0000 r-xp 00003000 08:30 88802                      /usr/lib/jvm/java-21-openjdk-amd64/lib/libnet.so
7abaf76a0000-7abaf76a2000 r--p 0000b000 08:30 88802                      /usr/lib/jvm/java-21-openjdk-amd64/lib/libnet.so
7abaf76a2000-7abaf76a3000 r--p 0000c000 08:30 88802                      /usr/lib/jvm/java-21-openjdk-amd64/lib/libnet.so
7abaf76a3000-7abaf76a4000 rw-p 0000d000 08:30 88802                      /usr/lib/jvm/java-21-openjdk-amd64/lib/libnet.so
7abaf76a4000-7abaf76fd000 r--p 00000000 08:30 2597                       /usr/lib/locale/C.utf8/LC_CTYPE
7abaf76fd000-7abaf7c00000 rw-p 00000000 00:00 0 
7abaf7c00000-7abaf7c28000 r--p 00000000 08:30 12715                      /usr/lib/x86_64-linux-gnu/libc.so.6
7abaf7c28000-7abaf7db0000 r-xp 00028000 08:30 12715                      /usr/lib/x86_64-linux-gnu/libc.so.6
7abaf7db0000-7abaf7dff000 r--p 001b0000 08:30 12715                      /usr/lib/x86_64-linux-gnu/libc.so.6
7abaf7dff000-7abaf7e03000 r--p 001fe000 08:30 12715                      /usr/lib/x86_64-linux-gnu/libc.so.6
7abaf7e03000-7abaf7e05000 rw-p 00202000 08:30 12715                      /usr/lib/x86_64-linux-gnu/libc.so.6
7abaf7e05000-7abaf7e12000 rw-p 00000000 00:00 0 
7abaf7e15000-7abaf7e1c000 r--p 00000000 08:30 88803                      /usr/lib/jvm/java-21-openjdk-amd64/lib/libnio.so
7abaf7e1c000-7abaf7e25000 r-xp 00007000 08:30 88803                      /usr/lib/jvm/java-21-openjdk-amd64/lib/libnio.so
7abaf7e25000-7abaf7e29000 r--p 00010000 08:30 88803                      /usr/lib/jvm/java-21-openjdk-amd64/lib/libnio.so
7abaf7e29000-7abaf7e2a000 r--p 00014000 08:30 88803                      /usr/lib/jvm/java-21-openjdk-amd64/lib/libnio.so
7abaf7e2a000-7abaf7e2b000 rw-p 00015000 08:30 88803                      /usr/lib/jvm/java-21-openjdk-amd64/lib/libnio.so
7abaf7e2b000-7abaf7e2c000 r--p 00000000 08:30 2604                       /usr/lib/locale/C.utf8/LC_NUMERIC
7abaf7e2c000-7abaf7e2d000 r--p 00000000 08:30 2607                       /usr/lib/locale/C.utf8/LC_TIME
7abaf7e2d000-7abaf7e2e000 r--p 00000000 08:30 2596                       /usr/lib/locale/C.utf8/LC_COLLATE
7abaf7e2e000-7abaf7e2f000 r--p 00000000 08:30 2602                       /usr/lib/locale/C.utf8/LC_MONETARY
7abaf7e2f000-7abaf7e30000 r--p 00000000 08:30 2601                       /usr/lib/locale/C.utf8/LC_MESSAGES/SYS_LC_MESSAGES
7abaf7e30000-7abaf7e31000 r--p 00000000 08:30 2605                       /usr/lib/locale/C.utf8/LC_PAPER
7abaf7e31000-7abaf7e32000 r--p 00000000 08:30 2603                       /usr/lib/locale/C.utf8/LC_NAME
7abaf7e32000-7abaf7e33000 r--p 00000000 08:30 2595                       /usr/lib/locale/C.utf8/LC_ADDRESS
7abaf7e33000-7abaf7e34000 r--p 00000000 08:30 2606                       /usr/lib/locale/C.utf8/LC_TELEPHONE
7abaf7e34000-7abaf7e3b000 r--s 00000000 08:30 12431                      /usr/lib/x86_64-linux-gnu/gconv/gconv-modules.cache
7abaf7e3b000-7abaf7e41000 rw-p 00000000 00:00 0 
7abaf7e41000-7abaf7e4a000 ---p 00000000 00:00 0 
7abaf7e4a000-7abaf7e57000 r--p 00000000 08:30 88788                      /usr/lib/jvm/java-21-openjdk-amd64/lib/libjava.so
7abaf7e57000-7abaf7e66000 r-xp 0000d000 08:30 88788                      /usr/lib/jvm/java-21-openjdk-amd64/lib/libjava.so
7abaf7e66000-7abaf7e6b000 r--p 0001c000 08:30 88788                      /usr/lib/jvm/java-21-openjdk-amd64/lib/libjava.so
7abaf7e6b000-7abaf7e6c000 r--p 00021000 08:30 88788                      /usr/lib/jvm/java-21-openjdk-amd64/lib/libjava.so
7abaf7e6c000-7abaf7e6d000 rw-p 00022000 08:30 88788                      /usr/lib/jvm/java-21-openjdk-amd64/lib/libjava.so
7abaf7e6d000-7abaf7fbf000 rw-p 00000000 00:00 0 
7abaf7fbf000-7abaf7fc5000 r--p 00000000 08:30 86477                      /usr/lib/x86_64-linux-gnu/libtbbmalloc.so.2.11
7abaf7fc5000-7abaf7fd7000 r-xp 00006000 08:30 86477                      /usr/lib/x86_64-linux-gnu/libtbbmalloc.so.2.11
7abaf7fd7000-7abaf7fdc000 r--p 00018000 08:30 86477                      /usr/lib/x86_64-linux-gnu/libtbbmalloc.so.2.11
7abaf7fdc000-7abaf7fdd000 r--p 0001c000 08:30 86477                      /usr/lib/x86_64-linux-gnu/libtbbmalloc.so.2.11
7abaf7fdd000-7abaf7fdf000 rw-p 0001d000 08:30 86477                      /usr/lib/x86_64-linux-gnu/libtbbmalloc.so.2.11
7abaf7fdf000-7abaf8000000 rw-p 00000000 00:00 0 
7abaf8000000-7abaf809d000 r--p 00000000 08:30 13036                      /usr/lib/x86_64-linux-gnu/libstdc++.so.6.0.33
7abaf809d000-7abaf81e5000 r-xp 0009d000 08:30 13036                      /usr/lib/x86_64-linux-gnu/libstdc++.so.6.0.33
7abaf81e5000-7abaf826c000 r--p 001e5000 08:30 13036                      /usr/lib/x86_64-linux-gnu/libstdc++.so.6.0.33
7abaf826c000-7abaf8277000 r--p 0026b000 08:30 13036                      /usr/lib/x86_64-linux-gnu/libstdc++.so.6.0.33
7abaf8277000-7abaf827a000 rw-p 00276000 08:30 13036                      /usr/lib/x86_64-linux-gnu/libstdc++.so.6.0.33
7abaf827a000-7abaf827e000 rw-p 00000000 00:00 0 
7abaf827e000-7abaf827f000 r--p 00000000 08:30 2599                       /usr/lib/locale/C.utf8/LC_MEASUREMENT
7abaf827f000-7abaf8287000 rw-s 00000000 08:30 90565                      /tmp/hsperfdata_hyuntae-choi/5995
7abaf8287000-7abaf8288000 ---p 00000000 00:00 0 
7abaf8288000-7abaf8289000 r--p 00000000 00:00 0 
7abaf8289000-7abaf828e000 rw-p 00000000 00:00 0 
7abaf828e000-7abaf8292000 r--p 00000000 08:30 12817                      /usr/lib/x86_64-linux-gnu/libgcc_s.so.1
7abaf8292000-7abaf82b6000 r-xp 00004000 08:30 12817                      /usr/lib/x86_64-linux-gnu/libgcc_s.so.1
7abaf82b6000-7abaf82ba000 r--p 00028000 08:30 12817                      /usr/lib/x86_64-linux-gnu/libgcc_s.so.1
7abaf82ba000-7abaf82bb000 r--p 0002b000 08:30 12817                      /usr/lib/x86_64-linux-gnu/libgcc_s.so.1
7abaf82bb000-7abaf82bc000 rw-p 0002c000 08:30 12817                      /usr/lib/x86_64-linux-gnu/libgcc_s.so.1
7abaf82bc000-7abaf82be000 rw-p 00000000 00:00 0 
7abaf82be000-7abaf82ce000 r--p 00000000 08:30 12921                      /usr/lib/x86_64-linux-gnu/libm.so.6
7abaf82ce000-7abaf834d000 r-xp 00010000 08:30 12921                      /usr/lib/x86_64-linux-gnu/libm.so.6
7abaf834d000-7abaf83a5000 r--p 0008f000 08:30 12921                      /usr/lib/x86_64-linux-gnu/libm.so.6
7abaf83a5000-7abaf83a6000 r--p 000e7000 08:30 12921                      /usr/lib/x86_64-linux-gnu/libm.so.6
7abaf83a6000-7abaf83a7000 rw-p 000e8000 08:30 12921                      /usr/lib/x86_64-linux-gnu/libm.so.6
7abaf83a7000-7abaf83a8000 r--p 00000000 08:30 86478                      /usr/lib/x86_64-linux-gnu/libtbbmalloc_proxy.so.2.11
7abaf83a8000-7abaf83a9000 r-xp 00001000 08:30 86478                      /usr/lib/x86_64-linux-gnu/libtbbmalloc_proxy.so.2.11
7abaf83a9000-7abaf83aa000 r--p 00002000 08:30 86478                      /usr/lib/x86_64-linux-gnu/libtbbmalloc_proxy.so.2.11
7abaf83aa000-7abaf83ab000 r--p 00002000 08:30 86478                      /usr/lib/x86_64-linux-gnu/libtbbmalloc_proxy.so.2.11
7abaf83ab000-7abaf83ac000 rw-p 00003000 08:30 86478                      /usr/lib/x86_64-linux-gnu/libtbbmalloc_proxy.so.2.11
7abaf83ac000-7abaf83b8000 r--p 00000000 08:30 86505                      /usr/lib/x86_64-linux-gnu/libtbb.so.12.11
7abaf83b8000-7abaf83db000 r-xp 0000c000 08:30 86505                      /usr/lib/x86_64-linux-gnu/libtbb.so.12.11
7abaf83db000-7abaf83e5000 r--p 0002f000 08:30 86505                      /usr/lib/x86_64-linux-gnu/libtbb.so.12.11
7abaf83e5000-7abaf83e7000 r--p 00039000 08:30 86505                      /usr/lib/x86_64-linux-gnu/libtbb.so.12.11
7abaf83e7000-7abaf83ea000 rw-p 0003b000 08:30 86505                      /usr/lib/x86_64-linux-gnu/libtbb.so.12.11
7abaf83ea000-7abaf8400000 rw-p 00000000 00:00 0 
7abaf8400000-7abaf86a1000 r--p 00000000 08:30 88817                      /usr/lib/jvm/java-21-openjdk-amd64/lib/server/libjvm.so
7abaf86a1000-7abaf950d000 r-xp 002a1000 08:30 88817                      /usr/lib/jvm/java-21-openjdk-amd64/lib/server/libjvm.so
7abaf950d000-7abaf97e5000 r--p 0110d000 08:30 88817                      /usr/lib/jvm/java-21-openjdk-amd64/lib/server/libjvm.so
7abaf97e5000-7abaf98b8000 r--p 013e5000 08:30 88817                      /usr/lib/jvm/java-21-openjdk-amd64/lib/server/libjvm.so
7abaf98b8000-7abaf98e8000 rw-p 014b8000 08:30 88817                      /usr/lib/jvm/java-21-openjdk-amd64/lib/server/libjvm.so
7abaf98e8000-7abaf994e000 rw-p 00000000 00:00 0 
7abaf994e000-7abaf994f000 r--p 00000000 08:30 2598                       /usr/lib/locale/C.utf8/LC_IDENTIFICATION
7abaf994f000-7abaf9950000 ---p 00000000 00:00 0 
7abaf9950000-7abaf9952000 r--p 00000000 08:30 88791                      /usr/lib/jvm/java-21-openjdk-amd64/lib/libjimage.so
7abaf9952000-7abaf9955000 r-xp 00002000 08:30 88791                      /usr/lib/jvm/java-21-openjdk-amd64/lib/libjimage.so
7abaf9955000-7abaf9956000 r--p 00005000 08:30 88791                      /usr/lib/jvm/java-21-openjdk-amd64/lib/libjimage.so
7abaf9956000-7abaf9957000 r--p 00006000 08:30 88791                      /usr/lib/jvm/java-21-openjdk-amd64/lib/libjimage.so
7abaf9957000-7abaf9958000 rw-p 00007000 08:30 88791                      /usr/lib/jvm/java-21-openjdk-amd64/lib/libjimage.so
7abaf9958000-7abaf995a000 rw-p 00000000 00:00 0 
7abaf995a000-7abaf995b000 r--p 00000000 08:30 12512                      /usr/lib/x86_64-linux-gnu/ld-linux-x86-64.so.2
7abaf995b000-7abaf9986000 r-xp 00001000 08:30 12512                      /usr/lib/x86_64-linux-gnu/ld-linux-x86-64.so.2
7abaf9986000-7abaf9990000 r--p 0002c000 08:30 12512                      /usr/lib/x86_64-linux-gnu/ld-linux-x86-64.so.2
7abaf9990000-7abaf9992000 r--p 00036000 08:30 12512                      /usr/lib/x86_64-linux-gnu/ld-linux-x86-64.so.2
7abaf9992000-7abaf9994000 rw-p 00038000 08:30 12512                      /usr/lib/x86_64-linux-gnu/ld-linux-x86-64.so.2
7ffed4f53000-7ffed4f57000 ---p 00000000 00:00 0 
7ffed4f57000-7ffed5053000 rw-p 00000000 00:00 0                          [stack]
7ffed517b000-7ffed517f000 r--p 00000000 00:00 0                          [vvar]
7ffed517f000-7ffed5181000 r-xp 00000000 00:00 0                          [vdso]
Total number of mappings: 189


VM Arguments:
jvm_args: -Djava.system.class.loader=WildcardExpandingClassLoader 
java_command: <unknown>
java_class_path (initial): XMLDBDriver.jar:/home/hyuntae-choi/libs/jars/*:../output/modelinterface/ModelInterface.jar
Launcher Type: generic

[Global flags]
     intx CICompilerCount                          = 12                                        {product} {ergonomic}
     uint ConcGCThreads                            = 4                                         {product} {ergonomic}
     uint G1ConcRefinementThreads                  = 15                                        {product} {ergonomic}
   size_t G1HeapRegionSize                         = 2097152                                   {product} {ergonomic}
    uintx GCDrainStackTargetSize                   = 64                                        {product} {ergonomic}
   size_t InitialHeapSize                          = 260046848                                 {product} {ergonomic}
   size_t MarkStackSize                            = 4194304                                   {product} {ergonomic}
   size_t MaxHeapSize                              = 4154458112                                {product} {ergonomic}
   size_t MaxNewSize                               = 2491416576                                {product} {ergonomic}
   size_t MinHeapDeltaBytes                        = 2097152                                   {product} {ergonomic}
   size_t MinHeapSize                              = 8388608                                   {product} {ergonomic}
    uintx NonNMethodCodeHeapSize                   = 7602480                                {pd product} {ergonomic}
    uintx NonProfiledCodeHeapSize                  = 122027880                              {pd product} {ergonomic}
    uintx ProfiledCodeHeapSize                     = 122027880                              {pd product} {ergonomic}
    uintx ReservedCodeCacheSize                    = 251658240                              {pd product} {ergonomic}
     bool SegmentedCodeCache                       = true                                      {product} {ergonomic}
   size_t SoftMaxHeapSize                          = 4154458112                             {manageable} {ergonomic}
     bool UseCompressedOops                        = true                           {product lp64_product} {ergonomic}
     bool UseG1GC                                  = true                                      {product} {ergonomic}

Logging:
Log output configuration:
 #0: stdout all=warning uptime,level,tags foldmultilines=false
 #1: stderr all=off uptime,level,tags foldmultilines=false

Environment Variables:
CLASSPATH=/home/hyuntae-choi/gcam-core/libs/jars/*.jar
PATH=/usr/local/sbin:/usr/local/bin:/usr/sbin:/usr/bin:/sbin:/bin:/usr/games:/usr/local/games:/usr/lib/wsl/lib:/mnt/c/Windows/system32:/mnt/c/Windows:/mnt/c/Windows/System32/Wbem:/mnt/c/Windows/System32/WindowsPowerShell/v1.0/:/mnt/c/Windows/System32/OpenSSH/:/mnt/c/Program Files (x86)/NVIDIA Corporation/PhysX/Common:/mnt/c/Program Files/NVIDIA Corporation/NVIDIA NvDLISR:/mnt/c/WINDOWS/system32:/mnt/c/WINDOWS:/mnt/c/WINDOWS/System32/Wbem:/mnt/c/WINDOWS/System32/WindowsPowerShell/v1.0/:/mnt/c/WINDOWS/System32/OpenSSH/:/mnt/c/Program Files/Git/cmd:/mnt/c/Program Files/Docker/Docker/resources/bin:/mnt/c/Users/HyuntaeChoi/AppData/Local/Microsoft/WindowsApps:/mnt/c/Users/HyuntaeChoi/AppData/Local/Programs/Microsoft VS Code/bin:/snap/bin
SHELL=/bin/bash
DISPLAY=:0
HOSTTYPE=x86_64
LANG=C.UTF-8
TERM=xterm-256color

Active Locale:
LC_ALL=C.UTF-8
LC_COLLATE=C.UTF-8
LC_CTYPE=C.UTF-8
LC_MESSAGES=C.UTF-8
LC_MONETARY=C.UTF-8
LC_NUMERIC=C.UTF-8
LC_TIME=C.UTF-8

Signal Handlers:
   SIGSEGV: crash_handler in libjvm.so, mask=11100100010111111101111111111110, flags=SA_RESTART|SA_SIGINFO, unblocked
    SIGBUS: crash_handler in libjvm.so, mask=11100100010111111101111111111110, flags=SA_RESTART|SA_SIGINFO, unblocked
    SIGFPE: crash_handler in libjvm.so, mask=11100100010111111101111111111110, flags=SA_RESTART|SA_SIGINFO, unblocked
   SIGPIPE: javaSignalHandler in libjvm.so, mask=11100100010111111101111111111110, flags=SA_RESTART|SA_SIGINFO, blocked
   SIGXFSZ: javaSignalHandler in libjvm.so, mask=11100100010111111101111111111110, flags=SA_RESTART|SA_SIGINFO, blocked
    SIGILL: crash_handler in libjvm.so, mask=11100100010111111101111111111110, flags=SA_RESTART|SA_SIGINFO, unblocked
   SIGUSR2: SR_handler in libjvm.so, mask=00000000000000000000000000000000, flags=SA_RESTART|SA_SIGINFO, blocked
    SIGHUP: UserHandler in libjvm.so, mask=11100100010111111101111111111110, flags=SA_RESTART|SA_SIGINFO, blocked
    SIGINT: UserHandler in libjvm.so, mask=11100100010111111101111111111110, flags=SA_RESTART|SA_SIGINFO, blocked
   SIGTERM: UserHandler in libjvm.so, mask=11100100010111111101111111111110, flags=SA_RESTART|SA_SIGINFO, blocked
   SIGQUIT: UserHandler in libjvm.so, mask=11100100010111111101111111111110, flags=SA_RESTART|SA_SIGINFO, blocked
   SIGTRAP: crash_handler in libjvm.so, mask=11100100010111111101111111111110, flags=SA_RESTART|SA_SIGINFO, unblocked


Periodic native trim disabled

---------------  S Y S T E M  ---------------

OS:
DISTRIB_ID=Ubuntu
DISTRIB_RELEASE=24.04
DISTRIB_CODENAME=noble
DISTRIB_DESCRIPTION="Ubuntu 24.04.2 LTS"
uname: Linux 6.6.87.1-microsoft-standard-WSL2 #1 SMP PREEMPT_DYNAMIC Mon Apr 21 17:08:54 UTC 2025 x86_64
OS uptime: 0 days 0:20 hours
libc: glibc 2.39 NPTL 2.39 
rlimit (soft/hard): STACK 8192k/infinity , CORE 0k/infinity , NPROC 63341/63341 , NOFILE 1048576/1048576 , AS infinity/infinity , CPU infinity/infinity , DATA infinity/infinity , FSIZE infinity/infinity , MEMLOCK 65536k/65536k
load average: 3.79 3.98 2.52

/proc/meminfo:
MemTotal:       16225476 kB
MemFree:        10584092 kB
MemAvailable:   15540988 kB
Buffers:           65088 kB
Cached:          4980540 kB
SwapCached:            0 kB
Active:           986164 kB
Inactive:        4140584 kB
Active(anon):       2832 kB
Inactive(anon):    81924 kB
Active(file):     983332 kB
Inactive(file):  4058660 kB
Unevictable:           0 kB
Mlocked:               0 kB
SwapTotal:       4194304 kB
SwapFree:        4194304 kB
Dirty:            293148 kB
Writeback:             0 kB
AnonPages:         81240 kB
Mapped:           108620 kB
Shmem:              3576 kB
KReclaimable:     162904 kB
Slab:             253000 kB
SReclaimable:     162904 kB
SUnreclaim:        90096 kB
KernelStack:        5372 kB
PageTables:         2400 kB
SecPageTables:         0 kB
NFS_Unstable:          0 kB
Bounce:                0 kB
WritebackTmp:          0 kB
CommitLimit:    12307040 kB
Committed_AS:     967156 kB
VmallocTotal:   34359738367 kB
VmallocUsed:       31256 kB
VmallocChunk:          0 kB
Percpu:            10080 kB
HardwareCorrupted:     0 kB
AnonHugePages:         0 kB
ShmemHugePages:        0 kB
ShmemPmdMapped:        0 kB
FileHugePages:         0 kB
FilePmdMapped:         0 kB
Unaccepted:            0 kB
HugePages_Total:       0
HugePages_Free:        0
HugePages_Rsvd:        0
HugePages_Surp:        0
Hugepagesize:       2048 kB
Hugetlb:               0 kB
DirectMap4k:       87040 kB
DirectMap2M:     9197568 kB
DirectMap1G:    15728640 kB

/sys/kernel/mm/transparent_hugepage/enabled: always [madvise] never
/sys/kernel/mm/transparent_hugepage/hpage_pmd_size: 2097152
/sys/kernel/mm/transparent_hugepage/defrag (defrag/compaction efforts parameter): always defer defer+madvise [madvise] never

Process Memory:
Virtual Size: 5817368K (peak: 5817368K)
Resident Set Size: 51832K (peak: 51832K) (anon: 27360K, file: 24472K, shmem: 0K)
Swapped out: 0K
C-Heap outstanding allocations: 0K, retained: 0K
glibc malloc tunables: (default)

/proc/sys/kernel/threads-max (system-wide limit on the number of threads): 126683
/proc/sys/vm/max_map_count (maximum number of memory map areas a process may have): 1048576
/proc/sys/vm/swappiness (control to define how aggressively the kernel swaps out anonymous memory): 60
/proc/sys/kernel/pid_max (system-wide limit on number of process identifiers): 4194304

container (cgroup) information:
container_type: cgroupv2
cpu_cpuset_cpus: not supported
cpu_memory_nodes: not supported
active_processor_count: 20
cpu_quota: no quota
cpu_period: 100000
cpu_shares: no shares
memory_limit_in_bytes: unlimited
memory_and_swap_limit_in_bytes: unlimited
memory_soft_limit_in_bytes: unlimited
memory_usage_in_bytes: 4804852 k
memory_max_usage_in_bytes: not supported
memory_swap_current_in_bytes: unlimited
memory_swap_max_limit_in_bytes: unlimited
maximum number of tasks: 19002
current number of tasks: 28

Hyper-V virtualization detected
Steal ticks since vm start: 0
Steal ticks percentage since vm start:  0.000

CPU: total 20 (initial active 20) (16 cores per cpu, 2 threads per core) family 6 model 154 stepping 3 microcode 0xffffffff, cx8, cmov, fxsr, ht, mmx, 3dnowpref, sse, sse2, sse3, ssse3, sse4.1, sse4.2, popcnt, lzcnt, tsc, tscinvbit, avx, avx2, aes, erms, clmul, bmi1, bmi2, adx, sha, fma, vzeroupper, clflush, clflushopt, clwb, hv, serialize, rdtscp, rdpid, fsrm, f16c, cet_ibt, cet_ss
CPU Model and flags from /proc/cpuinfo:
model name	: 12th Gen Intel(R) Core(TM) i7-12700H
flags		: fpu vme de pse tsc msr pae mce cx8 apic sep mtrr pge mca cmov pat pse36 clflush mmx fxsr sse sse2 ss ht syscall nx pdpe1gb rdtscp lm constant_tsc rep_good nopl xtopology tsc_reliable nonstop_tsc cpuid tsc_known_freq pni pclmulqdq vmx ssse3 fma cx16 pcid sse4_1 sse4_2 x2apic movbe popcnt tsc_deadline_timer aes xsave avx f16c rdrand hypervisor lahf_lm abm 3dnowprefetch ssbd ibrs ibpb stibp ibrs_enhanced tpr_shadow ept vpid ept_ad fsgsbase tsc_adjust bmi1 avx2 smep bmi2 erms invpcid rdseed adx smap clflushopt clwb sha_ni xsaveopt xsavec xgetbv1 xsaves avx_vnni vnmi umip waitpkg gfni vaes vpclmulqdq rdpid movdiri movdir64b fsrm md_clear serialize flush_l1d arch_capabilities

Online cpus: 0-19
Offline cpus: 
BIOS frequency limitation: <Not Available>
Frequency switch latency (ns): <Not Available>
Available cpu frequencies: <Not Available>
Current governor: <Not Available>
Core performance/turbo boost: <Not Available>

Memory: 4k page, physical 16225476k(15540988k free), swap 4194304k(4194304k free)
Page Sizes: 4k

vm_info: OpenJDK 64-Bit Server VM (21.0.7+6-Ubuntu-0ubuntu124.04) for linux-amd64 JRE (21.0.7+6-Ubuntu-0ubuntu124.04), built on 2025-04-17T05:57:30Z by "buildd" with gcc 13.3.0

END.
