#
# A fatal error has been detected by the Java Runtime Environment:
#
#  SIGSEGV (0xb) at pc=0x0000618c5e82bec1, pid=54771, tid=54771
#
# JRE version: OpenJDK Runtime Environment (21.0.7+6) (build 21.0.7+6-Ubuntu-0ubuntu124.04)
# Java VM: OpenJDK 64-Bit Server VM (21.0.7+6-Ubuntu-0ubuntu124.04, mixed mode, sharing, tiered, compressed oops, compressed class ptrs, g1 gc, linux-amd64)
# Problematic frame:
# C  [gcam.exe+0x3efec1]  objects::AtomRegistry::findAtom(std::__cxx11::basic_string<char, std::char_traits<char>, std::allocator<char> > const&) const+0xf1
#
# Core dump will be written. Default location: Core dumps may be processed with "/wsl-capture-crash %t %E %p %s" (or dumping to /home/hyuntae-choi/gcam-core/exe/core.54771)
#
# If you would like to submit a bug report, please visit:
#   https://bugs.launchpad.net/ubuntu/+source/openjdk-21
# The crash happened outside the Java Virtual Machine in native code.
# See problematic frame for where to report the bug.
#

---------------  S U M M A R Y ------------

Command Line: -Djava.system.class.loader=WildcardExpandingClassLoader 

Host: 12th Gen Intel(R) Core(TM) i7-12700H, 20 cores, 15G, Ubuntu 24.04.2 LTS
Time: Mon Jul 21 13:40:42 2025 KST elapsed time: 25.277260 seconds (0d 0h 0m 25s)

---------------  T H R E A D  ---------------

Current thread (0x00007efa7aaa0f00):  JavaThread "main"      [_thread_in_native, id=54771, stack(0x00007fffa693c000,0x00007fffa6a3c000) (1024K)]

Stack: [0x00007fffa693c000,0x00007fffa6a3c000],  sp=0x00007fffa6a39730,  free space=1013k
Native frames: (J=compiled Java code, j=interpreted, Vv=VM code, C=native code)
C  [gcam.exe+0x3efec1]  objects::AtomRegistry::findAtom(std::__cxx11::basic_string<char, std::char_traits<char>, std::allocator<char> > const&) const+0xf1

siginfo: si_signo: 11 (SIGSEGV), si_code: 1 (SEGV_MAPERR), si_addr: 0x00000fba0000003a

Registers:
RAX=0x00ae3445622437b7, RBX=0x00000fba00000032, RCX=0xdf442d22ce4859b9, RDX=0x00007ef91cdc0070
RSP=0x00007fffa6a39730, RBP=0x0000000000000005, RSI=0xe9b6294983b62ace, RDI=0x73c7963911672707
R8 =0x00007efa0f99dda0, R9 =0x9e3779b97f4a7c15, R10=0x87eda3030300a6e3, R11=0x00007ef91cdbfe50
R12=0x00007efa0f99dda0, R13=0x00007efa0f99dd10, R14=0x00007ef8edc2cae0, R15=0x0000000000000f01
RIP=0x0000618c5e82bec1, EFLAGS=0x0000000000010202, CSGSFS=0x002b000000000033, ERR=0x0000000000000004
  TRAPNO=0x000000000000000e

XMM[0]=0x0000618c5ea79200 0x0000618c5ea79120
XMM[1]=0x0000000000000000 0x0000618c5ea79200
XMM[2]=0x00007ef998b6c220 0x00007ef8edc9ce50
XMM[3]=0x646e616d65442072 0x6f206e6f69746375
XMM[4]=0x0000000000000000 0xbff0000000000000
XMM[5]=0x0000000000000000 0xbff0000000000000
XMM[6]=0x0000618c5e9a7357 0x0000618c5ea6a508
XMM[7]=0x0000618c5e9a7368 0x0000618c5ea6a528
XMM[8]=0x0000618c5e9a737a 0x0000618c5ea6a548
XMM[9]=0x0000618c5e9a7da3 0x0000618c5ea6a090
XMM[10]=0x0000618c5e9a67eb 0x0000618c5ea6a1f0
XMM[11]=0x0000618c5e9a7780 0x0000618c5ea69430
XMM[12]=0x0000000000000000 0x0000000000000000
XMM[13]=0x0000000000000000 0x3fd46d2f83a54c5c
XMM[14]=0x0000000000000000 0x3fbc64b6acada187
XMM[15]=0x0000000000000000 0x3f40a381dd3b6800
  MXCSR=0x00001fb7


Register to memory mapping:

RAX=0x00ae3445622437b7 is an unknown value
RBX=0x00000fba00000032 is an unknown value
RCX=0xdf442d22ce4859b9 is an unknown value
RDX=0x00007ef91cdc0070 points into unknown readable memory: 0x00000fba00000032 | 32 00 00 00 ba 0f 00 00
RSP=0x00007fffa6a39730 is pointing into the stack for thread: 0x00007efa7aaa0f00
RBP=0x0000000000000005 is an unknown value
RSI=0xe9b6294983b62ace is an unknown value
RDI=0x73c7963911672707 is an unknown value
R8 =0x00007efa0f99dda0 points into unknown readable memory: 0x000000616e696843 | 43 68 69 6e 61 00 00 00
R9 =0x9e3779b97f4a7c15 is an unknown value
R10=0x87eda3030300a6e3 is an unknown value
R11=0x00007ef91cdbfe50 points into unknown readable memory: 0x00007ef91cdbffa0 | a0 ff db 1c f9 7e 00 00
R12=0x00007efa0f99dda0 points into unknown readable memory: 0x000000616e696843 | 43 68 69 6e 61 00 00 00
R13=0x00007efa0f99dd10 points into unknown readable memory: 0x00007efa0f9a3da0 | a0 3d 9a 0f fa 7e 00 00
R14=0x00007ef8edc2cae0 points into unknown readable memory: 0x0000618c5ea6c468 | 68 c4 a6 5e 8c 61 00 00
R15=0x0000000000000f01 is an unknown value

Top of Stack: (sp=0x00007fffa6a39730)
0x00007fffa6a39730:   00007efa139f4cd0 00007ef8edc2cae0
0x00007fffa6a39740:   00007efa0f99dd90 00007ef8edc2cae0
0x00007fffa6a39750:   0000000000000f01 0000618c5e70cb52
0x00007fffa6a39760:   0000000000000f07 c192cc2bddb39c00
0x00007fffa6a39770:   00007efa139f4cd0 0000000000000f07
0x00007fffa6a39780:   00007efa0f99dd90 0000618c5e72011d
0x00007fffa6a39790:   0000000000000000 00007ef8edc2cae0
0x00007fffa6a397a0:   00007ef8edc2cae0 c192cc2bddb39c00
0x00007fffa6a397b0:   0000000000000000 00007efa0f99dd00
0x00007fffa6a397c0:   00007efa139f4cd0 00007efa0f99dd90
0x00007fffa6a397d0:   00007efa0f99dd10 00007fffa6a398a0
0x00007fffa6a397e0:   0000618c5e8d7a60 0000618c5e7b77cf
0x00007fffa6a397f0:   00007efa0f99dd90 00007efa0f99dd00
0x00007fffa6a39800:   00007ef9cd9b96c0 00007ef8ee949980
0x00007fffa6a39810:   00007ef8ee949980 c192cc2bddb39c00
0x00007fffa6a39820:   0000618c5e8d7a60 00007efa593ab580
0x00007fffa6a39830:   00007efa593ab598 00007ef98107c2d8
0x00007fffa6a39840:   00007ef8ee949980 0000618c5e764689
0x00007fffa6a39850:   3fb999999999999a 00007fffa6a39890
0x00007fffa6a39860:   00007efa7aa09440 000000000000001a
0x00007fffa6a39870:   00007ef8eee5b100 00007efa7aa09440
0x00007fffa6a39880:   00007ef9285d7220 0000618c5e710744
0x00007fffa6a39890:   00007ef8ee943a00 000000000000001a
0x00007fffa6a398a0:   000000000000001a 000000657461722d
0x00007fffa6a398b0:   00007ef8eee5b100 c192cc2bddb39c00
0x00007fffa6a398c0:   00007fffa6a39a90 00007efa59445958
0x00007fffa6a398d0:   00007efa7aba7460 0000618c5e5cb390
0x00007fffa6a398e0:   00007fffa6a39a90 00007fffa6a39ac0
0x00007fffa6a398f0:   00007efa7aae35e0 0000618c5e7fddbd
0x00007fffa6a39900:   0000000000000000 c192cc2bddb39c00
0x00007fffa6a39910:   00007efa7aad2400 00007efa7aad2400
0x00007fffa6a39920:   00007efa7aad2400 00000000000006aa 

Instructions: (pc=0x0000618c5e82bec1)
0x0000618c5e82bdc1:   0f 1e fa 48 89 c3 e9 ca ee c6 ff 0f 1f 40 00 f3
0x0000618c5e82bdd1:   0f 1e fa 41 57 41 56 41 54 55 53 48 8b 6e 08 4c
0x0000618c5e82bde1:   8b 5f 08 4c 8b 26 48 be ce 2a b6 83 49 29 b6 e9
0x0000618c5e82bdf1:   48 89 ef 48 31 f7 48 83 fd 07 0f 86 47 01 00 00
0x0000618c5e82be01:   4c 8d 55 f8 4c 89 e1 49 b9 15 7c 4a 7f b9 79 37
0x0000618c5e82be11:   9e 48 bb b9 59 48 ce 22 2d 44 df 49 c1 ea 03 4f
0x0000618c5e82be21:   8d 44 d4 08 0f 1f 00 48 8b 01 4c 01 ce 48 83 c1
0x0000618c5e82be31:   08 48 01 f0 48 f7 e3 48 31 c2 48 31 d7 4c 39 c1
0x0000618c5e82be41:   75 e5 4d 0f af d1 48 89 e9 48 b8 f8 22 4b 82 bc
0x0000618c5e82be51:   1c 25 26 83 e1 07 49 01 c2 48 83 f9 03 0f 86 9c
0x0000618c5e82be61:   00 00 00 41 8b 44 08 fc 41 8b 10 48 8d 0c cd e0
0x0000618c5e82be71:   ff ff ff 48 d3 e0 48 09 d0 4c 01 d0 48 b9 b9 59
0x0000618c5e82be81:   48 ce 22 2d 44 df 48 f7 e1 48 31 c7 48 31 d7 4c
0x0000618c5e82be91:   01 d7 48 89 f8 48 f7 e1 48 31 d0 31 d2 49 f7 73
0x0000618c5e82bea1:   18 48 c1 e2 04 49 03 13 48 8b 1a 48 85 db 75 10
0x0000618c5e82beb1:   eb 3d 0f 1f 44 00 00 48 8b 5b 30 48 85 db 74 2f
0x0000618c5e82bec1:   48 3b 6b 08 75 f1 48 8b 3b 48 85 ed 74 0f 48 89
0x0000618c5e82bed1:   ea 4c 89 e6 e8 06 14 c5 ff 85 c0 75 da 48 8b 43
0x0000618c5e82bee1:   20 5b 5d 41 5c 41 5e 41 5f c3 0f 1f 44 00 00 5b
0x0000618c5e82bef1:   31 c0 5d 41 5c 41 5e 41 5f c3 0f 1f 44 00 00 4c
0x0000618c5e82bf01:   89 d0 48 85 c9 0f 84 71 ff ff ff 48 8d 51 ff 48
0x0000618c5e82bf11:   d1 e9 41 0f b6 04 08 c1 e1 03 83 e2 02 41 0f b6
0x0000618c5e82bf21:   34 10 48 d3 e0 41 0f b6 08 48 09 c8 48 8d 0c d5
0x0000618c5e82bf31:   00 00 00 00 48 d3 e6 48 09 f0 4c 01 d0 e9 3a ff
0x0000618c5e82bf41:   ff ff 0f 1f 44 00 00 49 ba e3 a6 00 03 03 a3 ed
0x0000618c5e82bf51:   87 48 89 e9 4d 89 e0 e9 fd fe ff ff 90 66 90 f3
0x0000618c5e82bf61:   0f 1e fa 0f b6 07 c3 0f 1f 84 00 00 00 00 00 f3
0x0000618c5e82bf71:   0f 1e fa b8 67 00 00 00 c3 66 0f 1f 44 00 00 f3
0x0000618c5e82bf81:   0f 1e fa 41 57 41 56 41 55 49 89 fd bf 18 00 00
0x0000618c5e82bf91:   00 41 54 55 48 89 f5 53 48 81 ec b8 00 00 00 64
0x0000618c5e82bfa1:   48 8b 04 25 28 00 00 00 48 89 84 24 a8 00 00 00
0x0000618c5e82bfb1:   31 c0 e8 08 14 c5 ff 48 89 c3 4c 8d 60 08 48 89 


Stack slot to memory mapping:

stack at sp + 0 slots: 0x00007efa139f4cd0 points into unknown readable memory: 0x0000618c5ea6c688 | 88 c6 a6 5e 8c 61 00 00
stack at sp + 1 slots: 0x00007ef8edc2cae0 points into unknown readable memory: 0x0000618c5ea6c468 | 68 c4 a6 5e 8c 61 00 00
stack at sp + 2 slots: 0x00007efa0f99dd90 points into unknown readable memory: 0x00007efa0f99dda0 | a0 dd 99 0f fa 7e 00 00
stack at sp + 3 slots: 0x00007ef8edc2cae0 points into unknown readable memory: 0x0000618c5ea6c468 | 68 c4 a6 5e 8c 61 00 00
stack at sp + 4 slots: 0x0000000000000f01 is an unknown value
stack at sp + 5 slots: 0x0000618c5e70cb52: <offset 0x00000000002d0b52> in ./gcam.exe at 0x0000618c5e43c000
stack at sp + 6 slots: 0x0000000000000f07 is an unknown value
stack at sp + 7 slots: 0xc192cc2bddb39c00 is an unknown value


---------------  P R O C E S S  ---------------

Threads class SMR info:
_java_thread_list=0x00007efa7ab3ff80, length=11, elements={
0x00007efa7aaa0f00, 0x00007efa7aba9600, 0x00007efa7aba8f00, 0x00007efa7aba8800,
0x00007efa7aba8100, 0x00007efa7ab8b900, 0x00007efa7abc1600, 0x00007efa7abc0b80,
0x00007efa7ab8b200, 0x00007efa7ab88f00, 0x00007ef8f0147900
}

Java Threads: ( => current thread )
=>0x00007efa7aaa0f00 JavaThread "main"                       [_thread_in_native, id=54771, stack(0x00007fffa693c000,0x00007fffa6a3c000) (1024K)]
  0x00007efa7aba9600 JavaThread "Reference Handler"          [_thread_blocked, id=54779, stack(0x00007efa59a58000,0x00007efa59b58000) (1024K)]
  0x00007efa7aba8f00 JavaThread "Finalizer"                  [_thread_blocked, id=54780, stack(0x00007efa59958000,0x00007efa59a58000) (1024K)]
  0x00007efa7aba8800 JavaThread "Signal Dispatcher"          [_thread_blocked, id=54781, stack(0x00007efa59858000,0x00007efa59958000) (1024K)]
  0x00007efa7aba8100 JavaThread "Service Thread"             [_thread_blocked, id=54782, stack(0x00007efa59758000,0x00007efa59858000) (1024K)]
  0x00007efa7ab8b900 JavaThread "Monitor Deflation Thread"   [_thread_blocked, id=54783, stack(0x00007efa59658000,0x00007efa59758000) (1024K)]
  0x00007efa7abc1600 JavaThread "C2 CompilerThread0"         [_thread_blocked, id=54784, stack(0x00007efa59558000,0x00007efa59658000) (1024K)]
  0x00007efa7abc0b80 JavaThread "C1 CompilerThread0"         [_thread_blocked, id=54785, stack(0x00007efa59158000,0x00007efa59258000) (1024K)]
  0x00007efa7ab8b200 JavaThread "Common-Cleaner"             [_thread_blocked, id=54788, stack(0x00007efa13400000,0x00007efa13500000) (1024K)]
  0x00007efa7ab88f00 JavaThread "Notification Thread"        [_thread_blocked, id=54789, stack(0x00007efa13300000,0x00007efa13400000) (1024K)]
  0x00007ef8f0147900 JavaThread "SIGINT handler"             [_thread_blocked, id=54916, stack(0x00007efa13600000,0x00007efa13700000) (1024K)]
Total: 11

Other Threads:
  0x00007efa7aaa4800 VMThread "VM Thread"                           [id=54778, stack(0x00007efa59b59000,0x00007efa59c59000) (1024K)]
  0x00007efa7aaa7000 WorkerThread "GC Thread#0"                     [id=54772, stack(0x00007efa5d08c000,0x00007efa5d18c000) (1024K)]
  0x00007efa7aaa6c00 ConcurrentGCThread "G1 Main Marker"            terminated
  0x00007efa7aaa6400 WorkerThread "G1 Conc#0"                       [id=54774, stack(0x00007efa5ce8a000,0x00007efa5cf8a000) (1024K)]
  0x00007efa7aa75d00 ConcurrentGCThread "G1 Refine#0"               terminated
  0x00007efa7aa75600 ConcurrentGCThread "G1 Service"                terminated
Total: 6

Threads with active compile tasks:
Total: 0

VM state: at safepoint (shutting down)

VM Mutex/Monitor currently owned by a thread:  ([mutex/lock_event])
[0x00007efa7c919cf0] Threads_lock - owner thread: 0x00007efa7aaa4800
[0x00007efa7c919bf0] Heap_lock - owner thread: 0x00007ef8f0147900

Heap address: 0x0000000708600000, size: 3962 MB, Compressed Oops mode: Zero based, Oop shift amount: 3

CDS archive(s) mapped at: [0x00007efa18000000-0x00007efa18c97000-0x00007efa18c97000), size 13201408, SharedBaseAddress: 0x00007efa18000000, ArchiveRelocationMode: 1.
Compressed class space mapped at: 0x00007efa19000000-0x00007efa59000000, reserved size: 1073741824
Narrow klass base: 0x00007efa18000000, Narrow klass shift: 0, Narrow klass range: 0x100000000

GC Precious Log:
 CardTable entry size: 512
 Card Set container configuration: InlinePtr #cards 4 size 8 Array Of Cards #cards 16 size 48 Howl #buckets 8 coarsen threshold 3686 Howl Bitmap #cards 512 size 80 coarsen threshold 460 Card regions per heap region 1 cards per card region 4096
 CPUs: 20 total, 20 available
 Memory: 15845M
 Large Page Support: Disabled
 NUMA Support: Disabled
 Compressed Oops: Enabled (Zero based)
 Heap Region Size: 2M
 Heap Min Capacity: 8M
 Heap Initial Capacity: 248M
 Heap Max Capacity: 3962M
 Pre-touch: Disabled
 Parallel Workers: 15
 Concurrent Workers: 4
 Concurrent Refinement Workers: 15
 Periodic GC: Disabled

Heap:
 garbage-first heap   total 256000K, used 3121K [0x0000000708600000, 0x0000000800000000)
  region size 2048K, 2 young (4096K), 0 survivors (0K)
 Metaspace       used 533K, committed 704K, reserved 1114112K
  class space    used 40K, committed 128K, reserved 1048576K

Heap Regions: E=young(eden), S=young(survivor), O=old, HS=humongous(starts), HC=humongous(continues), CS=collection set, F=free, TAMS=top-at-mark-start, PB=parsable bottom
|   0|0x0000000708600000, 0x0000000708600000, 0x0000000708800000|  0%| F|  |TAMS 0x0000000708600000| PB 0x0000000708600000| Untracked 
|   1|0x0000000708800000, 0x0000000708800000, 0x0000000708a00000|  0%| F|  |TAMS 0x0000000708800000| PB 0x0000000708800000| Untracked 
|   2|0x0000000708a00000, 0x0000000708a00000, 0x0000000708c00000|  0%| F|  |TAMS 0x0000000708a00000| PB 0x0000000708a00000| Untracked 
|   3|0x0000000708c00000, 0x0000000708c00000, 0x0000000708e00000|  0%| F|  |TAMS 0x0000000708c00000| PB 0x0000000708c00000| Untracked 
|   4|0x0000000708e00000, 0x0000000708e00000, 0x0000000709000000|  0%| F|  |TAMS 0x0000000708e00000| PB 0x0000000708e00000| Untracked 
|   5|0x0000000709000000, 0x0000000709000000, 0x0000000709200000|  0%| F|  |TAMS 0x0000000709000000| PB 0x0000000709000000| Untracked 
|   6|0x0000000709200000, 0x0000000709200000, 0x0000000709400000|  0%| F|  |TAMS 0x0000000709200000| PB 0x0000000709200000| Untracked 
|   7|0x0000000709400000, 0x0000000709400000, 0x0000000709600000|  0%| F|  |TAMS 0x0000000709400000| PB 0x0000000709400000| Untracked 
|   8|0x0000000709600000, 0x0000000709600000, 0x0000000709800000|  0%| F|  |TAMS 0x0000000709600000| PB 0x0000000709600000| Untracked 
|   9|0x0000000709800000, 0x0000000709800000, 0x0000000709a00000|  0%| F|  |TAMS 0x0000000709800000| PB 0x0000000709800000| Untracked 
|  10|0x0000000709a00000, 0x0000000709a00000, 0x0000000709c00000|  0%| F|  |TAMS 0x0000000709a00000| PB 0x0000000709a00000| Untracked 
|  11|0x0000000709c00000, 0x0000000709c00000, 0x0000000709e00000|  0%| F|  |TAMS 0x0000000709c00000| PB 0x0000000709c00000| Untracked 
|  12|0x0000000709e00000, 0x0000000709e00000, 0x000000070a000000|  0%| F|  |TAMS 0x0000000709e00000| PB 0x0000000709e00000| Untracked 
|  13|0x000000070a000000, 0x000000070a000000, 0x000000070a200000|  0%| F|  |TAMS 0x000000070a000000| PB 0x000000070a000000| Untracked 
|  14|0x000000070a200000, 0x000000070a200000, 0x000000070a400000|  0%| F|  |TAMS 0x000000070a200000| PB 0x000000070a200000| Untracked 
|  15|0x000000070a400000, 0x000000070a400000, 0x000000070a600000|  0%| F|  |TAMS 0x000000070a400000| PB 0x000000070a400000| Untracked 
|  16|0x000000070a600000, 0x000000070a600000, 0x000000070a800000|  0%| F|  |TAMS 0x000000070a600000| PB 0x000000070a600000| Untracked 
|  17|0x000000070a800000, 0x000000070a800000, 0x000000070aa00000|  0%| F|  |TAMS 0x000000070a800000| PB 0x000000070a800000| Untracked 
|  18|0x000000070aa00000, 0x000000070aa00000, 0x000000070ac00000|  0%| F|  |TAMS 0x000000070aa00000| PB 0x000000070aa00000| Untracked 
|  19|0x000000070ac00000, 0x000000070ac00000, 0x000000070ae00000|  0%| F|  |TAMS 0x000000070ac00000| PB 0x000000070ac00000| Untracked 
|  20|0x000000070ae00000, 0x000000070ae00000, 0x000000070b000000|  0%| F|  |TAMS 0x000000070ae00000| PB 0x000000070ae00000| Untracked 
|  21|0x000000070b000000, 0x000000070b000000, 0x000000070b200000|  0%| F|  |TAMS 0x000000070b000000| PB 0x000000070b000000| Untracked 
|  22|0x000000070b200000, 0x000000070b200000, 0x000000070b400000|  0%| F|  |TAMS 0x000000070b200000| PB 0x000000070b200000| Untracked 
|  23|0x000000070b400000, 0x000000070b400000, 0x000000070b600000|  0%| F|  |TAMS 0x000000070b400000| PB 0x000000070b400000| Untracked 
|  24|0x000000070b600000, 0x000000070b600000, 0x000000070b800000|  0%| F|  |TAMS 0x000000070b600000| PB 0x000000070b600000| Untracked 
|  25|0x000000070b800000, 0x000000070b800000, 0x000000070ba00000|  0%| F|  |TAMS 0x000000070b800000| PB 0x000000070b800000| Untracked 
|  26|0x000000070ba00000, 0x000000070ba00000, 0x000000070bc00000|  0%| F|  |TAMS 0x000000070ba00000| PB 0x000000070ba00000| Untracked 
|  27|0x000000070bc00000, 0x000000070bc00000, 0x000000070be00000|  0%| F|  |TAMS 0x000000070bc00000| PB 0x000000070bc00000| Untracked 
|  28|0x000000070be00000, 0x000000070be00000, 0x000000070c000000|  0%| F|  |TAMS 0x000000070be00000| PB 0x000000070be00000| Untracked 
|  29|0x000000070c000000, 0x000000070c000000, 0x000000070c200000|  0%| F|  |TAMS 0x000000070c000000| PB 0x000000070c000000| Untracked 
|  30|0x000000070c200000, 0x000000070c200000, 0x000000070c400000|  0%| F|  |TAMS 0x000000070c200000| PB 0x000000070c200000| Untracked 
|  31|0x000000070c400000, 0x000000070c400000, 0x000000070c600000|  0%| F|  |TAMS 0x000000070c400000| PB 0x000000070c400000| Untracked 
|  32|0x000000070c600000, 0x000000070c600000, 0x000000070c800000|  0%| F|  |TAMS 0x000000070c600000| PB 0x000000070c600000| Untracked 
|  33|0x000000070c800000, 0x000000070c800000, 0x000000070ca00000|  0%| F|  |TAMS 0x000000070c800000| PB 0x000000070c800000| Untracked 
|  34|0x000000070ca00000, 0x000000070ca00000, 0x000000070cc00000|  0%| F|  |TAMS 0x000000070ca00000| PB 0x000000070ca00000| Untracked 
|  35|0x000000070cc00000, 0x000000070cc00000, 0x000000070ce00000|  0%| F|  |TAMS 0x000000070cc00000| PB 0x000000070cc00000| Untracked 
|  36|0x000000070ce00000, 0x000000070ce00000, 0x000000070d000000|  0%| F|  |TAMS 0x000000070ce00000| PB 0x000000070ce00000| Untracked 
|  37|0x000000070d000000, 0x000000070d000000, 0x000000070d200000|  0%| F|  |TAMS 0x000000070d000000| PB 0x000000070d000000| Untracked 
|  38|0x000000070d200000, 0x000000070d200000, 0x000000070d400000|  0%| F|  |TAMS 0x000000070d200000| PB 0x000000070d200000| Untracked 
|  39|0x000000070d400000, 0x000000070d400000, 0x000000070d600000|  0%| F|  |TAMS 0x000000070d400000| PB 0x000000070d400000| Untracked 
|  40|0x000000070d600000, 0x000000070d600000, 0x000000070d800000|  0%| F|  |TAMS 0x000000070d600000| PB 0x000000070d600000| Untracked 
|  41|0x000000070d800000, 0x000000070d800000, 0x000000070da00000|  0%| F|  |TAMS 0x000000070d800000| PB 0x000000070d800000| Untracked 
|  42|0x000000070da00000, 0x000000070da00000, 0x000000070dc00000|  0%| F|  |TAMS 0x000000070da00000| PB 0x000000070da00000| Untracked 
|  43|0x000000070dc00000, 0x000000070dc00000, 0x000000070de00000|  0%| F|  |TAMS 0x000000070dc00000| PB 0x000000070dc00000| Untracked 
|  44|0x000000070de00000, 0x000000070de00000, 0x000000070e000000|  0%| F|  |TAMS 0x000000070de00000| PB 0x000000070de00000| Untracked 
|  45|0x000000070e000000, 0x000000070e000000, 0x000000070e200000|  0%| F|  |TAMS 0x000000070e000000| PB 0x000000070e000000| Untracked 
|  46|0x000000070e200000, 0x000000070e200000, 0x000000070e400000|  0%| F|  |TAMS 0x000000070e200000| PB 0x000000070e200000| Untracked 
|  47|0x000000070e400000, 0x000000070e400000, 0x000000070e600000|  0%| F|  |TAMS 0x000000070e400000| PB 0x000000070e400000| Untracked 
|  48|0x000000070e600000, 0x000000070e600000, 0x000000070e800000|  0%| F|  |TAMS 0x000000070e600000| PB 0x000000070e600000| Untracked 
|  49|0x000000070e800000, 0x000000070e800000, 0x000000070ea00000|  0%| F|  |TAMS 0x000000070e800000| PB 0x000000070e800000| Untracked 
|  50|0x000000070ea00000, 0x000000070ea00000, 0x000000070ec00000|  0%| F|  |TAMS 0x000000070ea00000| PB 0x000000070ea00000| Untracked 
|  51|0x000000070ec00000, 0x000000070ec00000, 0x000000070ee00000|  0%| F|  |TAMS 0x000000070ec00000| PB 0x000000070ec00000| Untracked 
|  52|0x000000070ee00000, 0x000000070ee00000, 0x000000070f000000|  0%| F|  |TAMS 0x000000070ee00000| PB 0x000000070ee00000| Untracked 
|  53|0x000000070f000000, 0x000000070f000000, 0x000000070f200000|  0%| F|  |TAMS 0x000000070f000000| PB 0x000000070f000000| Untracked 
|  54|0x000000070f200000, 0x000000070f200000, 0x000000070f400000|  0%| F|  |TAMS 0x000000070f200000| PB 0x000000070f200000| Untracked 
|  55|0x000000070f400000, 0x000000070f400000, 0x000000070f600000|  0%| F|  |TAMS 0x000000070f400000| PB 0x000000070f400000| Untracked 
|  56|0x000000070f600000, 0x000000070f600000, 0x000000070f800000|  0%| F|  |TAMS 0x000000070f600000| PB 0x000000070f600000| Untracked 
|  57|0x000000070f800000, 0x000000070f800000, 0x000000070fa00000|  0%| F|  |TAMS 0x000000070f800000| PB 0x000000070f800000| Untracked 
|  58|0x000000070fa00000, 0x000000070fa00000, 0x000000070fc00000|  0%| F|  |TAMS 0x000000070fa00000| PB 0x000000070fa00000| Untracked 
|  59|0x000000070fc00000, 0x000000070fc00000, 0x000000070fe00000|  0%| F|  |TAMS 0x000000070fc00000| PB 0x000000070fc00000| Untracked 
|  60|0x000000070fe00000, 0x000000070fe00000, 0x0000000710000000|  0%| F|  |TAMS 0x000000070fe00000| PB 0x000000070fe00000| Untracked 
|  61|0x0000000710000000, 0x0000000710000000, 0x0000000710200000|  0%| F|  |TAMS 0x0000000710000000| PB 0x0000000710000000| Untracked 
|  62|0x0000000710200000, 0x0000000710200000, 0x0000000710400000|  0%| F|  |TAMS 0x0000000710200000| PB 0x0000000710200000| Untracked 
|  63|0x0000000710400000, 0x0000000710400000, 0x0000000710600000|  0%| F|  |TAMS 0x0000000710400000| PB 0x0000000710400000| Untracked 
|  64|0x0000000710600000, 0x0000000710600000, 0x0000000710800000|  0%| F|  |TAMS 0x0000000710600000| PB 0x0000000710600000| Untracked 
|  65|0x0000000710800000, 0x0000000710800000, 0x0000000710a00000|  0%| F|  |TAMS 0x0000000710800000| PB 0x0000000710800000| Untracked 
|  66|0x0000000710a00000, 0x0000000710a00000, 0x0000000710c00000|  0%| F|  |TAMS 0x0000000710a00000| PB 0x0000000710a00000| Untracked 
|  67|0x0000000710c00000, 0x0000000710c00000, 0x0000000710e00000|  0%| F|  |TAMS 0x0000000710c00000| PB 0x0000000710c00000| Untracked 
|  68|0x0000000710e00000, 0x0000000710e00000, 0x0000000711000000|  0%| F|  |TAMS 0x0000000710e00000| PB 0x0000000710e00000| Untracked 
|  69|0x0000000711000000, 0x0000000711000000, 0x0000000711200000|  0%| F|  |TAMS 0x0000000711000000| PB 0x0000000711000000| Untracked 
|  70|0x0000000711200000, 0x0000000711200000, 0x0000000711400000|  0%| F|  |TAMS 0x0000000711200000| PB 0x0000000711200000| Untracked 
|  71|0x0000000711400000, 0x0000000711400000, 0x0000000711600000|  0%| F|  |TAMS 0x0000000711400000| PB 0x0000000711400000| Untracked 
|  72|0x0000000711600000, 0x0000000711600000, 0x0000000711800000|  0%| F|  |TAMS 0x0000000711600000| PB 0x0000000711600000| Untracked 
|  73|0x0000000711800000, 0x0000000711800000, 0x0000000711a00000|  0%| F|  |TAMS 0x0000000711800000| PB 0x0000000711800000| Untracked 
|  74|0x0000000711a00000, 0x0000000711a00000, 0x0000000711c00000|  0%| F|  |TAMS 0x0000000711a00000| PB 0x0000000711a00000| Untracked 
|  75|0x0000000711c00000, 0x0000000711c00000, 0x0000000711e00000|  0%| F|  |TAMS 0x0000000711c00000| PB 0x0000000711c00000| Untracked 
|  76|0x0000000711e00000, 0x0000000711e00000, 0x0000000712000000|  0%| F|  |TAMS 0x0000000711e00000| PB 0x0000000711e00000| Untracked 
|  77|0x0000000712000000, 0x0000000712000000, 0x0000000712200000|  0%| F|  |TAMS 0x0000000712000000| PB 0x0000000712000000| Untracked 
|  78|0x0000000712200000, 0x0000000712200000, 0x0000000712400000|  0%| F|  |TAMS 0x0000000712200000| PB 0x0000000712200000| Untracked 
|  79|0x0000000712400000, 0x0000000712400000, 0x0000000712600000|  0%| F|  |TAMS 0x0000000712400000| PB 0x0000000712400000| Untracked 
|  80|0x0000000712600000, 0x0000000712600000, 0x0000000712800000|  0%| F|  |TAMS 0x0000000712600000| PB 0x0000000712600000| Untracked 
|  81|0x0000000712800000, 0x0000000712800000, 0x0000000712a00000|  0%| F|  |TAMS 0x0000000712800000| PB 0x0000000712800000| Untracked 
|  82|0x0000000712a00000, 0x0000000712a00000, 0x0000000712c00000|  0%| F|  |TAMS 0x0000000712a00000| PB 0x0000000712a00000| Untracked 
|  83|0x0000000712c00000, 0x0000000712c00000, 0x0000000712e00000|  0%| F|  |TAMS 0x0000000712c00000| PB 0x0000000712c00000| Untracked 
|  84|0x0000000712e00000, 0x0000000712e00000, 0x0000000713000000|  0%| F|  |TAMS 0x0000000712e00000| PB 0x0000000712e00000| Untracked 
|  85|0x0000000713000000, 0x0000000713000000, 0x0000000713200000|  0%| F|  |TAMS 0x0000000713000000| PB 0x0000000713000000| Untracked 
|  86|0x0000000713200000, 0x0000000713200000, 0x0000000713400000|  0%| F|  |TAMS 0x0000000713200000| PB 0x0000000713200000| Untracked 
|  87|0x0000000713400000, 0x0000000713400000, 0x0000000713600000|  0%| F|  |TAMS 0x0000000713400000| PB 0x0000000713400000| Untracked 
|  88|0x0000000713600000, 0x0000000713600000, 0x0000000713800000|  0%| F|  |TAMS 0x0000000713600000| PB 0x0000000713600000| Untracked 
|  89|0x0000000713800000, 0x0000000713800000, 0x0000000713a00000|  0%| F|  |TAMS 0x0000000713800000| PB 0x0000000713800000| Untracked 
|  90|0x0000000713a00000, 0x0000000713a00000, 0x0000000713c00000|  0%| F|  |TAMS 0x0000000713a00000| PB 0x0000000713a00000| Untracked 
|  91|0x0000000713c00000, 0x0000000713c00000, 0x0000000713e00000|  0%| F|  |TAMS 0x0000000713c00000| PB 0x0000000713c00000| Untracked 
|  92|0x0000000713e00000, 0x0000000713e00000, 0x0000000714000000|  0%| F|  |TAMS 0x0000000713e00000| PB 0x0000000713e00000| Untracked 
|  93|0x0000000714000000, 0x0000000714000000, 0x0000000714200000|  0%| F|  |TAMS 0x0000000714000000| PB 0x0000000714000000| Untracked 
|  94|0x0000000714200000, 0x0000000714200000, 0x0000000714400000|  0%| F|  |TAMS 0x0000000714200000| PB 0x0000000714200000| Untracked 
|  95|0x0000000714400000, 0x0000000714400000, 0x0000000714600000|  0%| F|  |TAMS 0x0000000714400000| PB 0x0000000714400000| Untracked 
|  96|0x0000000714600000, 0x0000000714600000, 0x0000000714800000|  0%| F|  |TAMS 0x0000000714600000| PB 0x0000000714600000| Untracked 
|  97|0x0000000714800000, 0x0000000714800000, 0x0000000714a00000|  0%| F|  |TAMS 0x0000000714800000| PB 0x0000000714800000| Untracked 
|  98|0x0000000714a00000, 0x0000000714a00000, 0x0000000714c00000|  0%| F|  |TAMS 0x0000000714a00000| PB 0x0000000714a00000| Untracked 
|  99|0x0000000714c00000, 0x0000000714c00000, 0x0000000714e00000|  0%| F|  |TAMS 0x0000000714c00000| PB 0x0000000714c00000| Untracked 
| 100|0x0000000714e00000, 0x0000000714e00000, 0x0000000715000000|  0%| F|  |TAMS 0x0000000714e00000| PB 0x0000000714e00000| Untracked 
| 101|0x0000000715000000, 0x0000000715000000, 0x0000000715200000|  0%| F|  |TAMS 0x0000000715000000| PB 0x0000000715000000| Untracked 
| 102|0x0000000715200000, 0x0000000715200000, 0x0000000715400000|  0%| F|  |TAMS 0x0000000715200000| PB 0x0000000715200000| Untracked 
| 103|0x0000000715400000, 0x0000000715400000, 0x0000000715600000|  0%| F|  |TAMS 0x0000000715400000| PB 0x0000000715400000| Untracked 
| 104|0x0000000715600000, 0x0000000715600000, 0x0000000715800000|  0%| F|  |TAMS 0x0000000715600000| PB 0x0000000715600000| Untracked 
| 105|0x0000000715800000, 0x0000000715800000, 0x0000000715a00000|  0%| F|  |TAMS 0x0000000715800000| PB 0x0000000715800000| Untracked 
| 106|0x0000000715a00000, 0x0000000715a00000, 0x0000000715c00000|  0%| F|  |TAMS 0x0000000715a00000| PB 0x0000000715a00000| Untracked 
| 107|0x0000000715c00000, 0x0000000715c00000, 0x0000000715e00000|  0%| F|  |TAMS 0x0000000715c00000| PB 0x0000000715c00000| Untracked 
| 108|0x0000000715e00000, 0x0000000715e00000, 0x0000000716000000|  0%| F|  |TAMS 0x0000000715e00000| PB 0x0000000715e00000| Untracked 
| 109|0x0000000716000000, 0x0000000716000000, 0x0000000716200000|  0%| F|  |TAMS 0x0000000716000000| PB 0x0000000716000000| Untracked 
| 110|0x0000000716200000, 0x0000000716200000, 0x0000000716400000|  0%| F|  |TAMS 0x0000000716200000| PB 0x0000000716200000| Untracked 
| 111|0x0000000716400000, 0x0000000716400000, 0x0000000716600000|  0%| F|  |TAMS 0x0000000716400000| PB 0x0000000716400000| Untracked 
| 112|0x0000000716600000, 0x0000000716600000, 0x0000000716800000|  0%| F|  |TAMS 0x0000000716600000| PB 0x0000000716600000| Untracked 
| 113|0x0000000716800000, 0x0000000716800000, 0x0000000716a00000|  0%| F|  |TAMS 0x0000000716800000| PB 0x0000000716800000| Untracked 
| 114|0x0000000716a00000, 0x0000000716a00000, 0x0000000716c00000|  0%| F|  |TAMS 0x0000000716a00000| PB 0x0000000716a00000| Untracked 
| 115|0x0000000716c00000, 0x0000000716c00000, 0x0000000716e00000|  0%| F|  |TAMS 0x0000000716c00000| PB 0x0000000716c00000| Untracked 
| 116|0x0000000716e00000, 0x0000000716e00000, 0x0000000717000000|  0%| F|  |TAMS 0x0000000716e00000| PB 0x0000000716e00000| Untracked 
| 117|0x0000000717000000, 0x0000000717000000, 0x0000000717200000|  0%| F|  |TAMS 0x0000000717000000| PB 0x0000000717000000| Untracked 
| 118|0x0000000717200000, 0x0000000717200000, 0x0000000717400000|  0%| F|  |TAMS 0x0000000717200000| PB 0x0000000717200000| Untracked 
| 119|0x0000000717400000, 0x0000000717400000, 0x0000000717600000|  0%| F|  |TAMS 0x0000000717400000| PB 0x0000000717400000| Untracked 
| 120|0x0000000717600000, 0x0000000717600000, 0x0000000717800000|  0%| F|  |TAMS 0x0000000717600000| PB 0x0000000717600000| Untracked 
| 121|0x0000000717800000, 0x0000000717800000, 0x0000000717a00000|  0%| F|  |TAMS 0x0000000717800000| PB 0x0000000717800000| Untracked 
| 122|0x0000000717a00000, 0x0000000717bceb20, 0x0000000717c00000| 90%| E|  |TAMS 0x0000000717a00000| PB 0x0000000717a00000| Complete 
| 123|0x0000000717c00000, 0x0000000717e00000, 0x0000000717e00000|100%| E|CS|TAMS 0x0000000717c00000| PB 0x0000000717c00000| Complete 
|1980|0x00000007ffe00000, 0x00000007fff0c7c0, 0x0000000800000000| 52%| O|  |TAMS 0x00000007ffe00000| PB 0x00000007ffe00000| Untracked 

Card table byte_map: [0x00007efa61070000,0x00007efa6182d000] _byte_map_base: 0x00007efa5d82d000

Marking Bits: (CMBitMap*) 0x00007efa7aa76410
 Bits: [0x00007efa5d288000, 0x00007efa61070000)

Polling page: 0x00007efa7ca5c000

Metaspace:

Usage:
  Non-class:    492.85 KB used.
      Class:     40.65 KB used.
       Both:    533.50 KB used.

Virtual space:
  Non-class space:       64.00 MB reserved,     576.00 KB ( <1%) committed,  1 nodes.
      Class space:        1.00 GB reserved,     128.00 KB ( <1%) committed,  1 nodes.
             Both:        1.06 GB reserved,     704.00 KB ( <1%) committed. 

Chunk freelists:
   Non-Class:  11.96 MB
       Class:  15.74 MB
        Both:  27.70 MB

MaxMetaspaceSize: unlimited
CompressedClassSpaceSize: 1.00 GB
Initial GC threshold: 21.00 MB
Current GC threshold: 21.00 MB
CDS: on
 - commit_granule_bytes: 65536.
 - commit_granule_words: 8192.
 - virtual_space_node_default_size: 8388608.
 - enlarge_chunks_in_place: 1.
 - use_allocation_guard: 0.


Internal statistics:

num_allocs_failed_limit: 0.
num_arena_births: 14.
num_arena_deaths: 0.
num_vsnodes_births: 2.
num_vsnodes_deaths: 0.
num_space_committed: 11.
num_space_uncommitted: 0.
num_chunks_returned_to_freelist: 0.
num_chunks_taken_from_freelist: 20.
num_chunk_merges: 0.
num_chunk_splits: 13.
num_chunks_enlarged: 6.
num_inconsistent_stats: 0.

CodeHeap 'non-profiled nmethods': size=119168Kb used=53Kb max_used=53Kb free=119115Kb
 bounds [0x00007efa6aba0000, 0x00007efa6ae10000, 0x00007efa72000000]
CodeHeap 'profiled nmethods': size=119164Kb used=218Kb max_used=218Kb free=118945Kb
 bounds [0x00007efa63000000, 0x00007efa63270000, 0x00007efa6a45f000]
CodeHeap 'non-nmethods': size=7428Kb used=1259Kb max_used=2395Kb free=6168Kb
 bounds [0x00007efa6a45f000, 0x00007efa6a6cf000, 0x00007efa6aba0000]
 total_blobs=571 nmethods=180 adapters=297
 compilation: enabled
              stopped_count=0, restarted_count=0
 full_count=0

Compilation events (20 events):
Event: 24.938 Thread 0x00007efa7abc0b80 nmethod 173 0x00007efa63032e10 code [0x00007efa630330c0, 0x00007efa630344c8]
Event: 24.938 Thread 0x00007efa7abc0b80  179       3       jdk.internal.util.ArraysSupport::mismatch (103 bytes)
Event: 24.938 Thread 0x00007efa7abc1600 nmethod 170 0x00007efa6abac610 code [0x00007efa6abac7a0, 0x00007efa6abac9d0]
Event: 24.938 Thread 0x00007efa7abc1600  171       4       java.util.zip.ZipFile$Source::zipCoderForPos (39 bytes)
Event: 24.938 Thread 0x00007efa7abc0b80 nmethod 179 0x00007efa63034990 code [0x00007efa63034b60, 0x00007efa63034f68]
Event: 24.938 Thread 0x00007efa7abc0b80  175       3       java.lang.String::<init> (15 bytes)
Event: 24.938 Thread 0x00007efa7abc0b80 nmethod 175 0x00007efa63035190 code [0x00007efa63035320, 0x00007efa630354e8]
Event: 24.938 Thread 0x00007efa7abc0b80  176       3       jdk.internal.misc.Unsafe::getLongUnaligned (173 bytes)
Event: 24.938 Thread 0x00007efa7abc1600 nmethod 171 0x00007efa6abacb10 code [0x00007efa6abacca0, 0x00007efa6abacd70]
Event: 24.939 Thread 0x00007efa7abc0b80 nmethod 176 0x00007efa63035590 code [0x00007efa63035780, 0x00007efa63035b58]
Event: 24.939 Thread 0x00007efa7abc0b80  177       1       java.net.URL::getProtocol (5 bytes)
Event: 24.939 Thread 0x00007efa7abc0b80 nmethod 177 0x00007efa6abace10 code [0x00007efa6abacfa0, 0x00007efa6abad068]
Event: 24.939 Thread 0x00007efa7abc0b80  178       3       java.lang.String::startsWith (7 bytes)
Event: 24.939 Thread 0x00007efa7abc0b80 nmethod 178 0x00007efa63035c10 code [0x00007efa63035dc0, 0x00007efa63035f00]
Event: 24.939 Thread 0x00007efa7abc0b80  172       3       java.lang.StringLatin1::hashCode (52 bytes)
Event: 24.939 Thread 0x00007efa7abc0b80 nmethod 172 0x00007efa63035f90 code [0x00007efa63036140, 0x00007efa63036360]
Event: 24.939 Thread 0x00007efa7abc0b80  174       3       jdk.internal.util.Preconditions::checkFromIndexSize (25 bytes)
Event: 24.939 Thread 0x00007efa7abc0b80 nmethod 174 0x00007efa63036410 code [0x00007efa630365c0, 0x00007efa63036768]
Event: 24.940 Thread 0x00007efa7abc0b80  180       1       java.lang.invoke.MethodType::form (5 bytes)
Event: 24.940 Thread 0x00007efa7abc0b80 nmethod 180 0x00007efa6abad110 code [0x00007efa6abad2a0, 0x00007efa6abad368]

GC Heap History (0 events):
No events

Dll operation events (5 events):
Event: 0.001 Loaded shared library /usr/lib/jvm/java-21-openjdk-amd64/lib/libjava.so
Event: 0.020 Loaded shared library /usr/lib/jvm/java-21-openjdk-amd64/lib/libjsvml.so
Event: 0.027 Loaded shared library /usr/lib/jvm/java-21-openjdk-amd64/lib/libnio.so
Event: 0.028 Loaded shared library /usr/lib/jvm/java-21-openjdk-amd64/lib/libzip.so
Event: 24.932 Loaded shared library /usr/lib/jvm/java-21-openjdk-amd64/lib/libjimage.so

Deoptimization events (0 events):
No events

Classes loaded (20 events):
Event: 24.938 Loading class jdk/internal/logger/AbstractLoggerWrapper
Event: 24.938 Loading class jdk/internal/logger/AbstractLoggerWrapper done
Event: 24.938 Loading class jdk/internal/logger/LazyLoggers$LazyLoggerWrapper done
Event: 24.938 Loading class jdk/internal/logger/LazyLoggers$JdkLazyLogger done
Event: 24.938 Loading class jdk/internal/logger/LazyLoggers$LazyLoggerAccessor
Event: 24.938 Loading class jdk/internal/logger/LazyLoggers$LoggerAccessor
Event: 24.938 Loading class jdk/internal/logger/LazyLoggers$LoggerAccessor done
Event: 24.938 Loading class jdk/internal/logger/LazyLoggers$LazyLoggerAccessor done
Event: 24.939 Loading class java/lang/System$Logger$Level
Event: 24.939 Loading class java/lang/System$Logger$Level done
Event: 24.939 Loading class jdk/internal/logger/SurrogateLogger
Event: 24.939 Loading class jdk/internal/logger/SimpleConsoleLogger
Event: 24.939 Loading class sun/util/logging/PlatformLogger$ConfigurableBridge$LoggerConfiguration
Event: 24.939 Loading class sun/util/logging/PlatformLogger$ConfigurableBridge$LoggerConfiguration done
Event: 24.939 Loading class jdk/internal/logger/SimpleConsoleLogger done
Event: 24.939 Loading class jdk/internal/logger/SurrogateLogger done
Event: 24.939 Loading class sun/util/logging/PlatformLogger
Event: 24.939 Loading class sun/util/logging/PlatformLogger done
Event: 24.940 Loading class sun/util/logging/PlatformLogger$Level
Event: 24.940 Loading class sun/util/logging/PlatformLogger$Level done

Classes unloaded (0 events):
No events

Classes redefined (0 events):
No events

Internal exceptions (0 events):
No events

ZGC Phase Switch (0 events):
No events

VM Operations (5 events):
Event: 0.058 Executing VM operation: HandshakeAllThreads (Deoptimize)
Event: 0.058 Executing VM operation: HandshakeAllThreads (Deoptimize) done
Event: 1.063 Executing VM operation: Cleanup
Event: 1.064 Executing VM operation: Cleanup done
Event: 24.940 Executing VM operation: Exit

Memory protections (13 events):
Event: 0.001 Protecting memory [0x00007fffa693c000,0x00007fffa6940000] with protection modes 0
Event: 0.018 Protecting memory [0x00007efa59a58000,0x00007efa59a5c000] with protection modes 0
Event: 0.018 Protecting memory [0x00007efa59958000,0x00007efa5995c000] with protection modes 0
Event: 0.018 Protecting memory [0x00007efa59858000,0x00007efa5985c000] with protection modes 0
Event: 0.018 Protecting memory [0x00007efa59758000,0x00007efa5975c000] with protection modes 0
Event: 0.019 Protecting memory [0x00007efa59658000,0x00007efa5965c000] with protection modes 0
Event: 0.019 Protecting memory [0x00007efa59558000,0x00007efa5955c000] with protection modes 0
Event: 0.019 Protecting memory [0x00007efa59158000,0x00007efa5915c000] with protection modes 0
Event: 0.023 Protecting memory [0x00007efa13600000,0x00007efa13604000] with protection modes 0
Event: 0.024 Protecting memory [0x00007efa13500000,0x00007efa13504000] with protection modes 0
Event: 0.026 Protecting memory [0x00007efa13400000,0x00007efa13404000] with protection modes 0
Event: 0.039 Protecting memory [0x00007efa13300000,0x00007efa13304000] with protection modes 0
Event: 24.929 Protecting memory [0x00007efa13600000,0x00007efa13604000] with protection modes 0

Nmethod flushes (0 events):
No events

Events (16 events):
Event: 0.013 Thread 0x00007efa7aaa0f00 Thread added: 0x00007efa7aaa0f00
Event: 0.018 Thread 0x00007efa7aaa0f00 Thread added: 0x00007efa7aba9600
Event: 0.018 Thread 0x00007efa7aaa0f00 Thread added: 0x00007efa7aba8f00
Event: 0.018 Thread 0x00007efa7aaa0f00 Thread added: 0x00007efa7aba8800
Event: 0.018 Thread 0x00007efa7aaa0f00 Thread added: 0x00007efa7aba8100
Event: 0.019 Thread 0x00007efa7aaa0f00 Thread added: 0x00007efa7ab8b900
Event: 0.019 Thread 0x00007efa7aaa0f00 Thread added: 0x00007efa7abc1600
Event: 0.019 Thread 0x00007efa7aaa0f00 Thread added: 0x00007efa7abc0b80
Event: 0.023 Thread 0x00007efa7abc1600 Thread added: 0x00007efa594df580
Event: 0.024 Thread 0x00007efa7abc0b80 Thread added: 0x00007efa594bb580
Event: 0.026 Thread 0x00007efa7aaa0f00 Thread added: 0x00007efa7ab8b200
Event: 0.039 Thread 0x00007efa7aaa0f00 Thread added: 0x00007efa7ab88f00
Event: 5.069 Thread 0x00007efa594bb580 Thread exited: 0x00007efa594bb580
Event: 10.073 Thread 0x00007efa594df580 Thread exited: 0x00007efa594df580
Event: 24.929 Thread 0x00007efa7aba8800 Thread added: 0x00007ef8f0147900
Event: 24.940 Thread 0x00007ef8f0147900 Before exit entered


Dynamic libraries:
708600000-717e00000 rw-p 00000000 00:00 0 
717e00000-7ffe00000 ---p 00000000 00:00 0 
7ffe00000-7fff0d000 rw-p 00cd6000 08:30 88814                            /usr/lib/jvm/java-21-openjdk-amd64/lib/server/classes.jsa
7fff0d000-800000000 rw-p 00000000 00:00 0 
618c5e43c000-618c5e47c000 r--p 00000000 08:30 90566                      /home/hyuntae-choi/gcam-core/exe/gcam.exe
618c5e47c000-618c5e99c000 r-xp 00040000 08:30 90566                      /home/hyuntae-choi/gcam-core/exe/gcam.exe
618c5e99c000-618c5ea69000 r--p 00560000 08:30 90566                      /home/hyuntae-choi/gcam-core/exe/gcam.exe
618c5ea69000-618c5ea7f000 r--p 0062d000 08:30 90566                      /home/hyuntae-choi/gcam-core/exe/gcam.exe
618c5ea7f000-618c5ea80000 rw-p 00643000 08:30 90566                      /home/hyuntae-choi/gcam-core/exe/gcam.exe
618c5ea80000-618c5ea95000 rw-p 00000000 00:00 0 
7ef868df2000-7ef86a5f2000 rw-p 00000000 00:00 0 
7ef86aef5000-7ef8861fe000 rw-p 00000000 00:00 0 
7ef8ed7c6000-7ef909400000 rw-p 00000000 00:00 0 
7ef909644000-7ef92944c000 rw-p 00000000 00:00 0 
7ef92944f000-7ef92a050000 rw-p 00000000 00:00 0 
7ef92a20c000-7ef92b70c000 rw-p 00000000 00:00 0 
7ef92b800000-7ef936c00000 rw-p 00000000 00:00 0 
7ef936d1e000-7ef945164000 rw-p 00000000 00:00 0 
7ef945766000-7ef945a67000 rw-p 00000000 00:00 0 
7ef94c38a000-7ef9583ca000 rw-p 00000000 00:00 0 
7ef9586cb000-7ef958ccd000 rw-p 00000000 00:00 0 
7ef95fbf2000-7ef95fef3000 rw-p 00000000 00:00 0 
7ef9604f5000-7ef962600000 rw-p 00000000 00:00 0 
7ef967000000-7ef967c00000 rw-p 00000000 00:00 0 
7ef968a00000-7ef970200000 rw-p 00000000 00:00 0 
7ef970400000-7ef972200000 rw-p 00000000 00:00 0 
7ef9724f7000-7ef97fcff000 rw-p 00000000 00:00 0 
7ef97ff42000-7ef98e94a000 rw-p 00000000 00:00 0 
7ef98e97c000-7ef9bc57e000 rw-p 00000000 00:00 0 
7ef9bc700000-7ef9bfa00000 rw-p 00000000 00:00 0 
7ef9bfb00000-7ef9c1000000 rw-p 00000000 00:00 0 
7ef9c10f7000-7ef9c3800000 rw-p 00000000 00:00 0 
7ef9c3800000-7ef9cbc00000 rw-p 00000000 00:00 0 
7ef9cbc23000-7ef9cda23000 rw-p 00000000 00:00 0 
7ef9cda79000-7ef9e9c79000 rw-p 00000000 00:00 0 
7ef9e9c7a000-7ef9e9f7a000 rw-p 00000000 00:00 0 
7ef9e9f7c000-7ef9ea87d000 rw-p 00000000 00:00 0 
7ef9ea87e000-7ef9eab7e000 rw-p 00000000 00:00 0 
7ef9eab7f000-7ef9f29a4000 rw-p 00000000 00:00 0 
7ef9f29a5000-7efa03e00000 rw-p 00000000 00:00 0 
7efa040e4000-7efa049e4000 rw-p 00000000 00:00 0 
7efa049e5000-7efa052e7000 rw-p 00000000 00:00 0 
7efa052ef000-7efa0a400000 rw-p 00000000 00:00 0 
7efa0a5ee000-7efa0ee00000 rw-p 00000000 00:00 0 
7efa0eef7000-7efa11eff000 rw-p 00000000 00:00 0 
7efa1200a000-7efa13300000 rw-p 00000000 00:00 0 
7efa13300000-7efa13304000 ---p 00000000 00:00 0 
7efa13304000-7efa13400000 rw-p 00000000 00:00 0 
7efa13400000-7efa13404000 ---p 00000000 00:00 0 
7efa13404000-7efa13500000 rw-p 00000000 00:00 0 
7efa13500000-7efa13504000 ---p 00000000 00:00 0 
7efa13504000-7efa13600000 rw-p 00000000 00:00 0 
7efa13600000-7efa13604000 ---p 00000000 00:00 0 
7efa13604000-7efa14080000 rw-p 00000000 00:00 0 
7efa14080000-7efa14400000 ---p 00000000 00:00 0 
7efa14400000-7efa14410000 rw-p 00000000 00:00 0 
7efa14410000-7efa18000000 ---p 00000000 00:00 0 
7efa18000000-7efa18c97000 rw-p 00001000 08:30 88814                      /usr/lib/jvm/java-21-openjdk-amd64/lib/server/classes.jsa
7efa18c97000-7efa19000000 ---p 00000000 00:00 0 
7efa19000000-7efa19010000 rw-p 00000000 00:00 0 
7efa19010000-7efa19040000 ---p 00000000 00:00 0 
7efa19040000-7efa19050000 rw-p 00000000 00:00 0 
7efa19050000-7efa59000000 ---p 00000000 00:00 0 
7efa59007000-7efa59087000 rw-p 00000000 00:00 0 
7efa59087000-7efa5908c000 r--p 00000000 08:30 88795                      /usr/lib/jvm/java-21-openjdk-amd64/lib/libjsvml.so
7efa5908c000-7efa590cd000 r-xp 00005000 08:30 88795                      /usr/lib/jvm/java-21-openjdk-amd64/lib/libjsvml.so
7efa590cd000-7efa59156000 r--p 00046000 08:30 88795                      /usr/lib/jvm/java-21-openjdk-amd64/lib/libjsvml.so
7efa59156000-7efa59157000 r--p 000ce000 08:30 88795                      /usr/lib/jvm/java-21-openjdk-amd64/lib/libjsvml.so
7efa59157000-7efa59158000 rw-p 000cf000 08:30 88795                      /usr/lib/jvm/java-21-openjdk-amd64/lib/libjsvml.so
7efa59158000-7efa5915c000 ---p 00000000 00:00 0 
7efa5915c000-7efa59558000 rw-p 00000000 00:00 0 
7efa59558000-7efa5955c000 ---p 00000000 00:00 0 
7efa5955c000-7efa59658000 rw-p 00000000 00:00 0 
7efa59658000-7efa5965c000 ---p 00000000 00:00 0 
7efa5965c000-7efa59758000 rw-p 00000000 00:00 0 
7efa59758000-7efa5975c000 ---p 00000000 00:00 0 
7efa5975c000-7efa59858000 rw-p 00000000 00:00 0 
7efa59858000-7efa5985c000 ---p 00000000 00:00 0 
7efa5985c000-7efa59958000 rw-p 00000000 00:00 0 
7efa59958000-7efa5995c000 ---p 00000000 00:00 0 
7efa5995c000-7efa59a58000 rw-p 00000000 00:00 0 
7efa59a58000-7efa59a5c000 ---p 00000000 00:00 0 
7efa59a5c000-7efa59b58000 rw-p 00000000 00:00 0 
7efa59b58000-7efa59b59000 ---p 00000000 00:00 0 
7efa59b59000-7efa59c59000 rw-p 00000000 00:00 0 
7efa59c59000-7efa59c5a000 ---p 00000000 00:00 0 
7efa59c5a000-7efa59d5a000 rw-p 00000000 00:00 0 
7efa59d5a000-7efa59d5b000 ---p 00000000 00:00 0 
7efa59d5b000-7efa59e5b000 rw-p 00000000 00:00 0 
7efa59e5b000-7efa59e5c000 ---p 00000000 00:00 0 
7efa59e5c000-7efa5ce89000 rw-p 00000000 00:00 0 
7efa5ce89000-7efa5ce8a000 ---p 00000000 00:00 0 
7efa5ce8a000-7efa5cf8a000 rw-p 00000000 00:00 0 
7efa5cf8a000-7efa5cf8b000 ---p 00000000 00:00 0 
7efa5cf8b000-7efa5d08b000 rw-p 00000000 00:00 0 
7efa5d08b000-7efa5d08c000 ---p 00000000 00:00 0 
7efa5d08c000-7efa5d668000 rw-p 00000000 00:00 0 
7efa5d668000-7efa61068000 ---p 00000000 00:00 0 
7efa61068000-7efa610ec000 rw-p 00000000 00:00 0 
7efa610ec000-7efa6182c000 ---p 00000000 00:00 0 
7efa6182c000-7efa618a9000 rw-p 00000000 00:00 0 
7efa618a9000-7efa61fe9000 ---p 00000000 00:00 0 
7efa61fe9000-7efa62f1c000 rw-p 00000000 00:00 0 
7efa62f1c000-7efa63000000 ---p 00000000 00:00 0 
7efa63000000-7efa63270000 rwxp 00000000 00:00 0 
7efa63270000-7efa6a45f000 ---p 00000000 00:00 0 
7efa6a45f000-7efa6a6cf000 rwxp 00000000 00:00 0 
7efa6a6cf000-7efa6aba0000 ---p 00000000 00:00 0 
7efa6aba0000-7efa6ae10000 rwxp 00000000 00:00 0 
7efa6ae10000-7efa72000000 ---p 00000000 00:00 0 
7efa72000000-7efa7a61e000 r--s 00000000 08:30 88811                      /usr/lib/jvm/java-21-openjdk-amd64/lib/modules
7efa7a628000-7efa7a688000 rw-p 00000000 00:00 0 
7efa7a688000-7efa7a68a000 r--p 00000000 08:30 13126                      /usr/lib/x86_64-linux-gnu/libz.so.1.3
7efa7a68a000-7efa7a69c000 r-xp 00002000 08:30 13126                      /usr/lib/x86_64-linux-gnu/libz.so.1.3
7efa7a69c000-7efa7a6a2000 r--p 00014000 08:30 13126                      /usr/lib/x86_64-linux-gnu/libz.so.1.3
7efa7a6a2000-7efa7a6a3000 r--p 0001a000 08:30 13126                      /usr/lib/x86_64-linux-gnu/libz.so.1.3
7efa7a6a3000-7efa7a6a4000 rw-p 0001b000 08:30 13126                      /usr/lib/x86_64-linux-gnu/libz.so.1.3
7efa7a6a4000-7efa7a6fd000 r--p 00000000 08:30 12210                      /usr/lib/locale/C.utf8/LC_CTYPE
7efa7a6fd000-7efa7ac00000 rw-p 00000000 00:00 0 
7efa7ac00000-7efa7ac28000 r--p 00000000 08:30 101134                     /usr/lib/x86_64-linux-gnu/libc.so.6
7efa7ac28000-7efa7adb0000 r-xp 00028000 08:30 101134                     /usr/lib/x86_64-linux-gnu/libc.so.6
7efa7adb0000-7efa7adff000 r--p 001b0000 08:30 101134                     /usr/lib/x86_64-linux-gnu/libc.so.6
7efa7adff000-7efa7ae03000 r--p 001fe000 08:30 101134                     /usr/lib/x86_64-linux-gnu/libc.so.6
7efa7ae03000-7efa7ae05000 rw-p 00202000 08:30 101134                     /usr/lib/x86_64-linux-gnu/libc.so.6
7efa7ae05000-7efa7ae12000 rw-p 00000000 00:00 0 
7efa7ae16000-7efa7ae1b000 rw-p 00000000 00:00 0 
7efa7ae1b000-7efa7aeff000 ---p 00000000 00:00 0 
7efa7aeff000-7efa7b000000 rw-p 00000000 00:00 0 
7efa7b000000-7efa7b09d000 r--p 00000000 08:30 13036                      /usr/lib/x86_64-linux-gnu/libstdc++.so.6.0.33
7efa7b09d000-7efa7b1e5000 r-xp 0009d000 08:30 13036                      /usr/lib/x86_64-linux-gnu/libstdc++.so.6.0.33
7efa7b1e5000-7efa7b26c000 r--p 001e5000 08:30 13036                      /usr/lib/x86_64-linux-gnu/libstdc++.so.6.0.33
7efa7b26c000-7efa7b277000 r--p 0026b000 08:30 13036                      /usr/lib/x86_64-linux-gnu/libstdc++.so.6.0.33
7efa7b277000-7efa7b27a000 rw-p 00276000 08:30 13036                      /usr/lib/x86_64-linux-gnu/libstdc++.so.6.0.33
7efa7b27a000-7efa7b27e000 rw-p 00000000 00:00 0 
7efa7b289000-7efa7b28b000 r--p 00000000 08:30 88810                      /usr/lib/jvm/java-21-openjdk-amd64/lib/libzip.so
7efa7b28b000-7efa7b290000 r-xp 00002000 08:30 88810                      /usr/lib/jvm/java-21-openjdk-amd64/lib/libzip.so
7efa7b290000-7efa7b292000 r--p 00007000 08:30 88810                      /usr/lib/jvm/java-21-openjdk-amd64/lib/libzip.so
7efa7b292000-7efa7b293000 r--p 00008000 08:30 88810                      /usr/lib/jvm/java-21-openjdk-amd64/lib/libzip.so
7efa7b293000-7efa7b294000 rw-p 00009000 08:30 88810                      /usr/lib/jvm/java-21-openjdk-amd64/lib/libzip.so
7efa7b294000-7efa7b297000 r--p 00000000 08:30 88802                      /usr/lib/jvm/java-21-openjdk-amd64/lib/libnet.so
7efa7b297000-7efa7b29f000 r-xp 00003000 08:30 88802                      /usr/lib/jvm/java-21-openjdk-amd64/lib/libnet.so
7efa7b29f000-7efa7b2a1000 r--p 0000b000 08:30 88802                      /usr/lib/jvm/java-21-openjdk-amd64/lib/libnet.so
7efa7b2a1000-7efa7b2a2000 r--p 0000c000 08:30 88802                      /usr/lib/jvm/java-21-openjdk-amd64/lib/libnet.so
7efa7b2a2000-7efa7b2a3000 rw-p 0000d000 08:30 88802                      /usr/lib/jvm/java-21-openjdk-amd64/lib/libnet.so
7efa7b2a3000-7efa7b2aa000 r--p 00000000 08:30 88803                      /usr/lib/jvm/java-21-openjdk-amd64/lib/libnio.so
7efa7b2aa000-7efa7b2b3000 r-xp 00007000 08:30 88803                      /usr/lib/jvm/java-21-openjdk-amd64/lib/libnio.so
7efa7b2b3000-7efa7b2b7000 r--p 00010000 08:30 88803                      /usr/lib/jvm/java-21-openjdk-amd64/lib/libnio.so
7efa7b2b7000-7efa7b2b8000 r--p 00014000 08:30 88803                      /usr/lib/jvm/java-21-openjdk-amd64/lib/libnio.so
7efa7b2b8000-7efa7b2b9000 rw-p 00015000 08:30 88803                      /usr/lib/jvm/java-21-openjdk-amd64/lib/libnio.so
7efa7b2b9000-7efa7b2ba000 r--p 00000000 08:30 12216                      /usr/lib/locale/C.utf8/LC_NUMERIC
7efa7b2ba000-7efa7b2bb000 r--p 00000000 08:30 12219                      /usr/lib/locale/C.utf8/LC_TIME
7efa7b2bb000-7efa7b2bc000 r--p 00000000 08:30 12209                      /usr/lib/locale/C.utf8/LC_COLLATE
7efa7b2bc000-7efa7b2bd000 r--p 00000000 08:30 12214                      /usr/lib/locale/C.utf8/LC_MONETARY
7efa7b2bd000-7efa7b2be000 r--p 00000000 08:30 12213                      /usr/lib/locale/C.utf8/LC_MESSAGES/SYS_LC_MESSAGES
7efa7b2be000-7efa7b2bf000 r--p 00000000 08:30 12217                      /usr/lib/locale/C.utf8/LC_PAPER
7efa7b2bf000-7efa7b2c0000 r--p 00000000 08:30 12215                      /usr/lib/locale/C.utf8/LC_NAME
7efa7b2c0000-7efa7b2c7000 r--s 00000000 08:30 101096                     /usr/lib/x86_64-linux-gnu/gconv/gconv-modules.cache
7efa7b2c7000-7efa7b317000 rw-p 00000000 00:00 0 
7efa7b317000-7efa7b327000 r--p 00000000 08:30 101137                     /usr/lib/x86_64-linux-gnu/libm.so.6
7efa7b327000-7efa7b3a6000 r-xp 00010000 08:30 101137                     /usr/lib/x86_64-linux-gnu/libm.so.6
7efa7b3a6000-7efa7b3fe000 r--p 0008f000 08:30 101137                     /usr/lib/x86_64-linux-gnu/libm.so.6
7efa7b3fe000-7efa7b3ff000 r--p 000e7000 08:30 101137                     /usr/lib/x86_64-linux-gnu/libm.so.6
7efa7b3ff000-7efa7b400000 rw-p 000e8000 08:30 101137                     /usr/lib/x86_64-linux-gnu/libm.so.6
7efa7b400000-7efa7b6a1000 r--p 00000000 08:30 88817                      /usr/lib/jvm/java-21-openjdk-amd64/lib/server/libjvm.so
7efa7b6a1000-7efa7c50d000 r-xp 002a1000 08:30 88817                      /usr/lib/jvm/java-21-openjdk-amd64/lib/server/libjvm.so
7efa7c50d000-7efa7c7e5000 r--p 0110d000 08:30 88817                      /usr/lib/jvm/java-21-openjdk-amd64/lib/server/libjvm.so
7efa7c7e5000-7efa7c8b8000 r--p 013e5000 08:30 88817                      /usr/lib/jvm/java-21-openjdk-amd64/lib/server/libjvm.so
7efa7c8b8000-7efa7c8e8000 rw-p 014b8000 08:30 88817                      /usr/lib/jvm/java-21-openjdk-amd64/lib/server/libjvm.so
7efa7c8e8000-7efa7c94e000 rw-p 00000000 00:00 0 
7efa7c94e000-7efa7c94f000 r--p 00000000 08:30 12208                      /usr/lib/locale/C.utf8/LC_ADDRESS
7efa7c94f000-7efa7c950000 r--p 00000000 08:30 12218                      /usr/lib/locale/C.utf8/LC_TELEPHONE
7efa7c950000-7efa7c951000 r--p 00000000 08:30 12212                      /usr/lib/locale/C.utf8/LC_MEASUREMENT
7efa7c951000-7efa7c952000 r--p 00000000 08:30 12211                      /usr/lib/locale/C.utf8/LC_IDENTIFICATION
7efa7c952000-7efa7c957000 rw-p 00000000 00:00 0 
7efa7c957000-7efa7c961000 ---p 00000000 00:00 0 
7efa7c961000-7efa7c96e000 r--p 00000000 08:30 88788                      /usr/lib/jvm/java-21-openjdk-amd64/lib/libjava.so
7efa7c96e000-7efa7c97d000 r-xp 0000d000 08:30 88788                      /usr/lib/jvm/java-21-openjdk-amd64/lib/libjava.so
7efa7c97d000-7efa7c982000 r--p 0001c000 08:30 88788                      /usr/lib/jvm/java-21-openjdk-amd64/lib/libjava.so
7efa7c982000-7efa7c983000 r--p 00021000 08:30 88788                      /usr/lib/jvm/java-21-openjdk-amd64/lib/libjava.so
7efa7c983000-7efa7c984000 rw-p 00022000 08:30 88788                      /usr/lib/jvm/java-21-openjdk-amd64/lib/libjava.so
7efa7c984000-7efa7c985000 rw-p 00000000 00:00 0 
7efa7c985000-7efa7c98d000 rw-s 00000000 08:30 459374                     /tmp/hsperfdata_hyuntae-choi/54771 (deleted)
7efa7c98d000-7efa7c992000 rw-p 00000000 00:00 0 
7efa7c992000-7efa7c998000 r--p 00000000 08:30 86477                      /usr/lib/x86_64-linux-gnu/libtbbmalloc.so.2.11
7efa7c998000-7efa7c9aa000 r-xp 00006000 08:30 86477                      /usr/lib/x86_64-linux-gnu/libtbbmalloc.so.2.11
7efa7c9aa000-7efa7c9af000 r--p 00018000 08:30 86477                      /usr/lib/x86_64-linux-gnu/libtbbmalloc.so.2.11
7efa7c9af000-7efa7c9b0000 r--p 0001c000 08:30 86477                      /usr/lib/x86_64-linux-gnu/libtbbmalloc.so.2.11
7efa7c9b0000-7efa7c9b2000 rw-p 0001d000 08:30 86477                      /usr/lib/x86_64-linux-gnu/libtbbmalloc.so.2.11
7efa7c9b2000-7efa7c9d3000 rw-p 00000000 00:00 0 
7efa7c9d3000-7efa7c9d7000 r--p 00000000 08:30 12817                      /usr/lib/x86_64-linux-gnu/libgcc_s.so.1
7efa7c9d7000-7efa7c9fb000 r-xp 00004000 08:30 12817                      /usr/lib/x86_64-linux-gnu/libgcc_s.so.1
7efa7c9fb000-7efa7c9ff000 r--p 00028000 08:30 12817                      /usr/lib/x86_64-linux-gnu/libgcc_s.so.1
7efa7c9ff000-7efa7ca00000 r--p 0002b000 08:30 12817                      /usr/lib/x86_64-linux-gnu/libgcc_s.so.1
7efa7ca00000-7efa7ca01000 rw-p 0002c000 08:30 12817                      /usr/lib/x86_64-linux-gnu/libgcc_s.so.1
7efa7ca01000-7efa7ca03000 rw-p 00000000 00:00 0 
7efa7ca03000-7efa7ca04000 r--p 00000000 08:30 86478                      /usr/lib/x86_64-linux-gnu/libtbbmalloc_proxy.so.2.11
7efa7ca04000-7efa7ca05000 r-xp 00001000 08:30 86478                      /usr/lib/x86_64-linux-gnu/libtbbmalloc_proxy.so.2.11
7efa7ca05000-7efa7ca06000 r--p 00002000 08:30 86478                      /usr/lib/x86_64-linux-gnu/libtbbmalloc_proxy.so.2.11
7efa7ca06000-7efa7ca07000 r--p 00002000 08:30 86478                      /usr/lib/x86_64-linux-gnu/libtbbmalloc_proxy.so.2.11
7efa7ca07000-7efa7ca08000 rw-p 00003000 08:30 86478                      /usr/lib/x86_64-linux-gnu/libtbbmalloc_proxy.so.2.11
7efa7ca08000-7efa7ca14000 r--p 00000000 08:30 86505                      /usr/lib/x86_64-linux-gnu/libtbb.so.12.11
7efa7ca14000-7efa7ca37000 r-xp 0000c000 08:30 86505                      /usr/lib/x86_64-linux-gnu/libtbb.so.12.11
7efa7ca37000-7efa7ca41000 r--p 0002f000 08:30 86505                      /usr/lib/x86_64-linux-gnu/libtbb.so.12.11
7efa7ca41000-7efa7ca43000 r--p 00039000 08:30 86505                      /usr/lib/x86_64-linux-gnu/libtbb.so.12.11
7efa7ca43000-7efa7ca46000 rw-p 0003b000 08:30 86505                      /usr/lib/x86_64-linux-gnu/libtbb.so.12.11
7efa7ca46000-7efa7ca5c000 rw-p 00000000 00:00 0 
7efa7ca5c000-7efa7ca5d000 ---p 00000000 00:00 0 
7efa7ca5d000-7efa7ca5e000 r--p 00000000 00:00 0 
7efa7ca5e000-7efa7ca5f000 ---p 00000000 00:00 0 
7efa7ca5f000-7efa7ca61000 r--p 00000000 08:30 88791                      /usr/lib/jvm/java-21-openjdk-amd64/lib/libjimage.so
7efa7ca61000-7efa7ca64000 r-xp 00002000 08:30 88791                      /usr/lib/jvm/java-21-openjdk-amd64/lib/libjimage.so
7efa7ca64000-7efa7ca65000 r--p 00005000 08:30 88791                      /usr/lib/jvm/java-21-openjdk-amd64/lib/libjimage.so
7efa7ca65000-7efa7ca66000 r--p 00006000 08:30 88791                      /usr/lib/jvm/java-21-openjdk-amd64/lib/libjimage.so
7efa7ca66000-7efa7ca67000 rw-p 00007000 08:30 88791                      /usr/lib/jvm/java-21-openjdk-amd64/lib/libjimage.so
7efa7ca67000-7efa7ca69000 rw-p 00000000 00:00 0 
7efa7ca69000-7efa7ca6a000 r--p 00000000 08:30 101104                     /usr/lib/x86_64-linux-gnu/ld-linux-x86-64.so.2
7efa7ca6a000-7efa7ca95000 r-xp 00001000 08:30 101104                     /usr/lib/x86_64-linux-gnu/ld-linux-x86-64.so.2
7efa7ca95000-7efa7ca9f000 r--p 0002c000 08:30 101104                     /usr/lib/x86_64-linux-gnu/ld-linux-x86-64.so.2
7efa7ca9f000-7efa7caa1000 r--p 00036000 08:30 101104                     /usr/lib/x86_64-linux-gnu/ld-linux-x86-64.so.2
7efa7caa1000-7efa7caa3000 rw-p 00038000 08:30 101104                     /usr/lib/x86_64-linux-gnu/ld-linux-x86-64.so.2
7fffa693c000-7fffa6940000 ---p 00000000 00:00 0 
7fffa6940000-7fffa6a3c000 rw-p 00000000 00:00 0                          [stack]
7fffa6b5c000-7fffa6b60000 r--p 00000000 00:00 0                          [vvar]
7fffa6b60000-7fffa6b62000 r-xp 00000000 00:00 0                          [vdso]
Total number of mappings: 224


VM Arguments:
jvm_args: -Djava.system.class.loader=WildcardExpandingClassLoader 
java_command: <unknown>
java_class_path (initial): XMLDBDriver.jar:/home/hyuntae-choi/gcam-core/libs/jars/*:../output/modelinterface/ModelInterface.jar
Launcher Type: generic

[Global flags]
     intx CICompilerCount                          = 12                                        {product} {ergonomic}
     uint ConcGCThreads                            = 4                                         {product} {ergonomic}
     uint G1ConcRefinementThreads                  = 15                                        {product} {ergonomic}
   size_t G1HeapRegionSize                         = 2097152                                   {product} {ergonomic}
    uintx GCDrainStackTargetSize                   = 64                                        {product} {ergonomic}
   size_t InitialHeapSize                          = 260046848                                 {product} {ergonomic}
   size_t MarkStackSize                            = 4194304                                   {product} {ergonomic}
   size_t MaxHeapSize                              = 4154458112                                {product} {ergonomic}
   size_t MaxNewSize                               = 2491416576                                {product} {ergonomic}
   size_t MinHeapDeltaBytes                        = 2097152                                   {product} {ergonomic}
   size_t MinHeapSize                              = 8388608                                   {product} {ergonomic}
    uintx NonNMethodCodeHeapSize                   = 7602480                                {pd product} {ergonomic}
    uintx NonProfiledCodeHeapSize                  = 122027880                              {pd product} {ergonomic}
    uintx ProfiledCodeHeapSize                     = 122027880                              {pd product} {ergonomic}
    uintx ReservedCodeCacheSize                    = 251658240                              {pd product} {ergonomic}
     bool SegmentedCodeCache                       = true                                      {product} {ergonomic}
   size_t SoftMaxHeapSize                          = 4154458112                             {manageable} {ergonomic}
     bool UseCompressedOops                        = true                           {product lp64_product} {ergonomic}
     bool UseG1GC                                  = true                                      {product} {ergonomic}

Logging:
Log output configuration:
 #0: 
[error occurred during error reporting (printing log configuration), id 0xb, SIGSEGV (0xb) at pc=0x00007efa7bf900d6]
Environment Variables:
PATH=/home/hyuntae-choi/anaconda3/bin:/home/hyuntae-choi/anaconda3/condabin:/usr/local/sbin:/usr/local/bin:/usr/sbin:/usr/bin:/sbin:/bin:/usr/games:/usr/local/games:/usr/lib/wsl/lib:/mnt/c/Windows/system32:/mnt/c/Windows:/mnt/c/Windows/System32/Wbem:/mnt/c/Windows/System32/WindowsPowerShell/v1.0:/mnt/c/Windows/System32/OpenSSH:/mnt/c/Program Files (x86)/NVIDIA Corporation/PhysX/Common:/mnt/c/Program Files/NVIDIA Corporation/NVIDIA NvDLISR:/mnt/c/WINDOWS/system32:/mnt/c/WINDOWS:/mnt/c/WINDOWS/System32/Wbem:/mnt/c/WINDOWS/System32/WindowsPowerShell/v1.0:/mnt/c/WINDOWS/System32/OpenSSH:/mnt/c/Program Files/Git/cmd:/mnt/c/Users/HyuntaeChoi/AppData/Local/Microsoft/WindowsApps:/mnt/c/Users/HyuntaeChoi/AppData/Local/Programs/Microsoft VS Code/bin:/snap/bin
SHELL=/bin/bash
DISPLAY=:0
HOSTTYPE=x86_64
LANG=C.UTF-8
TERM=xterm-256color

Active Locale:
LC_ALL=C.UTF-8
LC_COLLATE=C.UTF-8
LC_CTYPE=C.UTF-8
LC_MESSAGES=C.UTF-8
LC_MONETARY=C.UTF-8
LC_NUMERIC=C.UTF-8
LC_TIME=C.UTF-8

Signal Handlers:
   SIGSEGV: crash_handler in libjvm.so, mask=11100100010111111101111111111110, flags=SA_RESTART|SA_SIGINFO, unblocked
    SIGBUS: crash_handler in libjvm.so, mask=11100100010111111101111111111110, flags=SA_RESTART|SA_SIGINFO, unblocked
    SIGFPE: crash_handler in libjvm.so, mask=11100100010111111101111111111110, flags=SA_RESTART|SA_SIGINFO, unblocked
   SIGPIPE: javaSignalHandler in libjvm.so, mask=11100100010111111101111111111110, flags=SA_RESTART|SA_SIGINFO, blocked
   SIGXFSZ: javaSignalHandler in libjvm.so, mask=11100100010111111101111111111110, flags=SA_RESTART|SA_SIGINFO, blocked
    SIGILL: crash_handler in libjvm.so, mask=11100100010111111101111111111110, flags=SA_RESTART|SA_SIGINFO, unblocked
   SIGUSR2: SR_handler in libjvm.so, mask=00000000000000000000000000000000, flags=SA_RESTART|SA_SIGINFO, blocked
    SIGHUP: UserHandler in libjvm.so, mask=11100100010111111101111111111110, flags=SA_RESTART|SA_SIGINFO, blocked
    SIGINT: UserHandler in libjvm.so, mask=11100100010111111101111111111110, flags=SA_RESTART|SA_SIGINFO, blocked
   SIGTERM: UserHandler in libjvm.so, mask=11100100010111111101111111111110, flags=SA_RESTART|SA_SIGINFO, blocked
   SIGQUIT: UserHandler in libjvm.so, mask=11100100010111111101111111111110, flags=SA_RESTART|SA_SIGINFO, blocked
   SIGTRAP: crash_handler in libjvm.so, mask=11100100010111111101111111111110, flags=SA_RESTART|SA_SIGINFO, unblocked


Periodic native trim disabled

---------------  S Y S T E M  ---------------

OS:
DISTRIB_ID=Ubuntu
DISTRIB_RELEASE=24.04
DISTRIB_CODENAME=noble
DISTRIB_DESCRIPTION="Ubuntu 24.04.2 LTS"
uname: Linux 6.6.87.1-microsoft-standard-WSL2 #1 SMP PREEMPT_DYNAMIC Mon Apr 21 17:08:54 UTC 2025 x86_64
OS uptime: 0 days 4:11 hours
libc: glibc 2.39 NPTL 2.39 
rlimit (soft/hard): STACK 8192k/infinity , CORE 0k/infinity , NPROC 63341/63341 , NOFILE 1048576/1048576 , AS infinity/infinity , CPU infinity/infinity , DATA infinity/infinity , FSIZE infinity/infinity , MEMLOCK 65536k/65536k
load average: 0.68 1.11 4.99

/proc/meminfo:
MemTotal:       16225472 kB
MemFree:         5288600 kB
MemAvailable:    8734280 kB
Buffers:           59108 kB
Cached:          3544360 kB
SwapCached:       550272 kB
Active:          3410700 kB
Inactive:        7017932 kB
Active(anon):     348268 kB
Inactive(anon):  6480188 kB
Active(file):    3062432 kB
Inactive(file):   537744 kB
Unevictable:           0 kB
Mlocked:               0 kB
SwapTotal:       4194304 kB
SwapFree:        2684728 kB
Dirty:              4104 kB
Writeback:             0 kB
AnonPages:       6754000 kB
Mapped:           104228 kB
Shmem:              3292 kB
KReclaimable:      64220 kB
Slab:             157880 kB
SReclaimable:      64220 kB
SUnreclaim:        93660 kB
KernelStack:       10064 kB
PageTables:        56628 kB
SecPageTables:         0 kB
NFS_Unstable:          0 kB
Bounce:                0 kB
WritebackTmp:          0 kB
CommitLimit:    12307040 kB
Committed_AS:    9262396 kB
VmallocTotal:   34359738367 kB
VmallocUsed:       36008 kB
VmallocChunk:          0 kB
Percpu:            10080 kB
HardwareCorrupted:     0 kB
AnonHugePages:         0 kB
ShmemHugePages:        0 kB
ShmemPmdMapped:        0 kB
FileHugePages:         0 kB
FilePmdMapped:         0 kB
Unaccepted:            0 kB
HugePages_Total:       0
HugePages_Free:        0
HugePages_Rsvd:        0
HugePages_Surp:        0
Hugepagesize:       2048 kB
Hugetlb:               0 kB
DirectMap4k:       91136 kB
DirectMap2M:     8144896 kB
DirectMap1G:    16777216 kB

/sys/kernel/mm/transparent_hugepage/enabled: always [madvise] never
/sys/kernel/mm/transparent_hugepage/hpage_pmd_size: 2097152
/sys/kernel/mm/transparent_hugepage/defrag (defrag/compaction efforts parameter): always defer defer+madvise [madvise] never

Process Memory:
Virtual Size: 10489048K (peak: 12750604K)
Resident Set Size: 4691712K (peak: 6856692K) (anon: 4663028K, file: 28684K, shmem: 0K)
Swapped out: 0K
C-Heap outstanding allocations: 0K, retained: 0K
glibc malloc tunables: (default)

/proc/sys/kernel/threads-max (system-wide limit on the number of threads): 126683
/proc/sys/vm/max_map_count (maximum number of memory map areas a process may have): 1048576
/proc/sys/vm/swappiness (control to define how aggressively the kernel swaps out anonymous memory): 60
/proc/sys/kernel/pid_max (system-wide limit on number of process identifiers): 4194304

container (cgroup) information:
container_type: cgroupv2
cpu_cpuset_cpus: not supported
cpu_memory_nodes: not supported
active_processor_count: 20
cpu_quota: no quota
cpu_period: 100000
cpu_shares: no shares
memory_limit_in_bytes: unlimited
memory_and_swap_limit_in_bytes: unlimited
memory_soft_limit_in_bytes: unlimited
memory_usage_in_bytes: 10443044 k
memory_max_usage_in_bytes: not supported
memory_swap_current_in_bytes: 1505200 k
memory_swap_max_limit_in_bytes: unlimited
maximum number of tasks: 19002
current number of tasks: 317

Hyper-V virtualization detected
Steal ticks since vm start: 0
Steal ticks percentage since vm start:  0.000

CPU: total 20 (initial active 20) (16 cores per cpu, 2 threads per core) family 6 model 154 stepping 3 microcode 0xffffffff, cx8, cmov, fxsr, ht, mmx, 3dnowpref, sse, sse2, sse3, ssse3, sse4.1, sse4.2, popcnt, lzcnt, tsc, tscinvbit, avx, avx2, aes, erms, clmul, bmi1, bmi2, adx, sha, fma, vzeroupper, clflush, clflushopt, clwb, hv, serialize, rdtscp, rdpid, fsrm, f16c, cet_ibt, cet_ss
CPU Model and flags from /proc/cpuinfo:
model name	: 12th Gen Intel(R) Core(TM) i7-12700H
flags		: fpu vme de pse tsc msr pae mce cx8 apic sep mtrr pge mca cmov pat pse36 clflush mmx fxsr sse sse2 ss ht syscall nx pdpe1gb rdtscp lm constant_tsc rep_good nopl xtopology tsc_reliable nonstop_tsc cpuid tsc_known_freq pni pclmulqdq vmx ssse3 fma cx16 pcid sse4_1 sse4_2 x2apic movbe popcnt tsc_deadline_timer aes xsave avx f16c rdrand hypervisor lahf_lm abm 3dnowprefetch ssbd ibrs ibpb stibp ibrs_enhanced tpr_shadow ept vpid ept_ad fsgsbase tsc_adjust bmi1 avx2 smep bmi2 erms invpcid rdseed adx smap clflushopt clwb sha_ni xsaveopt xsavec xgetbv1 xsaves avx_vnni vnmi umip waitpkg gfni vaes vpclmulqdq rdpid movdiri movdir64b fsrm md_clear serialize flush_l1d arch_capabilities

Online cpus: 0-19
Offline cpus: 
BIOS frequency limitation: <Not Available>
Frequency switch latency (ns): <Not Available>
Available cpu frequencies: <Not Available>
Current governor: <Not Available>
Core performance/turbo boost: <Not Available>

Memory: 4k page, physical 16225472k(8754368k free), swap 4194304k(2684728k free)
Page Sizes: 4k

vm_info: OpenJDK 64-Bit Server VM (21.0.7+6-Ubuntu-0ubuntu124.04) for linux-amd64 JRE (21.0.7+6-Ubuntu-0ubuntu124.04), built on 2025-04-17T05:57:30Z by "buildd" with gcc 13.3.0

END.
