#
# A fatal error has been detected by the Java Runtime Environment:
#
#  SIGSEGV (0xb) at pc=0x00007822352b5ee0, pid=107520, tid=107758
#
# JRE version: OpenJDK Runtime Environment (21.0.7+6) (build 21.0.7+6-Ubuntu-0ubuntu124.04)
# Java VM: OpenJDK 64-Bit Server VM (21.0.7+6-Ubuntu-0ubuntu124.04, mixed mode, sharing, tiered, compressed oops, compressed class ptrs, g1 gc, linux-amd64)
# Problematic frame:
# C  0x00007822352b5ee0
#
# Core dump will be written. Default location: Core dumps may be processed with "/wsl-capture-crash %t %E %p %s" (or dumping to /home/hyuntae-choi/gcam-core/exe/core.107520)
#
# If you would like to submit a bug report, please visit:
#   https://bugs.launchpad.net/ubuntu/+source/openjdk-21
#

---------------  S U M M A R Y ------------

Command Line: -Djava.system.class.loader=WildcardExpandingClassLoader 

Host: 12th Gen Intel(R) Core(TM) i7-12700H, 20 cores, 15G, Ubuntu 24.04.2 LTS
Time: Tue Jul 15 20:53:28 2025 KST elapsed time: 136.518416 seconds (0d 0h 2m 16s)

---------------  T H R E A D  ---------------

Current thread is native thread

Stack: [0x00007823b9d9e000,0x00007823ba19e000],  sp=0x00007823ba19c9b8,  free space=4090k
Native frames: (J=compiled Java code, j=interpreted, Vv=VM code, C=native code)
C  0x00007822352b5ee0

siginfo: si_signo: 11 (SIGSEGV), si_code: 2 (SEGV_ACCERR), si_addr: 0x00007822352b5ee0

Registers:
RAX=0x000078234e544168, RBX=0x00007823da979830, RCX=0x0000000000000005, RDX=0x00007823da979830
RSP=0x00007823ba19c9b8, RBP=0x0000000000000005, RSI=0x00007822fe305e78, RDI=0x000078234e544168
R8 =0x00007822352b5ee0, R9 =0x0000000000000005, R10=0x00007822e97043a0, R11=0x26251cbc824b22f8
R12=0x00007823da979830, R13=0x00007822fe305e40, R14=0x00007822fe305ea8, R15=0x00007823ba19cad0
RIP=0x00007822352b5ee0, EFLAGS=0x0000000000010283, CSGSFS=0x002b000000000033, ERR=0x0000000000000015
  TRAPNO=0x000000000000000e

XMM[0]=0x0000000000000000 0x3ff0000000000000
XMM[1]=0x0000000000000000 0x40178ce6883dd223
XMM[2]=0x0000000000000000 0x3ff0000000000000
XMM[3]=0x0000000000000000 0x0000000000000000
XMM[4]=0x0000000000000000 0x0000000000000000
XMM[5]=0x0000000000000000 0x3ff0000000000000
XMM[6]=0x0000000000000000 0x0000000000000000
XMM[7]=0x0000000000000000 0xbdb68a304ea7e7ca
XMM[8]=0x0000000000000000 0x0000000000000000
XMM[9]=0x0000000000000000 0x3b72ccc7166e0000
XMM[10]=0x0000000000000000 0xbfe567339f458972
XMM[11]=0x0000000000000000 0x3fe9b16ca69969f0
XMM[12]=0x0000000000000000 0xbff2495b9b4845e9
XMM[13]=0x0000000000000000 0x3fe2aaa228472490
XMM[14]=0x3fece584f927ee0f 0x3fece584f927ee0f
XMM[15]=0x3ff654591afeb949 0xbcc1bd8000000000
  MXCSR=0x00001fbf


Top of Stack: (sp=0x00007823ba19c9b8)
0x00007823ba19c9b8:   00005a8613679324 00007823bddb5030
0x00007823ba19c9c8:   40178ce6883dd223 00007822fe3158f8
0x00007823ba19c9d8:   00007823da979830 00007823da979850
0x00007823ba19c9e8:   0000000000000005 00007823ba19cad0
0x00007823ba19c9f8:   00007822fe305ea8 00007823ba19cad0
0x00007823ba19ca08:   00005a86135c7663 0000000000000000
0x00007823ba19ca18:   40178ce6883dd223 0000000000000005
0x00007823ba19ca28:   00007823da979830 00007823da979850
0x00007823ba19ca38:   0000000000000005 00007823bddbda40
0x00007823ba19ca48:   00005a86136b2e7d 0000000000000005
0x00007823ba19ca58:   00005a861367bf2d 0000000000000000
0x00007823ba19ca68:   3fecb3621436f70f 0000000000000000
0x00007823ba19ca78:   81828618e7aa6f00 0000000000000000
0x00007823ba19ca88:   00007822fe305e40 00007823da4953b8
0x00007823ba19ca98:   00007823da979830 00007823da979850
0x00007823ba19caa8:   0000000000000005 00007823ba19cad0
0x00007823ba19cab8:   00005a8613678b36 0000000000000000
0x00007823ba19cac8:   3fecb3621436f70f 00007822fe305e40
0x00007823ba19cad8:   81828618e7aa6f00 00007823ba19cb40
0x00007823ba19cae8:   0000000000000005 00007823da4953b8
0x00007823ba19caf8:   00007823da979800 00007823ba19cb48
0x00007823ba19cb08:   00007823da979850 00007823ba19cb40
0x00007823ba19cb18:   00005a8613673dd3 0000000000000004
0x00007823ba19cb28:   3fecb3621436f70f 0000000000000000
0x00007823ba19cb38:   00007823ba19cb50 00007822e9e86b30
0x00007823ba19cb48:   00007822e9e86b60 00007823c9b6ffb0
0x00007823ba19cb58:   00007823c9b6fff8 00007823c9b6fff8
0x00007823ba19cb68:   81828618e7aa6f00 0000000000000000
0x00007823ba19cb78:   00007823da98c2c0 0000000000000001
0x00007823ba19cb88:   0000000000000005 00007823ba19cc70
0x00007823ba19cb98:   3fecb3621436f70f 000078230d354600
0x00007823ba19cba8:   00005a86136779f4 0000000000000000 

Instructions: (pc=0x00007822352b5ee0)
0x00007822352b5de0:   00 00 00 00 00 00 00 80 00 00 00 00 00 00 00 00
0x00007822352b5df0:   01 00 00 00 22 78 00 00 00 1b 10 70 23 78 00 00
0x00007822352b5e00:   00 00 00 00 00 00 00 00 00 00 00 00 00 00 00 00
0x00007822352b5e10:   e0 d8 39 63 23 78 00 00 14 00 00 00 00 00 00 00
0x00007822352b5e20:   14 00 00 00 00 00 00 00 00 00 00 00 00 00 00 00
0x00007822352b5e30:   10 28 c1 4d 23 78 00 00 00 00 00 00 00 00 00 00
0x00007822352b5e40:   68 d4 92 13 86 5a 00 00 38 d5 92 13 86 5a 00 00
0x00007822352b5e50:   80 f3 2d 35 22 78 00 00 07 00 00 00 0f 00 00 00
0x00007822352b5e60:   70 5e 2b 35 22 78 00 00 04 00 00 00 