#
# A fatal error has been detected by the Java Runtime Environment:
#
#  SIGSEGV (0xb) at pc=0x000056041b3f0ec1, pid=86393, tid=86393
#
# JRE version: OpenJDK Runtime Environment (21.0.8+9) (build 21.0.8+9-Ubuntu-0ubuntu124.04.1)
# Java VM: OpenJDK 64-Bit Server VM (21.0.8+9-Ubuntu-0ubuntu124.04.1, mixed mode, sharing, tiered, compressed oops, compressed class ptrs, g1 gc, linux-amd64)
# Problematic frame:
# C  [gcam.exe+0x3efec1]  objects::AtomRegistry::findAtom(std::__cxx11::basic_string<char, std::char_traits<char>, std::allocator<char> > const&) const+0xf1
#
# Core dump will be written. Default location: Core dumps may be processed with "/wsl-capture-crash %t %E %p %s" (or dumping to /home/hyuntae-choi/gcam-core/exe/core.86393)
#
# If you would like to submit a bug report, please visit:
#   https://bugs.launchpad.net/ubuntu/+source/openjdk-21
# The crash happened outside the Java Virtual Machine in native code.
# See problematic frame for where to report the bug.
#

---------------  S U M M A R Y ------------

Command Line: -Djava.system.class.loader=WildcardExpandingClassLoader 

Host: 12th Gen Intel(R) Core(TM) i7-12700H, 20 cores, 15G, Ubuntu 24.04.2 LTS
Time: Sun Aug 10 17:58:24 2025 KST elapsed time: 35.174735 seconds (0d 0h 0m 35s)

---------------  T H R E A D  ---------------

Current thread (0x00007f6e558a0f00):  JavaThread "main"      [_thread_in_native, id=86393, stack(0x00007fff1b28d000,0x00007fff1b38d000) (1024K)]

Stack: [0x00007fff1b28d000,0x00007fff1b38d000],  sp=0x00007fff1b389630,  free space=1009k
Native frames: (J=compiled Java code, j=interpreted, Vv=VM code, C=native code)
C  [gcam.exe+0x3efec1]  objects::AtomRegistry::findAtom(std::__cxx11::basic_string<char, std::char_traits<char>, std::allocator<char> > const&) const+0xf1

siginfo: si_signo: 11 (SIGSEGV), si_code: 1 (SEGV_MAPERR), si_addr: 0x000000000000000b

Registers:
RAX=0x00ae3445622437b7, RBX=0x0000000000000003, RCX=0xdf442d22ce4859b9, RDX=0x00007f6d751d4650
RSP=0x00007fff1b389630, RBP=0x0000000000000005, RSI=0xe9b6294983b62ace, RDI=0x73c7963911672707
R8 =0x00007f6dc14677e0, R9 =0x00007f6deef847f0, R10=0x87eda3030300a6e3, R11=0x00007f6d751d45b0
R12=0x00007f6dc14677e0, R13=0x00007f6dc1467750, R14=0x00007f6cc7a65800, R15=0x0000000000000f01
RIP=0x000056041b3f0ec1, EFLAGS=0x0000000000010206, CSGSFS=0x002b000000000033, ERR=0x0000000000000004
  TRAPNO=0x000000000000000e

XMM[0]=0x000056041b63e200 0x000056041b63e120
XMM[1]=0x0000000000000000 0x000056041b63e200
XMM[2]=0x00007f6cc79a0ec0 0x00007f6cc7a68190
XMM[3]=0x0000000000000000 0x0000000000000000
XMM[4]=0x0000000000000000 0xbff0000000000000
XMM[5]=0x0000000000000000 0xbff0000000000000
XMM[6]=0x000056041b56c357 0x000056041b62f508
XMM[7]=0x000056041b56c368 0x000056041b62f528
XMM[8]=0x000056041b56c37a 0x000056041b62f548
XMM[9]=0x000056041b56cda3 0x000056041b62f090
XMM[10]=0x000056041b56b7eb 0x000056041b62f1f0
XMM[11]=0x000056041b56c780 0x000056041b62e430
XMM[12]=0x0000000000000000 0x0000000000000000
XMM[13]=0x0000000000000000 0x3fd46d2f83a54c5c
XMM[14]=0x0000000000000000 0x3fbc64b6acada187
XMM[15]=0x0000000000000000 0x3f40a381dd3b6800
  MXCSR=0x00001fb7


Register to memory mapping:

RAX=0x00ae3445622437b7 is an unknown value
RBX=0x0000000000000003 is an unknown value
RCX=0xdf442d22ce4859b9 is an unknown value
RDX=0x00007f6d751d4650 points into unknown readable memory: 0x0000000000000003 | 03 00 00 00 00 00 00 00
RSP=0x00007fff1b389630 is pointing into the stack for thread: 0x00007f6e558a0f00
RBP=0x0000000000000005 is an unknown value
RSI=0xe9b6294983b62ace is an unknown value
RDI=0x73c7963911672707 is an unknown value
R8 =0x00007f6dc14677e0 points into unknown readable memory: 0x000000616e696843 | 43 68 69 6e 61 00 00 00
R9 =0x00007f6deef847f0 points into unknown readable memory: 0x00007f6e5591c800 | 00 c8 91 55 6e 7f 00 00
R10=0x87eda3030300a6e3 is an unknown value
R11=0x00007f6d751d45b0 points into unknown readable memory: 0x00007f6d751d4580 | 80 45 1d 75 6d 7f 00 00
R12=0x00007f6dc14677e0 points into unknown readable memory: 0x000000616e696843 | 43 68 69 6e 61 00 00 00
R13=0x00007f6dc1467750 points into unknown readable memory: 0x00007f6dc1467760 | 60 77 46 c1 6d 7f 00 00
R14=0x00007f6cc7a65800 points into unknown readable memory: 0x000056041b631468 | 68 14 63 1b 04 56 00 00
R15=0x0000000000000f01 is an unknown value

Top of Stack: (sp=0x00007fff1b389630)
0x00007fff1b389630:   00007f6deef84820 00007f6cc7a65800
0x00007fff1b389640:   00007f6dc14677d0 00007f6cc7a65800
0x00007fff1b389650:   0000000000000f01 000056041b2d1b52
0x00007fff1b389660:   0000000000000f97 89862942c3610600
0x00007fff1b389670:   00007f6deef84820 0000000000000f97
0x00007fff1b389680:   00007f6dc14677d0 000056041b2e511d
0x00007fff1b389690:   0000000000000000 00007f6cc7a65800
0x00007fff1b3896a0:   00007f6cc7a65800 89862942c3610600
0x00007fff1b3896b0:   000056041b0cf800 00007f6dc14677d0
0x00007fff1b3896c0:   00007f6cc9d8cbf0 00007f6dc1467740
0x00007fff1b3896d0:   000056041b656ae0 00007f6deef84820
0x00007fff1b3896e0:   00007fff1b3897f0 000056041b140c64
0x00007fff1b3896f0:   00007f6dc14677d0 00007f6dc1467750
0x00007fff1b389700:   00007f6deef84820 000000000000000a
0x00007fff1b389710:   6e752d6563697270 00007f6c00007469
0x00007fff1b389720:   000000000000000a 89862942c3610600
0x00007fff1b389730:   000000000000000a 00007f6dc1467740
0x00007fff1b389740:   00007f6da8b196c0 89862942c3610600
0x00007fff1b389750:   00007f6dc1467740 0000000000000000
0x00007fff1b389760:   00007f6cc9d8cbf0 00007fff1b3897e0
0x00007fff1b389770:   00007f6dc1467740 00007fff1b3898a0
0x00007fff1b389780:   00007fff1b3897f0 000056041b140fbf
0x00007fff1b389790:   000000001b3897e0 00007f6cc7a658a0
0x00007fff1b3897a0:   00007f6cc7a658a0 00007f6e55f68670
0x00007fff1b3897b0:   0000000000000000 89862942c3610600
0x00007fff1b3897c0:   00007f6cc7a61440 00007f6e55f68670
0x00007fff1b3897d0:   00007f6dc14677d0 89862942c3610600
0x00007fff1b3897e0:   00007fff1b3898a0 00007f6dc135a0a0
0x00007fff1b3897f0:   00007f6dc14677d0 00007f6dc1467750
0x00007fff1b389800:   00007fff1b3898a0 89862942c3610600
0x00007fff1b389810:   00007f6dc1467740 00007f6deeee3580
0x00007fff1b389820:   00007f6deeee3598 00007f6d5c29c618 

Instructions: (pc=0x000056041b3f0ec1)
0x000056041b3f0dc1:   0f 1e fa 48 89 c3 e9 ca ee c6 ff 0f 1f 40 00 f3
0x000056041b3f0dd1:   0f 1e fa 41 57 41 56 41 54 55 53 48 8b 6e 08 4c
0x000056041b3f0de1:   8b 5f 08 4c 8b 26 48 be ce 2a b6 83 49 29 b6 e9
0x000056041b3f0df1:   48 89 ef 48 31 f7 48 83 fd 07 0f 86 47 01 00 00
0x000056041b3f0e01:   4c 8d 55 f8 4c 89 e1 49 b9 15 7c 4a 7f b9 79 37
0x000056041b3f0e11:   9e 48 bb b9 59 48 ce 22 2d 44 df 49 c1 ea 03 4f
0x000056041b3f0e21:   8d 44 d4 08 0f 1f 00 48 8b 01 4c 01 ce 48 83 c1
0x000056041b3f0e31:   08 48 01 f0 48 f7 e3 48 31 c2 48 31 d7 4c 39 c1
0x000056041b3f0e41:   75 e5 4d 0f af d1 48 89 e9 48 b8 f8 22 4b 82 bc
0x000056041b3f0e51:   1c 25 26 83 e1 07 49 01 c2 48 83 f9 03 0f 86 9c
0x000056041b3f0e61:   00 00 00 41 8b 44 08 fc 41 8b 10 48 8d 0c cd e0
0x000056041b3f0e71:   ff ff ff 48 d3 e0 48 09 d0 4c 01 d0 48 b9 b9 59
0x000056041b3f0e81:   48 ce 22 2d 44 df 48 f7 e1 48 31 c7 48 31 d7 4c
0x000056041b3f0e91:   01 d7 48 89 f8 48 f7 e1 48 31 d0 31 d2 49 f7 73
0x000056041b3f0ea1:   18 48 c1 e2 04 49 03 13 48 8b 1a 48 85 db 75 10
0x000056041b3f0eb1:   eb 3d 0f 1f 44 00 00 48 8b 5b 30 48 85 db 74 2f
0x000056041b3f0ec1:   48 3b 6b 08 75 f1 48 8b 3b 48 85 ed 74 0f 48 89
0x000056041b3f0ed1:   ea 4c 89 e6 e8 06 14 c5 ff 85 c0 75 da 48 8b 43
0x000056041b3f0ee1:   20 5b 5d 41 5c 41 5e 41 5f c3 0f 1f 44 00 00 5b
0x000056041b3f0ef1:   31 c0 5d 41 5c 41 5e 41 5f c3 0f 1f 44 00 00 4c
0x000056041b3f0f01:   89 d0 48 85 c9 0f 84 71 ff ff ff 48 8d 51 ff 48
0x000056041b3f0f11:   d1 e9 41 0f b6 04 08 c1 e1 03 83 e2 02 41 0f b6
0x000056041b3f0f21:   34 10 48 d3 e0 41 0f b6 08 48 09 c8 48 8d 0c d5
0x000056041b3f0f31:   00 00 00 00 48 d3 e6 48 09 f0 4c 01 d0 e9 3a ff
0x000056041b3f0f41:   ff ff 0f 1f 44 00 00 49 ba e3 a6 00 03 03 a3 ed
0x000056041b3f0f51:   87 48 89 e9 4d 89 e0 e9 fd fe ff ff 90 66 90 f3
0x000056041b3f0f61:   0f 1e fa 0f b6 07 c3 0f 1f 84 00 00 00 00 00 f3
0x000056041b3f0f71:   0f 1e fa b8 67 00 00 00 c3 66 0f 1f 44 00 00 f3
0x000056041b3f0f81:   0f 1e fa 41 57 41 56 41 55 49 89 fd bf 18 00 00
0x000056041b3f0f91:   00 41 54 55 48 89 f5 53 48 81 ec b8 00 00 00 64
0x000056041b3f0fa1:   48 8b 04 25 28 00 00 00 48 89 84 24 a8 00 00 00
0x000056041b3f0fb1:   31 c0 e8 08 14 c5 ff 48 89 c3 4c 8d 60 08 48 89 


Stack slot to memory mapping:

stack at sp + 0 slots: 0x00007f6deef84820 points into unknown readable memory: 0x000056041b631688 | 88 16 63 1b 04 56 00 00
stack at sp + 1 slots: 0x00007f6cc7a65800 points into unknown readable memory: 0x000056041b631468 | 68 14 63 1b 04 56 00 00
stack at sp + 2 slots: 0x00007f6dc14677d0 points into unknown readable memory: 0x00007f6dc14677e0 | e0 77 46 c1 6d 7f 00 00
stack at sp + 3 slots: 0x00007f6cc7a65800 points into unknown readable memory: 0x000056041b631468 | 68 14 63 1b 04 56 00 00
stack at sp + 4 slots: 0x0000000000000f01 is an unknown value
stack at sp + 5 slots: 0x000056041b2d1b52: <offset 0x00000000002d0b52> in ./gcam.exe at 0x000056041b001000
stack at sp + 6 slots: 0x0000000000000f97 is an unknown value
stack at sp + 7 slots: 0x89862942c3610600 is an unknown value


---------------  P R O C E S S  ---------------

Threads class SMR info:
_java_thread_list=0x00007f6e55947f00, length=12, elements={
0x00007f6e558a0f00, 0x00007f6e5599d600, 0x00007f6e5599cf00, 0x00007f6e5599c800,
0x00007f6e5599c100, 0x00007f6e5591f900, 0x00007f6e559c1600, 0x00007f6e559c0b80,
0x00007f6e5591f200, 0x00007f6e5591cf00, 0x00007f6ccad8f900, 0x00007f6ccad8f200
}

Java Threads: ( => current thread )
=>0x00007f6e558a0f00 JavaThread "main"                       [_thread_in_native, id=86393, stack(0x00007fff1b28d000,0x00007fff1b38d000) (1024K)]
  0x00007f6e5599d600 JavaThread "Reference Handler"          [_thread_blocked, id=86401, stack(0x00007f6e3476f000,0x00007f6e3486f000) (1024K)]
  0x00007f6e5599cf00 JavaThread "Finalizer"                  [_thread_blocked, id=86402, stack(0x00007f6e3466f000,0x00007f6e3476f000) (1024K)]
  0x00007f6e5599c800 JavaThread "Signal Dispatcher"          [_thread_blocked, id=86403, stack(0x00007f6e3456f000,0x00007f6e3466f000) (1024K)]
  0x00007f6e5599c100 JavaThread "Service Thread"             [_thread_blocked, id=86404, stack(0x00007f6e3446f000,0x00007f6e3456f000) (1024K)]
  0x00007f6e5591f900 JavaThread "Monitor Deflation Thread"   [_thread_blocked, id=86405, stack(0x00007f6e3436f000,0x00007f6e3446f000) (1024K)]
  0x00007f6e559c1600 JavaThread "C2 CompilerThread0"         [_thread_blocked, id=86406, stack(0x00007f6e3426f000,0x00007f6e3436f000) (1024K)]
  0x00007f6e559c0b80 JavaThread "C1 CompilerThread0"         [_thread_blocked, id=86407, stack(0x00007f6e3416f000,0x00007f6e3426f000) (1024K)]
  0x00007f6e5591f200 JavaThread "Common-Cleaner"             [_thread_blocked, id=86408, stack(0x00007f6e3406f000,0x00007f6e3416f000) (1024K)]
  0x00007f6e5591cf00 JavaThread "Notification Thread"        [_thread_blocked, id=86409, stack(0x00007f6dee300000,0x00007f6dee400000) (1024K)]
  0x00007f6ccad8f900 JavaThread "SIGHUP handler"             [_thread_blocked, id=86511, stack(0x00007f6de5400000,0x00007f6de5500000) (1024K)]
  0x00007f6ccad8f200 JavaThread "SIGHUP handler"             [_thread_blocked, id=86512, stack(0x00007f6ddece4000,0x00007f6ddede4000) (1024K)]
Total: 12

Other Threads:
  0x00007f6e558a4800 VMThread "VM Thread"                           [id=86400, stack(0x00007f6e34870000,0x00007f6e34970000) (1024K)]
  0x00007f6e558a7000 WorkerThread "GC Thread#0"                     [id=86394, stack(0x00007f6e37da3000,0x00007f6e37ea3000) (1024K)]
  0x00007f6e558a6c00 ConcurrentGCThread "G1 Main Marker"            terminated
  0x00007f6e558a6400 WorkerThread "G1 Conc#0"                       [id=86396, stack(0x00007f6e37ba1000,0x00007f6e37ca1000) (1024K)]
  0x00007f6e55875d00 ConcurrentGCThread "G1 Refine#0"               terminated
  0x00007f6e55875600 ConcurrentGCThread "G1 Service"                terminated
Total: 6

Threads with active compile tasks:
Total: 0

VM state: at safepoint (shutting down)

VM Mutex/Monitor currently owned by a thread:  ([mutex/lock_event])
[0x00007f6e57726e10] Threads_lock - owner thread: 0x00007f6e558a4800
[0x00007f6e57726d10] Heap_lock - owner thread: 0x00007f6ccad8f900

Heap address: 0x0000000708600000, size: 3962 MB, Compressed Oops mode: Zero based, Oop shift amount: 3

CDS archive(s) mapped at: [0x00007f6df3000000-0x00007f6df3ca0000-0x00007f6df3ca0000), size 13238272, SharedBaseAddress: 0x00007f6df3000000, ArchiveRelocationMode: 1.
Compressed class space mapped at: 0x00007f6df4000000-0x00007f6e34000000, reserved size: 1073741824
Narrow klass base: 0x00007f6df3000000, Narrow klass shift: 0, Narrow klass range: 0x100000000

GC Precious Log:
 CardTable entry size: 512
 Card Set container configuration: InlinePtr #cards 4 size 8 Array Of Cards #cards 16 size 48 Howl #buckets 8 coarsen threshold 3686 Howl Bitmap #cards 512 size 80 coarsen threshold 460 Card regions per heap region 1 cards per card region 4096
 CPUs: 20 total, 20 available
 Memory: 15845M
 Large Page Support: Disabled
 NUMA Support: Disabled
 Compressed Oops: Enabled (Zero based)
 Heap Region Size: 2M
 Heap Min Capacity: 8M
 Heap Initial Capacity: 248M
 Heap Max Capacity: 3962M
 Pre-touch: Disabled
 Parallel Workers: 15
 Concurrent Workers: 4
 Concurrent Refinement Workers: 15
 Periodic GC: Disabled

Heap:
 garbage-first heap   total 256000K, used 3122K [0x0000000708600000, 0x0000000800000000)
  region size 2048K, 2 young (4096K), 0 survivors (0K)
 Metaspace       used 534K, committed 704K, reserved 1114112K
  class space    used 41K, committed 128K, reserved 1048576K

Heap Regions: E=young(eden), S=young(survivor), O=old, HS=humongous(starts), HC=humongous(continues), CS=collection set, F=free, TAMS=top-at-mark-start, PB=parsable bottom
|   0|0x0000000708600000, 0x0000000708600000, 0x0000000708800000|  0%| F|  |TAMS 0x0000000708600000| PB 0x0000000708600000| Untracked 
|   1|0x0000000708800000, 0x0000000708800000, 0x0000000708a00000|  0%| F|  |TAMS 0x0000000708800000| PB 0x0000000708800000| Untracked 
|   2|0x0000000708a00000, 0x0000000708a00000, 0x0000000708c00000|  0%| F|  |TAMS 0x0000000708a00000| PB 0x0000000708a00000| Untracked 
|   3|0x0000000708c00000, 0x0000000708c00000, 0x0000000708e00000|  0%| F|  |TAMS 0x0000000708c00000| PB 0x0000000708c00000| Untracked 
|   4|0x0000000708e00000, 0x0000000708e00000, 0x0000000709000000|  0%| F|  |TAMS 0x0000000708e00000| PB 0x0000000708e00000| Untracked 
|   5|0x0000000709000000, 0x0000000709000000, 0x0000000709200000|  0%| F|  |TAMS 0x0000000709000000| PB 0x0000000709000000| Untracked 
|   6|0x0000000709200000, 0x0000000709200000, 0x0000000709400000|  0%| F|  |TAMS 0x0000000709200000| PB 0x0000000709200000| Untracked 
|   7|0x0000000709400000, 0x0000000709400000, 0x0000000709600000|  0%| F|  |TAMS 0x0000000709400000| PB 0x0000000709400000| Untracked 
|   8|0x0000000709600000, 0x0000000709600000, 0x0000000709800000|  0%| F|  |TAMS 0x0000000709600000| PB 0x0000000709600000| Untracked 
|   9|0x0000000709800000, 0x0000000709800000, 0x0000000709a00000|  0%| F|  |TAMS 0x0000000709800000| PB 0x0000000709800000| Untracked 
|  10|0x0000000709a00000, 0x0000000709a00000, 0x0000000709c00000|  0%| F|  |TAMS 0x0000000709a00000| PB 0x0000000709a00000| Untracked 
|  11|0x0000000709c00000, 0x0000000709c00000, 0x0000000709e00000|  0%| F|  |TAMS 0x0000000709c00000| PB 0x0000000709c00000| Untracked 
|  12|0x0000000709e00000, 0x0000000709e00000, 0x000000070a000000|  0%| F|  |TAMS 0x0000000709e00000| PB 0x0000000709e00000| Untracked 
|  13|0x000000070a000000, 0x000000070a000000, 0x000000070a200000|  0%| F|  |TAMS 0x000000070a000000| PB 0x000000070a000000| Untracked 
|  14|0x000000070a200000, 0x000000070a200000, 0x000000070a400000|  0%| F|  |TAMS 0x000000070a200000| PB 0x000000070a200000| Untracked 
|  15|0x000000070a400000, 0x000000070a400000, 0x000000070a600000|  0%| F|  |TAMS 0x000000070a400000| PB 0x000000070a400000| Untracked 
|  16|0x000000070a600000, 0x000000070a600000, 0x000000070a800000|  0%| F|  |TAMS 0x000000070a600000| PB 0x000000070a600000| Untracked 
|  17|0x000000070a800000, 0x000000070a800000, 0x000000070aa00000|  0%| F|  |TAMS 0x000000070a800000| PB 0x000000070a800000| Untracked 
|  18|0x000000070aa00000, 0x000000070aa00000, 0x000000070ac00000|  0%| F|  |TAMS 0x000000070aa00000| PB 0x000000070aa00000| Untracked 
|  19|0x000000070ac00000, 0x000000070ac00000, 0x000000070ae00000|  0%| F|  |TAMS 0x000000070ac00000| PB 0x000000070ac00000| Untracked 
|  20|0x000000070ae00000, 0x000000070ae00000, 0x000000070b000000|  0%| F|  |TAMS 0x000000070ae00000| PB 0x000000070ae00000| Untracked 
|  21|0x000000070b000000, 0x000000070b000000, 0x000000070b200000|  0%| F|  |TAMS 0x000000070b000000| PB 0x000000070b000000| Untracked 
|  22|0x000000070b200000, 0x000000070b200000, 0x000000070b400000|  0%| F|  |TAMS 0x000000070b200000| PB 0x000000070b200000| Untracked 
|  23|0x000000070b400000, 0x000000070b400000, 0x000000070b600000|  0%| F|  |TAMS 0x000000070b400000| PB 0x000000070b400000| Untracked 
|  24|0x000000070b600000, 0x000000070b600000, 0x000000070b800000|  0%| F|  |TAMS 0x000000070b600000| PB 0x000000070b600000| Untracked 
|  25|0x000000070b800000, 0x000000070b800000, 0x000000070ba00000|  0%| F|  |TAMS 0x000000070b800000| PB 0x000000070b800000| Untracked 
|  26|0x000000070ba00000, 0x000000070ba00000, 0x000000070bc00000|  0%| F|  |TAMS 0x000000070ba00000| PB 0x000000070ba00000| Untracked 
|  27|0x000000070bc00000, 0x000000070bc00000, 0x000000070be00000|  0%| F|  |TAMS 0x000000070bc00000| PB 0x000000070bc00000| Untracked 
|  28|0x000000070be00000, 0x000000070be00000, 0x000000070c000000|  0%| F|  |TAMS 0x000000070be00000| PB 0x000000070be00000| Untracked 
|  29|0x000000070c000000, 0x000000070c000000, 0x000000070c200000|  0%| F|  |TAMS 0x000000070c000000| PB 0x000000070c000000| Untracked 
|  30|0x000000070c200000, 0x000000070c200000, 0x000000070c400000|  0%| F|  |TAMS 0x000000070c200000| PB 0x000000070c200000| Untracked 
|  31|0x000000070c400000, 0x000000070c400000, 0x000000070c600000|  0%| F|  |TAMS 0x000000070c400000| PB 0x000000070c400000| Untracked 
|  32|0x000000070c600000, 0x000000070c600000, 0x000000070c800000|  0%| F|  |TAMS 0x000000070c600000| PB 0x000000070c600000| Untracked 
|  33|0x000000070c800000, 0x000000070c800000, 0x000000070ca00000|  0%| F|  |TAMS 0x000000070c800000| PB 0x000000070c800000| Untracked 
|  34|0x000000070ca00000, 0x000000070ca00000, 0x000000070cc00000|  0%| F|  |TAMS 0x000000070ca00000| PB 0x000000070ca00000| Untracked 
|  35|0x000000070cc00000, 0x000000070cc00000, 0x000000070ce00000|  0%| F|  |TAMS 0x000000070cc00000| PB 0x000000070cc00000| Untracked 
|  36|0x000000070ce00000, 0x000000070ce00000, 0x000000070d000000|  0%| F|  |TAMS 0x000000070ce00000| PB 0x000000070ce00000| Untracked 
|  37|0x000000070d000000, 0x000000070d000000, 0x000000070d200000|  0%| F|  |TAMS 0x000000070d000000| PB 0x000000070d000000| Untracked 
|  38|0x000000070d200000, 0x000000070d200000, 0x000000070d400000|  0%| F|  |TAMS 0x000000070d200000| PB 0x000000070d200000| Untracked 
|  39|0x000000070d400000, 0x000000070d400000, 0x000000070d600000|  0%| F|  |TAMS 0x000000070d400000| PB 0x000000070d400000| Untracked 
|  40|0x000000070d600000, 0x000000070d600000, 0x000000070d800000|  0%| F|  |TAMS 0x000000070d600000| PB 0x000000070d600000| Untracked 
|  41|0x000000070d800000, 0x000000070d800000, 0x000000070da00000|  0%| F|  |TAMS 0x000000070d800000| PB 0x000000070d800000| Untracked 
|  42|0x000000070da00000, 0x000000070da00000, 0x000000070dc00000|  0%| F|  |TAMS 0x000000070da00000| PB 0x000000070da00000| Untracked 
|  43|0x000000070dc00000, 0x000000070dc00000, 0x000000070de00000|  0%| F|  |TAMS 0x000000070dc00000| PB 0x000000070dc00000| Untracked 
|  44|0x000000070de00000, 0x000000070de00000, 0x000000070e000000|  0%| F|  |TAMS 0x000000070de00000| PB 0x000000070de00000| Untracked 
|  45|0x000000070e000000, 0x000000070e000000, 0x000000070e200000|  0%| F|  |TAMS 0x000000070e000000| PB 0x000000070e000000| Untracked 
|  46|0x000000070e200000, 0x000000070e200000, 0x000000070e400000|  0%| F|  |TAMS 0x000000070e200000| PB 0x000000070e200000| Untracked 
|  47|0x000000070e400000, 0x000000070e400000, 0x000000070e600000|  0%| F|  |TAMS 0x000000070e400000| PB 0x000000070e400000| Untracked 
|  48|0x000000070e600000, 0x000000070e600000, 0x000000070e800000|  0%| F|  |TAMS 0x000000070e600000| PB 0x000000070e600000| Untracked 
|  49|0x000000070e800000, 0x000000070e800000, 0x000000070ea00000|  0%| F|  |TAMS 0x000000070e800000| PB 0x000000070e800000| Untracked 
|  50|0x000000070ea00000, 0x000000070ea00000, 0x000000070ec00000|  0%| F|  |TAMS 0x000000070ea00000| PB 0x000000070ea00000| Untracked 
|  51|0x000000070ec00000, 0x000000070ec00000, 0x000000070ee00000|  0%| F|  |TAMS 0x000000070ec00000| PB 0x000000070ec00000| Untracked 
|  52|0x000000070ee00000, 0x000000070ee00000, 0x000000070f000000|  0%| F|  |TAMS 0x000000070ee00000| PB 0x000000070ee00000| Untracked 
|  53|0x000000070f000000, 0x000000070f000000, 0x000000070f200000|  0%| F|  |TAMS 0x000000070f000000| PB 0x000000070f000000| Untracked 
|  54|0x000000070f200000, 0x000000070f200000, 0x000000070f400000|  0%| F|  |TAMS 0x000000070f200000| PB 0x000000070f200000| Untracked 
|  55|0x000000070f400000, 0x000000070f400000, 0x000000070f600000|  0%| F|  |TAMS 0x000000070f400000| PB 0x000000070f400000| Untracked 
|  56|0x000000070f600000, 0x000000070f600000, 0x000000070f800000|  0%| F|  |TAMS 0x000000070f600000| PB 0x000000070f600000| Untracked 
|  57|0x000000070f800000, 0x000000070f800000, 0x000000070fa00000|  0%| F|  |TAMS 0x000000070f800000| PB 0x000000070f800000| Untracked 
|  58|0x000000070fa00000, 0x000000070fa00000, 0x000000070fc00000|  0%| F|  |TAMS 0x000000070fa00000| PB 0x000000070fa00000| Untracked 
|  59|0x000000070fc00000, 0x000000070fc00000, 0x000000070fe00000|  0%| F|  |TAMS 0x000000070fc00000| PB 0x000000070fc00000| Untracked 
|  60|0x000000070fe00000, 0x000000070fe00000, 0x0000000710000000|  0%| F|  |TAMS 0x000000070fe00000| PB 0x000000070fe00000| Untracked 
|  61|0x0000000710000000, 0x0000000710000000, 0x0000000710200000|  0%| F|  |TAMS 0x0000000710000000| PB 0x0000000710000000| Untracked 
|  62|0x0000000710200000, 0x0000000710200000, 0x0000000710400000|  0%| F|  |TAMS 0x0000000710200000| PB 0x0000000710200000| Untracked 
|  63|0x0000000710400000, 0x0000000710400000, 0x0000000710600000|  0%| F|  |TAMS 0x0000000710400000| PB 0x0000000710400000| Untracked 
|  64|0x0000000710600000, 0x0000000710600000, 0x0000000710800000|  0%| F|  |TAMS 0x0000000710600000| PB 0x0000000710600000| Untracked 
|  65|0x0000000710800000, 0x0000000710800000, 0x0000000710a00000|  0%| F|  |TAMS 0x0000000710800000| PB 0x0000000710800000| Untracked 
|  66|0x0000000710a00000, 0x0000000710a00000, 0x0000000710c00000|  0%| F|  |TAMS 0x0000000710a00000| PB 0x0000000710a00000| Untracked 
|  67|0x0000000710c00000, 0x0000000710c00000, 0x0000000710e00000|  0%| F|  |TAMS 0x0000000710c00000| PB 0x0000000710c00000| Untracked 
|  68|0x0000000710e00000, 0x0000000710e00000, 0x0000000711000000|  0%| F|  |TAMS 0x0000000710e00000| PB 0x0000000710e00000| Untracked 
|  69|0x0000000711000000, 0x0000000711000000, 0x0000000711200000|  0%| F|  |TAMS 0x0000000711000000| PB 0x0000000711000000| Untracked 
|  70|0x0000000711200000, 0x0000000711200000, 0x0000000711400000|  0%| F|  |TAMS 0x0000000711200000| PB 0x0000000711200000| Untracked 
|  71|0x0000000711400000, 0x0000000711400000, 0x0000000711600000|  0%| F|  |TAMS 0x0000000711400000| PB 0x0000000711400000| Untracked 
|  72|0x0000000711600000, 0x0000000711600000, 0x0000000711800000|  0%| F|  |TAMS 0x0000000711600000| PB 0x0000000711600000| Untracked 
|  73|0x0000000711800000, 0x0000000711800000, 0x0000000711a00000|  0%| F|  |TAMS 0x0000000711800000| PB 0x0000000711800000| Untracked 
|  74|0x0000000711a00000, 0x0000000711a00000, 0x0000000711c00000|  0%| F|  |TAMS 0x0000000711a00000| PB 0x0000000711a00000| Untracked 
|  75|0x0000000711c00000, 0x0000000711c00000, 0x0000000711e00000|  0%| F|  |TAMS 0x0000000711c00000| PB 0x0000000711c00000| Untracked 
|  76|0x0000000711e00000, 0x0000000711e00000, 0x0000000712000000|  0%| F|  |TAMS 0x0000000711e00000| PB 0x0000000711e00000| Untracked 
|  77|0x0000000712000000, 0x0000000712000000, 0x0000000712200000|  0%| F|  |TAMS 0x0000000712000000| PB 0x0000000712000000| Untracked 
|  78|0x0000000712200000, 0x0000000712200000, 0x0000000712400000|  0%| F|  |TAMS 0x0000000712200000| PB 0x0000000712200000| Untracked 
|  79|0x0000000712400000, 0x0000000712400000, 0x0000000712600000|  0%| F|  |TAMS 0x0000000712400000| PB 0x0000000712400000| Untracked 
|  80|0x0000000712600000, 0x0000000712600000, 0x0000000712800000|  0%| F|  |TAMS 0x0000000712600000| PB 0x0000000712600000| Untracked 
|  81|0x0000000712800000, 0x0000000712800000, 0x0000000712a00000|  0%| F|  |TAMS 0x0000000712800000| PB 0x0000000712800000| Untracked 
|  82|0x0000000712a00000, 0x0000000712a00000, 0x0000000712c00000|  0%| F|  |TAMS 0x0000000712a00000| PB 0x0000000712a00000| Untracked 
|  83|0x0000000712c00000, 0x0000000712c00000, 0x0000000712e00000|  0%| F|  |TAMS 0x0000000712c00000| PB 0x0000000712c00000| Untracked 
|  84|0x0000000712e00000, 0x0000000712e00000, 0x0000000713000000|  0%| F|  |TAMS 0x0000000712e00000| PB 0x0000000712e00000| Untracked 
|  85|0x0000000713000000, 0x0000000713000000, 0x0000000713200000|  0%| F|  |TAMS 0x0000000713000000| PB 0x0000000713000000| Untracked 
|  86|0x0000000713200000, 0x0000000713200000, 0x0000000713400000|  0%| F|  |TAMS 0x0000000713200000| PB 0x0000000713200000| Untracked 
|  87|0x0000000713400000, 0x0000000713400000, 0x0000000713600000|  0%| F|  |TAMS 0x0000000713400000| PB 0x0000000713400000| Untracked 
|  88|0x0000000713600000, 0x0000000713600000, 0x0000000713800000|  0%| F|  |TAMS 0x0000000713600000| PB 0x0000000713600000| Untracked 
|  89|0x0000000713800000, 0x0000000713800000, 0x0000000713a00000|  0%| F|  |TAMS 0x0000000713800000| PB 0x0000000713800000| Untracked 
|  90|0x0000000713a00000, 0x0000000713a00000, 0x0000000713c00000|  0%| F|  |TAMS 0x0000000713a00000| PB 0x0000000713a00000| Untracked 
|  91|0x0000000713c00000, 0x0000000713c00000, 0x0000000713e00000|  0%| F|  |TAMS 0x0000000713c00000| PB 0x0000000713c00000| Untracked 
|  92|0x0000000713e00000, 0x0000000713e00000, 0x0000000714000000|  0%| F|  |TAMS 0x0000000713e00000| PB 0x0000000713e00000| Untracked 
|  93|0x0000000714000000, 0x0000000714000000, 0x0000000714200000|  0%| F|  |TAMS 0x0000000714000000| PB 0x0000000714000000| Untracked 
|  94|0x0000000714200000, 0x0000000714200000, 0x0000000714400000|  0%| F|  |TAMS 0x0000000714200000| PB 0x0000000714200000| Untracked 
|  95|0x0000000714400000, 0x0000000714400000, 0x0000000714600000|  0%| F|  |TAMS 0x0000000714400000| PB 0x0000000714400000| Untracked 
|  96|0x0000000714600000, 0x0000000714600000, 0x0000000714800000|  0%| F|  |TAMS 0x0000000714600000| PB 0x0000000714600000| Untracked 
|  97|0x0000000714800000, 0x0000000714800000, 0x0000000714a00000|  0%| F|  |TAMS 0x0000000714800000| PB 0x0000000714800000| Untracked 
|  98|0x0000000714a00000, 0x0000000714a00000, 0x0000000714c00000|  0%| F|  |TAMS 0x0000000714a00000| PB 0x0000000714a00000| Untracked 
|  99|0x0000000714c00000, 0x0000000714c00000, 0x0000000714e00000|  0%| F|  |TAMS 0x0000000714c00000| PB 0x0000000714c00000| Untracked 
| 100|0x0000000714e00000, 0x0000000714e00000, 0x0000000715000000|  0%| F|  |TAMS 0x0000000714e00000| PB 0x0000000714e00000| Untracked 
| 101|0x0000000715000000, 0x0000000715000000, 0x0000000715200000|  0%| F|  |TAMS 0x0000000715000000| PB 0x0000000715000000| Untracked 
| 102|0x0000000715200000, 0x0000000715200000, 0x0000000715400000|  0%| F|  |TAMS 0x0000000715200000| PB 0x0000000715200000| Untracked 
| 103|0x0000000715400000, 0x0000000715400000, 0x0000000715600000|  0%| F|  |TAMS 0x0000000715400000| PB 0x0000000715400000| Untracked 
| 104|0x0000000715600000, 0x0000000715600000, 0x0000000715800000|  0%| F|  |TAMS 0x0000000715600000| PB 0x0000000715600000| Untracked 
| 105|0x0000000715800000, 0x0000000715800000, 0x0000000715a00000|  0%| F|  |TAMS 0x0000000715800000| PB 0x0000000715800000| Untracked 
| 106|0x0000000715a00000, 0x0000000715a00000, 0x0000000715c00000|  0%| F|  |TAMS 0x0000000715a00000| PB 0x0000000715a00000| Untracked 
| 107|0x0000000715c00000, 0x0000000715c00000, 0x0000000715e00000|  0%| F|  |TAMS 0x0000000715c00000| PB 0x0000000715c00000| Untracked 
| 108|0x0000000715e00000, 0x0000000715e00000, 0x0000000716000000|  0%| F|  |TAMS 0x0000000715e00000| PB 0x0000000715e00000| Untracked 
| 109|0x0000000716000000, 0x0000000716000000, 0x0000000716200000|  0%| F|  |TAMS 0x0000000716000000| PB 0x0000000716000000| Untracked 
| 110|0x0000000716200000, 0x0000000716200000, 0x0000000716400000|  0%| F|  |TAMS 0x0000000716200000| PB 0x0000000716200000| Untracked 
| 111|0x0000000716400000, 0x0000000716400000, 0x0000000716600000|  0%| F|  |TAMS 0x0000000716400000| PB 0x0000000716400000| Untracked 
| 112|0x0000000716600000, 0x0000000716600000, 0x0000000716800000|  0%| F|  |TAMS 0x0000000716600000| PB 0x0000000716600000| Untracked 
| 113|0x0000000716800000, 0x0000000716800000, 0x0000000716a00000|  0%| F|  |TAMS 0x0000000716800000| PB 0x0000000716800000| Untracked 
| 114|0x0000000716a00000, 0x0000000716a00000, 0x0000000716c00000|  0%| F|  |TAMS 0x0000000716a00000| PB 0x0000000716a00000| Untracked 
| 115|0x0000000716c00000, 0x0000000716c00000, 0x0000000716e00000|  0%| F|  |TAMS 0x0000000716c00000| PB 0x0000000716c00000| Untracked 
| 116|0x0000000716e00000, 0x0000000716e00000, 0x0000000717000000|  0%| F|  |TAMS 0x0000000716e00000| PB 0x0000000716e00000| Untracked 
| 117|0x0000000717000000, 0x0000000717000000, 0x0000000717200000|  0%| F|  |TAMS 0x0000000717000000| PB 0x0000000717000000| Untracked 
| 118|0x0000000717200000, 0x0000000717200000, 0x0000000717400000|  0%| F|  |TAMS 0x0000000717200000| PB 0x0000000717200000| Untracked 
| 119|0x0000000717400000, 0x0000000717400000, 0x0000000717600000|  0%| F|  |TAMS 0x0000000717400000| PB 0x0000000717400000| Untracked 
| 120|0x0000000717600000, 0x0000000717600000, 0x0000000717800000|  0%| F|  |TAMS 0x0000000717600000| PB 0x0000000717600000| Untracked 
| 121|0x0000000717800000, 0x0000000717800000, 0x0000000717a00000|  0%| F|  |TAMS 0x0000000717800000| PB 0x0000000717800000| Untracked 
| 122|0x0000000717a00000, 0x0000000717c00000, 0x0000000717c00000|100%| E|  |TAMS 0x0000000717a00000| PB 0x0000000717a00000| Complete 
| 123|0x0000000717c00000, 0x0000000717e00000, 0x0000000717e00000|100%| E|CS|TAMS 0x0000000717c00000| PB 0x0000000717c00000| Complete 
|1980|0x00000007ffe00000, 0x00000007fff0c8b0, 0x0000000800000000| 52%| O|  |TAMS 0x00000007ffe00000| PB 0x00000007ffe00000| Untracked 

Card table byte_map: [0x00007f6e3bd87000,0x00007f6e3c544000] _byte_map_base: 0x00007f6e38544000

Marking Bits: (CMBitMap*) 0x00007f6e55876410
 Bits: [0x00007f6e37f9f000, 0x00007f6e3bd87000)

Polling page: 0x00007f6e5780d000

Metaspace:

Usage:
  Non-class:    492.68 KB used.
      Class:     41.69 KB used.
       Both:    534.37 KB used.

Virtual space:
  Non-class space:       64.00 MB reserved,     576.00 KB ( <1%) committed,  1 nodes.
      Class space:        1.00 GB reserved,     128.00 KB ( <1%) committed,  1 nodes.
             Both:        1.06 GB reserved,     704.00 KB ( <1%) committed. 

Chunk freelists:
   Non-Class:  11.96 MB
       Class:  15.74 MB
        Both:  27.70 MB

MaxMetaspaceSize: unlimited
CompressedClassSpaceSize: 1.00 GB
Initial GC threshold: 21.00 MB
Current GC threshold: 21.00 MB
CDS: on
 - commit_granule_bytes: 65536.
 - commit_granule_words: 8192.
 - virtual_space_node_default_size: 8388608.
 - enlarge_chunks_in_place: 1.
 - use_allocation_guard: 0.


Internal statistics:

num_allocs_failed_limit: 0.
num_arena_births: 14.
num_arena_deaths: 0.
num_vsnodes_births: 2.
num_vsnodes_deaths: 0.
num_space_committed: 11.
num_space_uncommitted: 0.
num_chunks_returned_to_freelist: 0.
num_chunks_taken_from_freelist: 20.
num_chunk_merges: 0.
num_chunk_splits: 13.
num_chunks_enlarged: 6.
num_inconsistent_stats: 0.

CodeHeap 'non-profiled nmethods': size=119168Kb used=53Kb max_used=53Kb free=119114Kb
 bounds [0x00007f6e459a0000, 0x00007f6e45c10000, 0x00007f6e4ce00000]
CodeHeap 'profiled nmethods': size=119164Kb used=203Kb max_used=203Kb free=118960Kb
 bounds [0x00007f6e3de00000, 0x00007f6e3e070000, 0x00007f6e4525f000]
CodeHeap 'non-nmethods': size=7428Kb used=1258Kb max_used=1272Kb free=6169Kb
 bounds [0x00007f6e4525f000, 0x00007f6e454cf000, 0x00007f6e459a0000]
CodeCache: size=245760Kb, used=1514Kb, max_used=1528Kb, free=244243Kb
 total_blobs=566, nmethods=175, adapters=297, full_count=0
Compilation: enabled, stopped_count=0, restarted_count=0

Compilation events (20 events):
Event: 34.774 Thread 0x00007f6e559c0b80 nmethod 166 0x00007f6e3de30810 code [0x00007f6e3de309c0, 0x00007f6e3de30be0]
Event: 34.774 Thread 0x00007f6e559c0b80  167       3       jdk.internal.util.Preconditions::checkFromIndexSize (25 bytes)
Event: 34.774 Thread 0x00007f6e559c0b80 nmethod 167 0x00007f6e3de30c90 code [0x00007f6e3de30e40, 0x00007f6e3de30fe8]
Event: 34.774 Thread 0x00007f6e559c0b80  168       3       java.lang.String::<init> (15 bytes)
Event: 34.774 Thread 0x00007f6e559c0b80 nmethod 168 0x00007f6e3de31110 code [0x00007f6e3de312a0, 0x00007f6e3de31468]
Event: 34.774 Thread 0x00007f6e559c0b80  170       3       jdk.internal.misc.Unsafe::getLongUnaligned (173 bytes)
Event: 34.775 Thread 0x00007f6e559c0b80 nmethod 170 0x00007f6e3de31510 code [0x00007f6e3de31700, 0x00007f6e3de31ad8]
Event: 34.776 Thread 0x00007f6e559c0b80  171       1       java.net.URL::getProtocol (5 bytes)
Event: 34.776 Thread 0x00007f6e559c0b80 nmethod 171 0x00007f6e459ac910 code [0x00007f6e459acaa0, 0x00007f6e459acb68]
Event: 34.776 Thread 0x00007f6e559c0b80  172       3       java.lang.String::startsWith (7 bytes)
Event: 34.776 Thread 0x00007f6e559c0b80 nmethod 172 0x00007f6e3de31b90 code [0x00007f6e3de31d40, 0x00007f6e3de31e80]
Event: 34.776 Thread 0x00007f6e559c0b80  173       3       jdk.internal.util.ArraysSupport::mismatch (103 bytes)
Event: 34.776 Thread 0x00007f6e559c0b80 nmethod 173 0x00007f6e3de31f10 code [0x00007f6e3de320e0, 0x00007f6e3de324e8]
Event: 34.776 Thread 0x00007f6e559c0b80  174       3       java.util.Arrays::copyOf (33 bytes)
Event: 34.777 Thread 0x00007f6e559c0b80 nmethod 174 0x00007f6e3de32710 code [0x00007f6e3de328e0, 0x00007f6e3de32dc0]
Event: 34.777 Thread 0x00007f6e559c1600 nmethod 165 0x00007f6e459acc10 code [0x00007f6e459acda0, 0x00007f6e459acfd0]
Event: 34.777 Thread 0x00007f6e559c1600  169       4       java.lang.String::coder (15 bytes)
Event: 34.777 Thread 0x00007f6e559c1600 nmethod 169 0x00007f6e459ad110 code [0x00007f6e459ad280, 0x00007f6e459ad310]
Event: 34.780 Thread 0x00007f6e559c0b80  175       1       java.lang.invoke.MethodType::form (5 bytes)
Event: 34.780 Thread 0x00007f6e559c0b80 nmethod 175 0x00007f6e459ad410 code [0x00007f6e459ad5a0, 0x00007f6e459ad668]

GC Heap History (0 events):
No events

Dll operation events (5 events):
Event: 0.006 Loaded shared library /usr/lib/jvm/java-21-openjdk-amd64/lib/libjava.so
Event: 0.125 Loaded shared library /usr/lib/jvm/java-21-openjdk-amd64/lib/libjsvml.so
Event: 0.133 Loaded shared library /usr/lib/jvm/java-21-openjdk-amd64/lib/libnio.so
Event: 0.138 Loaded shared library /usr/lib/jvm/java-21-openjdk-amd64/lib/libzip.so
Event: 34.763 Loaded shared library /usr/lib/jvm/java-21-openjdk-amd64/lib/libjimage.so

Deoptimization events (0 events):
No events

Classes loaded (20 events):
Event: 34.777 Loading class jdk/internal/logger/AbstractLoggerWrapper
Event: 34.777 Loading class jdk/internal/logger/AbstractLoggerWrapper done
Event: 34.777 Loading class jdk/internal/logger/LazyLoggers$LazyLoggerWrapper done
Event: 34.777 Loading class jdk/internal/logger/LazyLoggers$JdkLazyLogger done
Event: 34.777 Loading class jdk/internal/logger/LazyLoggers$LazyLoggerAccessor
Event: 34.778 Loading class jdk/internal/logger/LazyLoggers$LoggerAccessor
Event: 34.778 Loading class jdk/internal/logger/LazyLoggers$LoggerAccessor done
Event: 34.778 Loading class jdk/internal/logger/LazyLoggers$LazyLoggerAccessor done
Event: 34.778 Loading class java/lang/System$Logger$Level
Event: 34.778 Loading class java/lang/System$Logger$Level done
Event: 34.778 Loading class jdk/internal/logger/SurrogateLogger
Event: 34.779 Loading class jdk/internal/logger/SimpleConsoleLogger
Event: 34.779 Loading class sun/util/logging/PlatformLogger$ConfigurableBridge$LoggerConfiguration
Event: 34.779 Loading class sun/util/logging/PlatformLogger$ConfigurableBridge$LoggerConfiguration done
Event: 34.779 Loading class jdk/internal/logger/SimpleConsoleLogger done
Event: 34.780 Loading class jdk/internal/logger/SurrogateLogger done
Event: 34.780 Loading class sun/util/logging/PlatformLogger
Event: 34.780 Loading class sun/util/logging/PlatformLogger done
Event: 34.780 Loading class sun/util/logging/PlatformLogger$Level
Event: 34.780 Loading class sun/util/logging/PlatformLogger$Level done

Classes unloaded (0 events):
No events

Classes redefined (0 events):
No events

Internal exceptions (0 events):
No events

ZGC Phase Switch (0 events):
No events

VM Operations (5 events):
Event: 0.162 Executing VM operation: HandshakeAllThreads (Deoptimize)
Event: 0.162 Executing VM operation: HandshakeAllThreads (Deoptimize) done
Event: 1.164 Executing VM operation: Cleanup
Event: 1.164 Executing VM operation: Cleanup done
Event: 34.783 Executing VM operation: Exit

Memory protections (12 events):
Event: 0.003 Protecting memory [0x00007fff1b28d000,0x00007fff1b291000] with protection modes 0
Event: 0.121 Protecting memory [0x00007f6e3476f000,0x00007f6e34773000] with protection modes 0
Event: 0.122 Protecting memory [0x00007f6e3466f000,0x00007f6e34673000] with protection modes 0
Event: 0.122 Protecting memory [0x00007f6e3456f000,0x00007f6e34573000] with protection modes 0
Event: 0.122 Protecting memory [0x00007f6e3446f000,0x00007f6e34473000] with protection modes 0
Event: 0.122 Protecting memory [0x00007f6e3436f000,0x00007f6e34373000] with protection modes 0
Event: 0.123 Protecting memory [0x00007f6e3426f000,0x00007f6e34273000] with protection modes 0
Event: 0.123 Protecting memory [0x00007f6e3416f000,0x00007f6e34173000] with protection modes 0
Event: 0.130 Protecting memory [0x00007f6e3406f000,0x00007f6e34073000] with protection modes 0
Event: 0.148 Protecting memory [0x00007f6dee300000,0x00007f6dee304000] with protection modes 0
Event: 34.742 Protecting memory [0x00007f6de5400000,0x00007f6de5404000] with protection modes 0
Event: 34.742 Protecting memory [0x00007f6ddece4000,0x00007f6ddece8000] with protection modes 0

Nmethod flushes (0 events):
No events

Events (13 events):
Event: 0.114 Thread 0x00007f6e558a0f00 Thread added: 0x00007f6e558a0f00
Event: 0.121 Thread 0x00007f6e558a0f00 Thread added: 0x00007f6e5599d600
Event: 0.121 Thread 0x00007f6e558a0f00 Thread added: 0x00007f6e5599cf00
Event: 0.122 Thread 0x00007f6e558a0f00 Thread added: 0x00007f6e5599c800
Event: 0.122 Thread 0x00007f6e558a0f00 Thread added: 0x00007f6e5599c100
Event: 0.122 Thread 0x00007f6e558a0f00 Thread added: 0x00007f6e5591f900
Event: 0.123 Thread 0x00007f6e558a0f00 Thread added: 0x00007f6e559c1600
Event: 0.123 Thread 0x00007f6e558a0f00 Thread added: 0x00007f6e559c0b80
Event: 0.130 Thread 0x00007f6e558a0f00 Thread added: 0x00007f6e5591f200
Event: 0.148 Thread 0x00007f6e558a0f00 Thread added: 0x00007f6e5591cf00
Event: 34.742 Thread 0x00007f6e5599c800 Thread added: 0x00007f6ccad8f900
Event: 34.742 Thread 0x00007f6e5599c800 Thread added: 0x00007f6ccad8f200
Event: 34.781 Thread 0x00007f6ccad8f900 Before exit entered


Dynamic libraries:
708600000-717e00000 rw-p 00000000 00:00 0 
717e00000-7ffe00000 ---p 00000000 00:00 0 
7ffe00000-7fff0d000 rw-p 00cdf000 08:30 467580                           /usr/lib/jvm/java-21-openjdk-amd64/lib/server/classes.jsa
7fff0d000-800000000 rw-p 00000000 00:00 0 
56041b001000-56041b041000 r--p 00000000 08:30 90566                      /home/hyuntae-choi/gcam-core/exe/gcam.exe
56041b041000-56041b561000 r-xp 00040000 08:30 90566                      /home/hyuntae-choi/gcam-core/exe/gcam.exe
56041b561000-56041b62e000 r--p 00560000 08:30 90566                      /home/hyuntae-choi/gcam-core/exe/gcam.exe
56041b62e000-56041b644000 r--p 0062d000 08:30 90566                      /home/hyuntae-choi/gcam-core/exe/gcam.exe
56041b644000-56041b645000 rw-p 00643000 08:30 90566                      /home/hyuntae-choi/gcam-core/exe/gcam.exe
56041b645000-56041b65a000 rw-p 00000000 00:00 0 
7f6c439f2000-7f6c451f2000 rw-p 00000000 00:00 0 
7f6c45df6000-7f6c51df6000 rw-p 00000000 00:00 0 
7f6c529fa000-7f6c601fa000 rw-p 00000000 00:00 0 
7f6cc71ff000-7f6cd6e00000 rw-p 00000000 00:00 0 
7f6cd6f00000-7f6ce2000000 rw-p 00000000 00:00 0 
7f6ce2200000-7f6ce4000000 rw-p 00000000 00:00 0 
7f6ce4248000-7f6ce4549000 rw-p 00000000 00:00 0 
7f6ce484a000-7f6d0434b000 rw-p 00000000 00:00 0 
7f6d0434e000-7f6d04f4f000 rw-p 00000000 00:00 0 
7f6d0510a000-7f6d0630a000 rw-p 00000000 00:00 0 
7f6d064e1000-7f6d0f209000 rw-p 00000000 00:00 0 
7f6d0f50a000-7f6d0fb0c000 rw-p 00000000 00:00 0 
7f6d42200000-7f6d42e00000 rw-p 00000000 00:00 0 
7f6d43c00000-7f6d4ae00000 rw-p 00000000 00:00 0 
7f6d4b600000-7f6d4ce00000 rw-p 00000000 00:00 0 
7f6d4dcfd000-7f6d5a8fd000 rw-p 00000000 00:00 0 
7f6d5b443000-7f6d5de43000 rw-p 00000000 00:00 0 
7f6d5ea47000-7f6d69247000 rw-p 00000000 00:00 0 
7f6d69b7e000-7f6d9777e000 rw-p 00000000 00:00 0 
7f6d97900000-7f6d9ac00000 rw-p 00000000 00:00 0 
7f6d9ae00000-7f6d9c000000 rw-p 00000000 00:00 0 
7f6d9dc00000-7f6d9e800000 rw-p 00000000 00:00 0 
7f6d9e900000-7f6da4600000 rw-p 00000000 00:00 0 
7f6da4700000-7f6da6e00000 rw-p 00000000 00:00 0 
7f6da7024000-7f6da8b24000 rw-p 00000000 00:00 0 
7f6da8b7a000-7f6dc4d7a000 rw-p 00000000 00:00 0 
7f6dc4d7b000-7f6dc507b000 rw-p 00000000 00:00 0 
7f6dc507d000-7f6dc567d000 rw-p 00000000 00:00 0 
7f6dc597f000-7f6dc5c7f000 rw-p 00000000 00:00 0 
7f6dc5c80000-7f6dc5f80000 rw-p 00000000 00:00 0 
7f6dc6281000-7f6dc6e81000 rw-p 00000000 00:00 0 
7f6dcdaa6000-7f6dcdda6000 rw-p 00000000 00:00 0 
7f6ddece4000-7f6ddece8000 ---p 00000000 00:00 0 
7f6ddece8000-7f6ddf6e4000 rw-p 00000000 00:00 0 
7f6ddfce7000-7f6ddffe7000 rw-p 00000000 00:00 0 
7f6de1af8000-7f6de3bf8000 rw-p 00000000 00:00 0 
7f6de5400000-7f6de5404000 ---p 00000000 00:00 0 
7f6de5404000-7f6de5800000 rw-p 00000000 00:00 0 
7f6de5bee000-7f6de5eef000 rw-p 00000000 00:00 0 
7f6de64f1000-7f6de9e00000 rw-p 00000000 00:00 0 
7f6de9ef7000-7f6debcf9000 rw-p 00000000 00:00 0 
7f6debffa000-7f6deceff000 rw-p 00000000 00:00 0 
7f6decf8a000-7f6ded6fc000 rw-p 00000000 00:00 0 
7f6ded9fd000-7f6dee300000 rw-p 00000000 00:00 0 
7f6dee300000-7f6dee304000 ---p 00000000 00:00 0 
7f6dee304000-7f6def080000 rw-p 00000000 00:00 0 
7f6def080000-7f6def400000 ---p 00000000 00:00 0 
7f6def400000-7f6def410000 rw-p 00000000 00:00 0 
7f6def410000-7f6df3000000 ---p 00000000 00:00 0 
7f6df3000000-7f6df3ca0000 rw-p 00001000 08:30 467580                     /usr/lib/jvm/java-21-openjdk-amd64/lib/server/classes.jsa
7f6df3ca0000-7f6df4000000 ---p 00000000 00:00 0 
7f6df4000000-7f6df4010000 rw-p 00000000 00:00 0 
7f6df4010000-7f6df4040000 ---p 00000000 00:00 0 
7f6df4040000-7f6df4050000 rw-p 00000000 00:00 0 
7f6df4050000-7f6e34000000 ---p 00000000 00:00 0 
7f6e3400f000-7f6e3406f000 rw-p 00000000 00:00 0 
7f6e3406f000-7f6e34073000 ---p 00000000 00:00 0 
7f6e34073000-7f6e3416f000 rw-p 00000000 00:00 0 
7f6e3416f000-7f6e34173000 ---p 00000000 00:00 0 
7f6e34173000-7f6e3426f000 rw-p 00000000 00:00 0 
7f6e3426f000-7f6e34273000 ---p 00000000 00:00 0 
7f6e34273000-7f6e3436f000 rw-p 00000000 00:00 0 
7f6e3436f000-7f6e34373000 ---p 00000000 00:00 0 
7f6e34373000-7f6e3446f000 rw-p 00000000 00:00 0 
7f6e3446f000-7f6e34473000 ---p 00000000 00:00 0 
7f6e34473000-7f6e3456f000 rw-p 00000000 00:00 0 
7f6e3456f000-7f6e34573000 ---p 00000000 00:00 0 
7f6e34573000-7f6e3466f000 rw-p 00000000 00:00 0 
7f6e3466f000-7f6e34673000 ---p 00000000 00:00 0 
7f6e34673000-7f6e3476f000 rw-p 00000000 00:00 0 
7f6e3476f000-7f6e34773000 ---p 00000000 00:00 0 
7f6e34773000-7f6e3486f000 rw-p 00000000 00:00 0 
7f6e3486f000-7f6e34870000 ---p 00000000 00:00 0 
7f6e34870000-7f6e34970000 rw-p 00000000 00:00 0 
7f6e34970000-7f6e34971000 ---p 00000000 00:00 0 
7f6e34971000-7f6e34a71000 rw-p 00000000 00:00 0 
7f6e34a71000-7f6e34a72000 ---p 00000000 00:00 0 
7f6e34a72000-7f6e34b72000 rw-p 00000000 00:00 0 
7f6e34b72000-7f6e34b73000 ---p 00000000 00:00 0 
7f6e34b73000-7f6e37ba0000 rw-p 00000000 00:00 0 
7f6e37ba0000-7f6e37ba1000 ---p 00000000 00:00 0 
7f6e37ba1000-7f6e37ca1000 rw-p 00000000 00:00 0 
7f6e37ca1000-7f6e37ca2000 ---p 00000000 00:00 0 
7f6e37ca2000-7f6e37da2000 rw-p 00000000 00:00 0 
7f6e37da2000-7f6e37da3000 ---p 00000000 00:00 0 
7f6e37da3000-7f6e3837f000 rw-p 00000000 00:00 0 
7f6e3837f000-7f6e3bd7f000 ---p 00000000 00:00 0 
7f6e3bd7f000-7f6e3be03000 rw-p 00000000 00:00 0 
7f6e3be03000-7f6e3c543000 ---p 00000000 00:00 0 
7f6e3c543000-7f6e3c5c0000 rw-p 00000000 00:00 0 
7f6e3c5c0000-7f6e3cd00000 ---p 00000000 00:00 0 
7f6e3cd00000-7f6e3dc33000 rw-p 00000000 00:00 0 
7f6e3dc33000-7f6e3dd17000 ---p 00000000 00:00 0 
7f6e3dd17000-7f6e3dd1c000 rw-p 00000000 00:00 0 
7f6e3dd1c000-7f6e3de00000 ---p 00000000 00:00 0 
7f6e3de00000-7f6e3e070000 rwxp 00000000 00:00 0 
7f6e3e070000-7f6e4525f000 ---p 00000000 00:00 0 
7f6e4525f000-7f6e454cf000 rwxp 00000000 00:00 0 
7f6e454cf000-7f6e459a0000 ---p 00000000 00:00 0 
7f6e459a0000-7f6e45c10000 rwxp 00000000 00:00 0 
7f6e45c10000-7f6e4ce00000 ---p 00000000 00:00 0 
7f6e4ce00000-7f6e5542a000 r--s 00000000 08:30 89122                      /usr/lib/jvm/java-21-openjdk-amd64/lib/modules
7f6e5542c000-7f6e55431000 r--p 00000000 08:30 89106                      /usr/lib/jvm/java-21-openjdk-amd64/lib/libjsvml.so
7f6e55431000-7f6e55472000 r-xp 00005000 08:30 89106                      /usr/lib/jvm/java-21-openjdk-amd64/lib/libjsvml.so
7f6e55472000-7f6e554fb000 r--p 00046000 08:30 89106                      /usr/lib/jvm/java-21-openjdk-amd64/lib/libjsvml.so
7f6e554fb000-7f6e554fc000 r--p 000ce000 08:30 89106                      /usr/lib/jvm/java-21-openjdk-amd64/lib/libjsvml.so
7f6e554fc000-7f6e554fd000 rw-p 000cf000 08:30 89106                      /usr/lib/jvm/java-21-openjdk-amd64/lib/libjsvml.so
7f6e554fd000-7f6e55a00000 rw-p 00000000 00:00 0 
7f6e55a00000-7f6e55a28000 r--p 00000000 08:30 101134                     /usr/lib/x86_64-linux-gnu/libc.so.6
7f6e55a28000-7f6e55bb0000 r-xp 00028000 08:30 101134                     /usr/lib/x86_64-linux-gnu/libc.so.6
7f6e55bb0000-7f6e55bff000 r--p 001b0000 08:30 101134                     /usr/lib/x86_64-linux-gnu/libc.so.6
7f6e55bff000-7f6e55c03000 r--p 001fe000 08:30 101134                     /usr/lib/x86_64-linux-gnu/libc.so.6
7f6e55c03000-7f6e55c05000 rw-p 00202000 08:30 101134                     /usr/lib/x86_64-linux-gnu/libc.so.6
7f6e55c05000-7f6e55c12000 rw-p 00000000 00:00 0 
7f6e55c1b000-7f6e55c2b000 rw-p 00000000 00:00 0 
7f6e55c2b000-7f6e55c2d000 r--p 00000000 08:30 13126                      /usr/lib/x86_64-linux-gnu/libz.so.1.3
7f6e55c2d000-7f6e55c3f000 r-xp 00002000 08:30 13126                      /usr/lib/x86_64-linux-gnu/libz.so.1.3
7f6e55c3f000-7f6e55c45000 r--p 00014000 08:30 13126                      /usr/lib/x86_64-linux-gnu/libz.so.1.3
7f6e55c45000-7f6e55c46000 r--p 0001a000 08:30 13126                      /usr/lib/x86_64-linux-gnu/libz.so.1.3
7f6e55c46000-7f6e55c47000 rw-p 0001b000 08:30 13126                      /usr/lib/x86_64-linux-gnu/libz.so.1.3
7f6e55c52000-7f6e55c54000 r--p 00000000 08:30 89121                      /usr/lib/jvm/java-21-openjdk-amd64/lib/libzip.so
7f6e55c54000-7f6e55c59000 r-xp 00002000 08:30 89121                      /usr/lib/jvm/java-21-openjdk-amd64/lib/libzip.so
7f6e55c59000-7f6e55c5b000 r--p 00007000 08:30 89121                      /usr/lib/jvm/java-21-openjdk-amd64/lib/libzip.so
7f6e55c5b000-7f6e55c5c000 r--p 00008000 08:30 89121                      /usr/lib/jvm/java-21-openjdk-amd64/lib/libzip.so
7f6e55c5c000-7f6e55c5d000 rw-p 00009000 08:30 89121                      /usr/lib/jvm/java-21-openjdk-amd64/lib/libzip.so
7f6e55c5d000-7f6e55c60000 r--p 00000000 08:30 89113                      /usr/lib/jvm/java-21-openjdk-amd64/lib/libnet.so
7f6e55c60000-7f6e55c68000 r-xp 00003000 08:30 89113                      /usr/lib/jvm/java-21-openjdk-amd64/lib/libnet.so
7f6e55c68000-7f6e55c6a000 r--p 0000b000 08:30 89113                      /usr/lib/jvm/java-21-openjdk-amd64/lib/libnet.so
7f6e55c6a000-7f6e55c6b000 r--p 0000c000 08:30 89113                      /usr/lib/jvm/java-21-openjdk-amd64/lib/libnet.so
7f6e55c6b000-7f6e55c6c000 rw-p 0000d000 08:30 89113                      /usr/lib/jvm/java-21-openjdk-amd64/lib/libnet.so
7f6e55c6c000-7f6e55c73000 r--p 00000000 08:30 89114                      /usr/lib/jvm/java-21-openjdk-amd64/lib/libnio.so
7f6e55c73000-7f6e55c7c000 r-xp 00007000 08:30 89114                      /usr/lib/jvm/java-21-openjdk-amd64/lib/libnio.so
7f6e55c7c000-7f6e55c80000 r--p 00010000 08:30 89114                      /usr/lib/jvm/java-21-openjdk-amd64/lib/libnio.so
7f6e55c80000-7f6e55c81000 r--p 00014000 08:30 89114                      /usr/lib/jvm/java-21-openjdk-amd64/lib/libnio.so
7f6e55c81000-7f6e55c82000 rw-p 00015000 08:30 89114                      /usr/lib/jvm/java-21-openjdk-amd64/lib/libnio.so
7f6e55c82000-7f6e55cdb000 r--p 00000000 08:30 12210                      /usr/lib/locale/C.utf8/LC_CTYPE
7f6e55cdb000-7f6e55ce8000 r--p 00000000 08:30 89099                      /usr/lib/jvm/java-21-openjdk-amd64/lib/libjava.so
7f6e55ce8000-7f6e55cf7000 r-xp 0000d000 08:30 89099                      /usr/lib/jvm/java-21-openjdk-amd64/lib/libjava.so
7f6e55cf7000-7f6e55cfc000 r--p 0001c000 08:30 89099                      /usr/lib/jvm/java-21-openjdk-amd64/lib/libjava.so
7f6e55cfc000-7f6e55cfd000 r--p 00021000 08:30 89099                      /usr/lib/jvm/java-21-openjdk-amd64/lib/libjava.so
7f6e55cfd000-7f6e55cfe000 rw-p 00022000 08:30 89099                      /usr/lib/jvm/java-21-openjdk-amd64/lib/libjava.so
7f6e55cfe000-7f6e55e00000 rw-p 00000000 00:00 0 
7f6e55e00000-7f6e55e9d000 r--p 00000000 08:30 13036                      /usr/lib/x86_64-linux-gnu/libstdc++.so.6.0.33
7f6e55e9d000-7f6e55fe5000 r-xp 0009d000 08:30 13036                      /usr/lib/x86_64-linux-gnu/libstdc++.so.6.0.33
7f6e55fe5000-7f6e5606c000 r--p 001e5000 08:30 13036                      /usr/lib/x86_64-linux-gnu/libstdc++.so.6.0.33
7f6e5606c000-7f6e56077000 r--p 0026b000 08:30 13036                      /usr/lib/x86_64-linux-gnu/libstdc++.so.6.0.33
7f6e56077000-7f6e5607a000 rw-p 00276000 08:30 13036                      /usr/lib/x86_64-linux-gnu/libstdc++.so.6.0.33
7f6e5607a000-7f6e5607e000 rw-p 00000000 00:00 0 
7f6e56081000-7f6e56082000 r--p 00000000 08:30 12216                      /usr/lib/locale/C.utf8/LC_NUMERIC
7f6e56082000-7f6e56083000 r--p 00000000 08:30 12219                      /usr/lib/locale/C.utf8/LC_TIME
7f6e56083000-7f6e56084000 r--p 00000000 08:30 12209                      /usr/lib/locale/C.utf8/LC_COLLATE
7f6e56084000-7f6e56085000 r--p 00000000 08:30 12214                      /usr/lib/locale/C.utf8/LC_MONETARY
7f6e56085000-7f6e56086000 r--p 00000000 08:30 12213                      /usr/lib/locale/C.utf8/LC_MESSAGES/SYS_LC_MESSAGES
7f6e56086000-7f6e560d6000 rw-p 00000000 00:00 0 
7f6e560d6000-7f6e560dc000 r--p 00000000 08:30 86477                      /usr/lib/x86_64-linux-gnu/libtbbmalloc.so.2.11
7f6e560dc000-7f6e560ee000 r-xp 00006000 08:30 86477                      /usr/lib/x86_64-linux-gnu/libtbbmalloc.so.2.11
7f6e560ee000-7f6e560f3000 r--p 00018000 08:30 86477                      /usr/lib/x86_64-linux-gnu/libtbbmalloc.so.2.11
7f6e560f3000-7f6e560f4000 r--p 0001c000 08:30 86477                      /usr/lib/x86_64-linux-gnu/libtbbmalloc.so.2.11
7f6e560f4000-7f6e560f6000 rw-p 0001d000 08:30 86477                      /usr/lib/x86_64-linux-gnu/libtbbmalloc.so.2.11
7f6e560f6000-7f6e56117000 rw-p 00000000 00:00 0 
7f6e56117000-7f6e56127000 r--p 00000000 08:30 101137                     /usr/lib/x86_64-linux-gnu/libm.so.6
7f6e56127000-7f6e561a6000 r-xp 00010000 08:30 101137                     /usr/lib/x86_64-linux-gnu/libm.so.6
7f6e561a6000-7f6e561fe000 r--p 0008f000 08:30 101137                     /usr/lib/x86_64-linux-gnu/libm.so.6
7f6e561fe000-7f6e561ff000 r--p 000e7000 08:30 101137                     /usr/lib/x86_64-linux-gnu/libm.so.6
7f6e561ff000-7f6e56200000 rw-p 000e8000 08:30 101137                     /usr/lib/x86_64-linux-gnu/libm.so.6
7f6e56200000-7f6e564a2000 r--p 00000000 08:30 467589                     /usr/lib/jvm/java-21-openjdk-amd64/lib/server/libjvm.so
7f6e564a2000-7f6e57317000 r-xp 002a2000 08:30 467589                     /usr/lib/jvm/java-21-openjdk-amd64/lib/server/libjvm.so
7f6e57317000-7f6e575f1000 r--p 01117000 08:30 467589                     /usr/lib/jvm/java-21-openjdk-amd64/lib/server/libjvm.so
7f6e575f1000-7f6e576c5000 r--p 013f0000 08:30 467589                     /usr/lib/jvm/java-21-openjdk-amd64/lib/server/libjvm.so
7f6e576c5000-7f6e576f5000 rw-p 014c4000 08:30 467589                     /usr/lib/jvm/java-21-openjdk-amd64/lib/server/libjvm.so
7f6e576f5000-7f6e5775b000 rw-p 00000000 00:00 0 
7f6e5775b000-7f6e5775c000 r--p 00000000 08:30 12217                      /usr/lib/locale/C.utf8/LC_PAPER
7f6e5775c000-7f6e5775d000 r--p 00000000 08:30 12215                      /usr/lib/locale/C.utf8/LC_NAME
7f6e5775d000-7f6e5775e000 r--p 00000000 08:30 12208                      /usr/lib/locale/C.utf8/LC_ADDRESS
7f6e5775e000-7f6e5775f000 r--p 00000000 08:30 12218                      /usr/lib/locale/C.utf8/LC_TELEPHONE
7f6e5775f000-7f6e57760000 r--p 00000000 08:30 12212                      /usr/lib/locale/C.utf8/LC_MEASUREMENT
7f6e57760000-7f6e57767000 r--s 00000000 08:30 101096                     /usr/lib/x86_64-linux-gnu/gconv/gconv-modules.cache
7f6e57767000-7f6e57768000 r--p 00000000 08:30 12211                      /usr/lib/locale/C.utf8/LC_IDENTIFICATION
7f6e57768000-7f6e5776d000 rw-p 00000000 00:00 0 
7f6e5776d000-7f6e57777000 ---p 00000000 00:00 0 
7f6e57777000-7f6e5777f000 rw-s 00000000 08:30 51014                      /tmp/hsperfdata_hyuntae-choi/86393 (deleted)
7f6e5777f000-7f6e57784000 rw-p 00000000 00:00 0 
7f6e57784000-7f6e57788000 r--p 00000000 08:30 12817                      /usr/lib/x86_64-linux-gnu/libgcc_s.so.1
7f6e57788000-7f6e577ac000 r-xp 00004000 08:30 12817                      /usr/lib/x86_64-linux-gnu/libgcc_s.so.1
7f6e577ac000-7f6e577b0000 r--p 00028000 08:30 12817                      /usr/lib/x86_64-linux-gnu/libgcc_s.so.1
7f6e577b0000-7f6e577b1000 r--p 0002b000 08:30 12817                      /usr/lib/x86_64-linux-gnu/libgcc_s.so.1
7f6e577b1000-7f6e577b2000 rw-p 0002c000 08:30 12817                      /usr/lib/x86_64-linux-gnu/libgcc_s.so.1
7f6e577b2000-7f6e577b4000 rw-p 00000000 00:00 0 
7f6e577b4000-7f6e577b5000 r--p 00000000 08:30 86478                      /usr/lib/x86_64-linux-gnu/libtbbmalloc_proxy.so.2.11
7f6e577b5000-7f6e577b6000 r-xp 00001000 08:30 86478                      /usr/lib/x86_64-linux-gnu/libtbbmalloc_proxy.so.2.11
7f6e577b6000-7f6e577b7000 r--p 00002000 08:30 86478                      /usr/lib/x86_64-linux-gnu/libtbbmalloc_proxy.so.2.11
7f6e577b7000-7f6e577b8000 r--p 00002000 08:30 86478                      /usr/lib/x86_64-linux-gnu/libtbbmalloc_proxy.so.2.11
7f6e577b8000-7f6e577b9000 rw-p 00003000 08:30 86478                      /usr/lib/x86_64-linux-gnu/libtbbmalloc_proxy.so.2.11
7f6e577b9000-7f6e577c5000 r--p 00000000 08:30 86505                      /usr/lib/x86_64-linux-gnu/libtbb.so.12.11
7f6e577c5000-7f6e577e8000 r-xp 0000c000 08:30 86505                      /usr/lib/x86_64-linux-gnu/libtbb.so.12.11
7f6e577e8000-7f6e577f2000 r--p 0002f000 08:30 86505                      /usr/lib/x86_64-linux-gnu/libtbb.so.12.11
7f6e577f2000-7f6e577f4000 r--p 00039000 08:30 86505                      /usr/lib/x86_64-linux-gnu/libtbb.so.12.11
7f6e577f4000-7f6e577f7000 rw-p 0003b000 08:30 86505                      /usr/lib/x86_64-linux-gnu/libtbb.so.12.11
7f6e577f7000-7f6e5780d000 rw-p 00000000 00:00 0 
7f6e5780d000-7f6e5780e000 ---p 00000000 00:00 0 
7f6e5780e000-7f6e5780f000 r--p 00000000 00:00 0 
7f6e5780f000-7f6e57810000 ---p 00000000 00:00 0 
7f6e57810000-7f6e57812000 r--p 00000000 08:30 89102                      /usr/lib/jvm/java-21-openjdk-amd64/lib/libjimage.so
7f6e57812000-7f6e57815000 r-xp 00002000 08:30 89102                      /usr/lib/jvm/java-21-openjdk-amd64/lib/libjimage.so
7f6e57815000-7f6e57816000 r--p 00005000 08:30 89102                      /usr/lib/jvm/java-21-openjdk-amd64/lib/libjimage.so
7f6e57816000-7f6e57817000 r--p 00006000 08:30 89102                      /usr/lib/jvm/java-21-openjdk-amd64/lib/libjimage.so
7f6e57817000-7f6e57818000 rw-p 00007000 08:30 89102                      /usr/lib/jvm/java-21-openjdk-amd64/lib/libjimage.so
7f6e57818000-7f6e5781a000 rw-p 00000000 00:00 0 
7f6e5781a000-7f6e5781b000 r--p 00000000 08:30 101104                     /usr/lib/x86_64-linux-gnu/ld-linux-x86-64.so.2
7f6e5781b000-7f6e57846000 r-xp 00001000 08:30 101104                     /usr/lib/x86_64-linux-gnu/ld-linux-x86-64.so.2
7f6e57846000-7f6e57850000 r--p 0002c000 08:30 101104                     /usr/lib/x86_64-linux-gnu/ld-linux-x86-64.so.2
7f6e57850000-7f6e57852000 r--p 00036000 08:30 101104                     /usr/lib/x86_64-linux-gnu/ld-linux-x86-64.so.2
7f6e57852000-7f6e57854000 rw-p 00038000 08:30 101104                     /usr/lib/x86_64-linux-gnu/ld-linux-x86-64.so.2
7fff1b28d000-7fff1b291000 ---p 00000000 00:00 0 
7fff1b291000-7fff1b38d000 rw-p 00000000 00:00 0                          [stack]
7fff1b3f8000-7fff1b3fc000 r--p 00000000 00:00 0                          [vvar]
7fff1b3fc000-7fff1b3fe000 r-xp 00000000 00:00 0                          [vdso]
Total number of mappings: 227

JVMTI agents: none


VM Arguments:
jvm_args: -Djava.system.class.loader=WildcardExpandingClassLoader 
java_command: <unknown>
java_class_path (initial): XMLDBDriver.jar:/home/hyuntae-choi/gcam-core/libs/jars/*:../output/modelinterface/ModelInterface.jar
Launcher Type: generic

[Global flags]
     intx CICompilerCount                          = 12                                        {product} {ergonomic}
     uint ConcGCThreads                            = 4                                         {product} {ergonomic}
     uint G1ConcRefinementThreads                  = 15                                        {product} {ergonomic}
   size_t G1HeapRegionSize                         = 2097152                                   {product} {ergonomic}
    uintx GCDrainStackTargetSize                   = 64                                        {product} {ergonomic}
   size_t InitialHeapSize                          = 260046848                                 {product} {ergonomic}
   size_t MarkStackSize                            = 4194304                                   {product} {ergonomic}
   size_t MaxHeapSize                              = 4154458112                                {product} {ergonomic}
   size_t MaxNewSize                               = 2491416576                                {product} {ergonomic}
   size_t MinHeapDeltaBytes                        = 2097152                                   {product} {ergonomic}
   size_t MinHeapSize                              = 8388608                                   {product} {ergonomic}
    uintx NonNMethodCodeHeapSize                   = 7602480                                {pd product} {ergonomic}
    uintx NonProfiledCodeHeapSize                  = 122027880                              {pd product} {ergonomic}
    uintx ProfiledCodeHeapSize                     = 122027880                              {pd product} {ergonomic}
    uintx ReservedCodeCacheSize                    = 251658240                              {pd product} {ergonomic}
     bool SegmentedCodeCache                       = true                                      {product} {ergonomic}
   size_t SoftMaxHeapSize                          = 4154458112                             {manageable} {ergonomic}
     bool UseCompressedOops                        = true                           {product lp64_product} {ergonomic}
     bool UseG1GC                                  = true                                      {product} {ergonomic}

Logging:
Log output configuration:
 #0: 
[error occurred during error reporting (printing log configuration), id 0xb, SIGSEGV (0xb) at pc=0x00007f6e56d95456]
Environment Variables:
PATH=/home/hyuntae-choi/.nvm/versions/node/v22.17.1/bin:/home/hyuntae-choi/anaconda3/bin:/home/hyuntae-choi/anaconda3/condabin:/usr/local/sbin:/usr/local/bin:/usr/sbin:/usr/bin:/sbin:/bin:/usr/games:/usr/local/games:/usr/lib/wsl/lib:/mnt/c/Windows/system32:/mnt/c/Windows:/mnt/c/Windows/System32/Wbem:/mnt/c/Windows/System32/WindowsPowerShell/v1.0:/mnt/c/Windows/System32/OpenSSH:/mnt/c/Program Files (x86)/NVIDIA Corporation/PhysX/Common:/mnt/c/Program Files/NVIDIA Corporation/NVIDIA NvDLISR:/mnt/c/WINDOWS/system32:/mnt/c/WINDOWS:/mnt/c/WINDOWS/System32/Wbem:/mnt/c/WINDOWS/System32/WindowsPowerShell/v1.0:/mnt/c/WINDOWS/System32/OpenSSH:/mnt/c/Program Files/Git/cmd:/mnt/c/Users/HyuntaeChoi/AppData/Local/Microsoft/WindowsApps:/mnt/c/Users/HyuntaeChoi/AppData/Local/Programs/Microsoft VS Code/bin:/mnt/c/Users/HyuntaeChoi/AppData/Local/Programs/MiKTeX/miktex/bin/x64:/snap/bin
SHELL=/bin/bash
DISPLAY=:0
HOSTTYPE=x86_64
LANG=C.UTF-8
TERM=xterm-256color

Active Locale:
LC_ALL=C.UTF-8
LC_COLLATE=C.UTF-8
LC_CTYPE=C.UTF-8
LC_MESSAGES=C.UTF-8
LC_MONETARY=C.UTF-8
LC_NUMERIC=C.UTF-8
LC_TIME=C.UTF-8

Signal Handlers:
   SIGSEGV: crash_handler in libjvm.so, mask=11100100010111111101111111111110, flags=SA_RESTART|SA_SIGINFO, unblocked
    SIGBUS: crash_handler in libjvm.so, mask=11100100010111111101111111111110, flags=SA_RESTART|SA_SIGINFO, unblocked
    SIGFPE: crash_handler in libjvm.so, mask=11100100010111111101111111111110, flags=SA_RESTART|SA_SIGINFO, unblocked
   SIGPIPE: javaSignalHandler in libjvm.so, mask=11100100010111111101111111111110, flags=SA_RESTART|SA_SIGINFO, blocked
  *** Handler was modified!
  *** Expected: 0x00007f6e558afec0, mask=11100100110111111111111111111110, flags=SA_RESTART|SA_SIGINFO
   SIGXFSZ: javaSignalHandler in libjvm.so, mask=11100100010111111101111111111110, flags=SA_RESTART|SA_SIGINFO, blocked
  *** Handler was modified!
  *** Expected: 0x00007f6e558afd80, mask=11100100110111111111111111111110, flags=SA_RESTART|SA_SIGINFO
    SIGILL: crash_handler in libjvm.so, mask=11100100010111111101111111111110, flags=SA_RESTART|SA_SIGINFO, unblocked
   SIGUSR2: SR_handler in libjvm.so, mask=00000000000000000000000000000000, flags=SA_RESTART|SA_SIGINFO, blocked
  *** Handler was modified!
  *** Expected: 0x00007f6e558afe20, mask=00000000000000000000000000000000, flags=SA_RESTART|SA_SIGINFO
    SIGHUP: UserHandler in libjvm.so, mask=11100100010111111101111111111110, flags=SA_RESTART|SA_SIGINFO, blocked
    SIGINT: UserHandler in libjvm.so, mask=11100100010111111101111111111110, flags=SA_RESTART|SA_SIGINFO, blocked
   SIGTERM: UserHandler in libjvm.so, mask=11100100010111111101111111111110, flags=SA_RESTART|SA_SIGINFO, blocked
   SIGQUIT: UserHandler in libjvm.so, mask=11100100010111111101111111111110, flags=SA_RESTART|SA_SIGINFO, blocked
   SIGTRAP: crash_handler in libjvm.so, mask=11100100010111111101111111111110, flags=SA_RESTART|SA_SIGINFO, unblocked


Periodic native trim disabled

---------------  S Y S T E M  ---------------

OS:
DISTRIB_ID=Ubuntu
DISTRIB_RELEASE=24.04
DISTRIB_CODENAME=noble
DISTRIB_DESCRIPTION="Ubuntu 24.04.2 LTS"
uname: Linux 6.6.87.1-microsoft-standard-WSL2 #1 SMP PREEMPT_DYNAMIC Mon Apr 21 17:08:54 UTC 2025 x86_64
OS uptime: 0 days 5:43 hours
libc: glibc 2.39 NPTL 2.39 
rlimit (soft/hard): STACK 8192k/infinity , CORE 0k/infinity , NPROC 63341/63341 , NOFILE 1048576/1048576 , AS infinity/infinity , CPU infinity/infinity , DATA infinity/infinity , FSIZE infinity/infinity , MEMLOCK 65536k/65536k
load average: 3.87 10.57 9.72

/proc/meminfo:
MemTotal:       16225472 kB
MemFree:         1826988 kB
MemAvailable:    3243724 kB
Buffers:            2848 kB
Cached:          1559796 kB
SwapCached:        88284 kB
Active:          1196036 kB
Inactive:       12636520 kB
Active(anon):     106620 kB
Inactive(anon): 12167176 kB
Active(file):    1089416 kB
Inactive(file):   469344 kB
Unevictable:           0 kB
Mlocked:               0 kB
SwapTotal:       4194304 kB
SwapFree:         714416 kB
Dirty:            180808 kB
Writeback:             0 kB
AnonPages:      12184428 kB
Mapped:            46292 kB
Shmem:              3128 kB
KReclaimable:      89168 kB
Slab:             196332 kB
SReclaimable:      89168 kB
SUnreclaim:       107164 kB
KernelStack:       15904 kB
PageTables:        79560 kB
SecPageTables:         0 kB
NFS_Unstable:          0 kB
Bounce:                0 kB
WritebackTmp:          0 kB
CommitLimit:    12307040 kB
Committed_AS:   20514456 kB
VmallocTotal:   34359738367 kB
VmallocUsed:       41884 kB
VmallocChunk:          0 kB
Percpu:            10368 kB
HardwareCorrupted:     0 kB
AnonHugePages:         0 kB
ShmemHugePages:        0 kB
ShmemPmdMapped:        0 kB
FileHugePages:         0 kB
FilePmdMapped:         0 kB
Unaccepted:            0 kB
HugePages_Total:       0
HugePages_Free:        0
HugePages_Rsvd:        0
HugePages_Surp:        0
Hugepagesize:       2048 kB
Hugetlb:               0 kB
DirectMap4k:       89088 kB
DirectMap2M:     7098368 kB
DirectMap1G:    17825792 kB

/sys/kernel/mm/transparent_hugepage/enabled: always [madvise] never
/sys/kernel/mm/transparent_hugepage/hpage_pmd_size: 2097152
/sys/kernel/mm/transparent_hugepage/defrag (defrag/compaction efforts parameter): always defer defer+madvise [madvise] never

Process Memory:
Virtual Size: 9646356K (peak: 12748656K)
Resident Set Size: 3874416K (peak: 6839560K) (anon: 3852860K, file: 21556K, shmem: 0K)
Swapped out: 0K
C-Heap outstanding allocations: 0K, retained: 0K
glibc malloc tunables: (default)

/proc/sys/kernel/threads-max (system-wide limit on the number of threads): 126683
/proc/sys/vm/max_map_count (maximum number of memory map areas a process may have): 1048576
/proc/sys/vm/swappiness (control to define how aggressively the kernel swaps out anonymous memory): 60
/proc/sys/kernel/pid_max (system-wide limit on number of process identifiers): 4194304

container (cgroup) information:
container_type: cgroupv2
cpu_cpuset_cpus: not supported
cpu_memory_nodes: not supported
active_processor_count: 20
cpu_quota: no quota
cpu_period: 100000
cpu_shares: no shares
memory_limit_in_bytes: unlimited
memory_and_swap_limit_in_bytes: unlimited
memory_soft_limit_in_bytes: 0
memory_usage_in_bytes: 13887956 k
memory_max_usage_in_bytes: not supported
memory_swap_current_in_bytes: 3469840 k
memory_swap_max_limit_in_bytes: unlimited
maximum number of tasks: 19002
current number of tasks: 671

Hyper-V virtualization detected
Steal ticks since vm start: 0
Steal ticks percentage since vm start:  0.000

CPU: total 20 (initial active 20) (16 cores per cpu, 2 threads per core) family 6 model 154 stepping 3 microcode 0xffffffff, cx8, cmov, fxsr, ht, mmx, 3dnowpref, sse, sse2, sse3, ssse3, sse4.1, sse4.2, popcnt, lzcnt, tsc, tscinvbit, avx, avx2, aes, erms, clmul, bmi1, bmi2, adx, sha, fma, vzeroupper, clflush, clflushopt, clwb, hv, serialize, rdtscp, rdpid, fsrm, f16c, cet_ibt, cet_ss
CPU Model and flags from /proc/cpuinfo:
model name	: 12th Gen Intel(R) Core(TM) i7-12700H
flags		: fpu vme de pse tsc msr pae mce cx8 apic sep mtrr pge mca cmov pat pse36 clflush mmx fxsr sse sse2 ss ht syscall nx pdpe1gb rdtscp lm constant_tsc rep_good nopl xtopology tsc_reliable nonstop_tsc cpuid tsc_known_freq pni pclmulqdq vmx ssse3 fma cx16 pcid sse4_1 sse4_2 x2apic movbe popcnt tsc_deadline_timer aes xsave avx f16c rdrand hypervisor lahf_lm abm 3dnowprefetch ssbd ibrs ibpb stibp ibrs_enhanced tpr_shadow ept vpid ept_ad fsgsbase tsc_adjust bmi1 avx2 smep bmi2 erms invpcid rdseed adx smap clflushopt clwb sha_ni xsaveopt xsavec xgetbv1 xsaves avx_vnni vnmi umip waitpkg gfni vaes vpclmulqdq rdpid movdiri movdir64b fsrm md_clear serialize flush_l1d arch_capabilities

Online cpus: 0-19
Offline cpus: 
BIOS frequency limitation: <Not Available>
Frequency switch latency (ns): <Not Available>
Available cpu frequencies: <Not Available>
Current governor: <Not Available>
Core performance/turbo boost: <Not Available>

Memory: 4k page, physical 16225472k(3243724k free), swap 4194304k(714416k free)
Page Sizes: 4k

vm_info: OpenJDK 64-Bit Server VM (21.0.8+9-Ubuntu-0ubuntu124.04.1) for linux-amd64 JRE (21.0.8+9-Ubuntu-0ubuntu124.04.1), built on 2025-07-16T21:55:59Z by "buildd" with gcc 13.3.0

END.
