#
# A fatal error has been detected by the Java Runtime Environment:
#
#  SIGFPE (0x8) at pc=0x0000615845a4fe9e, pid=51813, tid=51813
#
# JRE version: OpenJDK Runtime Environment (21.0.7+6) (build 21.0.7+6-Ubuntu-0ubuntu124.04)
# Java VM: OpenJDK 64-Bit Server VM (21.0.7+6-Ubuntu-0ubuntu124.04, mixed mode, sharing, tiered, compressed oops, compressed class ptrs, g1 gc, linux-amd64)
# Problematic frame:
# C  [gcam.exe+0x3efe9e]  objects::AtomRegistry::findAtom(std::__cxx11::basic_string<char, std::char_traits<char>, std::allocator<char> > const&) const+0xce
#
# Core dump will be written. Default location: Core dumps may be processed with "/wsl-capture-crash %t %E %p %s" (or dumping to /home/hyuntae-choi/gcam-core/exe/core.51813)
#
# If you would like to submit a bug report, please visit:
#   https://bugs.launchpad.net/ubuntu/+source/openjdk-21
# The crash happened outside the Java Virtual Machine in native code.
# See problematic frame for where to report the bug.
#

---------------  S U M M A R Y ------------

Command Line: -Djava.system.class.loader=WildcardExpandingClassLoader 

Host: 12th Gen Intel(R) Core(TM) i7-12700H, 20 cores, 15G, Ubuntu 24.04.2 LTS
Time: Thu Jun 26 09:10:30 2025 KST elapsed time: 29.460165 seconds (0d 0h 0m 29s)

---------------  T H R E A D  ---------------

Current thread (0x00007325838a0f00):  JavaThread "main"      [_thread_in_native, id=51813, stack(0x00007fffbade8000,0x00007fffbaee8000) (1024K)]

Stack: [0x00007fffbade8000,0x00007fffbaee8000],  sp=0x00007fffbaee6590,  free space=1017k
Native frames: (J=compiled Java code, j=interpreted, Vv=VM code, C=native code)
C  [gcam.exe+0x3efe9e]  objects::AtomRegistry::findAtom(std::__cxx11::basic_string<char, std::char_traits<char>, std::allocator<char> > const&) const+0xce

siginfo: si_signo: 8 (SIGFPE), si_code: 1 (FPE_INTDIV), si_addr: 0x0000615845a4fe9e

Registers:
RAX=0x6de5f99d132669e5, RBX=0x00007325622acc70, RCX=0xdf442d22ce4859b9, RDX=0x0000000000000000
RSP=0x00007fffbaee6590, RBP=0x0000000000000005, RSI=0xe9b6294983b62ace, RDI=0xaed9e4b57a970b87
R8 =0x00007324761c31a0, R9 =0x9e3779b97f4a7c15, R10=0x87eda3030300a6e3, R11=0x0000732425a07d30
R12=0x00007324761c31a0, R13=0x00007324761c3110, R14=0x00007323dd6e1da0, R15=0x0000000000001801
RIP=0x0000615845a4fe9e, EFLAGS=0x0000000000010246, CSGSFS=0x002b000000000033, ERR=0x0000000000000000
  TRAPNO=0x0000000000000000

XMM[0]=0x0000615845c9d200 0x0000615845c9d120
XMM[1]=0x0000000000000000 0x0000615845c9d200
XMM[2]=0x00007323dce2f300 0x0000732562337fd0
XMM[3]=0x0000000000000000 0x0000000000000000
XMM[4]=0x0000000000000000 0xbff0000000000000
XMM[5]=0x0000000000000000 0xbff0000000000000
XMM[6]=0x0000615845bcb357 0x0000615845c8e508
XMM[7]=0x0000615845bcb368 0x0000615845c8e528
XMM[8]=0x0000615845bcb37a 0x0000615845c8e548
XMM[9]=0x0000615845bcbda3 0x0000615845c8e090
XMM[10]=0x0000615845bca7eb 0x0000615845c8e1f0
XMM[11]=0x0000615845bcb780 0x0000615845c8d430
XMM[12]=0x0000000000000000 0x0000000000000000
XMM[13]=0x0000000000000000 0x3fd46d2f83a54c5c
XMM[14]=0x0000000000000000 0x3fbc64b6acada187
XMM[15]=0x0000000000000000 0x3f40a381dd3b6800
  MXCSR=0x00001fb7


Register to memory mapping:

RAX=0x6de5f99d132669e5 is an unknown value
RBX=0x00007325622acc70 points into unknown readable memory: 0x0000615845c90688 | 88 06 c9 45 58 61 00 00
RCX=0xdf442d22ce4859b9 is an unknown value
RDX=0x0 is null
RSP=0x00007fffbaee6590 is pointing into the stack for thread: 0x00007325838a0f00
RBP=0x0000000000000005 is an unknown value
RSI=0xe9b6294983b62ace is an unknown value
RDI=0xaed9e4b57a970b87 is an unknown value
R8 =0x00007324761c31a0 points into unknown readable memory: 0x0000006169646e49 | 49 6e 64 69 61 00 00 00
R9 =0x9e3779b97f4a7c15 is an unknown value
R10=0x87eda3030300a6e3 is an unknown value
R11=0x0000732425a07d30 points into unknown readable memory: 0x0000732400000000 | 00 00 00 00 24 73 00 00
R12=0x00007324761c31a0 points into unknown readable memory: 0x0000006169646e49 | 49 6e 64 69 61 00 00 00
R13=0x00007324761c3110 points into unknown readable memory: 0x0000732476830d00 | 00 0d 83 76 24 73 00 00
R14=0x00007323dd6e1da0 points into unknown readable memory: 0x0000615845c90468 | 68 04 c9 45 58 61 00 00
R15=0x0000000000001801 is an unknown value

Top of Stack: (sp=0x00007fffbaee6590)
0x00007fffbaee6590:   00007325622acc70 00007323dd6e1da0
0x00007fffbaee65a0:   00007324761c3190 00007323dd6e1da0
0x00007fffbaee65b0:   0000000000001801 0000615845930b52
0x00007fffbaee65c0:   00000000000018d8 3613c517c8b6f000
0x00007fffbaee65d0:   00007325622acc70 00000000000018d8
0x00007fffbaee65e0:   00007324761c3190 000061584594411d
0x00007fffbaee65f0:   00000000baee6640 00007323dd6e1da0
0x00007fffbaee6600:   00007323dd6e1da0 3613c517c8b6f000
0x00007fffbaee6610:   0000000000000000 00007324761c3100
0x00007fffbaee6620:   00007325622acc70 00007324761c3190
0x00007fffbaee6630:   00007324761c3110 00007fffbaee6700
0x00007fffbaee6640:   0000615845afba60 00006158459db7cf
0x00007fffbaee6650:   00007324761c3190 00007324761c3100
0x00007fffbaee6660:   00007324d5cb74c0 00007323e01892f0
0x00007fffbaee6670:   00007323e01892f0 3613c517c8b6f000
0x00007fffbaee6680:   0000615845afba60 00007325621eac80
0x00007fffbaee6690:   00007325621eac98 0000732476cb09a0
0x00007fffbaee66a0:   00007323e01892f0 0000615845988689
0x00007fffbaee66b0:   3fb999999999999a 00007fffbaee66f0
0x00007fffbaee66c0:   00007323e0b86e00 000000000000001a
0x00007fffbaee66d0:   00007323e0b86e00 0000732583809440
0x00007fffbaee66e0:   00007323e3bf1c30 0000615845934744
0x00007fffbaee66f0:   00007323e01867a0 000000000000001a
0x00007fffbaee6700:   000000000000001a 000000657461722d
0x00007fffbaee6710:   00007323e0b86e00 3613c517c8b6f000
0x00007fffbaee6720:   00007fffbaee68f0 000073256226d988
0x00007fffbaee6730:   00007325839a7400 00006158457ef390
0x00007fffbaee6740:   00007fffbaee68f0 00007fffbaee6920
0x00007fffbaee6750:   00007325838e35e0 0000615845a21dbd
0x00007fffbaee6760:   0000000000000000 3613c517c8b6f000
0x00007fffbaee6770:   00007325838d2400 00007325838d2400
0x00007fffbaee6780:   00007325838d2400 00000000000006aa 

Instructions: (pc=0x0000615845a4fe9e)
0x0000615845a4fd9e:   7b 26 00 00 e8 d9 18 c5 ff 4c 89 e7 e8 21 17 c5
0x0000615845a4fdae:   ff e9 46 ff ff ff f3 0f 1e fa 48 89 c3 e9 e3 ee
0x0000615845a4fdbe:   c6 ff f3 0f 1e fa 48 89 c3 e9 ca ee c6 ff 0f 1f
0x0000615845a4fdce:   40 00 f3 0f 1e fa 41 57 41 56 41 54 55 53 48 8b
0x0000615845a4fdde:   6e 08 4c 8b 5f 08 4c 8b 26 48 be ce 2a b6 83 49
0x0000615845a4fdee:   29 b6 e9 48 89 ef 48 31 f7 48 83 fd 07 0f 86 47
0x0000615845a4fdfe:   01 00 00 4c 8d 55 f8 4c 89 e1 49 b9 15 7c 4a 7f
0x0000615845a4fe0e:   b9 79 37 9e 48 bb b9 59 48 ce 22 2d 44 df 49 c1
0x0000615845a4fe1e:   ea 03 4f 8d 44 d4 08 0f 1f 00 48 8b 01 4c 01 ce
0x0000615845a4fe2e:   48 83 c1 08 48 01 f0 48 f7 e3 48 31 c2 48 31 d7
0x0000615845a4fe3e:   4c 39 c1 75 e5 4d 0f af d1 48 89 e9 48 b8 f8 22
0x0000615845a4fe4e:   4b 82 bc 1c 25 26 83 e1 07 49 01 c2 48 83 f9 03
0x0000615845a4fe5e:   0f 86 9c 00 00 00 41 8b 44 08 fc 41 8b 10 48 8d
0x0000615845a4fe6e:   0c cd e0 ff ff ff 48 d3 e0 48 09 d0 4c 01 d0 48
0x0000615845a4fe7e:   b9 b9 59 48 ce 22 2d 44 df 48 f7 e1 48 31 c7 48
0x0000615845a4fe8e:   31 d7 4c 01 d7 48 89 f8 48 f7 e1 48 31 d0 31 d2
0x0000615845a4fe9e:   49 f7 73 18 48 c1 e2 04 49 03 13 48 8b 1a 48 85
0x0000615845a4feae:   db 75 10 eb 3d 0f 1f 44 00 00 48 8b 5b 30 48 85
0x0000615845a4febe:   db 74 2f 48 3b 6b 08 75 f1 48 8b 3b 48 85 ed 74
0x0000615845a4fece:   0f 48 89 ea 4c 89 e6 e8 06 14 c5 ff 85 c0 75 da
0x0000615845a4fede:   48 8b 43 20 5b 5d 41 5c 41 5e 41 5f c3 0f 1f 44
0x0000615845a4feee:   00 00 5b 31 c0 5d 41 5c 41 5e 41 5f c3 0f 1f 44
0x0000615845a4fefe:   00 00 4c 89 d0 48 85 c9 0f 84 71 ff ff ff 48 8d
0x0000615845a4ff0e:   51 ff 48 d1 e9 41 0f b6 04 08 c1 e1 03 83 e2 02
0x0000615845a4ff1e:   41 0f b6 34 10 48 d3 e0 41 0f b6 08 48 09 c8 48
0x0000615845a4ff2e:   8d 0c d5 00 00 00 00 48 d3 e6 48 09 f0 4c 01 d0
0x0000615845a4ff3e:   e9 3a ff ff ff 0f 1f 44 00 00 49 ba e3 a6 00 03
0x0000615845a4ff4e:   03 a3 ed 87 48 89 e9 4d 89 e0 e9 fd fe ff ff 90
0x0000615845a4ff5e:   66 90 f3 0f 1e fa 0f b6 07 c3 0f 1f 84 00 00 00
0x0000615845a4ff6e:   00 00 f3 0f 1e fa b8 67 00 00 00 c3 66 0f 1f 44
0x0000615845a4ff7e:   00 00 f3 0f 1e fa 41 57 41 56 41 55 49 89 fd bf
0x0000615845a4ff8e:   18 00 00 00 41 54 55 48 89 f5 53 48 81 ec b8 00 


Stack slot to memory mapping:

stack at sp + 0 slots: 0x00007325622acc70 points into unknown readable memory: 0x0000615845c90688 | 88 06 c9 45 58 61 00 00
stack at sp + 1 slots: 0x00007323dd6e1da0 points into unknown readable memory: 0x0000615845c90468 | 68 04 c9 45 58 61 00 00
stack at sp + 2 slots: 0x00007324761c3190 points into unknown readable memory: 0x00007324761c31a0 | a0 31 1c 76 24 73 00 00
stack at sp + 3 slots: 0x00007323dd6e1da0 points into unknown readable memory: 0x0000615845c90468 | 68 04 c9 45 58 61 00 00
stack at sp + 4 slots: 0x0000000000001801 is an unknown value
stack at sp + 5 slots: 0x0000615845930b52: <offset 0x00000000002d0b52> in ./gcam.exe at 0x0000615845660000
stack at sp + 6 slots: 0x00000000000018d8 is an unknown value
stack at sp + 7 slots: 0x3613c517c8b6f000 is an unknown value


---------------  P R O C E S S  ---------------

Threads class SMR info:
_java_thread_list=0x0000732583937f60, length=10, elements={
0x00007325838a0f00, 0x00007325839a9600, 0x00007325839a8f00, 0x00007325839a8100,
0x000073258398b900, 0x00007325839c1600, 0x00007325839c0b80, 0x000073258398b200,
0x0000732583988f00, 0x00007323de2ff900
}

Java Threads: ( => current thread )
=>0x00007325838a0f00 JavaThread "main"                       [_thread_in_native, id=51813, stack(0x00007fffbade8000,0x00007fffbaee8000) (1024K)]
  0x00007325839a9600 JavaThread "Reference Handler"          [_thread_blocked, id=51821, stack(0x0000732562858000,0x0000732562958000) (1024K)]
  0x00007325839a8f00 JavaThread "Finalizer"                  [_thread_blocked, id=51822, stack(0x0000732562758000,0x0000732562858000) (1024K)]
  0x00007325839a8100 JavaThread "Service Thread"             [_thread_blocked, id=51824, stack(0x0000732562558000,0x0000732562658000) (1024K)]
  0x000073258398b900 JavaThread "Monitor Deflation Thread"   [_thread_blocked, id=51825, stack(0x0000732562458000,0x0000732562558000) (1024K)]
  0x00007325839c1600 JavaThread "C2 CompilerThread0"         [_thread_blocked, id=51826, stack(0x0000732562358000,0x0000732562458000) (1024K)]
  0x00007325839c0b80 JavaThread "C1 CompilerThread0"         [_thread_blocked, id=51827, stack(0x000073251cf00000,0x000073251d000000) (1024K)]
  0x000073258398b200 JavaThread "Common-Cleaner"             [_thread_blocked, id=51829, stack(0x000073251c32f000,0x000073251c42f000) (1024K)]
  0x0000732583988f00 JavaThread "Notification Thread"        [_thread_blocked, id=51830, stack(0x000073251c22f000,0x000073251c32f000) (1024K)]
  0x00007323de2ff900 JavaThread "SIGINT handler"             [_thread_blocked, id=51924, stack(0x000073251c42f000,0x000073251c52f000) (1024K)]
Total: 10

Other Threads:
  0x00007325838a4800 VMThread "VM Thread"                           [id=51820, stack(0x0000732562959000,0x0000732562a59000) (1024K)]
  0x00007325838a7000 WorkerThread "GC Thread#0"                     [id=51814, stack(0x0000732565e8c000,0x0000732565f8c000) (1024K)]
  0x00007325838a6c00 ConcurrentGCThread "G1 Main Marker"            terminated
  0x00007325838a6400 WorkerThread "G1 Conc#0"                       [id=51816, stack(0x0000732565c8a000,0x0000732565d8a000) (1024K)]
  0x0000732583875d00 ConcurrentGCThread "G1 Refine#0"               terminated
  0x0000732583875600 ConcurrentGCThread "G1 Service"                terminated
Total: 6

Threads with active compile tasks:
Total: 0

VM state: at safepoint (shutting down)

VM Mutex/Monitor currently owned by a thread:  ([mutex/lock_event])
[0x0000732585719cf0] Threads_lock - owner thread: 0x00007325838a4800
[0x0000732585719bf0] Heap_lock - owner thread: 0x00007323de2ff900

Heap address: 0x0000000708600000, size: 3962 MB, Compressed Oops mode: Zero based, Oop shift amount: 3

CDS archive(s) mapped at: [0x0000732521000000-0x0000732521c97000-0x0000732521c97000), size 13201408, SharedBaseAddress: 0x0000732521000000, ArchiveRelocationMode: 1.
Compressed class space mapped at: 0x0000732522000000-0x0000732562000000, reserved size: 1073741824
Narrow klass base: 0x0000732521000000, Narrow klass shift: 0, Narrow klass range: 0x100000000

GC Precious Log:
 CardTable entry size: 512
 Card Set container configuration: InlinePtr #cards 4 size 8 Array Of Cards #cards 16 size 48 Howl #buckets 8 coarsen threshold 3686 Howl Bitmap #cards 512 size 80 coarsen threshold 460 Card regions per heap region 1 cards per card region 4096
 CPUs: 20 total, 20 available
 Memory: 15845M
 Large Page Support: Disabled
 NUMA Support: Disabled
 Compressed Oops: Enabled (Zero based)
 Heap Region Size: 2M
 Heap Min Capacity: 8M
 Heap Initial Capacity: 248M
 Heap Max Capacity: 3962M
 Pre-touch: Disabled
 Parallel Workers: 15
 Concurrent Workers: 4
 Concurrent Refinement Workers: 15
 Periodic GC: Disabled

Heap:
 garbage-first heap   total 256000K, used 3121K [0x0000000708600000, 0x0000000800000000)
  region size 2048K, 2 young (4096K), 0 survivors (0K)
 Metaspace       used 535K, committed 704K, reserved 1114112K
  class space    used 40K, committed 128K, reserved 1048576K

Heap Regions: E=young(eden), S=young(survivor), O=old, HS=humongous(starts), HC=humongous(continues), CS=collection set, F=free, TAMS=top-at-mark-start, PB=parsable bottom
|   0|0x0000000708600000, 0x0000000708600000, 0x0000000708800000|  0%| F|  |TAMS 0x0000000708600000| PB 0x0000000708600000| Untracked 
|   1|0x0000000708800000, 0x0000000708800000, 0x0000000708a00000|  0%| F|  |TAMS 0x0000000708800000| PB 0x0000000708800000| Untracked 
|   2|0x0000000708a00000, 0x0000000708a00000, 0x0000000708c00000|  0%| F|  |TAMS 0x0000000708a00000| PB 0x0000000708a00000| Untracked 
|   3|0x0000000708c00000, 0x0000000708c00000, 0x0000000708e00000|  0%| F|  |TAMS 0x0000000708c00000| PB 0x0000000708c00000| Untracked 
|   4|0x0000000708e00000, 0x0000000708e00000, 0x0000000709000000|  0%| F|  |TAMS 0x0000000708e00000| PB 0x0000000708e00000| Untracked 
|   5|0x0000000709000000, 0x0000000709000000, 0x0000000709200000|  0%| F|  |TAMS 0x0000000709000000| PB 0x0000000709000000| Untracked 
|   6|0x0000000709200000, 0x0000000709200000, 0x0000000709400000|  0%| F|  |TAMS 0x0000000709200000| PB 0x0000000709200000| Untracked 
|   7|0x0000000709400000, 0x0000000709400000, 0x0000000709600000|  0%| F|  |TAMS 0x0000000709400000| PB 0x0000000709400000| Untracked 
|   8|0x0000000709600000, 0x0000000709600000, 0x0000000709800000|  0%| F|  |TAMS 0x0000000709600000| PB 0x0000000709600000| Untracked 
|   9|0x0000000709800000, 0x0000000709800000, 0x0000000709a00000|  0%| F|  |TAMS 0x0000000709800000| PB 0x0000000709800000| Untracked 
|  10|0x0000000709a00000, 0x0000000709a00000, 0x0000000709c00000|  0%| F|  |TAMS 0x0000000709a00000| PB 0x0000000709a00000| Untracked 
|  11|0x0000000709c00000, 0x0000000709c00000, 0x0000000709e00000|  0%| F|  |TAMS 0x0000000709c00000| PB 0x0000000709c00000| Untracked 
|  12|0x0000000709e00000, 0x0000000709e00000, 0x000000070a000000|  0%| F|  |TAMS 0x0000000709e00000| PB 0x0000000709e00000| Untracked 
|  13|0x000000070a000000, 0x000000070a000000, 0x000000070a200000|  0%| F|  |TAMS 0x000000070a000000| PB 0x000000070a000000| Untracked 
|  14|0x000000070a200000, 0x000000070a200000, 0x000000070a400000|  0%| F|  |TAMS 0x000000070a200000| PB 0x000000070a200000| Untracked 
|  15|0x000000070a400000, 0x000000070a400000, 0x000000070a600000|  0%| F|  |TAMS 0x000000070a400000| PB 0x000000070a400000| Untracked 
|  16|0x000000070a600000, 0x000000070a600000, 0x000000070a800000|  0%| F|  |TAMS 0x000000070a600000| PB 0x000000070a600000| Untracked 
|  17|0x000000070a800000, 0x000000070a800000, 0x000000070aa00000|  0%| F|  |TAMS 0x000000070a800000| PB 0x000000070a800000| Untracked 
|  18|0x000000070aa00000, 0x000000070aa00000, 0x000000070ac00000|  0%| F|  |TAMS 0x000000070aa00000| PB 0x000000070aa00000| Untracked 
|  19|0x000000070ac00000, 0x000000070ac00000, 0x000000070ae00000|  0%| F|  |TAMS 0x000000070ac00000| PB 0x000000070ac00000| Untracked 
|  20|0x000000070ae00000, 0x000000070ae00000, 0x000000070b000000|  0%| F|  |TAMS 0x000000070ae00000| PB 0x000000070ae00000| Untracked 
|  21|0x000000070b000000, 0x000000070b000000, 0x000000070b200000|  0%| F|  |TAMS 0x000000070b000000| PB 0x000000070b000000| Untracked 
|  22|0x000000070b200000, 0x000000070b200000, 0x000000070b400000|  0%| F|  |TAMS 0x000000070b200000| PB 0x000000070b200000| Untracked 
|  23|0x000000070b400000, 0x000000070b400000, 0x000000070b600000|  0%| F|  |TAMS 0x000000070b400000| PB 0x000000070b400000| Untracked 
|  24|0x000000070b600000, 0x000000070b600000, 0x000000070b800000|  0%| F|  |TAMS 0x000000070b600000| PB 0x000000070b600000| Untracked 
|  25|0x000000070b800000, 0x000000070b800000, 0x000000070ba00000|  0%| F|  |TAMS 0x000000070b800000| PB 0x000000070b800000| Untracked 
|  26|0x000000070ba00000, 0x000000070ba00000, 0x000000070bc00000|  0%| F|  |TAMS 0x000000070ba00000| PB 0x000000070ba00000| Untracked 
|  27|0x000000070bc00000, 0x000000070bc00000, 0x000000070be00000|  0%| F|  |TAMS 0x000000070bc00000| PB 0x000000070bc00000| Untracked 
|  28|0x000000070be00000, 0x000000070be00000, 0x000000070c000000|  0%| F|  |TAMS 0x000000070be00000| PB 0x000000070be00000| Untracked 
|  29|0x000000070c000000, 0x000000070c000000, 0x000000070c200000|  0%| F|  |TAMS 0x000000070c000000| PB 0x000000070c000000| Untracked 
|  30|0x000000070c200000, 0x000000070c200000, 0x000000070c400000|  0%| F|  |TAMS 0x000000070c200000| PB 0x000000070c200000| Untracked 
|  31|0x000000070c400000, 0x000000070c400000, 0x000000070c600000|  0%| F|  |TAMS 0x000000070c400000| PB 0x000000070c400000| Untracked 
|  32|0x000000070c600000, 0x000000070c600000, 0x000000070c800000|  0%| F|  |TAMS 0x000000070c600000| PB 0x000000070c600000| Untracked 
|  33|0x000000070c800000, 0x000000070c800000, 0x000000070ca00000|  0%| F|  |TAMS 0x000000070c800000| PB 0x000000070c800000| Untracked 
|  34|0x000000070ca00000, 0x000000070ca00000, 0x000000070cc00000|  0%| F|  |TAMS 0x000000070ca00000| PB 0x000000070ca00000| Untracked 
|  35|0x000000070cc00000, 0x000000070cc00000, 0x000000070ce00000|  0%| F|  |TAMS 0x000000070cc00000| PB 0x000000070cc00000| Untracked 
|  36|0x000000070ce00000, 0x000000070ce00000, 0x000000070d000000|  0%| F|  |TAMS 0x000000070ce00000| PB 0x000000070ce00000| Untracked 
|  37|0x000000070d000000, 0x000000070d000000, 0x000000070d200000|  0%| F|  |TAMS 0x000000070d000000| PB 0x000000070d000000| Untracked 
|  38|0x000000070d200000, 0x000000070d200000, 0x000000070d400000|  0%| F|  |TAMS 0x000000070d200000| PB 0x000000070d200000| Untracked 
|  39|0x000000070d400000, 0x000000070d400000, 0x000000070d600000|  0%| F|  |TAMS 0x000000070d400000| PB 0x000000070d400000| Untracked 
|  40|0x000000070d600000, 0x000000070d600000, 0x000000070d800000|  0%| F|  |TAMS 0x000000070d600000| PB 0x000000070d600000| Untracked 
|  41|0x000000070d800000, 0x000000070d800000, 0x000000070da00000|  0%| F|  |TAMS 0x000000070d800000| PB 0x000000070d800000| Untracked 
|  42|0x000000070da00000, 0x000000070da00000, 0x000000070dc00000|  0%| F|  |TAMS 0x000000070da00000| PB 0x000000070da00000| Untracked 
|  43|0x000000070dc00000, 0x000000070dc00000, 0x000000070de00000|  0%| F|  |TAMS 0x000000070dc00000| PB 0x000000070dc00000| Untracked 
|  44|0x000000070de00000, 0x000000070de00000, 0x000000070e000000|  0%| F|  |TAMS 0x000000070de00000| PB 0x000000070de00000| Untracked 
|  45|0x000000070e000000, 0x000000070e000000, 0x000000070e200000|  0%| F|  |TAMS 0x000000070e000000| PB 0x000000070e000000| Untracked 
|  46|0x000000070e200000, 0x000000070e200000, 0x000000070e400000|  0%| F|  |TAMS 0x000000070e200000| PB 0x000000070e200000| Untracked 
|  47|0x000000070e400000, 0x000000070e400000, 0x000000070e600000|  0%| F|  |TAMS 0x000000070e400000| PB 0x000000070e400000| Untracked 
|  48|0x000000070e600000, 0x000000070e600000, 0x000000070e800000|  0%| F|  |TAMS 0x000000070e600000| PB 0x000000070e600000| Untracked 
|  49|0x000000070e800000, 0x000000070e800000, 0x000000070ea00000|  0%| F|  |TAMS 0x000000070e800000| PB 0x000000070e800000| Untracked 
|  50|0x000000070ea00000, 0x000000070ea00000, 0x000000070ec00000|  0%| F|  |TAMS 0x000000070ea00000| PB 0x000000070ea00000| Untracked 
|  51|0x000000070ec00000, 0x000000070ec00000, 0x000000070ee00000|  0%| F|  |TAMS 0x000000070ec00000| PB 0x000000070ec00000| Untracked 
|  52|0x000000070ee00000, 0x000000070ee00000, 0x000000070f000000|  0%| F|  |TAMS 0x000000070ee00000| PB 0x000000070ee00000| Untracked 
|  53|0x000000070f000000, 0x000000070f000000, 0x000000070f200000|  0%| F|  |TAMS 0x000000070f000000| PB 0x000000070f000000| Untracked 
|  54|0x000000070f200000, 0x000000070f200000, 0x000000070f400000|  0%| F|  |TAMS 0x000000070f200000| PB 0x000000070f200000| Untracked 
|  55|0x000000070f400000, 0x000000070f400000, 0x000000070f600000|  0%| F|  |TAMS 0x000000070f400000| PB 0x000000070f400000| Untracked 
|  56|0x000000070f600000, 0x000000070f600000, 0x000000070f800000|  0%| F|  |TAMS 0x000000070f600000| PB 0x000000070f600000| Untracked 
|  57|0x000000070f800000, 0x000000070f800000, 0x000000070fa00000|  0%| F|  |TAMS 0x000000070f800000| PB 0x000000070f800000| Untracked 
|  58|0x000000070fa00000, 0x000000070fa00000, 0x000000070fc00000|  0%| F|  |TAMS 0x000000070fa00000| PB 0x000000070fa00000| Untracked 
|  59|0x000000070fc00000, 0x000000070fc00000, 0x000000070fe00000|  0%| F|  |TAMS 0x000000070fc00000| PB 0x000000070fc00000| Untracked 
|  60|0x000000070fe00000, 0x000000070fe00000, 0x0000000710000000|  0%| F|  |TAMS 0x000000070fe00000| PB 0x000000070fe00000| Untracked 
|  61|0x0000000710000000, 0x0000000710000000, 0x0000000710200000|  0%| F|  |TAMS 0x0000000710000000| PB 0x0000000710000000| Untracked 
|  62|0x0000000710200000, 0x0000000710200000, 0x0000000710400000|  0%| F|  |TAMS 0x0000000710200000| PB 0x0000000710200000| Untracked 
|  63|0x0000000710400000, 0x0000000710400000, 0x0000000710600000|  0%| F|  |TAMS 0x0000000710400000| PB 0x0000000710400000| Untracked 
|  64|0x0000000710600000, 0x0000000710600000, 0x0000000710800000|  0%| F|  |TAMS 0x0000000710600000| PB 0x0000000710600000| Untracked 
|  65|0x0000000710800000, 0x0000000710800000, 0x0000000710a00000|  0%| F|  |TAMS 0x0000000710800000| PB 0x0000000710800000| Untracked 
|  66|0x0000000710a00000, 0x0000000710a00000, 0x0000000710c00000|  0%| F|  |TAMS 0x0000000710a00000| PB 0x0000000710a00000| Untracked 
|  67|0x0000000710c00000, 0x0000000710c00000, 0x0000000710e00000|  0%| F|  |TAMS 0x0000000710c00000| PB 0x0000000710c00000| Untracked 
|  68|0x0000000710e00000, 0x0000000710e00000, 0x0000000711000000|  0%| F|  |TAMS 0x0000000710e00000| PB 0x0000000710e00000| Untracked 
|  69|0x0000000711000000, 0x0000000711000000, 0x0000000711200000|  0%| F|  |TAMS 0x0000000711000000| PB 0x0000000711000000| Untracked 
|  70|0x0000000711200000, 0x0000000711200000, 0x0000000711400000|  0%| F|  |TAMS 0x0000000711200000| PB 0x0000000711200000| Untracked 
|  71|0x0000000711400000, 0x0000000711400000, 0x0000000711600000|  0%| F|  |TAMS 0x0000000711400000| PB 0x0000000711400000| Untracked 
|  72|0x0000000711600000, 0x0000000711600000, 0x0000000711800000|  0%| F|  |TAMS 0x0000000711600000| PB 0x0000000711600000| Untracked 
|  73|0x0000000711800000, 0x0000000711800000, 0x0000000711a00000|  0%| F|  |TAMS 0x0000000711800000| PB 0x0000000711800000| Untracked 
|  74|0x0000000711a00000, 0x0000000711a00000, 0x0000000711c00000|  0%| F|  |TAMS 0x0000000711a00000| PB 0x0000000711a00000| Untracked 
|  75|0x0000000711c00000, 0x0000000711c00000, 0x0000000711e00000|  0%| F|  |TAMS 0x0000000711c00000| PB 0x0000000711c00000| Untracked 
|  76|0x0000000711e00000, 0x0000000711e00000, 0x0000000712000000|  0%| F|  |TAMS 0x0000000711e00000| PB 0x0000000711e00000| Untracked 
|  77|0x0000000712000000, 0x0000000712000000, 0x0000000712200000|  0%| F|  |TAMS 0x0000000712000000| PB 0x0000000712000000| Untracked 
|  78|0x0000000712200000, 0x0000000712200000, 0x0000000712400000|  0%| F|  |TAMS 0x0000000712200000| PB 0x0000000712200000| Untracked 
|  79|0x0000000712400000, 0x0000000712400000, 0x0000000712600000|  0%| F|  |TAMS 0x0000000712400000| PB 0x0000000712400000| Untracked 
|  80|0x0000000712600000, 0x0000000712600000, 0x0000000712800000|  0%| F|  |TAMS 0x0000000712600000| PB 0x0000000712600000| Untracked 
|  81|0x0000000712800000, 0x0000000712800000, 0x0000000712a00000|  0%| F|  |TAMS 0x0000000712800000| PB 0x0000000712800000| Untracked 
|  82|0x0000000712a00000, 0x0000000712a00000, 0x0000000712c00000|  0%| F|  |TAMS 0x0000000712a00000| PB 0x0000000712a00000| Untracked 
|  83|0x0000000712c00000, 0x0000000712c00000, 0x0000000712e00000|  0%| F|  |TAMS 0x0000000712c00000| PB 0x0000000712c00000| Untracked 
|  84|0x0000000712e00000, 0x0000000712e00000, 0x0000000713000000|  0%| F|  |TAMS 0x0000000712e00000| PB 0x0000000712e00000| Untracked 
|  85|0x0000000713000000, 0x0000000713000000, 0x0000000713200000|  0%| F|  |TAMS 0x0000000713000000| PB 0x0000000713000000| Untracked 
|  86|0x0000000713200000, 0x0000000713200000, 0x0000000713400000|  0%| F|  |TAMS 0x0000000713200000| PB 0x0000000713200000| Untracked 
|  87|0x0000000713400000, 0x0000000713400000, 0x0000000713600000|  0%| F|  |TAMS 0x0000000713400000| PB 0x0000000713400000| Untracked 
|  88|0x0000000713600000, 0x0000000713600000, 0x0000000713800000|  0%| F|  |TAMS 0x0000000713600000| PB 0x0000000713600000| Untracked 
|  89|0x0000000713800000, 0x0000000713800000, 0x0000000713a00000|  0%| F|  |TAMS 0x0000000713800000| PB 0x0000000713800000| Untracked 
|  90|0x0000000713a00000, 0x0000000713a00000, 0x0000000713c00000|  0%| F|  |TAMS 0x0000000713a00000| PB 0x0000000713a00000| Untracked 
|  91|0x0000000713c00000, 0x0000000713c00000, 0x0000000713e00000|  0%| F|  |TAMS 0x0000000713c00000| PB 0x0000000713c00000| Untracked 
|  92|0x0000000713e00000, 0x0000000713e00000, 0x0000000714000000|  0%| F|  |TAMS 0x0000000713e00000| PB 0x0000000713e00000| Untracked 
|  93|0x0000000714000000, 0x0000000714000000, 0x0000000714200000|  0%| F|  |TAMS 0x0000000714000000| PB 0x0000000714000000| Untracked 
|  94|0x0000000714200000, 0x0000000714200000, 0x0000000714400000|  0%| F|  |TAMS 0x0000000714200000| PB 0x0000000714200000| Untracked 
|  95|0x0000000714400000, 0x0000000714400000, 0x0000000714600000|  0%| F|  |TAMS 0x0000000714400000| PB 0x0000000714400000| Untracked 
|  96|0x0000000714600000, 0x0000000714600000, 0x0000000714800000|  0%| F|  |TAMS 0x0000000714600000| PB 0x0000000714600000| Untracked 
|  97|0x0000000714800000, 0x0000000714800000, 0x0000000714a00000|  0%| F|  |TAMS 0x0000000714800000| PB 0x0000000714800000| Untracked 
|  98|0x0000000714a00000, 0x0000000714a00000, 0x0000000714c00000|  0%| F|  |TAMS 0x0000000714a00000| PB 0x0000000714a00000| Untracked 
|  99|0x0000000714c00000, 0x0000000714c00000, 0x0000000714e00000|  0%| F|  |TAMS 0x0000000714c00000| PB 0x0000000714c00000| Untracked 
| 100|0x0000000714e00000, 0x0000000714e00000, 0x0000000715000000|  0%| F|  |TAMS 0x0000000714e00000| PB 0x0000000714e00000| Untracked 
| 101|0x0000000715000000, 0x0000000715000000, 0x0000000715200000|  0%| F|  |TAMS 0x0000000715000000| PB 0x0000000715000000| Untracked 
| 102|0x0000000715200000, 0x0000000715200000, 0x0000000715400000|  0%| F|  |TAMS 0x0000000715200000| PB 0x0000000715200000| Untracked 
| 103|0x0000000715400000, 0x0000000715400000, 0x0000000715600000|  0%| F|  |TAMS 0x0000000715400000| PB 0x0000000715400000| Untracked 
| 104|0x0000000715600000, 0x0000000715600000, 0x0000000715800000|  0%| F|  |TAMS 0x0000000715600000| PB 0x0000000715600000| Untracked 
| 105|0x0000000715800000, 0x0000000715800000, 0x0000000715a00000|  0%| F|  |TAMS 0x0000000715800000| PB 0x0000000715800000| Untracked 
| 106|0x0000000715a00000, 0x0000000715a00000, 0x0000000715c00000|  0%| F|  |TAMS 0x0000000715a00000| PB 0x0000000715a00000| Untracked 
| 107|0x0000000715c00000, 0x0000000715c00000, 0x0000000715e00000|  0%| F|  |TAMS 0x0000000715c00000| PB 0x0000000715c00000| Untracked 
| 108|0x0000000715e00000, 0x0000000715e00000, 0x0000000716000000|  0%| F|  |TAMS 0x0000000715e00000| PB 0x0000000715e00000| Untracked 
| 109|0x0000000716000000, 0x0000000716000000, 0x0000000716200000|  0%| F|  |TAMS 0x0000000716000000| PB 0x0000000716000000| Untracked 
| 110|0x0000000716200000, 0x0000000716200000, 0x0000000716400000|  0%| F|  |TAMS 0x0000000716200000| PB 0x0000000716200000| Untracked 
| 111|0x0000000716400000, 0x0000000716400000, 0x0000000716600000|  0%| F|  |TAMS 0x0000000716400000| PB 0x0000000716400000| Untracked 
| 112|0x0000000716600000, 0x0000000716600000, 0x0000000716800000|  0%| F|  |TAMS 0x0000000716600000| PB 0x0000000716600000| Untracked 
| 113|0x0000000716800000, 0x0000000716800000, 0x0000000716a00000|  0%| F|  |TAMS 0x0000000716800000| PB 0x0000000716800000| Untracked 
| 114|0x0000000716a00000, 0x0000000716a00000, 0x0000000716c00000|  0%| F|  |TAMS 0x0000000716a00000| PB 0x0000000716a00000| Untracked 
| 115|0x0000000716c00000, 0x0000000716c00000, 0x0000000716e00000|  0%| F|  |TAMS 0x0000000716c00000| PB 0x0000000716c00000| Untracked 
| 116|0x0000000716e00000, 0x0000000716e00000, 0x0000000717000000|  0%| F|  |TAMS 0x0000000716e00000| PB 0x0000000716e00000| Untracked 
| 117|0x0000000717000000, 0x0000000717000000, 0x0000000717200000|  0%| F|  |TAMS 0x0000000717000000| PB 0x0000000717000000| Untracked 
| 118|0x0000000717200000, 0x0000000717200000, 0x0000000717400000|  0%| F|  |TAMS 0x0000000717200000| PB 0x0000000717200000| Untracked 
| 119|0x0000000717400000, 0x0000000717400000, 0x0000000717600000|  0%| F|  |TAMS 0x0000000717400000| PB 0x0000000717400000| Untracked 
| 120|0x0000000717600000, 0x0000000717600000, 0x0000000717800000|  0%| F|  |TAMS 0x0000000717600000| PB 0x0000000717600000| Untracked 
| 121|0x0000000717800000, 0x0000000717800000, 0x0000000717a00000|  0%| F|  |TAMS 0x0000000717800000| PB 0x0000000717800000| Untracked 
| 122|0x0000000717a00000, 0x0000000717bceb20, 0x0000000717c00000| 90%| E|  |TAMS 0x0000000717a00000| PB 0x0000000717a00000| Complete 
| 123|0x0000000717c00000, 0x0000000717e00000, 0x0000000717e00000|100%| E|CS|TAMS 0x0000000717c00000| PB 0x0000000717c00000| Complete 
|1980|0x00000007ffe00000, 0x00000007fff0c7c0, 0x0000000800000000| 52%| O|  |TAMS 0x00000007ffe00000| PB 0x00000007ffe00000| Untracked 

Card table byte_map: [0x0000732569e70000,0x000073256a62d000] _byte_map_base: 0x000073256662d000

Marking Bits: (CMBitMap*) 0x0000732583876410
 Bits: [0x0000732566088000, 0x0000732569e70000)

Polling page: 0x000073258584b000

Metaspace:

Usage:
  Non-class:    494.92 KB used.
      Class:     40.65 KB used.
       Both:    535.57 KB used.

Virtual space:
  Non-class space:       64.00 MB reserved,     576.00 KB ( <1%) committed,  1 nodes.
      Class space:        1.00 GB reserved,     128.00 KB ( <1%) committed,  1 nodes.
             Both:        1.06 GB reserved,     704.00 KB ( <1%) committed. 

Chunk freelists:
   Non-Class:  11.96 MB
       Class:  15.74 MB
        Both:  27.70 MB

MaxMetaspaceSize: unlimited
CompressedClassSpaceSize: 1.00 GB
Initial GC threshold: 21.00 MB
Current GC threshold: 21.00 MB
CDS: on
 - commit_granule_bytes: 65536.
 - commit_granule_words: 8192.
 - virtual_space_node_default_size: 8388608.
 - enlarge_chunks_in_place: 1.
 - use_allocation_guard: 0.


Internal statistics:

num_allocs_failed_limit: 0.
num_arena_births: 14.
num_arena_deaths: 0.
num_vsnodes_births: 2.
num_vsnodes_deaths: 0.
num_space_committed: 11.
num_space_uncommitted: 0.
num_chunks_returned_to_freelist: 0.
num_chunks_taken_from_freelist: 20.
num_chunk_merges: 0.
num_chunk_splits: 13.
num_chunks_enlarged: 6.
num_inconsistent_stats: 0.

CodeHeap 'non-profiled nmethods': size=119168Kb used=53Kb max_used=53Kb free=119115Kb
 bounds [0x00007325739a0000, 0x0000732573c10000, 0x000073257ae00000]
CodeHeap 'profiled nmethods': size=119164Kb used=211Kb max_used=211Kb free=118952Kb
 bounds [0x000073256be00000, 0x000073256c070000, 0x000073257325f000]
CodeHeap 'non-nmethods': size=7428Kb used=1258Kb max_used=1830Kb free=6170Kb
 bounds [0x000073257325f000, 0x00007325734cf000, 0x00007325739a0000]
 total_blobs=574 nmethods=183 adapters=297
 compilation: enabled
              stopped_count=0, restarted_count=0
 full_count=0

Compilation events (20 events):
Event: 29.110 Thread 0x00007325839c1600  174       4       jdk.internal.util.ArraysSupport::vectorizedHashCode (158 bytes)
Event: 29.111 Thread 0x00007325839c0b80  175       3       java.lang.StringLatin1::hashCode (52 bytes)
Event: 29.111 Thread 0x00007325839c0b80 nmethod 175 0x000073256be32590 code [0x000073256be32740, 0x000073256be32960]
Event: 29.111 Thread 0x00007325839c0b80  176       3       jdk.internal.util.Preconditions::checkFromIndexSize (25 bytes)
Event: 29.111 Thread 0x00007325839c0b80 nmethod 176 0x000073256be32a10 code [0x000073256be32bc0, 0x000073256be32d68]
Event: 29.112 Thread 0x00007325839c0b80  177       3       java.lang.String::<init> (15 bytes)
Event: 29.112 Thread 0x00007325839c0b80 nmethod 177 0x000073256be32e90 code [0x000073256be33020, 0x000073256be331e8]
Event: 29.112 Thread 0x00007325839c0b80  178       3       jdk.internal.misc.Unsafe::getLongUnaligned (173 bytes)
Event: 29.112 Thread 0x00007325839c1600 nmethod 174 0x00007325739ac910 code [0x00007325739acaa0, 0x00007325739accd0]
Event: 29.112 Thread 0x00007325839c0b80 nmethod 178 0x000073256be33290 code [0x000073256be33480, 0x000073256be33858]
Event: 29.113 Thread 0x00007325839c0b80  179       1       java.net.URL::getProtocol (5 bytes)
Event: 29.113 Thread 0x00007325839c0b80 nmethod 179 0x00007325739ace10 code [0x00007325739acfa0, 0x00007325739ad068]
Event: 29.113 Thread 0x00007325839c0b80  181       3       java.lang.String::startsWith (7 bytes)
Event: 29.113 Thread 0x00007325839c0b80 nmethod 181 0x000073256be33910 code [0x000073256be33ac0, 0x000073256be33c00]
Event: 29.113 Thread 0x00007325839c0b80  180       3       java.util.Arrays::copyOf (33 bytes)
Event: 29.113 Thread 0x00007325839c0b80 nmethod 180 0x000073256be33c90 code [0x000073256be33e60, 0x000073256be34340]
Event: 29.113 Thread 0x00007325839c0b80  182       3       jdk.internal.util.ArraysSupport::mismatch (103 bytes)
Event: 29.113 Thread 0x00007325839c0b80 nmethod 182 0x000073256be34490 code [0x000073256be34660, 0x000073256be34a68]
Event: 29.117 Thread 0x00007325839c0b80  183       1       java.lang.invoke.MethodType::form (5 bytes)
Event: 29.117 Thread 0x00007325839c0b80 nmethod 183 0x00007325739ad110 code [0x00007325739ad2a0, 0x00007325739ad368]

GC Heap History (0 events):
No events

Dll operation events (5 events):
Event: 0.003 Loaded shared library /usr/lib/jvm/java-21-openjdk-amd64/lib/libjava.so
Event: 0.039 Loaded shared library /usr/lib/jvm/java-21-openjdk-amd64/lib/libjsvml.so
Event: 0.046 Loaded shared library /usr/lib/jvm/java-21-openjdk-amd64/lib/libnio.so
Event: 0.049 Loaded shared library /usr/lib/jvm/java-21-openjdk-amd64/lib/libzip.so
Event: 29.107 Loaded shared library /usr/lib/jvm/java-21-openjdk-amd64/lib/libjimage.so

Deoptimization events (0 events):
No events

Classes loaded (20 events):
Event: 29.113 Loading class jdk/internal/logger/AbstractLoggerWrapper
Event: 29.113 Loading class jdk/internal/logger/AbstractLoggerWrapper done
Event: 29.113 Loading class jdk/internal/logger/LazyLoggers$LazyLoggerWrapper done
Event: 29.113 Loading class jdk/internal/logger/LazyLoggers$JdkLazyLogger done
Event: 29.114 Loading class jdk/internal/logger/LazyLoggers$LazyLoggerAccessor
Event: 29.114 Loading class jdk/internal/logger/LazyLoggers$LoggerAccessor
Event: 29.114 Loading class jdk/internal/logger/LazyLoggers$LoggerAccessor done
Event: 29.114 Loading class jdk/internal/logger/LazyLoggers$LazyLoggerAccessor done
Event: 29.114 Loading class java/lang/System$Logger$Level
Event: 29.115 Loading class java/lang/System$Logger$Level done
Event: 29.115 Loading class jdk/internal/logger/SurrogateLogger
Event: 29.115 Loading class jdk/internal/logger/SimpleConsoleLogger
Event: 29.116 Loading class sun/util/logging/PlatformLogger$ConfigurableBridge$LoggerConfiguration
Event: 29.116 Loading class sun/util/logging/PlatformLogger$ConfigurableBridge$LoggerConfiguration done
Event: 29.116 Loading class jdk/internal/logger/SimpleConsoleLogger done
Event: 29.116 Loading class jdk/internal/logger/SurrogateLogger done
Event: 29.117 Loading class sun/util/logging/PlatformLogger
Event: 29.117 Loading class sun/util/logging/PlatformLogger done
Event: 29.117 Loading class sun/util/logging/PlatformLogger$Level
Event: 29.117 Loading class sun/util/logging/PlatformLogger$Level done

Classes unloaded (0 events):
No events

Classes redefined (0 events):
No events

Internal exceptions (0 events):
No events

ZGC Phase Switch (0 events):
No events

VM Operations (5 events):
Event: 0.089 Executing VM operation: HandshakeAllThreads (Deoptimize)
Event: 0.089 Executing VM operation: HandshakeAllThreads (Deoptimize) done
Event: 1.104 Executing VM operation: Cleanup
Event: 1.104 Executing VM operation: Cleanup done
Event: 29.118 Executing VM operation: Exit

Memory protections (12 events):
Event: 0.002 Protecting memory [0x00007fffbade8000,0x00007fffbadec000] with protection modes 0
Event: 0.036 Protecting memory [0x0000732562858000,0x000073256285c000] with protection modes 0
Event: 0.036 Protecting memory [0x0000732562758000,0x000073256275c000] with protection modes 0
Event: 0.037 Protecting memory [0x0000732562658000,0x000073256265c000] with protection modes 0
Event: 0.037 Protecting memory [0x0000732562558000,0x000073256255c000] with protection modes 0
Event: 0.037 Protecting memory [0x0000732562458000,0x000073256245c000] with protection modes 0
Event: 0.037 Protecting memory [0x0000732562358000,0x000073256235c000] with protection modes 0
Event: 0.037 Protecting memory [0x000073251cf00000,0x000073251cf04000] with protection modes 0
Event: 0.042 Protecting memory [0x000073251c42f000,0x000073251c433000] with protection modes 0
Event: 0.044 Protecting memory [0x000073251c32f000,0x000073251c333000] with protection modes 0
Event: 0.061 Protecting memory [0x000073251c22f000,0x000073251c233000] with protection modes 0
Event: 29.103 Protecting memory [0x000073251c42f000,0x000073251c433000] with protection modes 0

Nmethod flushes (0 events):
No events

Events (15 events):
Event: 0.030 Thread 0x00007325838a0f00 Thread added: 0x00007325838a0f00
Event: 0.036 Thread 0x00007325838a0f00 Thread added: 0x00007325839a9600
Event: 0.036 Thread 0x00007325838a0f00 Thread added: 0x00007325839a8f00
Event: 0.037 Thread 0x00007325838a0f00 Thread added: 0x00007325839a8800
Event: 0.037 Thread 0x00007325838a0f00 Thread added: 0x00007325839a8100
Event: 0.037 Thread 0x00007325838a0f00 Thread added: 0x000073258398b900
Event: 0.037 Thread 0x00007325838a0f00 Thread added: 0x00007325839c1600
Event: 0.037 Thread 0x00007325838a0f00 Thread added: 0x00007325839c0b80
Event: 0.041 Thread 0x00007325839c1600 Thread added: 0x00007325622ef580
Event: 0.044 Thread 0x00007325838a0f00 Thread added: 0x000073258398b200
Event: 0.061 Thread 0x00007325838a0f00 Thread added: 0x0000732583988f00
Event: 5.106 Thread 0x00007325622ef580 Thread exited: 0x00007325622ef580
Event: 29.102 Thread 0x00007325839a8800 Thread added: 0x00007323de2ff900
Event: 29.117 Thread 0x00007323de2ff900 Before exit entered
Event: 29.118 Thread 0x00007325839a8800 Thread exited: 0x00007325839a8800


Dynamic libraries:
708600000-717e00000 rw-p 00000000 00:00 0 
717e00000-7ffe00000 ---p 00000000 00:00 0 
7ffe00000-7fff0d000 rw-p 00cd6000 08:30 88814                            /usr/lib/jvm/java-21-openjdk-amd64/lib/server/classes.jsa
7fff0d000-800000000 rw-p 00000000 00:00 0 
615845660000-6158456a0000 r--p 00000000 08:30 90566                      /home/hyuntae-choi/gcam-core/exe/gcam.exe
6158456a0000-615845bc0000 r-xp 00040000 08:30 90566                      /home/hyuntae-choi/gcam-core/exe/gcam.exe
615845bc0000-615845c8d000 r--p 00560000 08:30 90566                      /home/hyuntae-choi/gcam-core/exe/gcam.exe
615845c8d000-615845ca3000 r--p 0062d000 08:30 90566                      /home/hyuntae-choi/gcam-core/exe/gcam.exe
615845ca3000-615845ca4000 rw-p 00643000 08:30 90566                      /home/hyuntae-choi/gcam-core/exe/gcam.exe
615845ca4000-615845cb9000 rw-p 00000000 00:00 0 
7323715f2000-732372df2000 rw-p 00000000 00:00 0 
7323736f5000-73238e9fe000 rw-p 00000000 00:00 0 
7323dc3ff000-732404c00000 rw-p 00000000 00:00 0 
732404d00000-73240fe00000 rw-p 00000000 00:00 0 
732410000000-732411e00000 rw-p 00000000 00:00 0 
732411f49000-73243204c000 rw-p 00000000 00:00 0 
73243204f000-732432c50000 rw-p 00000000 00:00 0 
732432f0a000-73243410a000 rw-p 00000000 00:00 0 
7324342e1000-732445435000 rw-p 00000000 00:00 0 
732445736000-732445d38000 rw-p 00000000 00:00 0 
732454d88000-732460dc8000 rw-p 00000000 00:00 0 
7324610c9000-7324616cb000 rw-p 00000000 00:00 0 
7324691f4000-73246b600000 rw-p 00000000 00:00 0 
732470000000-732470c00000 rw-p 00000000 00:00 0 
732471a00000-732478c00000 rw-p 00000000 00:00 0 
732478dfe000-73247ac00000 rw-p 00000000 00:00 0 
73247adfc000-732485c00000 rw-p 00000000 00:00 0 
732485e33000-732493c37000 rw-p 00000000 00:00 0 
732493c38000-73249453a000 rw-p 00000000 00:00 0 
73249457a000-7324c517e000 rw-p 00000000 00:00 0 
7324c5400000-7324cd200000 rw-p 00000000 00:00 0 
7324cd400000-7324ce600000 rw-p 00000000 00:00 0 
7324ce6f7000-7324d0e00000 rw-p 00000000 00:00 0 
7324d0f00000-7324d4800000 rw-p 00000000 00:00 0 
7324d4823000-7324d6623000 rw-p 00000000 00:00 0 
7324d6679000-7324f2879000 rw-p 00000000 00:00 0 
7324f287a000-7324f2b7a000 rw-p 00000000 00:00 0 
7324f2b7c000-7324f347d000 rw-p 00000000 00:00 0 
7324f347e000-7324f377e000 rw-p 00000000 00:00 0 
7324f377f000-7324fb5a4000 rw-p 00000000 00:00 0 
7324fb5a5000-73250ca00000 rw-p 00000000 00:00 0 
73250cce4000-73250d5e4000 rw-p 00000000 00:00 0 
73250d5e5000-73250dee7000 rw-p 00000000 00:00 0 
73250deef000-732513000000 rw-p 00000000 00:00 0 
732513000000-732513600000 rw-p 00000000 00:00 0 
7325138ed000-732517e00000 rw-p 00000000 00:00 0 
732517efb000-73251a600000 rw-p 00000000 00:00 0 
73251a8ad000-73251aeff000 rw-p 00000000 00:00 0 
73251af09000-73251c22f000 rw-p 00000000 00:00 0 
73251c22f000-73251c233000 ---p 00000000 00:00 0 
73251c233000-73251c32f000 rw-p 00000000 00:00 0 
73251c32f000-73251c333000 ---p 00000000 00:00 0 
73251c333000-73251c42f000 rw-p 00000000 00:00 0 
73251c42f000-73251c433000 ---p 00000000 00:00 0 
73251c433000-73251c52f000 rw-p 00000000 00:00 0 
73251c52f000-73251c534000 r--p 00000000 08:30 88795                      /usr/lib/jvm/java-21-openjdk-amd64/lib/libjsvml.so
73251c534000-73251c575000 r-xp 00005000 08:30 88795                      /usr/lib/jvm/java-21-openjdk-amd64/lib/libjsvml.so
73251c575000-73251c5fe000 r--p 00046000 08:30 88795                      /usr/lib/jvm/java-21-openjdk-amd64/lib/libjsvml.so
73251c5fe000-73251c5ff000 r--p 000ce000 08:30 88795                      /usr/lib/jvm/java-21-openjdk-amd64/lib/libjsvml.so
73251c5ff000-73251c600000 rw-p 000cf000 08:30 88795                      /usr/lib/jvm/java-21-openjdk-amd64/lib/libjsvml.so
73251c600000-73251cf00000 rw-p 00000000 00:00 0 
73251cf00000-73251cf04000 ---p 00000000 00:00 0 
73251cf04000-73251d080000 rw-p 00000000 00:00 0 
73251d080000-73251d400000 ---p 00000000 00:00 0 
73251d400000-73251d410000 rw-p 00000000 00:00 0 
73251d410000-732521000000 ---p 00000000 00:00 0 
732521000000-732521c97000 rw-p 00001000 08:30 88814                      /usr/lib/jvm/java-21-openjdk-amd64/lib/server/classes.jsa
732521c97000-732522000000 ---p 00000000 00:00 0 
732522000000-732522010000 rw-p 00000000 00:00 0 
732522010000-732522040000 ---p 00000000 00:00 0 
732522040000-732522050000 rw-p 00000000 00:00 0 
732522050000-732562000000 ---p 00000000 00:00 0 
732562008000-732562358000 rw-p 00000000 00:00 0 
732562358000-73256235c000 ---p 00000000 00:00 0 
73256235c000-732562458000 rw-p 00000000 00:00 0 
732562458000-73256245c000 ---p 00000000 00:00 0 
73256245c000-732562558000 rw-p 00000000 00:00 0 
732562558000-73256255c000 ---p 00000000 00:00 0 
73256255c000-732562658000 rw-p 00000000 00:00 0 
732562658000-73256265c000 ---p 00000000 00:00 0 
73256265c000-732562758000 rw-p 00000000 00:00 0 
732562758000-73256275c000 ---p 00000000 00:00 0 
73256275c000-732562858000 rw-p 00000000 00:00 0 
732562858000-73256285c000 ---p 00000000 00:00 0 
73256285c000-732562958000 rw-p 00000000 00:00 0 
732562958000-732562959000 ---p 00000000 00:00 0 
732562959000-732562a59000 rw-p 00000000 00:00 0 
732562a59000-732562a5a000 ---p 00000000 00:00 0 
732562a5a000-732562b5a000 rw-p 00000000 00:00 0 
732562b5a000-732562b5b000 ---p 00000000 00:00 0 
732562b5b000-732562c5b000 rw-p 00000000 00:00 0 
732562c5b000-732562c5c000 ---p 00000000 00:00 0 
732562c5c000-732565c89000 rw-p 00000000 00:00 0 
732565c89000-732565c8a000 ---p 00000000 00:00 0 
732565c8a000-732565d8a000 rw-p 00000000 00:00 0 
732565d8a000-732565d8b000 ---p 00000000 00:00 0 
732565d8b000-732565e8b000 rw-p 00000000 00:00 0 
732565e8b000-732565e8c000 ---p 00000000 00:00 0 
732565e8c000-732566468000 rw-p 00000000 00:00 0 
732566468000-732569e68000 ---p 00000000 00:00 0 
732569e68000-732569eec000 rw-p 00000000 00:00 0 
732569eec000-73256a62c000 ---p 00000000 00:00 0 
73256a62c000-73256a6a9000 rw-p 00000000 00:00 0 
73256a6a9000-73256ade9000 ---p 00000000 00:00 0 
73256ade9000-73256bd1c000 rw-p 00000000 00:00 0 
73256bd1c000-73256be00000 ---p 00000000 00:00 0 
73256be00000-73256c070000 rwxp 00000000 00:00 0 
73256c070000-73257325f000 ---p 00000000 00:00 0 
73257325f000-7325734cf000 rwxp 00000000 00:00 0 
7325734cf000-7325739a0000 ---p 00000000 00:00 0 
7325739a0000-732573c10000 rwxp 00000000 00:00 0 
732573c10000-73257ae00000 ---p 00000000 00:00 0 
73257ae00000-73258341e000 r--s 00000000 08:30 88811                      /usr/lib/jvm/java-21-openjdk-amd64/lib/modules
732583422000-732583472000 rw-p 00000000 00:00 0 
732583472000-732583474000 r--p 00000000 08:30 13126                      /usr/lib/x86_64-linux-gnu/libz.so.1.3
732583474000-732583486000 r-xp 00002000 08:30 13126                      /usr/lib/x86_64-linux-gnu/libz.so.1.3
732583486000-73258348c000 r--p 00014000 08:30 13126                      /usr/lib/x86_64-linux-gnu/libz.so.1.3
73258348c000-73258348d000 r--p 0001a000 08:30 13126                      /usr/lib/x86_64-linux-gnu/libz.so.1.3
73258348d000-73258348e000 rw-p 0001b000 08:30 13126                      /usr/lib/x86_64-linux-gnu/libz.so.1.3
732583499000-73258349b000 r--p 00000000 08:30 88810                      /usr/lib/jvm/java-21-openjdk-amd64/lib/libzip.so
73258349b000-7325834a0000 r-xp 00002000 08:30 88810                      /usr/lib/jvm/java-21-openjdk-amd64/lib/libzip.so
7325834a0000-7325834a2000 r--p 00007000 08:30 88810                      /usr/lib/jvm/java-21-openjdk-amd64/lib/libzip.so
7325834a2000-7325834a3000 r--p 00008000 08:30 88810                      /usr/lib/jvm/java-21-openjdk-amd64/lib/libzip.so
7325834a3000-7325834a4000 rw-p 00009000 08:30 88810                      /usr/lib/jvm/java-21-openjdk-amd64/lib/libzip.so
7325834a4000-7325834fd000 r--p 00000000 08:30 2597                       /usr/lib/locale/C.utf8/LC_CTYPE
7325834fd000-732583a00000 rw-p 00000000 00:00 0 
732583a00000-732583a28000 r--p 00000000 08:30 12715                      /usr/lib/x86_64-linux-gnu/libc.so.6
732583a28000-732583bb0000 r-xp 00028000 08:30 12715                      /usr/lib/x86_64-linux-gnu/libc.so.6
732583bb0000-732583bff000 r--p 001b0000 08:30 12715                      /usr/lib/x86_64-linux-gnu/libc.so.6
732583bff000-732583c03000 r--p 001fe000 08:30 12715                      /usr/lib/x86_64-linux-gnu/libc.so.6
732583c03000-732583c05000 rw-p 00202000 08:30 12715                      /usr/lib/x86_64-linux-gnu/libc.so.6
732583c05000-732583c12000 rw-p 00000000 00:00 0 
732583c16000-732583c1b000 rw-p 00000000 00:00 0 
732583c1b000-732583cff000 ---p 00000000 00:00 0 
732583cff000-732583e00000 rw-p 00000000 00:00 0 
732583e00000-732583e9d000 r--p 00000000 08:30 13036                      /usr/lib/x86_64-linux-gnu/libstdc++.so.6.0.33
732583e9d000-732583fe5000 r-xp 0009d000 08:30 13036                      /usr/lib/x86_64-linux-gnu/libstdc++.so.6.0.33
732583fe5000-73258406c000 r--p 001e5000 08:30 13036                      /usr/lib/x86_64-linux-gnu/libstdc++.so.6.0.33
73258406c000-732584077000 r--p 0026b000 08:30 13036                      /usr/lib/x86_64-linux-gnu/libstdc++.so.6.0.33
732584077000-73258407a000 rw-p 00276000 08:30 13036                      /usr/lib/x86_64-linux-gnu/libstdc++.so.6.0.33
73258407a000-73258407e000 rw-p 00000000 00:00 0 
732584083000-732584086000 r--p 00000000 08:30 88802                      /usr/lib/jvm/java-21-openjdk-amd64/lib/libnet.so
732584086000-73258408e000 r-xp 00003000 08:30 88802                      /usr/lib/jvm/java-21-openjdk-amd64/lib/libnet.so
73258408e000-732584090000 r--p 0000b000 08:30 88802                      /usr/lib/jvm/java-21-openjdk-amd64/lib/libnet.so
732584090000-732584091000 r--p 0000c000 08:30 88802                      /usr/lib/jvm/java-21-openjdk-amd64/lib/libnet.so
732584091000-732584092000 rw-p 0000d000 08:30 88802                      /usr/lib/jvm/java-21-openjdk-amd64/lib/libnet.so
732584092000-732584099000 r--p 00000000 08:30 88803                      /usr/lib/jvm/java-21-openjdk-amd64/lib/libnio.so
732584099000-7325840a2000 r-xp 00007000 08:30 88803                      /usr/lib/jvm/java-21-openjdk-amd64/lib/libnio.so
7325840a2000-7325840a6000 r--p 00010000 08:30 88803                      /usr/lib/jvm/java-21-openjdk-amd64/lib/libnio.so
7325840a6000-7325840a7000 r--p 00014000 08:30 88803                      /usr/lib/jvm/java-21-openjdk-amd64/lib/libnio.so
7325840a7000-7325840a8000 rw-p 00015000 08:30 88803                      /usr/lib/jvm/java-21-openjdk-amd64/lib/libnio.so
7325840a8000-7325840a9000 r--p 00000000 08:30 2604                       /usr/lib/locale/C.utf8/LC_NUMERIC
7325840a9000-7325840aa000 r--p 00000000 08:30 2607                       /usr/lib/locale/C.utf8/LC_TIME
7325840aa000-7325840ab000 r--p 00000000 08:30 2596                       /usr/lib/locale/C.utf8/LC_COLLATE
7325840ab000-7325840ac000 r--p 00000000 08:30 2602                       /usr/lib/locale/C.utf8/LC_MONETARY
7325840ac000-7325840ad000 r--p 00000000 08:30 2601                       /usr/lib/locale/C.utf8/LC_MESSAGES/SYS_LC_MESSAGES
7325840ad000-7325840ae000 r--p 00000000 08:30 2605                       /usr/lib/locale/C.utf8/LC_PAPER
7325840ae000-7325840af000 r--p 00000000 08:30 2603                       /usr/lib/locale/C.utf8/LC_NAME
7325840af000-7325840b0000 r--p 00000000 08:30 2595                       /usr/lib/locale/C.utf8/LC_ADDRESS
7325840b0000-7325840b1000 r--p 00000000 08:30 2606                       /usr/lib/locale/C.utf8/LC_TELEPHONE
7325840b1000-7325840b8000 r--s 00000000 08:30 12431                      /usr/lib/x86_64-linux-gnu/gconv/gconv-modules.cache
7325840b8000-7325840bd000 rw-p 00000000 00:00 0 
7325840bd000-7325840c7000 ---p 00000000 00:00 0 
7325840c7000-732584117000 rw-p 00000000 00:00 0 
732584117000-732584127000 r--p 00000000 08:30 12921                      /usr/lib/x86_64-linux-gnu/libm.so.6
732584127000-7325841a6000 r-xp 00010000 08:30 12921                      /usr/lib/x86_64-linux-gnu/libm.so.6
7325841a6000-7325841fe000 r--p 0008f000 08:30 12921                      /usr/lib/x86_64-linux-gnu/libm.so.6
7325841fe000-7325841ff000 r--p 000e7000 08:30 12921                      /usr/lib/x86_64-linux-gnu/libm.so.6
7325841ff000-732584200000 rw-p 000e8000 08:30 12921                      /usr/lib/x86_64-linux-gnu/libm.so.6
732584200000-7325844a1000 r--p 00000000 08:30 88817                      /usr/lib/jvm/java-21-openjdk-amd64/lib/server/libjvm.so
7325844a1000-73258530d000 r-xp 002a1000 08:30 88817                      /usr/lib/jvm/java-21-openjdk-amd64/lib/server/libjvm.so
73258530d000-7325855e5000 r--p 0110d000 08:30 88817                      /usr/lib/jvm/java-21-openjdk-amd64/lib/server/libjvm.so
7325855e5000-7325856b8000 r--p 013e5000 08:30 88817                      /usr/lib/jvm/java-21-openjdk-amd64/lib/server/libjvm.so
7325856b8000-7325856e8000 rw-p 014b8000 08:30 88817                      /usr/lib/jvm/java-21-openjdk-amd64/lib/server/libjvm.so
7325856e8000-73258574e000 rw-p 00000000 00:00 0 
73258574e000-73258574f000 r--p 00000000 08:30 2599                       /usr/lib/locale/C.utf8/LC_MEASUREMENT
73258574f000-732585750000 r--p 00000000 08:30 2598                       /usr/lib/locale/C.utf8/LC_IDENTIFICATION
732585750000-73258575d000 r--p 00000000 08:30 88788                      /usr/lib/jvm/java-21-openjdk-amd64/lib/libjava.so
73258575d000-73258576c000 r-xp 0000d000 08:30 88788                      /usr/lib/jvm/java-21-openjdk-amd64/lib/libjava.so
73258576c000-732585771000 r--p 0001c000 08:30 88788                      /usr/lib/jvm/java-21-openjdk-amd64/lib/libjava.so
732585771000-732585772000 r--p 00021000 08:30 88788                      /usr/lib/jvm/java-21-openjdk-amd64/lib/libjava.so
732585772000-732585773000 rw-p 00022000 08:30 88788                      /usr/lib/jvm/java-21-openjdk-amd64/lib/libjava.so
732585773000-732585774000 rw-p 00000000 00:00 0 
732585774000-73258577c000 rw-s 00000000 08:30 90641                      /tmp/hsperfdata_hyuntae-choi/51813 (deleted)
73258577c000-732585781000 rw-p 00000000 00:00 0 
732585781000-732585787000 r--p 00000000 08:30 86477                      /usr/lib/x86_64-linux-gnu/libtbbmalloc.so.2.11
732585787000-732585799000 r-xp 00006000 08:30 86477                      /usr/lib/x86_64-linux-gnu/libtbbmalloc.so.2.11
732585799000-73258579e000 r--p 00018000 08:30 86477                      /usr/lib/x86_64-linux-gnu/libtbbmalloc.so.2.11
73258579e000-73258579f000 r--p 0001c000 08:30 86477                      /usr/lib/x86_64-linux-gnu/libtbbmalloc.so.2.11
73258579f000-7325857a1000 rw-p 0001d000 08:30 86477                      /usr/lib/x86_64-linux-gnu/libtbbmalloc.so.2.11
7325857a1000-7325857c2000 rw-p 00000000 00:00 0 
7325857c2000-7325857c6000 r--p 00000000 08:30 12817                      /usr/lib/x86_64-linux-gnu/libgcc_s.so.1
7325857c6000-7325857ea000 r-xp 00004000 08:30 12817                      /usr/lib/x86_64-linux-gnu/libgcc_s.so.1
7325857ea000-7325857ee000 r--p 00028000 08:30 12817                      /usr/lib/x86_64-linux-gnu/libgcc_s.so.1
7325857ee000-7325857ef000 r--p 0002b000 08:30 12817                      /usr/lib/x86_64-linux-gnu/libgcc_s.so.1
7325857ef000-7325857f0000 rw-p 0002c000 08:30 12817                      /usr/lib/x86_64-linux-gnu/libgcc_s.so.1
7325857f0000-7325857f2000 rw-p 00000000 00:00 0 
7325857f2000-7325857f3000 r--p 00000000 08:30 86478                      /usr/lib/x86_64-linux-gnu/libtbbmalloc_proxy.so.2.11
7325857f3000-7325857f4000 r-xp 00001000 08:30 86478                      /usr/lib/x86_64-linux-gnu/libtbbmalloc_proxy.so.2.11
7325857f4000-7325857f5000 r--p 00002000 08:30 86478                      /usr/lib/x86_64-linux-gnu/libtbbmalloc_proxy.so.2.11
7325857f5000-7325857f6000 r--p 00002000 08:30 86478                      /usr/lib/x86_64-linux-gnu/libtbbmalloc_proxy.so.2.11
7325857f6000-7325857f7000 rw-p 00003000 08:30 86478                      /usr/lib/x86_64-linux-gnu/libtbbmalloc_proxy.so.2.11
7325857f7000-732585803000 r--p 00000000 08:30 86505                      /usr/lib/x86_64-linux-gnu/libtbb.so.12.11
732585803000-732585826000 r-xp 0000c000 08:30 86505                      /usr/lib/x86_64-linux-gnu/libtbb.so.12.11
732585826000-732585830000 r--p 0002f000 08:30 86505                      /usr/lib/x86_64-linux-gnu/libtbb.so.12.11
732585830000-732585832000 r--p 00039000 08:30 86505                      /usr/lib/x86_64-linux-gnu/libtbb.so.12.11
732585832000-732585835000 rw-p 0003b000 08:30 86505                      /usr/lib/x86_64-linux-gnu/libtbb.so.12.11
732585835000-73258584b000 rw-p 00000000 00:00 0 
73258584b000-73258584c000 ---p 00000000 00:00 0 
73258584c000-73258584d000 r--p 00000000 00:00 0 
73258584d000-73258584e000 ---p 00000000 00:00 0 
73258584e000-732585850000 r--p 00000000 08:30 88791                      /usr/lib/jvm/java-21-openjdk-amd64/lib/libjimage.so
732585850000-732585853000 r-xp 00002000 08:30 88791                      /usr/lib/jvm/java-21-openjdk-amd64/lib/libjimage.so
732585853000-732585854000 r--p 00005000 08:30 88791                      /usr/lib/jvm/java-21-openjdk-amd64/lib/libjimage.so
732585854000-732585855000 r--p 00006000 08:30 88791                      /usr/lib/jvm/java-21-openjdk-amd64/lib/libjimage.so
732585855000-732585856000 rw-p 00007000 08:30 88791                      /usr/lib/jvm/java-21-openjdk-amd64/lib/libjimage.so
732585856000-732585858000 rw-p 00000000 00:00 0 
732585858000-732585859000 r--p 00000000 08:30 12512                      /usr/lib/x86_64-linux-gnu/ld-linux-x86-64.so.2
732585859000-732585884000 r-xp 00001000 08:30 12512                      /usr/lib/x86_64-linux-gnu/ld-linux-x86-64.so.2
732585884000-73258588e000 r--p 0002c000 08:30 12512                      /usr/lib/x86_64-linux-gnu/ld-linux-x86-64.so.2
73258588e000-732585890000 r--p 00036000 08:30 12512                      /usr/lib/x86_64-linux-gnu/ld-linux-x86-64.so.2
732585890000-732585892000 rw-p 00038000 08:30 12512                      /usr/lib/x86_64-linux-gnu/ld-linux-x86-64.so.2
7fffbade8000-7fffbadec000 ---p 00000000 00:00 0 
7fffbadec000-7fffbaee8000 rw-p 00000000 00:00 0                          [stack]
7fffbafec000-7fffbaff0000 r--p 00000000 00:00 0                          [vvar]
7fffbaff0000-7fffbaff2000 r-xp 00000000 00:00 0                          [vdso]
Total number of mappings: 226


VM Arguments:
jvm_args: -Djava.system.class.loader=WildcardExpandingClassLoader 
java_command: <unknown>
java_class_path (initial): XMLDBDriver.jar:/home/hyuntae-choi/gcam-core/libs/jars/*:../output/modelinterface/ModelInterface.jar
Launcher Type: generic

[Global flags]
     intx CICompilerCount                          = 12                                        {product} {ergonomic}
     uint ConcGCThreads                            = 4                                         {product} {ergonomic}
     uint G1ConcRefinementThreads                  = 15                                        {product} {ergonomic}
   size_t G1HeapRegionSize                         = 2097152                                   {product} {ergonomic}
    uintx GCDrainStackTargetSize                   = 64                                        {product} {ergonomic}
   size_t InitialHeapSize                          = 260046848                                 {product} {ergonomic}
   size_t MarkStackSize                            = 4194304                                   {product} {ergonomic}
   size_t MaxHeapSize                              = 4154458112                                {product} {ergonomic}
   size_t MaxNewSize                               = 2491416576                                {product} {ergonomic}
   size_t MinHeapDeltaBytes                        = 2097152                                   {product} {ergonomic}
   size_t MinHeapSize                              = 8388608                                   {product} {ergonomic}
    uintx NonNMethodCodeHeapSize                   = 7602480                                {pd product} {ergonomic}
    uintx NonProfiledCodeHeapSize                  = 122027880                              {pd product} {ergonomic}
    uintx ProfiledCodeHeapSize                     = 122027880                              {pd product} {ergonomic}
    uintx ReservedCodeCacheSize                    = 251658240                              {pd product} {ergonomic}
     bool SegmentedCodeCache                       = true                                      {product} {ergonomic}
   size_t SoftMaxHeapSize                          = 4154458112                             {manageable} {ergonomic}
     bool UseCompressedOops                        = true                           {product lp64_product} {ergonomic}
     bool UseG1GC                                  = true                                      {product} {ergonomic}

Logging:
Log output configuration:
 #0: 
[error occurred during error reporting (printing log configuration), id 0xb, SIGSEGV (0xb) at pc=0x0000732584d900d6]
Environment Variables:
PATH=/home/hyuntae-choi/anaconda3/bin:/home/hyuntae-choi/anaconda3/condabin:/usr/local/sbin:/usr/local/bin:/usr/sbin:/usr/bin:/sbin:/bin:/usr/games:/usr/local/games:/usr/lib/wsl/lib:/mnt/c/Windows/system32:/mnt/c/Windows:/mnt/c/Windows/System32/Wbem:/mnt/c/Windows/System32/WindowsPowerShell/v1.0:/mnt/c/Windows/System32/OpenSSH:/mnt/c/Program Files (x86)/NVIDIA Corporation/PhysX/Common:/mnt/c/Program Files/NVIDIA Corporation/NVIDIA NvDLISR:/mnt/c/WINDOWS/system32:/mnt/c/WINDOWS:/mnt/c/WINDOWS/System32/Wbem:/mnt/c/WINDOWS/System32/WindowsPowerShell/v1.0:/mnt/c/WINDOWS/System32/OpenSSH:/mnt/c/Program Files/Git/cmd:/mnt/c/Users/HyuntaeChoi/AppData/Local/Microsoft/WindowsApps:/mnt/c/Users/HyuntaeChoi/AppData/Local/Programs/Microsoft VS Code/bin:/snap/bin
SHELL=/bin/bash
DISPLAY=:0
HOSTTYPE=x86_64
LANG=C.UTF-8
TERM=xterm-256color

Active Locale:
LC_ALL=C.UTF-8
LC_COLLATE=C.UTF-8
LC_CTYPE=C.UTF-8
LC_MESSAGES=C.UTF-8
LC_MONETARY=C.UTF-8
LC_NUMERIC=C.UTF-8
LC_TIME=C.UTF-8

Signal Handlers:
   SIGSEGV: crash_handler in libjvm.so, mask=11100100010111111101111111111110, flags=SA_RESTART|SA_SIGINFO, unblocked
    SIGBUS: crash_handler in libjvm.so, mask=11100100010111111101111111111110, flags=SA_RESTART|SA_SIGINFO, unblocked
    SIGFPE: crash_handler in libjvm.so, mask=11100100010111111101111111111110, flags=SA_RESTART|SA_SIGINFO, unblocked
   SIGPIPE: javaSignalHandler in libjvm.so, mask=11100100010111111101111111111110, flags=SA_RESTART|SA_SIGINFO, blocked
   SIGXFSZ: javaSignalHandler in libjvm.so, mask=11100100010111111101111111111110, flags=SA_RESTART|SA_SIGINFO, blocked
    SIGILL: crash_handler in libjvm.so, mask=11100100010111111101111111111110, flags=SA_RESTART|SA_SIGINFO, unblocked
   SIGUSR2: SR_handler in libjvm.so, mask=00000000000000000000000000000000, flags=SA_RESTART|SA_SIGINFO, blocked
    SIGHUP: UserHandler in libjvm.so, mask=11100100010111111101111111111110, flags=SA_RESTART|SA_SIGINFO, blocked
    SIGINT: UserHandler in libjvm.so, mask=11100100010111111101111111111110, flags=SA_RESTART|SA_SIGINFO, blocked
   SIGTERM: UserHandler in libjvm.so, mask=11100100010111111101111111111110, flags=SA_RESTART|SA_SIGINFO, blocked
   SIGQUIT: UserHandler in libjvm.so, mask=11100100010111111101111111111110, flags=SA_RESTART|SA_SIGINFO, blocked
   SIGTRAP: crash_handler in libjvm.so, mask=11100100010111111101111111111110, flags=SA_RESTART|SA_SIGINFO, unblocked


Periodic native trim disabled

---------------  S Y S T E M  ---------------

OS:
DISTRIB_ID=Ubuntu
DISTRIB_RELEASE=24.04
DISTRIB_CODENAME=noble
DISTRIB_DESCRIPTION="Ubuntu 24.04.2 LTS"
uname: Linux 6.6.87.1-microsoft-standard-WSL2 #1 SMP PREEMPT_DYNAMIC Mon Apr 21 17:08:54 UTC 2025 x86_64
OS uptime: 0 days 4:08 hours
libc: glibc 2.39 NPTL 2.39 
rlimit (soft/hard): STACK 8192k/infinity , CORE 0k/infinity , NPROC 63341/63341 , NOFILE 1048576/1048576 , AS infinity/infinity , CPU infinity/infinity , DATA infinity/infinity , FSIZE infinity/infinity , MEMLOCK 65536k/65536k
load average: 0.41 0.16 0.10

/proc/meminfo:
MemTotal:       16225464 kB
MemFree:         6348144 kB
MemAvailable:    9301572 kB
Buffers:           39168 kB
Cached:          3069036 kB
SwapCached:            0 kB
Active:           229540 kB
Inactive:        9178216 kB
Active(anon):       2636 kB
Inactive(anon):  6300880 kB
Active(file):     226904 kB
Inactive(file):  2877336 kB
Unevictable:           0 kB
Mlocked:               0 kB
SwapTotal:       4194304 kB
SwapFree:        4194292 kB
Dirty:              4100 kB
Writeback:             0 kB
AnonPages:       6298344 kB
Mapped:           233412 kB
Shmem:              3948 kB
KReclaimable:      71588 kB
Slab:             159676 kB
SReclaimable:      71588 kB
SUnreclaim:        88088 kB
KernelStack:        8400 kB
PageTables:        27080 kB
SecPageTables:         0 kB
NFS_Unstable:          0 kB
Bounce:                0 kB
WritebackTmp:          0 kB
CommitLimit:    12307036 kB
Committed_AS:    8115608 kB
VmallocTotal:   34359738367 kB
VmallocUsed:       34272 kB
VmallocChunk:          0 kB
Percpu:            10080 kB
HardwareCorrupted:     0 kB
AnonHugePages:         0 kB
ShmemHugePages:        0 kB
ShmemPmdMapped:        0 kB
FileHugePages:         0 kB
FilePmdMapped:         0 kB
Unaccepted:            0 kB
HugePages_Total:       0
HugePages_Free:        0
HugePages_Rsvd:        0
HugePages_Surp:        0
Hugepagesize:       2048 kB
Hugetlb:               0 kB
DirectMap4k:       91136 kB
DirectMap2M:     8144896 kB
DirectMap1G:    16777216 kB

/sys/kernel/mm/transparent_hugepage/enabled: always [madvise] never
/sys/kernel/mm/transparent_hugepage/hpage_pmd_size: 2097152
/sys/kernel/mm/transparent_hugepage/defrag (defrag/compaction efforts parameter): always defer defer+madvise [madvise] never

Process Memory:
Virtual Size: 10838384K (peak: 12749580K)
Resident Set Size: 5038688K (peak: 6857296K) (anon: 5010348K, file: 28340K, shmem: 0K)
Swapped out: 0K
C-Heap outstanding allocations: 0K, retained: 0K
glibc malloc tunables: (default)

/proc/sys/kernel/threads-max (system-wide limit on the number of threads): 126682
/proc/sys/vm/max_map_count (maximum number of memory map areas a process may have): 1048576
/proc/sys/vm/swappiness (control to define how aggressively the kernel swaps out anonymous memory): 60
/proc/sys/kernel/pid_max (system-wide limit on number of process identifiers): 4194304

container (cgroup) information:
container_type: cgroupv2
cpu_cpuset_cpus: not supported
cpu_memory_nodes: not supported
active_processor_count: 20
cpu_quota: no quota
cpu_period: 100000
cpu_shares: no shares
memory_limit_in_bytes: unlimited
memory_and_swap_limit_in_bytes: unlimited
memory_soft_limit_in_bytes: unlimited
memory_usage_in_bytes: 9307024 k
memory_max_usage_in_bytes: not supported
memory_swap_current_in_bytes: unlimited
memory_swap_max_limit_in_bytes: unlimited
maximum number of tasks: 19002
current number of tasks: 209

Hyper-V virtualization detected
Steal ticks since vm start: 0
Steal ticks percentage since vm start:  0.000

CPU: total 20 (initial active 20) (16 cores per cpu, 2 threads per core) family 6 model 154 stepping 3 microcode 0xffffffff, cx8, cmov, fxsr, ht, mmx, 3dnowpref, sse, sse2, sse3, ssse3, sse4.1, sse4.2, popcnt, lzcnt, tsc, tscinvbit, avx, avx2, aes, erms, clmul, bmi1, bmi2, adx, sha, fma, vzeroupper, clflush, clflushopt, clwb, hv, serialize, rdtscp, rdpid, fsrm, f16c, cet_ibt, cet_ss
CPU Model and flags from /proc/cpuinfo:
model name	: 12th Gen Intel(R) Core(TM) i7-12700H
flags		: fpu vme de pse tsc msr pae mce cx8 apic sep mtrr pge mca cmov pat pse36 clflush mmx fxsr sse sse2 ss ht syscall nx pdpe1gb rdtscp lm constant_tsc rep_good nopl xtopology tsc_reliable nonstop_tsc cpuid tsc_known_freq pni pclmulqdq vmx ssse3 fma cx16 pcid sse4_1 sse4_2 x2apic movbe popcnt tsc_deadline_timer aes xsave avx f16c rdrand hypervisor lahf_lm abm 3dnowprefetch ssbd ibrs ibpb stibp ibrs_enhanced tpr_shadow ept vpid ept_ad fsgsbase tsc_adjust bmi1 avx2 smep bmi2 erms invpcid rdseed adx smap clflushopt clwb sha_ni xsaveopt xsavec xgetbv1 xsaves avx_vnni vnmi umip waitpkg gfni vaes vpclmulqdq rdpid movdiri movdir64b fsrm md_clear serialize flush_l1d arch_capabilities

Online cpus: 0-19
Offline cpus: 
BIOS frequency limitation: <Not Available>
Frequency switch latency (ns): <Not Available>
Available cpu frequencies: <Not Available>
Current governor: <Not Available>
Core performance/turbo boost: <Not Available>

Memory: 4k page, physical 16225464k(9316152k free), swap 4194304k(4194292k free)
Page Sizes: 4k

vm_info: OpenJDK 64-Bit Server VM (21.0.7+6-Ubuntu-0ubuntu124.04) for linux-amd64 JRE (21.0.7+6-Ubuntu-0ubuntu124.04), built on 2025-04-17T05:57:30Z by "buildd" with gcc 13.3.0

END.
