#
# A fatal error has been detected by the Java Runtime Environment:
#
#  SIGSEGV (0xb) at pc=0x00007721cb249080, pid=113498, tid=113730
#
# JRE version: OpenJDK Runtime Environment (21.0.7+6) (build 21.0.7+6-Ubuntu-0ubuntu124.04)
# Java VM: OpenJDK 64-Bit Server VM (21.0.7+6-Ubuntu-0ubuntu124.04, mixed mode, sharing, tiered, compressed oops, compressed class ptrs, g1 gc, linux-amd64)
# Problematic frame:
# C  0x00007721cb249080
#
# Core dump will be written. Default location: Core dumps may be processed with "/wsl-capture-crash %t %E %p %s" (or dumping to /home/hyuntae-choi/gcam-core/exe/core.113498)
#
# If you would like to submit a bug report, please visit:
#   https://bugs.launchpad.net/ubuntu/+source/openjdk-21
#

---------------  S U M M A R Y ------------

Command Line: -Djava.system.class.loader=WildcardExpandingClassLoader 

Host: 12th Gen Intel(R) Core(TM) i7-12700H, 20 cores, 15G, Ubuntu 24.04.2 LTS
Time: Mon Jun 30 21:11:33 2025 KST elapsed time: 726.406539 seconds (0d 0h 12m 6s)

---------------  T H R E A D  ---------------

Current thread is native thread

Stack: [0x00007723649f6000,0x0000772364df6000],  sp=0x0000772364df48a8,  free space=4090k
Native frames: (J=compiled Java code, j=interpreted, Vv=VM code, C=native code)
C  0x00007721cb249080

siginfo: si_signo: 11 (SIGSEGV), si_code: 2 (SEGV_ACCERR), si_addr: 0x00007721cb249080

Registers:
RAX=0x00007722e1dfe520, RBX=0x0000772249b3f4c0, RCX=0x000077227b601c50, RDX=0x000077227b601c30
RSP=0x0000772364df48a8, RBP=0x00007723401d7000, RSI=0x0000772249b3f4f8, RDI=0x00007722e1dfe5a8
R8 =0x0000000000000006, R9 =0x0000000000000000, R10=0x000077224d68e1d0, R11=0x26251cbc824b22f8
R12=0x000077227b601c30, R13=0x000077227b601c50, R14=0x0000000000000006, R15=0x0000772364df48c0
RIP=0x00007721cb249080, EFLAGS=0x0000000000010246, CSGSFS=0x002b000000000033, ERR=0x0000000000000015
  TRAPNO=0x000000000000000e

XMM[0]=0x0000000000000000 0x3d6192929ce44853
XMM[1]=0x0000000000000000 0x3ff0000000000000
XMM[2]=0x0000000000000000 0x0000000000000000
XMM[3]=0x0000000000000000 0x3ff0000000000000
XMM[4]=0x0000000000000000 0x0000000000000000
XMM[5]=0x0000000000000000 0x0000000000000000
XMM[6]=0x0000000000000000 0x3fc999b324f10111
XMM[7]=0x0000000000000000 0xbff0000000000000
XMM[8]=0x0000000000000000 0x3f439e53e8867ec0
XMM[9]=0x0000000000000000 0x0000000000000000
XMM[10]=0x0000000000000000 0xbfe5555555555560
XMM[11]=0x0000000000000000 0x3fe999999959554e
XMM[12]=0x0000000000000000 0xbff2495b9b4845e9
XMM[13]=0x407e0f2a97419a4d 0x407e0f2a97419a4d
XMM[14]=0x40510335531ab358 0xbcf78cf93d400000
XMM[15]=0x0000000000000000 0x0000000000000000
  MXCSR=0x00001fbf


Top of Stack: (sp=0x0000772364df48a8)
0x0000772364df48a8:   00005a324ab9bb70 3d6192929ce44853
0x0000772364df48b8:   3ff0000000000000 0000772249b3f4c0
0x0000772364df48c8:   8305c90588637300 0000772364df4930
0x0000772364df48d8:   0000000000000006 00007723401d7000
0x0000772364df48e8:   000077227b601c00 0000772364df4938
0x0000772364df48f8:   3ff0000000000000 0000772364df4930
0x0000772364df4908:   00005a324ab96d96 0000000000000002
0x0000772364df4918:   3ff0000000000000 3dd1be022754ad54
0x0000772364df4928:   0000772364df4940 0000772249b692d0
0x0000772364df4938:   0000772249b69300 000077235d5ebfe0
0x0000772364df4948:   000077235d5ec000 000077235d5ec000
0x0000772364df4958:   8305c90588637300 000077228cb83188
0x0000772364df4968:   000077227b617240 0000000000000000
0x0000772364df4978:   0000000000000006 000077228cb83188
0x0000772364df4988:   3ff0000000000000 0000772364df4b40
0x0000772364df4998:   00005a324ab9a9f4 3deb40488625b5e7
0x0000772364df49a8:   3deb40488625b5e7 000077235d5abff0
0x0000772364df49b8:   000077235d5ac000 000077235d5ac000
0x0000772364df49c8:   8305c90588637300 0000772373d35510
0x0000772364df49d8:   000000000000001b 00007722c8e76240
0x0000772364df49e8:   0000000000000006 000000000000001b
0x0000772364df49f8:   8305c90588637300 0000772364df4b40
0x0000772364df4a08:   000077228e9e50d8 0000000000000006
0x0000772364df4a18:   00005a324aa18810 000077228cb83188
0x0000772364df4a28:   000077228fc97300 0000772364df4b40
0x0000772364df4a38:   00005a324abdc660 0000000000017da8
0x0000772364df4a48:   0000000000017da8 00007ffe13760680
0x0000772364df4a58:   0000772201735c20 000077228cb83188
0x0000772364df4a68:   00005a324aca1cbd 0000007d00000005
0x0000772364df4a78:   000000b400000001 4073bb0d00000000
0x0000772364df4a88:   0000772201735c80 0000772300000213
0x0000772364df4a98:   0000772201735c98 0000772373c65618 

Instructions: (pc=0x00007721cb249080)
0x00007721cb248f80:   18 e5 df e1 22 77 00 00 00 00 00 00 00 00 00 00
0x00007721cb248f90:   00 8e 24 cb 21 77 00 00 40 8f 24 cb 21 77 00 00
0x00007721cb248fa0:   00 00 00 00 00 