#
# A fatal error has been detected by the Java Runtime Environment:
#
#  SIGSEGV (0xb) at pc=0x0000615f418b4ec1, pid=75273, tid=75273
#
# JRE version: OpenJDK Runtime Environment (21.0.7+6) (build 21.0.7+6-Ubuntu-0ubuntu124.04)
# Java VM: OpenJDK 64-Bit Server VM (21.0.7+6-Ubuntu-0ubuntu124.04, mixed mode, sharing, tiered, compressed oops, compressed class ptrs, g1 gc, linux-amd64)
# Problematic frame:
# C  [gcam.exe+0x3efec1]  objects::AtomRegistry::findAtom(std::__cxx11::basic_string<char, std::char_traits<char>, std::allocator<char> > const&) const+0xf1
#
# Core dump will be written. Default location: Core dumps may be processed with "/wsl-capture-crash %t %E %p %s" (or dumping to /home/hyuntae-choi/gcam-core/exe/core.75273)
#
# If you would like to submit a bug report, please visit:
#   https://bugs.launchpad.net/ubuntu/+source/openjdk-21
# The crash happened outside the Java Virtual Machine in native code.
# See problematic frame for where to report the bug.
#

---------------  S U M M A R Y ------------

Command Line: -Djava.system.class.loader=WildcardExpandingClassLoader 

Host: 12th Gen Intel(R) Core(TM) i7-12700H, 20 cores, 15G, Ubuntu 24.04.2 LTS
Time: Thu Jul 17 14:41:07 2025 KST elapsed time: 26.839448 seconds (0d 0h 0m 26s)

---------------  T H R E A D  ---------------

Current thread (0x00007b5d15ca0f00):  JavaThread "main"      [_thread_in_native, id=75273, stack(0x00007ffd529fa000,0x00007ffd52afa000) (1024K)]

Stack: [0x00007ffd529fa000,0x00007ffd52afa000],  sp=0x00007ffd52af6690,  free space=1009k
Native frames: (J=compiled Java code, j=interpreted, Vv=VM code, C=native code)
C  [gcam.exe+0x3efec1]  objects::AtomRegistry::findAtom(std::__cxx11::basic_string<char, std::char_traits<char>, std::allocator<char> > const&) const+0xf1

siginfo: si_signo: 11 (SIGSEGV), si_code: 128 (SI_KERNEL), si_addr: 0x0000000000000000

Registers:
RAX=0x01478e7a6456a213, RBX=0x19a5e7058d48c031, RCX=0xdf442d22ce4859b9, RDX=0x00007b5b93c71b10
RSP=0x00007ffd52af6690, RBP=0x0000000000000006, RSI=0xe9b6294983b62ace, RDI=0x771bf654e45aa002
R8 =0x00007b5ca3317e20, R9 =0x9e3779b97f4a7c15, R10=0x87eda3030300a6e3, R11=0x00007b5b93c71990
R12=0x00007b5ca3317e20, R13=0x00007b5ca3317d90, R14=0x00007b5b19ad5e40, R15=0x0000000000000901
RIP=0x0000615f418b4ec1, EFLAGS=0x0000000000010202, CSGSFS=0x002b000000000033, ERR=0x0000000000000000
  TRAPNO=0x000000000000000d

XMM[0]=0x0000615f41b02200 0x0000615f41b02120
XMM[1]=0x0000000000000000 0x0000615f41b02200
XMM[2]=0x00007b5b96e0c980 0x00007b5c81605c60
XMM[3]=0x0000000000000000 0x0000000000000000
XMM[4]=0x0000000000000000 0xbff0000000000000
XMM[5]=0x0000000000000000 0xbff0000000000000
XMM[6]=0x0000615f41a30357 0x0000615f41af3508
XMM[7]=0x0000615f41a30368 0x0000615f41af3528
XMM[8]=0x0000615f41a3037a 0x0000615f41af3548
XMM[9]=0x0000615f41a30da3 0x0000615f41af3090
XMM[10]=0x0000615f41a2f7eb 0x0000615f41af31f0
XMM[11]=0x0000615f41a30780 0x0000615f41af2430
XMM[12]=0x0000000000000000 0x0000000000000000
XMM[13]=0x0000000000000000 0x3fd46d2f83a54c5c
XMM[14]=0x0000000000000000 0x3fbc64b6acada187
XMM[15]=0x0000000000000000 0x3f40a381dd3b6800
  MXCSR=0x00001fb7


Register to memory mapping:

RAX=0x01478e7a6456a213 is an unknown value
RBX=0x19a5e7058d48c031 is an unknown value
RCX=0xdf442d22ce4859b9 is an unknown value
RDX=0x00007b5b93c71b10 points into unknown readable memory: 0x0000615f41af9880 | 80 98 af 41 5f 61 00 00
RSP=0x00007ffd52af6690 is pointing into the stack for thread: 0x00007b5d15ca0f00
RBP=0x0000000000000006 is an unknown value
RSI=0xe9b6294983b62ace is an unknown value
RDI=0x771bf654e45aa002 is an unknown value
R8 =0x00007b5ca3317e20 points into unknown readable memory: 0x00006c697a617242 | 42 72 61 7a 69 6c 00 00
R9 =0x9e3779b97f4a7c15 is an unknown value
R10=0x87eda3030300a6e3 is an unknown value
R11=0x00007b5b93c71990 points into unknown readable memory: 0x00007b5b93c71960 | 60 19 c7 93 5b 7b 00 00
R12=0x00007b5ca3317e20 points into unknown readable memory: 0x00006c697a617242 | 42 72 61 7a 69 6c 00 00
R13=0x00007b5ca3317d90 points into unknown readable memory: 0x00007b5caa698320 | 20 83 69 aa 5c 7b 00 00
R14=0x00007b5b19ad5e40 points into unknown readable memory: 0x0000615f41af5468 | 68 54 af 41 5f 61 00 00
R15=0x0000000000000901 is an unknown value

Top of Stack: (sp=0x00007ffd52af6690)
0x00007ffd52af6690:   00007b5cf45f49d0 00007b5b19ad5e40
0x00007ffd52af66a0:   00007b5ca3317e10 00007b5b19ad5e40
0x00007ffd52af66b0:   0000000000000901 0000615f41795b52
0x00007ffd52af66c0:   00000000000009a8 e9332e666ee06c00
0x00007ffd52af66d0:   00007b5cf45f49d0 00000000000009a8
0x00007ffd52af66e0:   00007b5ca3317e10 0000615f417a911d
0x00007ffd52af66f0:   0000000052af6740 00007b5b19ad5e40
0x00007ffd52af6700:   00007b5b19ad5e40 e9332e666ee06c00
0x00007ffd52af6710:   0000000000000000 00007b5ca3317d80
0x00007ffd52af6720:   00007b5cf45f49d0 00007b5ca3317e10
0x00007ffd52af6730:   00007b5ca3317d90 00007ffd52af6800
0x00007ffd52af6740:   0000615f41960a60 0000615f418407cf
0x00007ffd52af6750:   00007b5ca3317e10 00007b5ca3317d80
0x00007ffd52af6760:   00007b5c1eed4e00 00007b5b988319f0
0x00007ffd52af6770:   00007b5b988319f0 e9332e666ee06c00
0x00007ffd52af6780:   0000615f41960a60 00007b5cf44dbb80
0x00007ffd52af6790:   00007b5cf44dbb98 00007b5c1d27d9b0
0x00007ffd52af67a0:   00007b5b988319f0 0000615f417ed689
0x00007ffd52af67b0:   3fb999999999999a 00007ffd52af67f0
0x00007ffd52af67c0:   00007b5d15c09440 000000000000001a
0x00007ffd52af67d0:   00007b5c72d54c40 00007b5d15c09440
0x00007ffd52af67e0:   00007b5bbea7a110 0000615f41799744
0x00007ffd52af67f0:   00007b5b9882ed80 000000000000001a
0x00007ffd52af6800:   000000000000001a 000000657461722d
0x00007ffd52af6810:   00007b5c72d54c40 e9332e666ee06c00
0x00007ffd52af6820:   00007ffd52af69f0 00007b5cf455d938
0x00007ffd52af6830:   00007b5d15dab460 0000615f41654390
0x00007ffd52af6840:   00007ffd52af69f0 00007ffd52af6a20
0x00007ffd52af6850:   00007b5d15ce35e0 0000615f41886dbd
0x00007ffd52af6860:   0000000000000000 e9332e666ee06c00
0x00007ffd52af6870:   00007b5d15cd2400 00007b5d15cd2400
0x00007ffd52af6880:   00007b5d15cd2400 00000000000006aa 

Instructions: (pc=0x0000615f418b4ec1)
0x0000615f418b4dc1:   0f 1e fa 48 89 c3 e9 ca ee c6 ff 0f 1f 40 00 f3
0x0000615f418b4dd1:   0f 1e fa 41 57 41 56 41 54 55 53 48 8b 6e 08 4c
0x0000615f418b4de1:   8b 5f 08 4c 8b 26 48 be ce 2a b6 83 49 29 b6 e9
0x0000615f418b4df1:   48 89 ef 48 31 f7 48 83 fd 07 0f 86 47 01 00 00
0x0000615f418b4e01:   4c 8d 55 f8 4c 89 e1 49 b9 15 7c 4a 7f b9 79 37
0x0000615f418b4e11:   9e 48 bb b9 59 48 ce 22 2d 44 df 49 c1 ea 03 4f
0x0000615f418b4e21:   8d 44 d4 08 0f 1f 00 48 8b 01 4c 01 ce 48 83 c1
0x0000615f418b4e31:   08 48 01 f0 48 f7 e3 48 31 c2 48 31 d7 4c 39 c1
0x0000615f418b4e41:   75 e5 4d 0f af d1 48 89 e9 48 b8 f8 22 4b 82 bc
0x0000615f418b4e51:   1c 25 26 83 e1 07 49 01 c2 48 83 f9 03 0f 86 9c
0x0000615f418b4e61:   00 00 00 41 8b 44 08 fc 41 8b 10 48 8d 0c cd e0
0x0000615f418b4e71:   ff ff ff 48 d3 e0 48 09 d0 4c 01 d0 48 b9 b9 59
0x0000615f418b4e81:   48 ce 22 2d 44 df 48 f7 e1 48 31 c7 48 31 d7 4c
0x0000615f418b4e91:   01 d7 48 89 f8 48 f7 e1 48 31 d0 31 d2 49 f7 73
0x0000615f418b4ea1:   18 48 c1 e2 04 49 03 13 48 8b 1a 48 85 db 75 10
0x0000615f418b4eb1:   eb 3d 0f 1f 44 00 00 48 8b 5b 30 48 85 db 74 2f
0x0000615f418b4ec1:   48 3b 6b 08 75 f1 48 8b 3b 48 85 ed 74 0f 48 89
0x0000615f418b4ed1:   ea 4c 89 e6 e8 06 14 c5 ff 85 c0 75 da 48 8b 43
0x0000615f418b4ee1:   20 5b 5d 41 5c 41 5e 41 5f c3 0f 1f 44 00 00 5b
0x0000615f418b4ef1:   31 c0 5d 41 5c 41 5e 41 5f c3 0f 1f 44 00 00 4c
0x0000615f418b4f01:   89 d0 48 85 c9 0f 84 71 ff ff ff 48 8d 51 ff 48
0x0000615f418b4f11:   d1 e9 41 0f b6 04 08 c1 e1 03 83 e2 02 41 0f b6
0x0000615f418b4f21:   34 10 48 d3 e0 41 0f b6 08 48 09 c8 48 8d 0c d5
0x0000615f418b4f31:   00 00 00 00 48 d3 e6 48 09 f0 4c 01 d0 e9 3a ff
0x0000615f418b4f41:   ff ff 0f 1f 44 00 00 49 ba e3 a6 00 03 03 a3 ed
0x0000615f418b4f51:   87 48 89 e9 4d 89 e0 e9 fd fe ff ff 90 66 90 f3
0x0000615f418b4f61:   0f 1e fa 0f b6 07 c3 0f 1f 84 00 00 00 00 00 f3
0x0000615f418b4f71:   0f 1e fa b8 67 00 00 00 c3 66 0f 1f 44 00 00 f3
0x0000615f418b4f81:   0f 1e fa 41 57 41 56 41 55 49 89 fd bf 18 00 00
0x0000615f418b4f91:   00 41 54 55 48 89 f5 53 48 81 ec b8 00 00 00 64
0x0000615f418b4fa1:   48 8b 04 25 28 00 00 00 48 89 84 24 a8 00 00 00
0x0000615f418b4fb1:   31 c0 e8 08 14 c5 ff 48 89 c3 4c 8d 60 08 48 89 


Stack slot to memory mapping:

stack at sp + 0 slots: 0x00007b5cf45f49d0 points into unknown readable memory: 0x0000615f41af5688 | 88 56 af 41 5f 61 00 00
stack at sp + 1 slots: 0x00007b5b19ad5e40 points into unknown readable memory: 0x0000615f41af5468 | 68 54 af 41 5f 61 00 00
stack at sp + 2 slots: 0x00007b5ca3317e10 points into unknown readable memory: 0x00007b5ca3317e20 | 20 7e 31 a3 5c 7b 00 00
stack at sp + 3 slots: 0x00007b5b19ad5e40 points into unknown readable memory: 0x0000615f41af5468 | 68 54 af 41 5f 61 00 00
stack at sp + 4 slots: 0x0000000000000901 is an unknown value
stack at sp + 5 slots: 0x0000615f41795b52: <offset 0x00000000002d0b52> in ./gcam.exe at 0x0000615f414c5000
stack at sp + 6 slots: 0x00000000000009a8 is an unknown value
stack at sp + 7 slots: 0xe9332e666ee06c00 is an unknown value


---------------  P R O C E S S  ---------------

Threads class SMR info:
_java_thread_list=0x00007b5d15d37f80, length=11, elements={
0x00007b5d15ca0f00, 0x00007b5d15d9d600, 0x00007b5d15d9cf00, 0x00007b5d15d9c800,
0x00007b5d15d9c100, 0x00007b5d15d1f900, 0x00007b5d15dc1600, 0x00007b5d15dc0b80,
0x00007b5d15d1f200, 0x00007b5d15d1cf00, 0x00007b5b99d4f900
}

Java Threads: ( => current thread )
=>0x00007b5d15ca0f00 JavaThread "main"                       [_thread_in_native, id=75273, stack(0x00007ffd529fa000,0x00007ffd52afa000) (1024K)]
  0x00007b5d15d9d600 JavaThread "Reference Handler"          [_thread_blocked, id=75281, stack(0x00007b5cf4b6f000,0x00007b5cf4c6f000) (1024K)]
  0x00007b5d15d9cf00 JavaThread "Finalizer"                  [_thread_blocked, id=75282, stack(0x00007b5cf4a6f000,0x00007b5cf4b6f000) (1024K)]
  0x00007b5d15d9c800 JavaThread "Signal Dispatcher"          [_thread_blocked, id=75283, stack(0x00007b5cf496f000,0x00007b5cf4a6f000) (1024K)]
  0x00007b5d15d9c100 JavaThread "Service Thread"             [_thread_blocked, id=75284, stack(0x00007b5cf486f000,0x00007b5cf496f000) (1024K)]
  0x00007b5d15d1f900 JavaThread "Monitor Deflation Thread"   [_thread_blocked, id=75285, stack(0x00007b5cf476f000,0x00007b5cf486f000) (1024K)]
  0x00007b5d15dc1600 JavaThread "C2 CompilerThread0"         [_thread_blocked, id=75286, stack(0x00007b5cf466f000,0x00007b5cf476f000) (1024K)]
  0x00007b5d15dc0b80 JavaThread "C1 CompilerThread0"         [_thread_blocked, id=75287, stack(0x00007b5cae900000,0x00007b5caea00000) (1024K)]
  0x00007b5d15d1f200 JavaThread "Common-Cleaner"             [_thread_blocked, id=75290, stack(0x00007b5cac1f4000,0x00007b5cac2f4000) (1024K)]
  0x00007b5d15d1cf00 JavaThread "Notification Thread"        [_thread_blocked, id=75291, stack(0x00007b5cac0f4000,0x00007b5cac1f4000) (1024K)]
  0x00007b5b99d4f900 JavaThread "SIGINT handler"             [_thread_blocked, id=75419, stack(0x00007b5cae800000,0x00007b5cae900000) (1024K)]
Total: 11

Other Threads:
  0x00007b5d15ca4800 VMThread "VM Thread"                           [id=75280, stack(0x00007b5cf4c70000,0x00007b5cf4d70000) (1024K)]
  0x00007b5d15ca7000 WorkerThread "GC Thread#0"                     [id=75274, stack(0x00007b5cf81a3000,0x00007b5cf82a3000) (1024K)]
  0x00007b5d15ca6c00 ConcurrentGCThread "G1 Main Marker"            terminated
  0x00007b5d15ca6400 WorkerThread "G1 Conc#0"                       [id=75276, stack(0x00007b5cf7fa1000,0x00007b5cf80a1000) (1024K)]
  0x00007b5d15c75d00 ConcurrentGCThread "G1 Refine#0"               terminated
  0x00007b5d15c75600 ConcurrentGCThread "G1 Service"                terminated
Total: 6

Threads with active compile tasks:
Total: 0

VM state: at safepoint (shutting down)

VM Mutex/Monitor currently owned by a thread:  ([mutex/lock_event])
[0x00007b5d17b19cf0] Threads_lock - owner thread: 0x00007b5d15ca4800
[0x00007b5d17b19bf0] Heap_lock - owner thread: 0x00007b5b99d4f900

Heap address: 0x0000000708600000, size: 3962 MB, Compressed Oops mode: Zero based, Oop shift amount: 3

CDS archive(s) mapped at: [0x00007b5cb3000000-0x00007b5cb3c97000-0x00007b5cb3c97000), size 13201408, SharedBaseAddress: 0x00007b5cb3000000, ArchiveRelocationMode: 1.
Compressed class space mapped at: 0x00007b5cb4000000-0x00007b5cf4000000, reserved size: 1073741824
Narrow klass base: 0x00007b5cb3000000, Narrow klass shift: 0, Narrow klass range: 0x100000000

GC Precious Log:
 CardTable entry size: 512
 Card Set container configuration: InlinePtr #cards 4 size 8 Array Of Cards #cards 16 size 48 Howl #buckets 8 coarsen threshold 3686 Howl Bitmap #cards 512 size 80 coarsen threshold 460 Card regions per heap region 1 cards per card region 4096
 CPUs: 20 total, 20 available
 Memory: 15845M
 Large Page Support: Disabled
 NUMA Support: Disabled
 Compressed Oops: Enabled (Zero based)
 Heap Region Size: 2M
 Heap Min Capacity: 8M
 Heap Initial Capacity: 248M
 Heap Max Capacity: 3962M
 Pre-touch: Disabled
 Parallel Workers: 15
 Concurrent Workers: 4
 Concurrent Refinement Workers: 15
 Periodic GC: Disabled

Heap:
 garbage-first heap   total 256000K, used 3121K [0x0000000708600000, 0x0000000800000000)
  region size 2048K, 2 young (4096K), 0 survivors (0K)
 Metaspace       used 532K, committed 704K, reserved 1114112K
  class space    used 40K, committed 128K, reserved 1048576K

Heap Regions: E=young(eden), S=young(survivor), O=old, HS=humongous(starts), HC=humongous(continues), CS=collection set, F=free, TAMS=top-at-mark-start, PB=parsable bottom
|   0|0x0000000708600000, 0x0000000708600000, 0x0000000708800000|  0%| F|  |TAMS 0x0000000708600000| PB 0x0000000708600000| Untracked 
|   1|0x0000000708800000, 0x0000000708800000, 0x0000000708a00000|  0%| F|  |TAMS 0x0000000708800000| PB 0x0000000708800000| Untracked 
|   2|0x0000000708a00000, 0x0000000708a00000, 0x0000000708c00000|  0%| F|  |TAMS 0x0000000708a00000| PB 0x0000000708a00000| Untracked 
|   3|0x0000000708c00000, 0x0000000708c00000, 0x0000000708e00000|  0%| F|  |TAMS 0x0000000708c00000| PB 0x0000000708c00000| Untracked 
|   4|0x0000000708e00000, 0x0000000708e00000, 0x0000000709000000|  0%| F|  |TAMS 0x0000000708e00000| PB 0x0000000708e00000| Untracked 
|   5|0x0000000709000000, 0x0000000709000000, 0x0000000709200000|  0%| F|  |TAMS 0x0000000709000000| PB 0x0000000709000000| Untracked 
|   6|0x0000000709200000, 0x0000000709200000, 0x0000000709400000|  0%| F|  |TAMS 0x0000000709200000| PB 0x0000000709200000| Untracked 
|   7|0x0000000709400000, 0x0000000709400000, 0x0000000709600000|  0%| F|  |TAMS 0x0000000709400000| PB 0x0000000709400000| Untracked 
|   8|0x0000000709600000, 0x0000000709600000, 0x0000000709800000|  0%| F|  |TAMS 0x0000000709600000| PB 0x0000000709600000| Untracked 
|   9|0x0000000709800000, 0x0000000709800000, 0x0000000709a00000|  0%| F|  |TAMS 0x0000000709800000| PB 0x0000000709800000| Untracked 
|  10|0x0000000709a00000, 0x0000000709a00000, 0x0000000709c00000|  0%| F|  |TAMS 0x0000000709a00000| PB 0x0000000709a00000| Untracked 
|  11|0x0000000709c00000, 0x0000000709c00000, 0x0000000709e00000|  0%| F|  |TAMS 0x0000000709c00000| PB 0x0000000709c00000| Untracked 
|  12|0x0000000709e00000, 0x0000000709e00000, 0x000000070a000000|  0%| F|  |TAMS 0x0000000709e00000| PB 0x0000000709e00000| Untracked 
|  13|0x000000070a000000, 0x000000070a000000, 0x000000070a200000|  0%| F|  |TAMS 0x000000070a000000| PB 0x000000070a000000| Untracked 
|  14|0x000000070a200000, 0x000000070a200000, 0x000000070a400000|  0%| F|  |TAMS 0x000000070a200000| PB 0x000000070a200000| Untracked 
|  15|0x000000070a400000, 0x000000070a400000, 0x000000070a600000|  0%| F|  |TAMS 0x000000070a400000| PB 0x000000070a400000| Untracked 
|  16|0x000000070a600000, 0x000000070a600000, 0x000000070a800000|  0%| F|  |TAMS 0x000000070a600000| PB 0x000000070a600000| Untracked 
|  17|0x000000070a800000, 0x000000070a800000, 0x000000070aa00000|  0%| F|  |TAMS 0x000000070a800000| PB 0x000000070a800000| Untracked 
|  18|0x000000070aa00000, 0x000000070aa00000, 0x000000070ac00000|  0%| F|  |TAMS 0x000000070aa00000| PB 0x000000070aa00000| Untracked 
|  19|0x000000070ac00000, 0x000000070ac00000, 0x000000070ae00000|  0%| F|  |TAMS 0x000000070ac00000| PB 0x000000070ac00000| Untracked 
|  20|0x000000070ae00000, 0x000000070ae00000, 0x000000070b000000|  0%| F|  |TAMS 0x000000070ae00000| PB 0x000000070ae00000| Untracked 
|  21|0x000000070b000000, 0x000000070b000000, 0x000000070b200000|  0%| F|  |TAMS 0x000000070b000000| PB 0x000000070b000000| Untracked 
|  22|0x000000070b200000, 0x000000070b200000, 0x000000070b400000|  0%| F|  |TAMS 0x000000070b200000| PB 0x000000070b200000| Untracked 
|  23|0x000000070b400000, 0x000000070b400000, 0x000000070b600000|  0%| F|  |TAMS 0x000000070b400000| PB 0x000000070b400000| Untracked 
|  24|0x000000070b600000, 0x000000070b600000, 0x000000070b800000|  0%| F|  |TAMS 0x000000070b600000| PB 0x000000070b600000| Untracked 
|  25|0x000000070b800000, 0x000000070b800000, 0x000000070ba00000|  0%| F|  |TAMS 0x000000070b800000| PB 0x000000070b800000| Untracked 
|  26|0x000000070ba00000, 0x000000070ba00000, 0x000000070bc00000|  0%| F|  |TAMS 0x000000070ba00000| PB 0x000000070ba00000| Untracked 
|  27|0x000000070bc00000, 0x000000070bc00000, 0x000000070be00000|  0%| F|  |TAMS 0x000000070bc00000| PB 0x000000070bc00000| Untracked 
|  28|0x000000070be00000, 0x000000070be00000, 0x000000070c000000|  0%| F|  |TAMS 0x000000070be00000| PB 0x000000070be00000| Untracked 
|  29|0x000000070c000000, 0x000000070c000000, 0x000000070c200000|  0%| F|  |TAMS 0x000000070c000000| PB 0x000000070c000000| Untracked 
|  30|0x000000070c200000, 0x000000070c200000, 0x000000070c400000|  0%| F|  |TAMS 0x000000070c200000| PB 0x000000070c200000| Untracked 
|  31|0x000000070c400000, 0x000000070c400000, 0x000000070c600000|  0%| F|  |TAMS 0x000000070c400000| PB 0x000000070c400000| Untracked 
|  32|0x000000070c600000, 0x000000070c600000, 0x000000070c800000|  0%| F|  |TAMS 0x000000070c600000| PB 0x000000070c600000| Untracked 
|  33|0x000000070c800000, 0x000000070c800000, 0x000000070ca00000|  0%| F|  |TAMS 0x000000070c800000| PB 0x000000070c800000| Untracked 
|  34|0x000000070ca00000, 0x000000070ca00000, 0x000000070cc00000|  0%| F|  |TAMS 0x000000070ca00000| PB 0x000000070ca00000| Untracked 
|  35|0x000000070cc00000, 0x000000070cc00000, 0x000000070ce00000|  0%| F|  |TAMS 0x000000070cc00000| PB 0x000000070cc00000| Untracked 
|  36|0x000000070ce00000, 0x000000070ce00000, 0x000000070d000000|  0%| F|  |TAMS 0x000000070ce00000| PB 0x000000070ce00000| Untracked 
|  37|0x000000070d000000, 0x000000070d000000, 0x000000070d200000|  0%| F|  |TAMS 0x000000070d000000| PB 0x000000070d000000| Untracked 
|  38|0x000000070d200000, 0x000000070d200000, 0x000000070d400000|  0%| F|  |TAMS 0x000000070d200000| PB 0x000000070d200000| Untracked 
|  39|0x000000070d400000, 0x000000070d400000, 0x000000070d600000|  0%| F|  |TAMS 0x000000070d400000| PB 0x000000070d400000| Untracked 
|  40|0x000000070d600000, 0x000000070d600000, 0x000000070d800000|  0%| F|  |TAMS 0x000000070d600000| PB 0x000000070d600000| Untracked 
|  41|0x000000070d800000, 0x000000070d800000, 0x000000070da00000|  0%| F|  |TAMS 0x000000070d800000| PB 0x000000070d800000| Untracked 
|  42|0x000000070da00000, 0x000000070da00000, 0x000000070dc00000|  0%| F|  |TAMS 0x000000070da00000| PB 0x000000070da00000| Untracked 
|  43|0x000000070dc00000, 0x000000070dc00000, 0x000000070de00000|  0%| F|  |TAMS 0x000000070dc00000| PB 0x000000070dc00000| Untracked 
|  44|0x000000070de00000, 0x000000070de00000, 0x000000070e000000|  0%| F|  |TAMS 0x000000070de00000| PB 0x000000070de00000| Untracked 
|  45|0x000000070e000000, 0x000000070e000000, 0x000000070e200000|  0%| F|  |TAMS 0x000000070e000000| PB 0x000000070e000000| Untracked 
|  46|0x000000070e200000, 0x000000070e200000, 0x000000070e400000|  0%| F|  |TAMS 0x000000070e200000| PB 0x000000070e200000| Untracked 
|  47|0x000000070e400000, 0x000000070e400000, 0x000000070e600000|  0%| F|  |TAMS 0x000000070e400000| PB 0x000000070e400000| Untracked 
|  48|0x000000070e600000, 0x000000070e600000, 0x000000070e800000|  0%| F|  |TAMS 0x000000070e600000| PB 0x000000070e600000| Untracked 
|  49|0x000000070e800000, 0x000000070e800000, 0x000000070ea00000|  0%| F|  |TAMS 0x000000070e800000| PB 0x000000070e800000| Untracked 
|  50|0x000000070ea00000, 0x000000070ea00000, 0x000000070ec00000|  0%| F|  |TAMS 0x000000070ea00000| PB 0x000000070ea00000| Untracked 
|  51|0x000000070ec00000, 0x000000070ec00000, 0x000000070ee00000|  0%| F|  |TAMS 0x000000070ec00000| PB 0x000000070ec00000| Untracked 
|  52|0x000000070ee00000, 0x000000070ee00000, 0x000000070f000000|  0%| F|  |TAMS 0x000000070ee00000| PB 0x000000070ee00000| Untracked 
|  53|0x000000070f000000, 0x000000070f000000, 0x000000070f200000|  0%| F|  |TAMS 0x000000070f000000| PB 0x000000070f000000| Untracked 
|  54|0x000000070f200000, 0x000000070f200000, 0x000000070f400000|  0%| F|  |TAMS 0x000000070f200000| PB 0x000000070f200000| Untracked 
|  55|0x000000070f400000, 0x000000070f400000, 0x000000070f600000|  0%| F|  |TAMS 0x000000070f400000| PB 0x000000070f400000| Untracked 
|  56|0x000000070f600000, 0x000000070f600000, 0x000000070f800000|  0%| F|  |TAMS 0x000000070f600000| PB 0x000000070f600000| Untracked 
|  57|0x000000070f800000, 0x000000070f800000, 0x000000070fa00000|  0%| F|  |TAMS 0x000000070f800000| PB 0x000000070f800000| Untracked 
|  58|0x000000070fa00000, 0x000000070fa00000, 0x000000070fc00000|  0%| F|  |TAMS 0x000000070fa00000| PB 0x000000070fa00000| Untracked 
|  59|0x000000070fc00000, 0x000000070fc00000, 0x000000070fe00000|  0%| F|  |TAMS 0x000000070fc00000| PB 0x000000070fc00000| Untracked 
|  60|0x000000070fe00000, 0x000000070fe00000, 0x0000000710000000|  0%| F|  |TAMS 0x000000070fe00000| PB 0x000000070fe00000| Untracked 
|  61|0x0000000710000000, 0x0000000710000000, 0x0000000710200000|  0%| F|  |TAMS 0x0000000710000000| PB 0x0000000710000000| Untracked 
|  62|0x0000000710200000, 0x0000000710200000, 0x0000000710400000|  0%| F|  |TAMS 0x0000000710200000| PB 0x0000000710200000| Untracked 
|  63|0x0000000710400000, 0x0000000710400000, 0x0000000710600000|  0%| F|  |TAMS 0x0000000710400000| PB 0x0000000710400000| Untracked 
|  64|0x0000000710600000, 0x0000000710600000, 0x0000000710800000|  0%| F|  |TAMS 0x0000000710600000| PB 0x0000000710600000| Untracked 
|  65|0x0000000710800000, 0x0000000710800000, 0x0000000710a00000|  0%| F|  |TAMS 0x0000000710800000| PB 0x0000000710800000| Untracked 
|  66|0x0000000710a00000, 0x0000000710a00000, 0x0000000710c00000|  0%| F|  |TAMS 0x0000000710a00000| PB 0x0000000710a00000| Untracked 
|  67|0x0000000710c00000, 0x0000000710c00000, 0x0000000710e00000|  0%| F|  |TAMS 0x0000000710c00000| PB 0x0000000710c00000| Untracked 
|  68|0x0000000710e00000, 0x0000000710e00000, 0x0000000711000000|  0%| F|  |TAMS 0x0000000710e00000| PB 0x0000000710e00000| Untracked 
|  69|0x0000000711000000, 0x0000000711000000, 0x0000000711200000|  0%| F|  |TAMS 0x0000000711000000| PB 0x0000000711000000| Untracked 
|  70|0x0000000711200000, 0x0000000711200000, 0x0000000711400000|  0%| F|  |TAMS 0x0000000711200000| PB 0x0000000711200000| Untracked 
|  71|0x0000000711400000, 0x0000000711400000, 0x0000000711600000|  0%| F|  |TAMS 0x0000000711400000| PB 0x0000000711400000| Untracked 
|  72|0x0000000711600000, 0x0000000711600000, 0x0000000711800000|  0%| F|  |TAMS 0x0000000711600000| PB 0x0000000711600000| Untracked 
|  73|0x0000000711800000, 0x0000000711800000, 0x0000000711a00000|  0%| F|  |TAMS 0x0000000711800000| PB 0x0000000711800000| Untracked 
|  74|0x0000000711a00000, 0x0000000711a00000, 0x0000000711c00000|  0%| F|  |TAMS 0x0000000711a00000| PB 0x0000000711a00000| Untracked 
|  75|0x0000000711c00000, 0x0000000711c00000, 0x0000000711e00000|  0%| F|  |TAMS 0x0000000711c00000| PB 0x0000000711c00000| Untracked 
|  76|0x0000000711e00000, 0x0000000711e00000, 0x0000000712000000|  0%| F|  |TAMS 0x0000000711e00000| PB 0x0000000711e00000| Untracked 
|  77|0x0000000712000000, 0x0000000712000000, 0x0000000712200000|  0%| F|  |TAMS 0x0000000712000000| PB 0x0000000712000000| Untracked 
|  78|0x0000000712200000, 0x0000000712200000, 0x0000000712400000|  0%| F|  |TAMS 0x0000000712200000| PB 0x0000000712200000| Untracked 
|  79|0x0000000712400000, 0x0000000712400000, 0x0000000712600000|  0%| F|  |TAMS 0x0000000712400000| PB 0x0000000712400000| Untracked 
|  80|0x0000000712600000, 0x0000000712600000, 0x0000000712800000|  0%| F|  |TAMS 0x0000000712600000| PB 0x0000000712600000| Untracked 
|  81|0x0000000712800000, 0x0000000712800000, 0x0000000712a00000|  0%| F|  |TAMS 0x0000000712800000| PB 0x0000000712800000| Untracked 
|  82|0x0000000712a00000, 0x0000000712a00000, 0x0000000712c00000|  0%| F|  |TAMS 0x0000000712a00000| PB 0x0000000712a00000| Untracked 
|  83|0x0000000712c00000, 0x0000000712c00000, 0x0000000712e00000|  0%| F|  |TAMS 0x0000000712c00000| PB 0x0000000712c00000| Untracked 
|  84|0x0000000712e00000, 0x0000000712e00000, 0x0000000713000000|  0%| F|  |TAMS 0x0000000712e00000| PB 0x0000000712e00000| Untracked 
|  85|0x0000000713000000, 0x0000000713000000, 0x0000000713200000|  0%| F|  |TAMS 0x0000000713000000| PB 0x0000000713000000| Untracked 
|  86|0x0000000713200000, 0x0000000713200000, 0x0000000713400000|  0%| F|  |TAMS 0x0000000713200000| PB 0x0000000713200000| Untracked 
|  87|0x0000000713400000, 0x0000000713400000, 0x0000000713600000|  0%| F|  |TAMS 0x0000000713400000| PB 0x0000000713400000| Untracked 
|  88|0x0000000713600000, 0x0000000713600000, 0x0000000713800000|  0%| F|  |TAMS 0x0000000713600000| PB 0x0000000713600000| Untracked 
|  89|0x0000000713800000, 0x0000000713800000, 0x0000000713a00000|  0%| F|  |TAMS 0x0000000713800000| PB 0x0000000713800000| Untracked 
|  90|0x0000000713a00000, 0x0000000713a00000, 0x0000000713c00000|  0%| F|  |TAMS 0x0000000713a00000| PB 0x0000000713a00000| Untracked 
|  91|0x0000000713c00000, 0x0000000713c00000, 0x0000000713e00000|  0%| F|  |TAMS 0x0000000713c00000| PB 0x0000000713c00000| Untracked 
|  92|0x0000000713e00000, 0x0000000713e00000, 0x0000000714000000|  0%| F|  |TAMS 0x0000000713e00000| PB 0x0000000713e00000| Untracked 
|  93|0x0000000714000000, 0x0000000714000000, 0x0000000714200000|  0%| F|  |TAMS 0x0000000714000000| PB 0x0000000714000000| Untracked 
|  94|0x0000000714200000, 0x0000000714200000, 0x0000000714400000|  0%| F|  |TAMS 0x0000000714200000| PB 0x0000000714200000| Untracked 
|  95|0x0000000714400000, 0x0000000714400000, 0x0000000714600000|  0%| F|  |TAMS 0x0000000714400000| PB 0x0000000714400000| Untracked 
|  96|0x0000000714600000, 0x0000000714600000, 0x0000000714800000|  0%| F|  |TAMS 0x0000000714600000| PB 0x0000000714600000| Untracked 
|  97|0x0000000714800000, 0x0000000714800000, 0x0000000714a00000|  0%| F|  |TAMS 0x0000000714800000| PB 0x0000000714800000| Untracked 
|  98|0x0000000714a00000, 0x0000000714a00000, 0x0000000714c00000|  0%| F|  |TAMS 0x0000000714a00000| PB 0x0000000714a00000| Untracked 
|  99|0x0000000714c00000, 0x0000000714c00000, 0x0000000714e00000|  0%| F|  |TAMS 0x0000000714c00000| PB 0x0000000714c00000| Untracked 
| 100|0x0000000714e00000, 0x0000000714e00000, 0x0000000715000000|  0%| F|  |TAMS 0x0000000714e00000| PB 0x0000000714e00000| Untracked 
| 101|0x0000000715000000, 0x0000000715000000, 0x0000000715200000|  0%| F|  |TAMS 0x0000000715000000| PB 0x0000000715000000| Untracked 
| 102|0x0000000715200000, 0x0000000715200000, 0x0000000715400000|  0%| F|  |TAMS 0x0000000715200000| PB 0x0000000715200000| Untracked 
| 103|0x0000000715400000, 0x0000000715400000, 0x0000000715600000|  0%| F|  |TAMS 0x0000000715400000| PB 0x0000000715400000| Untracked 
| 104|0x0000000715600000, 0x0000000715600000, 0x0000000715800000|  0%| F|  |TAMS 0x0000000715600000| PB 0x0000000715600000| Untracked 
| 105|0x0000000715800000, 0x0000000715800000, 0x0000000715a00000|  0%| F|  |TAMS 0x0000000715800000| PB 0x0000000715800000| Untracked 
| 106|0x0000000715a00000, 0x0000000715a00000, 0x0000000715c00000|  0%| F|  |TAMS 0x0000000715a00000| PB 0x0000000715a00000| Untracked 
| 107|0x0000000715c00000, 0x0000000715c00000, 0x0000000715e00000|  0%| F|  |TAMS 0x0000000715c00000| PB 0x0000000715c00000| Untracked 
| 108|0x0000000715e00000, 0x0000000715e00000, 0x0000000716000000|  0%| F|  |TAMS 0x0000000715e00000| PB 0x0000000715e00000| Untracked 
| 109|0x0000000716000000, 0x0000000716000000, 0x0000000716200000|  0%| F|  |TAMS 0x0000000716000000| PB 0x0000000716000000| Untracked 
| 110|0x0000000716200000, 0x0000000716200000, 0x0000000716400000|  0%| F|  |TAMS 0x0000000716200000| PB 0x0000000716200000| Untracked 
| 111|0x0000000716400000, 0x0000000716400000, 0x0000000716600000|  0%| F|  |TAMS 0x0000000716400000| PB 0x0000000716400000| Untracked 
| 112|0x0000000716600000, 0x0000000716600000, 0x0000000716800000|  0%| F|  |TAMS 0x0000000716600000| PB 0x0000000716600000| Untracked 
| 113|0x0000000716800000, 0x0000000716800000, 0x0000000716a00000|  0%| F|  |TAMS 0x0000000716800000| PB 0x0000000716800000| Untracked 
| 114|0x0000000716a00000, 0x0000000716a00000, 0x0000000716c00000|  0%| F|  |TAMS 0x0000000716a00000| PB 0x0000000716a00000| Untracked 
| 115|0x0000000716c00000, 0x0000000716c00000, 0x0000000716e00000|  0%| F|  |TAMS 0x0000000716c00000| PB 0x0000000716c00000| Untracked 
| 116|0x0000000716e00000, 0x0000000716e00000, 0x0000000717000000|  0%| F|  |TAMS 0x0000000716e00000| PB 0x0000000716e00000| Untracked 
| 117|0x0000000717000000, 0x0000000717000000, 0x0000000717200000|  0%| F|  |TAMS 0x0000000717000000| PB 0x0000000717000000| Untracked 
| 118|0x0000000717200000, 0x0000000717200000, 0x0000000717400000|  0%| F|  |TAMS 0x0000000717200000| PB 0x0000000717200000| Untracked 
| 119|0x0000000717400000, 0x0000000717400000, 0x0000000717600000|  0%| F|  |TAMS 0x0000000717400000| PB 0x0000000717400000| Untracked 
| 120|0x0000000717600000, 0x0000000717600000, 0x0000000717800000|  0%| F|  |TAMS 0x0000000717600000| PB 0x0000000717600000| Untracked 
| 121|0x0000000717800000, 0x0000000717800000, 0x0000000717a00000|  0%| F|  |TAMS 0x0000000717800000| PB 0x0000000717800000| Untracked 
| 122|0x0000000717a00000, 0x0000000717bceb20, 0x0000000717c00000| 90%| E|  |TAMS 0x0000000717a00000| PB 0x0000000717a00000| Complete 
| 123|0x0000000717c00000, 0x0000000717e00000, 0x0000000717e00000|100%| E|CS|TAMS 0x0000000717c00000| PB 0x0000000717c00000| Complete 
|1980|0x00000007ffe00000, 0x00000007fff0c7c0, 0x0000000800000000| 52%| O|  |TAMS 0x00000007ffe00000| PB 0x00000007ffe00000| Untracked 

Card table byte_map: [0x00007b5cfc187000,0x00007b5cfc944000] _byte_map_base: 0x00007b5cf8944000

Marking Bits: (CMBitMap*) 0x00007b5d15c76410
 Bits: [0x00007b5cf839f000, 0x00007b5cfc187000)

Polling page: 0x00007b5d17b97000

Metaspace:

Usage:
  Non-class:    492.12 KB used.
      Class:     40.65 KB used.
       Both:    532.77 KB used.

Virtual space:
  Non-class space:       64.00 MB reserved,     576.00 KB ( <1%) committed,  1 nodes.
      Class space:        1.00 GB reserved,     128.00 KB ( <1%) committed,  1 nodes.
             Both:        1.06 GB reserved,     704.00 KB ( <1%) committed. 

Chunk freelists:
   Non-Class:  11.96 MB
       Class:  15.74 MB
        Both:  27.70 MB

MaxMetaspaceSize: unlimited
CompressedClassSpaceSize: 1.00 GB
Initial GC threshold: 21.00 MB
Current GC threshold: 21.00 MB
CDS: on
 - commit_granule_bytes: 65536.
 - commit_granule_words: 8192.
 - virtual_space_node_default_size: 8388608.
 - enlarge_chunks_in_place: 1.
 - use_allocation_guard: 0.


Internal statistics:

num_allocs_failed_limit: 0.
num_arena_births: 14.
num_arena_deaths: 0.
num_vsnodes_births: 2.
num_vsnodes_deaths: 0.
num_space_committed: 11.
num_space_uncommitted: 0.
num_chunks_returned_to_freelist: 0.
num_chunks_taken_from_freelist: 20.
num_chunk_merges: 0.
num_chunk_splits: 13.
num_chunks_enlarged: 6.
num_inconsistent_stats: 0.

CodeHeap 'non-profiled nmethods': size=119168Kb used=53Kb max_used=53Kb free=119115Kb
 bounds [0x00007b5d05da0000, 0x00007b5d06010000, 0x00007b5d0d200000]
CodeHeap 'profiled nmethods': size=119164Kb used=211Kb max_used=211Kb free=118952Kb
 bounds [0x00007b5cfe200000, 0x00007b5cfe470000, 0x00007b5d0565f000]
CodeHeap 'non-nmethods': size=7428Kb used=1258Kb max_used=2394Kb free=6169Kb
 bounds [0x00007b5d0565f000, 0x00007b5d058cf000, 0x00007b5d05da0000]
 total_blobs=570 nmethods=179 adapters=297
 compilation: enabled
              stopped_count=0, restarted_count=0
 full_count=0

Compilation events (20 events):
Event: 26.507 Thread 0x00007b5d15dc0b80 nmethod 171 0x00007b5cfe231410 code [0x00007b5cfe2315c0, 0x00007b5cfe231768]
Event: 26.507 Thread 0x00007b5d15dc0b80  172       3       java.lang.String::<init> (15 bytes)
Event: 26.508 Thread 0x00007b5d15dc0b80 nmethod 172 0x00007b5cfe231890 code [0x00007b5cfe231a20, 0x00007b5cfe231be8]
Event: 26.508 Thread 0x00007b5d15dc0b80  173       3       jdk.internal.misc.Unsafe::getLongUnaligned (173 bytes)
Event: 26.508 Thread 0x00007b5d15dc0b80 nmethod 173 0x00007b5cfe231c90 code [0x00007b5cfe231e80, 0x00007b5cfe232258]
Event: 26.508 Thread 0x00007b5d15dc0b80  174       1       java.net.URL::getProtocol (5 bytes)
Event: 26.508 Thread 0x00007b5d15dc0b80 nmethod 174 0x00007b5d05dac610 code [0x00007b5d05dac7a0, 0x00007b5d05dac868]
Event: 26.508 Thread 0x00007b5d15dc0b80  175       3       java.util.Arrays::copyOf (33 bytes)
Event: 26.508 Thread 0x00007b5d15dc0b80 nmethod 175 0x00007b5cfe232310 code [0x00007b5cfe2324e0, 0x00007b5cfe2329c0]
Event: 26.508 Thread 0x00007b5d15dc0b80  176       3       java.lang.String::startsWith (7 bytes)
Event: 26.508 Thread 0x00007b5d15dc0b80 nmethod 176 0x00007b5cfe232b10 code [0x00007b5cfe232cc0, 0x00007b5cfe232e00]
Event: 26.508 Thread 0x00007b5d15dc0b80  177       3       jdk.internal.util.ArraysSupport::mismatch (103 bytes)
Event: 26.509 Thread 0x00007b5d15dc0b80 nmethod 177 0x00007b5cfe232e90 code [0x00007b5cfe233060, 0x00007b5cfe233468]
Event: 26.509 Thread 0x00007b5d15dc1600 nmethod 168 0x00007b5d05dac910 code [0x00007b5d05dacaa0, 0x00007b5d05daccd0]
Event: 26.509 Thread 0x00007b5d15dc1600  169       4       java.util.zip.ZipFile$Source::zipCoderForPos (39 bytes)
Event: 26.509 Thread 0x00007b5d15dc1600 nmethod 169 0x00007b5d05dace10 code [0x00007b5d05dacfa0, 0x00007b5d05dad070]
Event: 26.511 Thread 0x00007b5d15dc0b80  178       1       java.lang.invoke.MethodType::form (5 bytes)
Event: 26.511 Thread 0x00007b5d15dc0b80 nmethod 178 0x00007b5d05dad110 code [0x00007b5d05dad2a0, 0x00007b5d05dad368]
Event: 26.511 Thread 0x00007b5d15dc0b80  179       3       java.util.HashMap::putVal (300 bytes)
Event: 26.511 Thread 0x00007b5d15dc0b80 nmethod 179 0x00007b5cfe233690 code [0x00007b5cfe233960, 0x00007b5cfe234ad8]

GC Heap History (0 events):
No events

Dll operation events (5 events):
Event: 0.010 Loaded shared library /usr/lib/jvm/java-21-openjdk-amd64/lib/libjava.so
Event: 0.059 Loaded shared library /usr/lib/jvm/java-21-openjdk-amd64/lib/libjsvml.so
Event: 0.067 Loaded shared library /usr/lib/jvm/java-21-openjdk-amd64/lib/libnio.so
Event: 0.069 Loaded shared library /usr/lib/jvm/java-21-openjdk-amd64/lib/libzip.so
Event: 26.501 Loaded shared library /usr/lib/jvm/java-21-openjdk-amd64/lib/libjimage.so

Deoptimization events (0 events):
No events

Classes loaded (20 events):
Event: 26.509 Loading class jdk/internal/logger/AbstractLoggerWrapper
Event: 26.509 Loading class jdk/internal/logger/AbstractLoggerWrapper done
Event: 26.509 Loading class jdk/internal/logger/LazyLoggers$LazyLoggerWrapper done
Event: 26.509 Loading class jdk/internal/logger/LazyLoggers$JdkLazyLogger done
Event: 26.509 Loading class jdk/internal/logger/LazyLoggers$LazyLoggerAccessor
Event: 26.509 Loading class jdk/internal/logger/LazyLoggers$LoggerAccessor
Event: 26.509 Loading class jdk/internal/logger/LazyLoggers$LoggerAccessor done
Event: 26.509 Loading class jdk/internal/logger/LazyLoggers$LazyLoggerAccessor done
Event: 26.509 Loading class java/lang/System$Logger$Level
Event: 26.510 Loading class java/lang/System$Logger$Level done
Event: 26.510 Loading class jdk/internal/logger/SurrogateLogger
Event: 26.510 Loading class jdk/internal/logger/SimpleConsoleLogger
Event: 26.510 Loading class sun/util/logging/PlatformLogger$ConfigurableBridge$LoggerConfiguration
Event: 26.510 Loading class sun/util/logging/PlatformLogger$ConfigurableBridge$LoggerConfiguration done
Event: 26.510 Loading class jdk/internal/logger/SimpleConsoleLogger done
Event: 26.510 Loading class jdk/internal/logger/SurrogateLogger done
Event: 26.511 Loading class sun/util/logging/PlatformLogger
Event: 26.511 Loading class sun/util/logging/PlatformLogger done
Event: 26.511 Loading class sun/util/logging/PlatformLogger$Level
Event: 26.511 Loading class sun/util/logging/PlatformLogger$Level done

Classes unloaded (0 events):
No events

Classes redefined (0 events):
No events

Internal exceptions (0 events):
No events

ZGC Phase Switch (0 events):
No events

VM Operations (5 events):
Event: 0.108 Executing VM operation: HandshakeAllThreads (Deoptimize)
Event: 0.108 Executing VM operation: HandshakeAllThreads (Deoptimize) done
Event: 1.108 Executing VM operation: Cleanup
Event: 1.108 Executing VM operation: Cleanup done
Event: 26.512 Executing VM operation: Exit

Memory protections (13 events):
Event: 0.009 Protecting memory [0x00007ffd529fa000,0x00007ffd529fe000] with protection modes 0
Event: 0.056 Protecting memory [0x00007b5cf4b6f000,0x00007b5cf4b73000] with protection modes 0
Event: 0.056 Protecting memory [0x00007b5cf4a6f000,0x00007b5cf4a73000] with protection modes 0
Event: 0.056 Protecting memory [0x00007b5cf496f000,0x00007b5cf4973000] with protection modes 0
Event: 0.057 Protecting memory [0x00007b5cf486f000,0x00007b5cf4873000] with protection modes 0
Event: 0.057 Protecting memory [0x00007b5cf476f000,0x00007b5cf4773000] with protection modes 0
Event: 0.057 Protecting memory [0x00007b5cf466f000,0x00007b5cf4673000] with protection modes 0
Event: 0.057 Protecting memory [0x00007b5cae900000,0x00007b5cae904000] with protection modes 0
Event: 0.061 Protecting memory [0x00007b5cae800000,0x00007b5cae804000] with protection modes 0
Event: 0.062 Protecting memory [0x00007b5cae700000,0x00007b5cae704000] with protection modes 0
Event: 0.066 Protecting memory [0x00007b5cac1f4000,0x00007b5cac1f8000] with protection modes 0
Event: 0.082 Protecting memory [0x00007b5cac0f4000,0x00007b5cac0f8000] with protection modes 0
Event: 26.498 Protecting memory [0x00007b5cae800000,0x00007b5cae804000] with protection modes 0

Nmethod flushes (0 events):
No events

Events (16 events):
Event: 0.046 Thread 0x00007b5d15ca0f00 Thread added: 0x00007b5d15ca0f00
Event: 0.056 Thread 0x00007b5d15ca0f00 Thread added: 0x00007b5d15d9d600
Event: 0.056 Thread 0x00007b5d15ca0f00 Thread added: 0x00007b5d15d9cf00
Event: 0.056 Thread 0x00007b5d15ca0f00 Thread added: 0x00007b5d15d9c800
Event: 0.057 Thread 0x00007b5d15ca0f00 Thread added: 0x00007b5d15d9c100
Event: 0.057 Thread 0x00007b5d15ca0f00 Thread added: 0x00007b5d15d1f900
Event: 0.057 Thread 0x00007b5d15ca0f00 Thread added: 0x00007b5d15dc1600
Event: 0.057 Thread 0x00007b5d15ca0f00 Thread added: 0x00007b5d15dc0b80
Event: 0.061 Thread 0x00007b5d15dc0b80 Thread added: 0x00007b5cf45df580
Event: 0.062 Thread 0x00007b5d15dc0b80 Thread added: 0x00007b5cf45deb00
Event: 0.066 Thread 0x00007b5d15ca0f00 Thread added: 0x00007b5d15d1f200
Event: 0.082 Thread 0x00007b5d15ca0f00 Thread added: 0x00007b5d15d1cf00
Event: 5.108 Thread 0x00007b5cf45deb00 Thread exited: 0x00007b5cf45deb00
Event: 10.110 Thread 0x00007b5cf45df580 Thread exited: 0x00007b5cf45df580
Event: 26.498 Thread 0x00007b5d15d9c800 Thread added: 0x00007b5b99d4f900
Event: 26.511 Thread 0x00007b5b99d4f900 Before exit entered


Dynamic libraries:
708600000-717e00000 rw-p 00000000 00:00 0 
717e00000-7ffe00000 ---p 00000000 00:00 0 
7ffe00000-7fff0d000 rw-p 00cd6000 08:30 88814                            /usr/lib/jvm/java-21-openjdk-amd64/lib/server/classes.jsa
7fff0d000-800000000 rw-p 00000000 00:00 0 
615f414c5000-615f41505000 r--p 00000000 08:30 90566                      /home/hyuntae-choi/gcam-core/exe/gcam.exe
615f41505000-615f41a25000 r-xp 00040000 08:30 90566                      /home/hyuntae-choi/gcam-core/exe/gcam.exe
615f41a25000-615f41af2000 r--p 00560000 08:30 90566                      /home/hyuntae-choi/gcam-core/exe/gcam.exe
615f41af2000-615f41b08000 r--p 0062d000 08:30 90566                      /home/hyuntae-choi/gcam-core/exe/gcam.exe
615f41b08000-615f41b09000 rw-p 00643000 08:30 90566                      /home/hyuntae-choi/gcam-core/exe/gcam.exe
615f41b09000-615f41b1e000 rw-p 00000000 00:00 0 
7b5b03ff6000-7b5b0b1f8000 rw-p 00000000 00:00 0 
7b5b0b4f9000-7b5b207fe000 rw-p 00000000 00:00 0 
7b5b20aff000-7b5b21101000 rw-p 00000000 00:00 0 
7b5b931fc000-7b5b96800000 rw-p 00000000 00:00 0 
7b5b96c00000-7b5ba1a00000 rw-p 00000000 00:00 0 
7b5ba1c00000-7b5ba3a00000 rw-p 00000000 00:00 0 
7b5ba3c4f000-7b5bc4c50000 rw-p 00000000 00:00 0 
7b5bc4c52000-7b5bc5553000 rw-p 00000000 00:00 0 
7b5bc5806000-7b5bc6106000 rw-p 00000000 00:00 0 
7b5bc6107000-7b5bc6a09000 rw-p 00000000 00:00 0 
7b5bc6bde000-7b5be7687000 rw-p 00000000 00:00 0 
7b5be7c89000-7b5bf3fca000 rw-p 00000000 00:00 0 
7b5bfc0f5000-7b5bfe200000 rw-p 00000000 00:00 0 
7b5bfe3e8000-7b5bfeceb000 rw-p 00000000 00:00 0 
7b5c02c00000-7b5c03800000 rw-p 00000000 00:00 0 
7b5c04600000-7b5c0ac00000 rw-p 00000000 00:00 0 
7b5c0adfe000-7b5c0cc00000 rw-p 00000000 00:00 0 
7b5c0cef9000-7b5c1a6fd000 rw-p 00000000 00:00 0 
7b5c1a845000-7b5c2984b000 rw-p 00000000 00:00 0 
7b5c2987c000-7b5c5717e000 rw-p 00000000 00:00 0 
7b5c57400000-7b5c5f200000 rw-p 00000000 00:00 0 
7b5c5f400000-7b5c60600000 rw-p 00000000 00:00 0 
7b5c606f7000-7b5c62e00000 rw-p 00000000 00:00 0 
7b5c62f00000-7b5c66800000 rw-p 00000000 00:00 0 
7b5c66823000-7b5c68623000 rw-p 00000000 00:00 0 
7b5c68679000-7b5c84879000 rw-p 00000000 00:00 0 
7b5c8487b000-7b5c84e7b000 rw-p 00000000 00:00 0 
7b5c84e7e000-7b5c8577e000 rw-p 00000000 00:00 0 
7b5c8577f000-7b5c8dea7000 rw-p 00000000 00:00 0 
7b5c8dea8000-7b5c9ea00000 rw-p 00000000 00:00 0 
7b5c9ece4000-7b5c9f5e4000 rw-p 00000000 00:00 0 
7b5c9f5e6000-7b5c9fee7000 rw-p 00000000 00:00 0 
7b5c9feef000-7b5ca5000000 rw-p 00000000 00:00 0 
7b5ca5000000-7b5ca5600000 rw-p 00000000 00:00 0 
7b5ca58ed000-7b5ca9e00000 rw-p 00000000 00:00 0 
7b5ca9ff0000-7b5cac0f4000 rw-p 00000000 00:00 0 
7b5cac0f4000-7b5cac0f8000 ---p 00000000 00:00 0 
7b5cac0f8000-7b5cac1f4000 rw-p 00000000 00:00 0 
7b5cac1f4000-7b5cac1f8000 ---p 00000000 00:00 0 
7b5cac1f8000-7b5cac2f4000 rw-p 00000000 00:00 0 
7b5cac300000-7b5cac600000 rw-p 00000000 00:00 0 
7b5cac605000-7b5cae700000 rw-p 00000000 00:00 0 
7b5cae700000-7b5cae704000 ---p 00000000 00:00 0 
7b5cae704000-7b5cae800000 rw-p 00000000 00:00 0 
7b5cae800000-7b5cae804000 ---p 00000000 00:00 0 
7b5cae804000-7b5cae900000 rw-p 00000000 00:00 0 
7b5cae900000-7b5cae904000 ---p 00000000 00:00 0 
7b5cae904000-7b5caf080000 rw-p 00000000 00:00 0 
7b5caf080000-7b5caf400000 ---p 00000000 00:00 0 
7b5caf400000-7b5caf410000 rw-p 00000000 00:00 0 
7b5caf410000-7b5cb3000000 ---p 00000000 00:00 0 
7b5cb3000000-7b5cb3c97000 rw-p 00001000 08:30 88814                      /usr/lib/jvm/java-21-openjdk-amd64/lib/server/classes.jsa
7b5cb3c97000-7b5cb4000000 ---p 00000000 00:00 0 
7b5cb4000000-7b5cb4010000 rw-p 00000000 00:00 0 
7b5cb4010000-7b5cb4040000 ---p 00000000 00:00 0 
7b5cb4040000-7b5cb4050000 rw-p 00000000 00:00 0 
7b5cb4050000-7b5cf4000000 ---p 00000000 00:00 0 
7b5cf4003000-7b5cf4023000 rw-p 00000000 00:00 0 
7b5cf4023000-7b5cf4025000 r--p 00000000 08:30 13126                      /usr/lib/x86_64-linux-gnu/libz.so.1.3
7b5cf4025000-7b5cf4037000 r-xp 00002000 08:30 13126                      /usr/lib/x86_64-linux-gnu/libz.so.1.3
7b5cf4037000-7b5cf403d000 r--p 00014000 08:30 13126                      /usr/lib/x86_64-linux-gnu/libz.so.1.3
7b5cf403d000-7b5cf403e000 r--p 0001a000 08:30 13126                      /usr/lib/x86_64-linux-gnu/libz.so.1.3
7b5cf403e000-7b5cf403f000 rw-p 0001b000 08:30 13126                      /usr/lib/x86_64-linux-gnu/libz.so.1.3
7b5cf404a000-7b5cf404d000 r--p 00000000 08:30 88802                      /usr/lib/jvm/java-21-openjdk-amd64/lib/libnet.so
7b5cf404d000-7b5cf4055000 r-xp 00003000 08:30 88802                      /usr/lib/jvm/java-21-openjdk-amd64/lib/libnet.so
7b5cf4055000-7b5cf4057000 r--p 0000b000 08:30 88802                      /usr/lib/jvm/java-21-openjdk-amd64/lib/libnet.so
7b5cf4057000-7b5cf4058000 r--p 0000c000 08:30 88802                      /usr/lib/jvm/java-21-openjdk-amd64/lib/libnet.so
7b5cf4058000-7b5cf4059000 rw-p 0000d000 08:30 88802                      /usr/lib/jvm/java-21-openjdk-amd64/lib/libnet.so
7b5cf4059000-7b5cf4060000 r--p 00000000 08:30 88803                      /usr/lib/jvm/java-21-openjdk-amd64/lib/libnio.so
7b5cf4060000-7b5cf4069000 r-xp 00007000 08:30 88803                      /usr/lib/jvm/java-21-openjdk-amd64/lib/libnio.so
7b5cf4069000-7b5cf406d000 r--p 00010000 08:30 88803                      /usr/lib/jvm/java-21-openjdk-amd64/lib/libnio.so
7b5cf406d000-7b5cf406e000 r--p 00014000 08:30 88803                      /usr/lib/jvm/java-21-openjdk-amd64/lib/libnio.so
7b5cf406e000-7b5cf406f000 rw-p 00015000 08:30 88803                      /usr/lib/jvm/java-21-openjdk-amd64/lib/libnio.so
7b5cf406f000-7b5cf466f000 rw-p 00000000 00:00 0 
7b5cf466f000-7b5cf4673000 ---p 00000000 00:00 0 
7b5cf4673000-7b5cf476f000 rw-p 00000000 00:00 0 
7b5cf476f000-7b5cf4773000 ---p 00000000 00:00 0 
7b5cf4773000-7b5cf486f000 rw-p 00000000 00:00 0 
7b5cf486f000-7b5cf4873000 ---p 00000000 00:00 0 
7b5cf4873000-7b5cf496f000 rw-p 00000000 00:00 0 
7b5cf496f000-7b5cf4973000 ---p 00000000 00:00 0 
7b5cf4973000-7b5cf4a6f000 rw-p 00000000 00:00 0 
7b5cf4a6f000-7b5cf4a73000 ---p 00000000 00:00 0 
7b5cf4a73000-7b5cf4b6f000 rw-p 00000000 00:00 0 
7b5cf4b6f000-7b5cf4b73000 ---p 00000000 00:00 0 
7b5cf4b73000-7b5cf4c6f000 rw-p 00000000 00:00 0 
7b5cf4c6f000-7b5cf4c70000 ---p 00000000 00:00 0 
7b5cf4c70000-7b5cf4d70000 rw-p 00000000 00:00 0 
7b5cf4d70000-7b5cf4d71000 ---p 00000000 00:00 0 
7b5cf4d71000-7b5cf4e71000 rw-p 00000000 00:00 0 
7b5cf4e71000-7b5cf4e72000 ---p 00000000 00:00 0 
7b5cf4e72000-7b5cf4f72000 rw-p 00000000 00:00 0 
7b5cf4f72000-7b5cf4f73000 ---p 00000000 00:00 0 
7b5cf4f73000-7b5cf7fa0000 rw-p 00000000 00:00 0 
7b5cf7fa0000-7b5cf7fa1000 ---p 00000000 00:00 0 
7b5cf7fa1000-7b5cf80a1000 rw-p 00000000 00:00 0 
7b5cf80a1000-7b5cf80a2000 ---p 00000000 00:00 0 
7b5cf80a2000-7b5cf81a2000 rw-p 00000000 00:00 0 
7b5cf81a2000-7b5cf81a3000 ---p 00000000 00:00 0 
7b5cf81a3000-7b5cf877f000 rw-p 00000000 00:00 0 
7b5cf877f000-7b5cfc17f000 ---p 00000000 00:00 0 
7b5cfc17f000-7b5cfc203000 rw-p 00000000 00:00 0 
7b5cfc203000-7b5cfc943000 ---p 00000000 00:00 0 
7b5cfc943000-7b5cfc9c0000 rw-p 00000000 00:00 0 
7b5cfc9c0000-7b5cfd100000 ---p 00000000 00:00 0 
7b5cfd100000-7b5cfe033000 rw-p 00000000 00:00 0 
7b5cfe033000-7b5cfe117000 ---p 00000000 00:00 0 
7b5cfe117000-7b5cfe11c000 rw-p 00000000 00:00 0 
7b5cfe11c000-7b5cfe200000 ---p 00000000 00:00 0 
7b5cfe200000-7b5cfe470000 rwxp 00000000 00:00 0 
7b5cfe470000-7b5d0565f000 ---p 00000000 00:00 0 
7b5d0565f000-7b5d058cf000 rwxp 00000000 00:00 0 
7b5d058cf000-7b5d05da0000 ---p 00000000 00:00 0 
7b5d05da0000-7b5d06010000 rwxp 00000000 00:00 0 
7b5d06010000-7b5d0d200000 ---p 00000000 00:00 0 
7b5d0d200000-7b5d1581e000 r--s 00000000 08:30 88811                      /usr/lib/jvm/java-21-openjdk-amd64/lib/modules
7b5d15821000-7b5d15823000 r--p 00000000 08:30 88810                      /usr/lib/jvm/java-21-openjdk-amd64/lib/libzip.so
7b5d15823000-7b5d15828000 r-xp 00002000 08:30 88810                      /usr/lib/jvm/java-21-openjdk-amd64/lib/libzip.so
7b5d15828000-7b5d1582a000 r--p 00007000 08:30 88810                      /usr/lib/jvm/java-21-openjdk-amd64/lib/libzip.so
7b5d1582a000-7b5d1582b000 r--p 00008000 08:30 88810                      /usr/lib/jvm/java-21-openjdk-amd64/lib/libzip.so
7b5d1582b000-7b5d1582c000 rw-p 00009000 08:30 88810                      /usr/lib/jvm/java-21-openjdk-amd64/lib/libzip.so
7b5d1582c000-7b5d15831000 r--p 00000000 08:30 88795                      /usr/lib/jvm/java-21-openjdk-amd64/lib/libjsvml.so
7b5d15831000-7b5d15872000 r-xp 00005000 08:30 88795                      /usr/lib/jvm/java-21-openjdk-amd64/lib/libjsvml.so
7b5d15872000-7b5d158fb000 r--p 00046000 08:30 88795                      /usr/lib/jvm/java-21-openjdk-amd64/lib/libjsvml.so
7b5d158fb000-7b5d158fc000 r--p 000ce000 08:30 88795                      /usr/lib/jvm/java-21-openjdk-amd64/lib/libjsvml.so
7b5d158fc000-7b5d158fd000 rw-p 000cf000 08:30 88795                      /usr/lib/jvm/java-21-openjdk-amd64/lib/libjsvml.so
7b5d158fd000-7b5d15e00000 rw-p 00000000 00:00 0 
7b5d15e00000-7b5d15e28000 r--p 00000000 08:30 101134                     /usr/lib/x86_64-linux-gnu/libc.so.6
7b5d15e28000-7b5d15fb0000 r-xp 00028000 08:30 101134                     /usr/lib/x86_64-linux-gnu/libc.so.6
7b5d15fb0000-7b5d15fff000 r--p 001b0000 08:30 101134                     /usr/lib/x86_64-linux-gnu/libc.so.6
7b5d15fff000-7b5d16003000 r--p 001fe000 08:30 101134                     /usr/lib/x86_64-linux-gnu/libc.so.6
7b5d16003000-7b5d16005000 rw-p 00202000 08:30 101134                     /usr/lib/x86_64-linux-gnu/libc.so.6
7b5d16005000-7b5d16012000 rw-p 00000000 00:00 0 
7b5d1601c000-7b5d16075000 r--p 00000000 08:30 12210                      /usr/lib/locale/C.utf8/LC_CTYPE
7b5d16075000-7b5d1607c000 r--s 00000000 08:30 101096                     /usr/lib/x86_64-linux-gnu/gconv/gconv-modules.cache
7b5d1607c000-7b5d16081000 rw-p 00000000 00:00 0 
7b5d16081000-7b5d1608b000 ---p 00000000 00:00 0 
7b5d1608b000-7b5d16098000 r--p 00000000 08:30 88788                      /usr/lib/jvm/java-21-openjdk-amd64/lib/libjava.so
7b5d16098000-7b5d160a7000 r-xp 0000d000 08:30 88788                      /usr/lib/jvm/java-21-openjdk-amd64/lib/libjava.so
7b5d160a7000-7b5d160ac000 r--p 0001c000 08:30 88788                      /usr/lib/jvm/java-21-openjdk-amd64/lib/libjava.so
7b5d160ac000-7b5d160ad000 r--p 00021000 08:30 88788                      /usr/lib/jvm/java-21-openjdk-amd64/lib/libjava.so
7b5d160ad000-7b5d160ae000 rw-p 00022000 08:30 88788                      /usr/lib/jvm/java-21-openjdk-amd64/lib/libjava.so
7b5d160ae000-7b5d16200000 rw-p 00000000 00:00 0 
7b5d16200000-7b5d1629d000 r--p 00000000 08:30 13036                      /usr/lib/x86_64-linux-gnu/libstdc++.so.6.0.33
7b5d1629d000-7b5d163e5000 r-xp 0009d000 08:30 13036                      /usr/lib/x86_64-linux-gnu/libstdc++.so.6.0.33
7b5d163e5000-7b5d1646c000 r--p 001e5000 08:30 13036                      /usr/lib/x86_64-linux-gnu/libstdc++.so.6.0.33
7b5d1646c000-7b5d16477000 r--p 0026b000 08:30 13036                      /usr/lib/x86_64-linux-gnu/libstdc++.so.6.0.33
7b5d16477000-7b5d1647a000 rw-p 00276000 08:30 13036                      /usr/lib/x86_64-linux-gnu/libstdc++.so.6.0.33
7b5d1647a000-7b5d1647e000 rw-p 00000000 00:00 0 
7b5d1647e000-7b5d1647f000 r--p 00000000 08:30 12216                      /usr/lib/locale/C.utf8/LC_NUMERIC
7b5d1647f000-7b5d16480000 r--p 00000000 08:30 12219                      /usr/lib/locale/C.utf8/LC_TIME
7b5d16480000-7b5d16481000 r--p 00000000 08:30 12209                      /usr/lib/locale/C.utf8/LC_COLLATE
7b5d16481000-7b5d16482000 r--p 00000000 08:30 12214                      /usr/lib/locale/C.utf8/LC_MONETARY
7b5d16482000-7b5d16488000 r--p 00000000 08:30 86477                      /usr/lib/x86_64-linux-gnu/libtbbmalloc.so.2.11
7b5d16488000-7b5d1649a000 r-xp 00006000 08:30 86477                      /usr/lib/x86_64-linux-gnu/libtbbmalloc.so.2.11
7b5d1649a000-7b5d1649f000 r--p 00018000 08:30 86477                      /usr/lib/x86_64-linux-gnu/libtbbmalloc.so.2.11
7b5d1649f000-7b5d164a0000 r--p 0001c000 08:30 86477                      /usr/lib/x86_64-linux-gnu/libtbbmalloc.so.2.11
7b5d164a0000-7b5d164a2000 rw-p 0001d000 08:30 86477                      /usr/lib/x86_64-linux-gnu/libtbbmalloc.so.2.11
7b5d164a2000-7b5d164c3000 rw-p 00000000 00:00 0 
7b5d164c3000-7b5d164d3000 r--p 00000000 08:30 101137                     /usr/lib/x86_64-linux-gnu/libm.so.6
7b5d164d3000-7b5d16552000 r-xp 00010000 08:30 101137                     /usr/lib/x86_64-linux-gnu/libm.so.6
7b5d16552000-7b5d165aa000 r--p 0008f000 08:30 101137                     /usr/lib/x86_64-linux-gnu/libm.so.6
7b5d165aa000-7b5d165ab000 r--p 000e7000 08:30 101137                     /usr/lib/x86_64-linux-gnu/libm.so.6
7b5d165ab000-7b5d165ac000 rw-p 000e8000 08:30 101137                     /usr/lib/x86_64-linux-gnu/libm.so.6
7b5d165ac000-7b5d165b8000 r--p 00000000 08:30 86505                      /usr/lib/x86_64-linux-gnu/libtbb.so.12.11
7b5d165b8000-7b5d165db000 r-xp 0000c000 08:30 86505                      /usr/lib/x86_64-linux-gnu/libtbb.so.12.11
7b5d165db000-7b5d165e5000 r--p 0002f000 08:30 86505                      /usr/lib/x86_64-linux-gnu/libtbb.so.12.11
7b5d165e5000-7b5d165e7000 r--p 00039000 08:30 86505                      /usr/lib/x86_64-linux-gnu/libtbb.so.12.11
7b5d165e7000-7b5d165ea000 rw-p 0003b000 08:30 86505                      /usr/lib/x86_64-linux-gnu/libtbb.so.12.11
7b5d165ea000-7b5d16600000 rw-p 00000000 00:00 0 
7b5d16600000-7b5d168a1000 r--p 00000000 08:30 88817                      /usr/lib/jvm/java-21-openjdk-amd64/lib/server/libjvm.so
7b5d168a1000-7b5d1770d000 r-xp 002a1000 08:30 88817                      /usr/lib/jvm/java-21-openjdk-amd64/lib/server/libjvm.so
7b5d1770d000-7b5d179e5000 r--p 0110d000 08:30 88817                      /usr/lib/jvm/java-21-openjdk-amd64/lib/server/libjvm.so
7b5d179e5000-7b5d17ab8000 r--p 013e5000 08:30 88817                      /usr/lib/jvm/java-21-openjdk-amd64/lib/server/libjvm.so
7b5d17ab8000-7b5d17ae8000 rw-p 014b8000 08:30 88817                      /usr/lib/jvm/java-21-openjdk-amd64/lib/server/libjvm.so
7b5d17ae8000-7b5d17b4e000 rw-p 00000000 00:00 0 
7b5d17b4e000-7b5d17b4f000 r--p 00000000 08:30 12213                      /usr/lib/locale/C.utf8/LC_MESSAGES/SYS_LC_MESSAGES
7b5d17b4f000-7b5d17b50000 r--p 00000000 08:30 12217                      /usr/lib/locale/C.utf8/LC_PAPER
7b5d17b50000-7b5d17b51000 r--p 00000000 08:30 12215                      /usr/lib/locale/C.utf8/LC_NAME
7b5d17b51000-7b5d17b52000 r--p 00000000 08:30 12208                      /usr/lib/locale/C.utf8/LC_ADDRESS
7b5d17b52000-7b5d17b53000 r--p 00000000 08:30 12218                      /usr/lib/locale/C.utf8/LC_TELEPHONE
7b5d17b53000-7b5d17b54000 r--p 00000000 08:30 12212                      /usr/lib/locale/C.utf8/LC_MEASUREMENT
7b5d17b54000-7b5d17b55000 r--p 00000000 08:30 12211                      /usr/lib/locale/C.utf8/LC_IDENTIFICATION
7b5d17b55000-7b5d17b5d000 rw-s 00000000 08:30 384485                     /tmp/hsperfdata_hyuntae-choi/75273 (deleted)
7b5d17b5d000-7b5d17b62000 rw-p 00000000 00:00 0 
7b5d17b62000-7b5d17b66000 r--p 00000000 08:30 12817                      /usr/lib/x86_64-linux-gnu/libgcc_s.so.1
7b5d17b66000-7b5d17b8a000 r-xp 00004000 08:30 12817                      /usr/lib/x86_64-linux-gnu/libgcc_s.so.1
7b5d17b8a000-7b5d17b8e000 r--p 00028000 08:30 12817                      /usr/lib/x86_64-linux-gnu/libgcc_s.so.1
7b5d17b8e000-7b5d17b8f000 r--p 0002b000 08:30 12817                      /usr/lib/x86_64-linux-gnu/libgcc_s.so.1
7b5d17b8f000-7b5d17b90000 rw-p 0002c000 08:30 12817                      /usr/lib/x86_64-linux-gnu/libgcc_s.so.1
7b5d17b90000-7b5d17b92000 rw-p 00000000 00:00 0 
7b5d17b92000-7b5d17b93000 r--p 00000000 08:30 86478                      /usr/lib/x86_64-linux-gnu/libtbbmalloc_proxy.so.2.11
7b5d17b93000-7b5d17b94000 r-xp 00001000 08:30 86478                      /usr/lib/x86_64-linux-gnu/libtbbmalloc_proxy.so.2.11
7b5d17b94000-7b5d17b95000 r--p 00002000 08:30 86478                      /usr/lib/x86_64-linux-gnu/libtbbmalloc_proxy.so.2.11
7b5d17b95000-7b5d17b96000 r--p 00002000 08:30 86478                      /usr/lib/x86_64-linux-gnu/libtbbmalloc_proxy.so.2.11
7b5d17b96000-7b5d17b97000 rw-p 00003000 08:30 86478                      /usr/lib/x86_64-linux-gnu/libtbbmalloc_proxy.so.2.11
7b5d17b97000-7b5d17b98000 ---p 00000000 00:00 0 
7b5d17b98000-7b5d17b99000 r--p 00000000 00:00 0 
7b5d17b99000-7b5d17b9a000 ---p 00000000 00:00 0 
7b5d17b9a000-7b5d17b9c000 r--p 00000000 08:30 88791                      /usr/lib/jvm/java-21-openjdk-amd64/lib/libjimage.so
7b5d17b9c000-7b5d17b9f000 r-xp 00002000 08:30 88791                      /usr/lib/jvm/java-21-openjdk-amd64/lib/libjimage.so
7b5d17b9f000-7b5d17ba0000 r--p 00005000 08:30 88791                      /usr/lib/jvm/java-21-openjdk-amd64/lib/libjimage.so
7b5d17ba0000-7b5d17ba1000 r--p 00006000 08:30 88791                      /usr/lib/jvm/java-21-openjdk-amd64/lib/libjimage.so
7b5d17ba1000-7b5d17ba2000 rw-p 00007000 08:30 88791                      /usr/lib/jvm/java-21-openjdk-amd64/lib/libjimage.so
7b5d17ba2000-7b5d17ba4000 rw-p 00000000 00:00 0 
7b5d17ba4000-7b5d17ba5000 r--p 00000000 08:30 101104                     /usr/lib/x86_64-linux-gnu/ld-linux-x86-64.so.2
7b5d17ba5000-7b5d17bd0000 r-xp 00001000 08:30 101104                     /usr/lib/x86_64-linux-gnu/ld-linux-x86-64.so.2
7b5d17bd0000-7b5d17bda000 r--p 0002c000 08:30 101104                     /usr/lib/x86_64-linux-gnu/ld-linux-x86-64.so.2
7b5d17bda000-7b5d17bdc000 r--p 00036000 08:30 101104                     /usr/lib/x86_64-linux-gnu/ld-linux-x86-64.so.2
7b5d17bdc000-7b5d17bde000 rw-p 00038000 08:30 101104                     /usr/lib/x86_64-linux-gnu/ld-linux-x86-64.so.2
7ffd529fa000-7ffd529fe000 ---p 00000000 00:00 0 
7ffd529fe000-7ffd52afa000 rw-p 00000000 00:00 0                          [stack]
7ffd52b9f000-7ffd52ba3000 r--p 00000000 00:00 0                          [vvar]
7ffd52ba3000-7ffd52ba5000 r-xp 00000000 00:00 0                          [vdso]
Total number of mappings: 224


VM Arguments:
jvm_args: -Djava.system.class.loader=WildcardExpandingClassLoader 
java_command: <unknown>
java_class_path (initial): XMLDBDriver.jar:/home/hyuntae-choi/gcam-core/libs/jars/*:../output/modelinterface/ModelInterface.jar
Launcher Type: generic

[Global flags]
     intx CICompilerCount                          = 12                                        {product} {ergonomic}
     uint ConcGCThreads                            = 4                                         {product} {ergonomic}
     uint G1ConcRefinementThreads                  = 15                                        {product} {ergonomic}
   size_t G1HeapRegionSize                         = 2097152                                   {product} {ergonomic}
    uintx GCDrainStackTargetSize                   = 64                                        {product} {ergonomic}
   size_t InitialHeapSize                          = 260046848                                 {product} {ergonomic}
   size_t MarkStackSize                            = 4194304                                   {product} {ergonomic}
   size_t MaxHeapSize                              = 4154458112                                {product} {ergonomic}
   size_t MaxNewSize                               = 2491416576                                {product} {ergonomic}
   size_t MinHeapDeltaBytes                        = 2097152                                   {product} {ergonomic}
   size_t MinHeapSize                              = 8388608                                   {product} {ergonomic}
    uintx NonNMethodCodeHeapSize                   = 7602480                                {pd product} {ergonomic}
    uintx NonProfiledCodeHeapSize                  = 122027880                              {pd product} {ergonomic}
    uintx ProfiledCodeHeapSize                     = 122027880                              {pd product} {ergonomic}
    uintx ReservedCodeCacheSize                    = 251658240                              {pd product} {ergonomic}
     bool SegmentedCodeCache                       = true                                      {product} {ergonomic}
   size_t SoftMaxHeapSize                          = 4154458112                             {manageable} {ergonomic}
     bool UseCompressedOops                        = true                           {product lp64_product} {ergonomic}
     bool UseG1GC                                  = true                                      {product} {ergonomic}

Logging:
Log output configuration:
 #0: 
[error occurred during error reporting (printing log configuration), id 0xb, SIGSEGV (0xb) at pc=0x00007b5d171900d6]
Environment Variables:
PATH=/home/hyuntae-choi/anaconda3/bin:/home/hyuntae-choi/anaconda3/condabin:/usr/local/sbin:/usr/local/bin:/usr/sbin:/usr/bin:/sbin:/bin:/usr/games:/usr/local/games:/usr/lib/wsl/lib:/mnt/c/Windows/system32:/mnt/c/Windows:/mnt/c/Windows/System32/Wbem:/mnt/c/Windows/System32/WindowsPowerShell/v1.0:/mnt/c/Windows/System32/OpenSSH:/mnt/c/Program Files (x86)/NVIDIA Corporation/PhysX/Common:/mnt/c/Program Files/NVIDIA Corporation/NVIDIA NvDLISR:/mnt/c/WINDOWS/system32:/mnt/c/WINDOWS:/mnt/c/WINDOWS/System32/Wbem:/mnt/c/WINDOWS/System32/WindowsPowerShell/v1.0:/mnt/c/WINDOWS/System32/OpenSSH:/mnt/c/Program Files/Git/cmd:/mnt/c/Users/HyuntaeChoi/AppData/Local/Microsoft/WindowsApps:/mnt/c/Users/HyuntaeChoi/AppData/Local/Programs/Microsoft VS Code/bin:/snap/bin
SHELL=/bin/bash
DISPLAY=:0
HOSTTYPE=x86_64
LANG=C.UTF-8
TERM=xterm-256color

Active Locale:
LC_ALL=C.UTF-8
LC_COLLATE=C.UTF-8
LC_CTYPE=C.UTF-8
LC_MESSAGES=C.UTF-8
LC_MONETARY=C.UTF-8
LC_NUMERIC=C.UTF-8
LC_TIME=C.UTF-8

Signal Handlers:
   SIGSEGV: crash_handler in libjvm.so, mask=11100100010111111101111111111110, flags=SA_RESTART|SA_SIGINFO, unblocked
    SIGBUS: crash_handler in libjvm.so, mask=11100100010111111101111111111110, flags=SA_RESTART|SA_SIGINFO, unblocked
    SIGFPE: crash_handler in libjvm.so, mask=11100100010111111101111111111110, flags=SA_RESTART|SA_SIGINFO, unblocked
   SIGPIPE: javaSignalHandler in libjvm.so, mask=11100100010111111101111111111110, flags=SA_RESTART|SA_SIGINFO, blocked
   SIGXFSZ: javaSignalHandler in libjvm.so, mask=11100100010111111101111111111110, flags=SA_RESTART|SA_SIGINFO, blocked
    SIGILL: crash_handler in libjvm.so, mask=11100100010111111101111111111110, flags=SA_RESTART|SA_SIGINFO, unblocked
   SIGUSR2: SR_handler in libjvm.so, mask=00000000000000000000000000000000, flags=SA_RESTART|SA_SIGINFO, blocked
    SIGHUP: UserHandler in libjvm.so, mask=11100100010111111101111111111110, flags=SA_RESTART|SA_SIGINFO, blocked
    SIGINT: UserHandler in libjvm.so, mask=11100100010111111101111111111110, flags=SA_RESTART|SA_SIGINFO, blocked
   SIGTERM: UserHandler in libjvm.so, mask=11100100010111111101111111111110, flags=SA_RESTART|SA_SIGINFO, blocked
   SIGQUIT: UserHandler in libjvm.so, mask=11100100010111111101111111111110, flags=SA_RESTART|SA_SIGINFO, blocked
   SIGTRAP: crash_handler in libjvm.so, mask=11100100010111111101111111111110, flags=SA_RESTART|SA_SIGINFO, unblocked


Periodic native trim disabled

---------------  S Y S T E M  ---------------

OS:
DISTRIB_ID=Ubuntu
DISTRIB_RELEASE=24.04
DISTRIB_CODENAME=noble
DISTRIB_DESCRIPTION="Ubuntu 24.04.2 LTS"
uname: Linux 6.6.87.1-microsoft-standard-WSL2 #1 SMP PREEMPT_DYNAMIC Mon Apr 21 17:08:54 UTC 2025 x86_64
OS uptime: 0 days 5:56 hours
libc: glibc 2.39 NPTL 2.39 
rlimit (soft/hard): STACK 8192k/infinity , CORE 0k/infinity , NPROC 63341/63341 , NOFILE 1048576/1048576 , AS infinity/infinity , CPU infinity/infinity , DATA infinity/infinity , FSIZE infinity/infinity , MEMLOCK 65536k/65536k
load average: 16.29 12.38 10.00

/proc/meminfo:
MemTotal:       16225472 kB
MemFree:         1428668 kB
MemAvailable:    4678908 kB
Buffers:           19112 kB
Cached:          3371412 kB
SwapCached:       118236 kB
Active:          2757504 kB
Inactive:       11475104 kB
Active(anon):    1542776 kB
Inactive(anon):  9302356 kB
Active(file):    1214728 kB
Inactive(file):  2172748 kB
Unevictable:           0 kB
Mlocked:               0 kB
SwapTotal:       4194304 kB
SwapFree:        1943004 kB
Dirty:              3836 kB
Writeback:             0 kB
AnonPages:      10818076 kB
Mapped:            65180 kB
Shmem:              3048 kB
KReclaimable:      98740 kB
Slab:             195784 kB
SReclaimable:      98740 kB
SUnreclaim:        97044 kB
KernelStack:        9712 kB
PageTables:        71496 kB
SecPageTables:         0 kB
NFS_Unstable:          0 kB
Bounce:                0 kB
WritebackTmp:          0 kB
CommitLimit:    12307040 kB
Committed_AS:   14819584 kB
VmallocTotal:   34359738367 kB
VmallocUsed:       35716 kB
VmallocChunk:          0 kB
Percpu:            10080 kB
HardwareCorrupted:     0 kB
AnonHugePages:         0 kB
ShmemHugePages:        0 kB
ShmemPmdMapped:        0 kB
FileHugePages:         0 kB
FilePmdMapped:         0 kB
Unaccepted:            0 kB
HugePages_Total:       0
HugePages_Free:        0
HugePages_Rsvd:        0
HugePages_Surp:        0
Hugepagesize:       2048 kB
Hugetlb:               0 kB
DirectMap4k:       93184 kB
DirectMap2M:     7094272 kB
DirectMap1G:    17825792 kB

/sys/kernel/mm/transparent_hugepage/enabled: always [madvise] never
/sys/kernel/mm/transparent_hugepage/hpage_pmd_size: 2097152
/sys/kernel/mm/transparent_hugepage/defrag (defrag/compaction efforts parameter): always defer defer+madvise [madvise] never

Process Memory:
Virtual Size: 10484300K (peak: 12744452K)
Resident Set Size: 4677660K (peak: 6855304K) (anon: 4650316K, file: 27344K, shmem: 0K)
Swapped out: 0K
C-Heap outstanding allocations: 0K, retained: 0K
glibc malloc tunables: (default)

/proc/sys/kernel/threads-max (system-wide limit on the number of threads): 126683
/proc/sys/vm/max_map_count (maximum number of memory map areas a process may have): 1048576
/proc/sys/vm/swappiness (control to define how aggressively the kernel swaps out anonymous memory): 60
/proc/sys/kernel/pid_max (system-wide limit on number of process identifiers): 4194304

container (cgroup) information:
container_type: cgroupv2
cpu_cpuset_cpus: not supported
cpu_memory_nodes: not supported
active_processor_count: 20
cpu_quota: no quota
cpu_period: 100000
cpu_shares: no shares
memory_limit_in_bytes: unlimited
memory_and_swap_limit_in_bytes: unlimited
memory_soft_limit_in_bytes: unlimited
memory_usage_in_bytes: 14252752 k
memory_max_usage_in_bytes: not supported
memory_swap_current_in_bytes: 2222940 k
memory_swap_max_limit_in_bytes: unlimited
maximum number of tasks: 19002
current number of tasks: 294

Hyper-V virtualization detected
Steal ticks since vm start: 0
Steal ticks percentage since vm start:  0.000

CPU: total 20 (initial active 20) (16 cores per cpu, 2 threads per core) family 6 model 154 stepping 3 microcode 0xffffffff, cx8, cmov, fxsr, ht, mmx, 3dnowpref, sse, sse2, sse3, ssse3, sse4.1, sse4.2, popcnt, lzcnt, tsc, tscinvbit, avx, avx2, aes, erms, clmul, bmi1, bmi2, adx, sha, fma, vzeroupper, clflush, clflushopt, clwb, hv, serialize, rdtscp, rdpid, fsrm, f16c, cet_ibt, cet_ss
CPU Model and flags from /proc/cpuinfo:
model name	: 12th Gen Intel(R) Core(TM) i7-12700H
flags		: fpu vme de pse tsc msr pae mce cx8 apic sep mtrr pge mca cmov pat pse36 clflush mmx fxsr sse sse2 ss ht syscall nx pdpe1gb rdtscp lm constant_tsc rep_good nopl xtopology tsc_reliable nonstop_tsc cpuid tsc_known_freq pni pclmulqdq vmx ssse3 fma cx16 pcid sse4_1 sse4_2 x2apic movbe popcnt tsc_deadline_timer aes xsave avx f16c rdrand hypervisor lahf_lm abm 3dnowprefetch ssbd ibrs ibpb stibp ibrs_enhanced tpr_shadow ept vpid ept_ad fsgsbase tsc_adjust bmi1 avx2 smep bmi2 erms invpcid rdseed adx smap clflushopt clwb sha_ni xsaveopt xsavec xgetbv1 xsaves avx_vnni vnmi umip waitpkg gfni vaes vpclmulqdq rdpid movdiri movdir64b fsrm md_clear serialize flush_l1d arch_capabilities

Online cpus: 0-19
Offline cpus: 
BIOS frequency limitation: <Not Available>
Frequency switch latency (ns): <Not Available>
Available cpu frequencies: <Not Available>
Current governor: <Not Available>
Core performance/turbo boost: <Not Available>

Memory: 4k page, physical 16225472k(4703856k free), swap 4194304k(1943004k free)
Page Sizes: 4k

vm_info: OpenJDK 64-Bit Server VM (21.0.7+6-Ubuntu-0ubuntu124.04) for linux-amd64 JRE (21.0.7+6-Ubuntu-0ubuntu124.04), built on 2025-04-17T05:57:30Z by "buildd" with gcc 13.3.0

END.
