#
# A fatal error has been detected by the Java Runtime Environment:
#
#  SIGSEGV (0xb) at pc=0x000071c90e13a2e8, pid=32694, tid=32883
#
# JRE version: OpenJDK Runtime Environment (21.0.7+6) (build 21.0.7+6-Ubuntu-0ubuntu124.04)
# Java VM: OpenJDK 64-Bit Server VM (21.0.7+6-Ubuntu-0ubuntu124.04, mixed mode, sharing, tiered, compressed oops, compressed class ptrs, g1 gc, linux-amd64)
# Problematic frame:
# C  0x000071c90e13a2e8
#
# Core dump will be written. Default location: Core dumps may be processed with "/wsl-capture-crash %t %E %p %s" (or dumping to /home/hyuntae-choi/gcam-core/exe/core.32694)
#
# If you would like to submit a bug report, please visit:
#   https://bugs.launchpad.net/ubuntu/+source/openjdk-21
#

---------------  S U M M A R Y ------------

Command Line: -Djava.system.class.loader=WildcardExpandingClassLoader 

Host: 12th Gen Intel(R) Core(TM) i7-12700H, 20 cores, 15G, Ubuntu 24.04.2 LTS
Time: Tue Jun 24 14:26:23 2025 KST elapsed time: 859.481754 seconds (0d 0h 14m 19s)

---------------  T H R E A D  ---------------

Current thread is native thread

Stack: [0x000071c9970f1000,0x000071c9974f1000],  sp=0x000071c9974efab8,  free space=4090k
Native frames: (J=compiled Java code, j=interpreted, Vv=VM code, C=native code)
C  0x000071c90e13a2e8

siginfo: si_signo: 11 (SIGSEGV), si_code: 2 (SEGV_ACCERR), si_addr: 0x000071c90e13a2e8

Registers:
RAX=0x000071c90e13a368, RBX=0x000071c90af6d580, RCX=0x000071c90af74b50, RDX=0x000071c90af74b30
RSP=0x000071c9974efab8, RBP=0x000071c90afbae98, RSI=0x000071c90af6d5b8, RDI=0x000071c90e13a2e0
R8 =0x0000000000000007, R9 =0x0000000000000000, R10=0x000071c886581fc0, R11=0x6294102f80e01b22
R12=0x000071c90af74b30, R13=0x000071c90af74b50, R14=0x0000000000000007, R15=0x000071c9974efad0
RIP=0x000071c90e13a2e8, EFLAGS=0x0000000000010246, CSGSFS=0x002b000000000033, ERR=0x0000000000000015
  TRAPNO=0x000000000000000e

XMM[0]=0x0000000000000000 0x3fa7b716ff9acd5b
XMM[1]=0x0000000000000000 0x3ff0000000000000
XMM[2]=0x0000000000000000 0x0000000000000000
XMM[3]=0x0000000000000000 0x3ff0000000000000
XMM[4]=0x0000000000000000 0x0000000000000000
XMM[5]=0x0000000000000000 0x0000000000000000
XMM[6]=0x0000000000000000 0x3fc999b324f10111
XMM[7]=0x0000000000000000 0xbff0000000000000
XMM[8]=0x0000000000000000 0xbcad800000000000
XMM[9]=0x0000000000000000 0xbb4b46960d466400
XMM[10]=0x0000000000000000 0xbfe54df88b34f079
XMM[11]=0x0000000000000000 0x3fe98fc88bd8e2df
XMM[12]=0x0000000000000000 0xbff2495b9b4845e9
XMM[13]=0xbc15024000000000 0x3f888373f7653026
XMM[14]=0x3fba5514bb670766 0x3fa7db266748b7d0
XMM[15]=0x3fe6e423be8125c3 0x0000000000000000
  MXCSR=0x00001fbf


Top of Stack: (sp=0x000071c9974efab8)
0x000071c9974efab8:   00005f94f3ab1b70 3fa7b716ff9acd5b
0x000071c9974efac8:   3ff0000000000000 000071c90af6d580
0x000071c9974efad8:   6c521ba20492fa00 000071c9974efb00
0x000071c9974efae8:   0000000000000007 000071c90afbae98
0x000071c9974efaf8:   000071c90af74b00 000071c9974efb48
0x000071c9974efb08:   3ff0000000000000 000071c9974efb40
0x000071c9974efb18:   00005f94f3aacd96 0000000000000001
0x000071c9974efb28:   3ff0000000000000 3fa7b716ff9acd5b
0x000071c9974efb38:   000071c9974efb50 000071c90af7ab60
0x000071c9974efb48:   000071c90af7ab90 000071c98b027ff0
0x000071c9974efb58:   000071c98b027ff8 000071c98b027ff8
0x000071c9974efb68:   6c521ba20492fa00 000071c9974efc70
0x000071c9974efb78:   000071c90af6df80 0000000000000000
0x000071c9974efb88:   0000000000000007 000071c9974efc70
0x000071c9974efb98:   3ff0000000000000 000071c8d0057f00
0x000071c9974efba8:   00005f94f3ab09f4 3fa7b716ff9acd5b
0x000071c9974efbb8:   3fa7b716ff9acd5b 000071c98b027ff8
0x000071c9974efbc8:   000071c98b028000 000071c98b028000
0x000071c9974efbd8:   000071c9e55a4101 000071c9e53791d0
0x000071c9974efbe8:   0000000000000000 0000000000000000
0x000071c9974efbf8:   00005f94f3a00f7e 000071c9e53791c0
0x000071c9974efc08:   6c521ba20492fa00 0000000000000007
0x000071c9974efc18:   000071c99cb1fe00 000071c829665f00
0x000071c9974efc28:   000071c8d0059808 000071c9974efc70
0x000071c9974efc38:   000071c8d0057f00 000071c8d0057f00
0x000071c9974efc48:   00005f94f3bcc278 0000000601c29300
0x000071c9974efc58:   000071c8d0057f00 0000000000000023
0x000071c9974efc68:   0000000101000001 0000000000000000
0x000071c9974efc78:   000071c8d0059800 000071c8d0058710
0x000071c9974efc88:   6c521ba20492fa00 000071c8d0059808
0x000071c9974efc98:   6c521ba20492fa00 0000000000000000
0x000071c9974efca8:   000071c8d0059800 000071c9974efe10 

Instructions: (pc=0x000071c90e13a2e8)
0x000071c90e13a1e8:   b0 2b ac f7 c7 71 00 00 10 2b ac f7 c7 71 00 00
0x000071c90e13a1f8:   70 2a ac f7 c7 71 00 00 d0 29 ac f7 c7 71 00 00
0x000071c90e13a208:   10 3a ac f7 c7 71 00 00 90 37 ac f7 c7 71 00 00
0x000071c90e13a218:   f0 36 ac f7 c7 71 00 00 b0 35 ac f7 c7 71 00 00
0x000071c90e13a228:   40 d9 c3 f7 c7 71 00 00 a0 d8 c3 f7 c7 71 00 00
0x000071c90e13a238:   00 d8 c3 f7 c7 71 00 00 c0 c2 c3 f7 c7 71 00 00
0x000071c90e13a248:   d0 e9 c3 f7 c7 71 00 00 30 1f ac f7 c7 71 00 00
0x000071c90e13a258:   d0 1f ac f7 c7 71 00 00 f0 1d ac f7 c7 71 00 00
0x000071c90e13a268:   90 1e ac f7 c7 71 00 00 00 1d ac f7 c7 71 00 00
0x000071c90e13a278:   50 1d ac f7 c7 71 00 00 00 00 00 00 00 00 00 80
0x000071c90e13a288:   80 69 da a8 c8 71 00 00 00 00 00 00 00 00 00 80
0x000071c90e13a298:   00 00 00 00 00 00 f0 bf 00 00 00 00 00 00 00 80
0x000071c90e13a2a8:   00 00 00 00 00 00 00 80 00 00 00 00 00 00 00 80
0x000071c90e13a2b8:   c0 db c3 f7 c7 71 00 00 20 db c3 f7 c7 71 00 00
0x000071c90e13a2c8:   80 da c3 f7 c7 71 00 00 e0 d9 c3 f7 c7 71 00 00
0x000071c90e13a2d8:   e0 a2 13 0e c9 71 00 00 68 a3 13 0e c9 71 00 00
0x000071c90e13a2e8:   80 a3 13 0e c9 71 00 00 f8 a2 13 0e c9 71 00 00
0x000071c90e13a2f8:   00 00 00 00 00 00 00 00 30 e9 c3 f7 c7 71 00 00
0x000071c90e13a308:   90 e8 c3 f7 c7 71 00 00 f0 e7 c3 f7 c7 71 00 00
0x000071c90e13a318:   50 e7 c3 f7 c7 71 00 00 b0 e6 c3 f7 c7 71 00 00
0x000071c90e13a328:   10 e6 c3 f7 c7 71 00 00 70 e5 c3 f7 c7 71 00 00
0x000071c90e13a338:   d0 e4 c3 f7 c7 71 00 00 30 e4 c3 f7 c7 71 00 00
0x000071c90e13a348:   d0 d0 c3 f7 c7 71 00 00 30 d0 c3 f7 c7 71 00 00
0x000071c90e13a358:   e0 cf c3 f7 c7 71 00 00 78 a3 13 0e c9 71 00 00
0x000071c90e13a368:   70 a3 13 0e c9 71 00 00 60 a3 13 0e c9 71 00 00
0x000071c90e13a378:   e8 a2 13 0e c9 71 00 00 f0 a2 13 0e c9 71 00 00
0x000071c90e13a388:   b0 94 13 33 c9 71 00 00 50 4f d6 f3 94 5f 00 00
0x000071c90e13a398:   50 4f d6 f3 94 5f 00 00 78 a4 13 0e c9 71 00 00
0x000071c90e13a3a8:   70 96 13 33 c9 71 00 00 20 cc c3 f7 c7 71 00 00
0x000071c90e13a3b8:   90 c0 14 33 c9 71 00 00 10 e7 14 33 c9 71 00 00
0x000071c90e13a3c8:   50 4f d6 f3 94 5f 00 00 50 4f d6 f3 94 5f 00 00
0x000071c90e13a3d8:   00 a4 13 0e c9 71 00 00 30 c3 14 33 c9 71 00 00 



---------------  P R O C E S S  ---------------

VM state: at safepoint (shutting down)

VM Mutex/Monitor currently owned by a thread:  ([mutex/lock_event])
[0x000071ca08b19cf0] Threads_lock - owner thread: 0x000071ca06ca4800
[0x000071ca08b19bf0] Heap_lock - owner thread: 0x000071c8dba0f900

Heap address: 0x0000000708600000, size: 3962 MB, Compressed Oops mode: Zero based, Oop shift amount: 3

CDS archive(s) mapped at: [0x000071c9a4000000-0x000071c9a4c97000-0x000071c9a4c97000), size 13201408, SharedBaseAddress: 0x000071c9a4000000, ArchiveRelocationMode: 1.
Compressed class space mapped at: 0x000071c9a5000000-0x000071c9e5000000, reserved size: 1073741824
Narrow klass base: 0x000071c9a4000000, Narrow klass shift: 0, Narrow klass range: 0x100000000

GC Precious Log:
<Skipped>

Heap:
 garbage-first heap   total 256000K, used 3121K [0x0000000708600000, 0x0000000800000000)
  region size 2048K, 2 young (4096K), 0 survivors (0K)
 Metaspace       used 532K, committed 704K, reserved 1114112K
  class space    used 40K, committed 128K, reserved 1048576K

Heap Regions: E=young(eden), S=young(survivor), O=old, HS=humongous(starts), HC=humongous(continues), CS=collection set, F=free, TAMS=top-at-mark-start, PB=parsable bottom
|   0|0x0000000708600000, 0x0000000708600000, 0x0000000708800000|  0%| F|  |TAMS 0x0000000708600000| PB 0x0000000708600000| Untracked 
|   1|0x0000000708800000, 0x0000000708800000, 0x0000000708a00000|  0%| F|  |TAMS 0x0000000708800000| PB 0x0000000708800000| Untracked 
|   2|0x0000000708a00000, 0x0000000708a00000, 0x0000000708c00000|  0%| F|  |TAMS 0x0000000708a00000| PB 0x0000000708a00000| Untracked 
|   3|0x0000000708c00000, 0x0000000708c00000, 0x0000000708e00000|  0%| F|  |TAMS 0x0000000708c00000| PB 0x0000000708c00000| Untracked 
|   4|0x0000000708e00000, 0x0000000708e00000, 0x0000000709000000|  0%| F|  |TAMS 0x0000000708e00000| PB 0x0000000708e00000| Untracked 
|   5|0x0000000709000000, 0x0000000709000000, 0x0000000709200000|  0%| F|  |TAMS 0x0000000709000000| PB 0x0000000709000000| Untracked 
|   6|0x0000000709200000, 0x0000000709200000, 0x0000000709400000|  0%| F|  |TAMS 0x0000000709200000| PB 0x0000000709200000| Untracked 
|   7|0x0000000709400000, 0x0000000709400000, 0x0000000709600000|  0%| F|  |TAMS 0x0000000709400000| PB 0x0000000709400000| Untracked 
|   8|0x0000000709600000, 0x0000000709600000, 0x0000000709800000|  0%| F|  |TAMS 0x0000000709600000| PB 0x0000000709600000| Untracked 
|   9|0x0000000709800000, 0x0000000709800000, 0x0000000709a00000|  0%| F