#
# A fatal error has been detected by the Java Runtime Environment:
#
#  SIGSEGV (0xb) at pc=0x0000580a4ad5dec1, pid=108374, tid=108374
#
# JRE version: OpenJDK Runtime Environment (21.0.7+6) (build 21.0.7+6-Ubuntu-0ubuntu124.04)
# Java VM: OpenJDK 64-Bit Server VM (21.0.7+6-Ubuntu-0ubuntu124.04, mixed mode, sharing, tiered, compressed oops, compressed class ptrs, g1 gc, linux-amd64)
# Problematic frame:
# C  [gcam.exe+0x3efec1]  objects::AtomRegistry::findAtom(std::__cxx11::basic_string<char, std::char_traits<char>, std::allocator<char> > const&) const+0xf1
#
# Core dump will be written. Default location: Core dumps may be processed with "/wsl-capture-crash %t %E %p %s" (or dumping to /home/hyuntae-choi/gcam-core/exe/core.108374)
#
# If you would like to submit a bug report, please visit:
#   https://bugs.launchpad.net/ubuntu/+source/openjdk-21
# The crash happened outside the Java Virtual Machine in native code.
# See problematic frame for where to report the bug.
#

---------------  S U M M A R Y ------------

Command Line: -Djava.system.class.loader=WildcardExpandingClassLoader 

Host: 12th Gen Intel(R) Core(TM) i7-12700H, 20 cores, 15G, Ubuntu 24.04.2 LTS
Time: Sat Jul 12 12:11:04 2025 KST elapsed time: 27.373383 seconds (0d 0h 0m 27s)

---------------  T H R E A D  ---------------

Current thread (0x00007b1f636a0f00):  JavaThread "main"      [_thread_in_native, id=108374, stack(0x00007ffc7d03d000,0x00007ffc7d13d000) (1024K)]

Stack: [0x00007ffc7d03d000,0x00007ffc7d13d000],  sp=0x00007ffc7d13a370,  free space=1012k
Native frames: (J=compiled Java code, j=interpreted, Vv=VM code, C=native code)
C  [gcam.exe+0x3efec1]  objects::AtomRegistry::findAtom(std::__cxx11::basic_string<char, std::char_traits<char>, std::allocator<char> > const&) const+0xf1

siginfo: si_signo: 11 (SIGSEGV), si_code: 1 (SEGV_MAPERR), si_addr: 0x000000000000000a

Registers:
RAX=0x00ae3445622437b7, RBX=0x0000000000000002, RCX=0xdf442d22ce4859b9, RDX=0x00007b1e81bc70b0
RSP=0x00007ffc7d13a370, RBP=0x0000000000000005, RSI=0xe9b6294983b62ace, RDI=0x73c7963911672707
R8 =0x00007b1ecefe5da0, R9 =0x9e3779b97f4a7c15, R10=0x87eda3030300a6e3, R11=0x00007b1e81bc7010
R12=0x00007b1ecefe5da0, R13=0x00007b1ecefe5d10, R14=0x00007b1dd52c09a0, R15=0x0000000000000f01
RIP=0x0000580a4ad5dec1, EFLAGS=0x0000000000010202, CSGSFS=0x002b000000000033, ERR=0x0000000000000004
  TRAPNO=0x000000000000000e

XMM[0]=0x0000580a4afab200 0x0000580a4afab120
XMM[1]=0x0000000000000000 0x0000580a4afab200
XMM[2]=0x00007b1f63692fa0 0x00007b1dd4563400
XMM[3]=0x0000000000000000 0x0000000000000000
XMM[4]=0x0000000000000000 0xbff0000000000000
XMM[5]=0x0000000000000000 0xbff0000000000000
XMM[6]=0x0000580a4aed9357 0x0000580a4af9c508
XMM[7]=0x0000580a4aed9368 0x0000580a4af9c528
XMM[8]=0x0000580a4aed937a 0x0000580a4af9c548
XMM[9]=0x0000580a4aed9da3 0x0000580a4af9c090
XMM[10]=0x0000580a4aed87eb 0x0000580a4af9c1f0
XMM[11]=0x0000580a4aed9780 0x0000580a4af9b430
XMM[12]=0x0000000000000000 0x0000000000000000
XMM[13]=0x0000000000000000 0x3fd46d2f83a54c5c
XMM[14]=0x0000000000000000 0x3fbc64b6acada187
XMM[15]=0x0000000000000000 0x3f40a381dd3b6800
  MXCSR=0x00001fb7


Register to memory mapping:

RAX=0x00ae3445622437b7 is an unknown value
RBX=0x0000000000000002 is an unknown value
RCX=0xdf442d22ce4859b9 is an unknown value
RDX=0x00007b1e81bc70b0 points into unknown readable memory: 0x0000000000000002 | 02 00 00 00 00 00 00 00
RSP=0x00007ffc7d13a370 is pointing into the stack for thread: 0x00007b1f636a0f00
RBP=0x0000000000000005 is an unknown value
RSI=0xe9b6294983b62ace is an unknown value
RDI=0x73c7963911672707 is an unknown value
R8 =0x00007b1ecefe5da0 points into unknown readable memory: 0x000000616e696843 | 43 68 69 6e 61 00 00 00
R9 =0x9e3779b97f4a7c15 is an unknown value
R10=0x87eda3030300a6e3 is an unknown value
R11=0x00007b1e81bc7010 points into unknown readable memory: 0x00007b1e81bc6fe0 | e0 6f bc 81 1e 7b 00 00
R12=0x00007b1ecefe5da0 points into unknown readable memory: 0x000000616e696843 | 43 68 69 6e 61 00 00 00
R13=0x00007b1ecefe5d10 points into unknown readable memory: 0x00007b1ecefe5d20 | 20 5d fe ce 1e 7b 00 00
R14=0x00007b1dd52c09a0 points into unknown readable memory: 0x0000580a4af9e468 | 68 e4 f9 4a 0a 58 00 00
R15=0x0000000000000f01 is an unknown value

Top of Stack: (sp=0x00007ffc7d13a370)
0x00007ffc7d13a370:   00007b1efce5d870 00007b1dd52c09a0
0x00007ffc7d13a380:   00007b1ecefe5d90 00007b1dd52c09a0
0x00007ffc7d13a390:   0000000000000f01 0000580a4ac3eb52
0x00007ffc7d13a3a0:   0000000000000f6e d7cab231f710ab00
0x00007ffc7d13a3b0:   00007b1efce5d870 0000000000000f6e
0x00007ffc7d13a3c0:   00007b1ecefe5d90 0000580a4ac5211d
0x00007ffc7d13a3d0:   0000000000000000 00007b1dd52c09a0
0x00007ffc7d13a3e0:   00007b1dd52c09a0 d7cab231f710ab00
0x00007ffc7d13a3f0:   0000580a4aa3c800 00007b1ecefe5d90
0x00007ffc7d13a400:   00007b1dd75ce8d0 00007b1ecefe5d00
0x00007ffc7d13a410:   0000580a4afc3ae0 00007b1efce5d870
0x00007ffc7d13a420:   00007ffc7d13a530 0000580a4aaadc64
0x00007ffc7d13a430:   00007b1ecefe5d90 00007b1ecefe5d10
0x00007ffc7d13a440:   00007b1efce5d870 000000000000000a
0x00007ffc7d13a450:   6e752d6563697270 0000000000007469
0x00007ffc7d13a460:   00007ffc7d13a520 d7cab231f710ab00
0x00007ffc7d13a470:   0000000000000005 00007b1ecefe5d00
0x00007ffc7d13a480:   00007b1eb66c9580 d7cab231f710ab00
0x00007ffc7d13a490:   00007b1ecefe5d00 0000000000000000
0x00007ffc7d13a4a0:   00007b1dd75ce8d0 00007ffc7d13a520
0x00007ffc7d13a4b0:   00007b1ecefe5d00 00007ffc7d13a5e0
0x00007ffc7d13a4c0:   00007ffc7d13a530 0000580a4aaadfbf
0x00007ffc7d13a4d0:   000000007d13a520 3f4d7dbf487fcb92
0x00007ffc7d13a4e0:   0000000000000000 00007b1f63d68670
0x00007ffc7d13a4f0:   00007b1efce5d870 d7cab231f710ab00
0x00007ffc7d13a500:   00007b1ecefe5f50 00007b1f63d68670
0x00007ffc7d13a510:   00007b1ecefe5d90 d7cab231f710ab00
0x00007ffc7d13a520:   00007ffc7d13a5e0 00007b1eced029a0
0x00007ffc7d13a530:   00007b1ecefe5d90 00007b1ecefe5d10
0x00007ffc7d13a540:   00007ffc7d13a5e0 d7cab231f710ab00
0x00007ffc7d13a550:   00007b1ecefe5d00 00007b1efcd4f580
0x00007ffc7d13a560:   00007b1efcd4f598 00007b1e69e88690 

Instructions: (pc=0x0000580a4ad5dec1)
0x0000580a4ad5ddc1:   0f 1e fa 48 89 c3 e9 ca ee c6 ff 0f 1f 40 00 f3
0x0000580a4ad5ddd1:   0f 1e fa 41 57 41 56 41 54 55 53 48 8b 6e 08 4c
0x0000580a4ad5dde1:   8b 5f 08 4c 8b 26 48 be ce 2a b6 83 49 29 b6 e9
0x0000580a4ad5ddf1:   48 89 ef 48 31 f7 48 83 fd 07 0f 86 47 01 00 00
0x0000580a4ad5de01:   4c 8d 55 f8 4c 89 e1 49 b9 15 7c 4a 7f b9 79 37
0x0000580a4ad5de11:   9e 48 bb b9 59 48 ce 22 2d 44 df 49 c1 ea 03 4f
0x0000580a4ad5de21:   8d 44 d4 08 0f 1f 00 48 8b 01 4c 01 ce 48 83 c1
0x0000580a4ad5de31:   08 48 01 f0 48 f7 e3 48 31 c2 48 31 d7 4c 39 c1
0x0000580a4ad5de41:   75 e5 4d 0f af d1 48 89 e9 48 b8 f8 22 4b 82 bc
0x0000580a4ad5de51:   1c 25 26 83 e1 07 49 01 c2 48 83 f9 03 0f 86 9c
0x0000580a4ad5de61:   00 00 00 41 8b 44 08 fc 41 8b 10 48 8d 0c cd e0
0x0000580a4ad5de71:   ff ff ff 48 d3 e0 48 09 d0 4c 01 d0 48 b9 b9 59
0x0000580a4ad5de81:   48 ce 22 2d 44 df 48 f7 e1 48 31 c7 48 31 d7 4c
0x0000580a4ad5de91:   01 d7 48 89 f8 48 f7 e1 48 31 d0 31 d2 49 f7 73
0x0000580a4ad5dea1:   18 48 c1 e2 04 49 03 13 48 8b 1a 48 85 db 75 10
0x0000580a4ad5deb1:   eb 3d 0f 1f 44 00 00 48 8b 5b 30 48 85 db 74 2f
0x0000580a4ad5dec1:   48 3b 6b 08 75 f1 48 8b 3b 48 85 ed 74 0f 48 89
0x0000580a4ad5ded1:   ea 4c 89 e6 e8 06 14 c5 ff 85 c0 75 da 48 8b 43
0x0000580a4ad5dee1:   20 5b 5d 41 5c 41 5e 41 5f c3 0f 1f 44 00 00 5b
0x0000580a4ad5def1:   31 c0 5d 41 5c 41 5e 41 5f c3 0f 1f 44 00 00 4c
0x0000580a4ad5df01:   89 d0 48 85 c9 0f 84 71 ff ff ff 48 8d 51 ff 48
0x0000580a4ad5df11:   d1 e9 41 0f b6 04 08 c1 e1 03 83 e2 02 41 0f b6
0x0000580a4ad5df21:   34 10 48 d3 e0 41 0f b6 08 48 09 c8 48 8d 0c d5
0x0000580a4ad5df31:   00 00 00 00 48 d3 e6 48 09 f0 4c 01 d0 e9 3a ff
0x0000580a4ad5df41:   ff ff 0f 1f 44 00 00 49 ba e3 a6 00 03 03 a3 ed
0x0000580a4ad5df51:   87 48 89 e9 4d 89 e0 e9 fd fe ff ff 90 66 90 f3
0x0000580a4ad5df61:   0f 1e fa 0f b6 07 c3 0f 1f 84 00 00 00 00 00 f3
0x0000580a4ad5df71:   0f 1e fa b8 67 00 00 00 c3 66 0f 1f 44 00 00 f3
0x0000580a4ad5df81:   0f 1e fa 41 57 41 56 41 55 49 89 fd bf 18 00 00
0x0000580a4ad5df91:   00 41 54 55 48 89 f5 53 48 81 ec b8 00 00 00 64
0x0000580a4ad5dfa1:   48 8b 04 25 28 00 00 00 48 89 84 24 a8 00 00 00
0x0000580a4ad5dfb1:   31 c0 e8 08 14 c5 ff 48 89 c3 4c 8d 60 08 48 89 


Stack slot to memory mapping:

stack at sp + 0 slots: 0x00007b1efce5d870 points into unknown readable memory: 0x0000580a4af9e688 | 88 e6 f9 4a 0a 58 00 00
stack at sp + 1 slots: 0x00007b1dd52c09a0 points into unknown readable memory: 0x0000580a4af9e468 | 68 e4 f9 4a 0a 58 00 00
stack at sp + 2 slots: 0x00007b1ecefe5d90 points into unknown readable memory: 0x00007b1ecefe5da0 | a0 5d fe ce 1e 7b 00 00
stack at sp + 3 slots: 0x00007b1dd52c09a0 points into unknown readable memory: 0x0000580a4af9e468 | 68 e4 f9 4a 0a 58 00 00
stack at sp + 4 slots: 0x0000000000000f01 is an unknown value
stack at sp + 5 slots: 0x0000580a4ac3eb52: <offset 0x00000000002d0b52> in ./gcam.exe at 0x0000580a4a96e000
stack at sp + 6 slots: 0x0000000000000f6e is an unknown value
stack at sp + 7 slots: 0xd7cab231f710ab00 is an unknown value


---------------  P R O C E S S  ---------------

Threads class SMR info:
_java_thread_list=0x00007b1f6374ff60, length=10, elements={
0x00007b1f636a0f00, 0x00007b1f637a9600, 0x00007b1f637a8f00, 0x00007b1f637a8100,
0x00007b1f63727900, 0x00007b1f637bd600, 0x00007b1f637bcb80, 0x00007b1f63727200,
0x00007b1f63724f00, 0x00007b1dd4fcf900
}

Java Threads: ( => current thread )
=>0x00007b1f636a0f00 JavaThread "main"                       [_thread_in_native, id=108374, stack(0x00007ffc7d03d000,0x00007ffc7d13d000) (1024K)]
  0x00007b1f637a9600 JavaThread "Reference Handler"          [_thread_blocked, id=108382, stack(0x00007b1f4256f000,0x00007b1f4266f000) (1024K)]
  0x00007b1f637a8f00 JavaThread "Finalizer"                  [_thread_blocked, id=108383, stack(0x00007b1f4246f000,0x00007b1f4256f000) (1024K)]
  0x00007b1f637a8100 JavaThread "Service Thread"             [_thread_blocked, id=108385, stack(0x00007b1f4226f000,0x00007b1f4236f000) (1024K)]
  0x00007b1f63727900 JavaThread "Monitor Deflation Thread"   [_thread_blocked, id=108386, stack(0x00007b1f4216f000,0x00007b1f4226f000) (1024K)]
  0x00007b1f637bd600 JavaThread "C2 CompilerThread0"         [_thread_blocked, id=108387, stack(0x00007b1f4206f000,0x00007b1f4216f000) (1024K)]
  0x00007b1f637bcb80 JavaThread "C1 CompilerThread0"         [_thread_blocked, id=108388, stack(0x00007b1efcf00000,0x00007b1efd000000) (1024K)]
  0x00007b1f63727200 JavaThread "Common-Cleaner"             [_thread_blocked, id=108391, stack(0x00007b1efbf2f000,0x00007b1efc02f000) (1024K)]
  0x00007b1f63724f00 JavaThread "Notification Thread"        [_thread_blocked, id=108392, stack(0x00007b1efbe2f000,0x00007b1efbf2f000) (1024K)]
  0x00007b1dd4fcf900 JavaThread "SIGINT handler"             [_thread_blocked, id=108542, stack(0x00007b1efc12f000,0x00007b1efc22f000) (1024K)]
Total: 10

Other Threads:
  0x00007b1f636a4800 VMThread "VM Thread"                           [id=108381, stack(0x00007b1f42670000,0x00007b1f42770000) (1024K)]
  0x00007b1f636a7000 WorkerThread "GC Thread#0"                     [id=108375, stack(0x00007b1f45ba3000,0x00007b1f45ca3000) (1024K)]
  0x00007b1f636a6c00 ConcurrentGCThread "G1 Main Marker"            terminated
  0x00007b1f636a6400 WorkerThread "G1 Conc#0"                       [id=108377, stack(0x00007b1f459a1000,0x00007b1f45aa1000) (1024K)]
  0x00007b1f63675d00 ConcurrentGCThread "G1 Refine#0"               terminated
  0x00007b1f63675600 ConcurrentGCThread "G1 Service"                terminated
Total: 6

Threads with active compile tasks:
Total: 0

VM state: at safepoint (shutting down)

VM Mutex/Monitor currently owned by a thread:  ([mutex/lock_event])
[0x00007b1f65519cf0] Threads_lock - owner thread: 0x00007b1f636a4800
[0x00007b1f65519bf0] Heap_lock - owner thread: 0x00007b1dd4fcf900

Heap address: 0x0000000708600000, size: 3962 MB, Compressed Oops mode: Zero based, Oop shift amount: 3

CDS archive(s) mapped at: [0x00007b1f01000000-0x00007b1f01c97000-0x00007b1f01c97000), size 13201408, SharedBaseAddress: 0x00007b1f01000000, ArchiveRelocationMode: 1.
Compressed class space mapped at: 0x00007b1f02000000-0x00007b1f42000000, reserved size: 1073741824
Narrow klass base: 0x00007b1f01000000, Narrow klass shift: 0, Narrow klass range: 0x100000000

GC Precious Log:
 CardTable entry size: 512
 Card Set container configuration: InlinePtr #cards 4 size 8 Array Of Cards #cards 16 size 48 Howl #buckets 8 coarsen threshold 3686 Howl Bitmap #cards 512 size 80 coarsen threshold 460 Card regions per heap region 1 cards per card region 4096
 CPUs: 20 total, 20 available
 Memory: 15845M
 Large Page Support: Disabled
 NUMA Support: Disabled
 Compressed Oops: Enabled (Zero based)
 Heap Region Size: 2M
 Heap Min Capacity: 8M
 Heap Initial Capacity: 248M
 Heap Max Capacity: 3962M
 Pre-touch: Disabled
 Parallel Workers: 15
 Concurrent Workers: 4
 Concurrent Refinement Workers: 15
 Periodic GC: Disabled

Heap:
 garbage-first heap   total 256000K, used 3121K [0x0000000708600000, 0x0000000800000000)
  region size 2048K, 2 young (4096K), 0 survivors (0K)
 Metaspace       used 533K, committed 704K, reserved 1114112K
  class space    used 40K, committed 128K, reserved 1048576K

Heap Regions: E=young(eden), S=young(survivor), O=old, HS=humongous(starts), HC=humongous(continues), CS=collection set, F=free, TAMS=top-at-mark-start, PB=parsable bottom
|   0|0x0000000708600000, 0x0000000708600000, 0x0000000708800000|  0%| F|  |TAMS 0x0000000708600000| PB 0x0000000708600000| Untracked 
|   1|0x0000000708800000, 0x0000000708800000, 0x0000000708a00000|  0%| F|  |TAMS 0x0000000708800000| PB 0x0000000708800000| Untracked 
|   2|0x0000000708a00000, 0x0000000708a00000, 0x0000000708c00000|  0%| F|  |TAMS 0x0000000708a00000| PB 0x0000000708a00000| Untracked 
|   3|0x0000000708c00000, 0x0000000708c00000, 0x0000000708e00000|  0%| F|  |TAMS 0x0000000708c00000| PB 0x0000000708c00000| Untracked 
|   4|0x0000000708e00000, 0x0000000708e00000, 0x0000000709000000|  0%| F|  |TAMS 0x0000000708e00000| PB 0x0000000708e00000| Untracked 
|   5|0x0000000709000000, 0x0000000709000000, 0x0000000709200000|  0%| F|  |TAMS 0x0000000709000000| PB 0x0000000709000000| Untracked 
|   6|0x0000000709200000, 0x0000000709200000, 0x0000000709400000|  0%| F|  |TAMS 0x0000000709200000| PB 0x0000000709200000| Untracked 
|   7|0x0000000709400000, 0x0000000709400000, 0x0000000709600000|  0%| F|  |TAMS 0x0000000709400000| PB 0x0000000709400000| Untracked 
|   8|0x0000000709600000, 0x0000000709600000, 0x0000000709800000|  0%| F|  |TAMS 0x0000000709600000| PB 0x0000000709600000| Untracked 
|   9|0x0000000709800000, 0x0000000709800000, 0x0000000709a00000|  0%| F|  |TAMS 0x0000000709800000| PB 0x0000000709800000| Untracked 
|  10|0x0000000709a00000, 0x0000000709a00000, 0x0000000709c00000|  0%| F|  |TAMS 0x0000000709a00000| PB 0x0000000709a00000| Untracked 
|  11|0x0000000709c00000, 0x0000000709c00000, 0x0000000709e00000|  0%| F|  |TAMS 0x0000000709c00000| PB 0x0000000709c00000| Untracked 
|  12|0x0000000709e00000, 0x0000000709e00000, 0x000000070a000000|  0%| F|  |TAMS 0x0000000709e00000| PB 0x0000000709e00000| Untracked 
|  13|0x000000070a000000, 0x000000070a000000, 0x000000070a200000|  0%| F|  |TAMS 0x000000070a000000| PB 0x000000070a000000| Untracked 
|  14|0x000000070a200000, 0x000000070a200000, 0x000000070a400000|  0%| F|  |TAMS 0x000000070a200000| PB 0x000000070a200000| Untracked 
|  15|0x000000070a400000, 0x000000070a400000, 0x000000070a600000|  0%| F|  |TAMS 0x000000070a400000| PB 0x000000070a400000| Untracked 
|  16|0x000000070a600000, 0x000000070a600000, 0x000000070a800000|  0%| F|  |TAMS 0x000000070a600000| PB 0x000000070a600000| Untracked 
|  17|0x000000070a800000, 0x000000070a800000, 0x000000070aa00000|  0%| F|  |TAMS 0x000000070a800000| PB 0x000000070a800000| Untracked 
|  18|0x000000070aa00000, 0x000000070aa00000, 0x000000070ac00000|  0%| F|  |TAMS 0x000000070aa00000| PB 0x000000070aa00000| Untracked 
|  19|0x000000070ac00000, 0x000000070ac00000, 0x000000070ae00000|  0%| F|  |TAMS 0x000000070ac00000| PB 0x000000070ac00000| Untracked 
|  20|0x000000070ae00000, 0x000000070ae00000, 0x000000070b000000|  0%| F|  |TAMS 0x000000070ae00000| PB 0x000000070ae00000| Untracked 
|  21|0x000000070b000000, 0x000000070b000000, 0x000000070b200000|  0%| F|  |TAMS 0x000000070b000000| PB 0x000000070b000000| Untracked 
|  22|0x000000070b200000, 0x000000070b200000, 0x000000070b400000|  0%| F|  |TAMS 0x000000070b200000| PB 0x000000070b200000| Untracked 
|  23|0x000000070b400000, 0x000000070b400000, 0x000000070b600000|  0%| F|  |TAMS 0x000000070b400000| PB 0x000000070b400000| Untracked 
|  24|0x000000070b600000, 0x000000070b600000, 0x000000070b800000|  0%| F|  |TAMS 0x000000070b600000| PB 0x000000070b600000| Untracked 
|  25|0x000000070b800000, 0x000000070b800000, 0x000000070ba00000|  0%| F|  |TAMS 0x000000070b800000| PB 0x000000070b800000| Untracked 
|  26|0x000000070ba00000, 0x000000070ba00000, 0x000000070bc00000|  0%| F|  |TAMS 0x000000070ba00000| PB 0x000000070ba00000| Untracked 
|  27|0x000000070bc00000, 0x000000070bc00000, 0x000000070be00000|  0%| F|  |TAMS 0x000000070bc00000| PB 0x000000070bc00000| Untracked 
|  28|0x000000070be00000, 0x000000070be00000, 0x000000070c000000|  0%| F|  |TAMS 0x000000070be00000| PB 0x000000070be00000| Untracked 
|  29|0x000000070c000000, 0x000000070c000000, 0x000000070c200000|  0%| F|  |TAMS 0x000000070c000000| PB 0x000000070c000000| Untracked 
|  30|0x000000070c200000, 0x000000070c200000, 0x000000070c400000|  0%| F|  |TAMS 0x000000070c200000| PB 0x000000070c200000| Untracked 
|  31|0x000000070c400000, 0x000000070c400000, 0x000000070c600000|  0%| F|  |TAMS 0x000000070c400000| PB 0x000000070c400000| Untracked 
|  32|0x000000070c600000, 0x000000070c600000, 0x000000070c800000|  0%| F|  |TAMS 0x000000070c600000| PB 0x000000070c600000| Untracked 
|  33|0x000000070c800000, 0x000000070c800000, 0x000000070ca00000|  0%| F|  |TAMS 0x000000070c800000| PB 0x000000070c800000| Untracked 
|  34|0x000000070ca00000, 0x000000070ca00000, 0x000000070cc00000|  0%| F|  |TAMS 0x000000070ca00000| PB 0x000000070ca00000| Untracked 
|  35|0x000000070cc00000, 0x000000070cc00000, 0x000000070ce00000|  0%| F|  |TAMS 0x000000070cc00000| PB 0x000000070cc00000| Untracked 
|  36|0x000000070ce00000, 0x000000070ce00000, 0x000000070d000000|  0%| F|  |TAMS 0x000000070ce00000| PB 0x000000070ce00000| Untracked 
|  37|0x000000070d000000, 0x000000070d000000, 0x000000070d200000|  0%| F|  |TAMS 0x000000070d000000| PB 0x000000070d000000| Untracked 
|  38|0x000000070d200000, 0x000000070d200000, 0x000000070d400000|  0%| F|  |TAMS 0x000000070d200000| PB 0x000000070d200000| Untracked 
|  39|0x000000070d400000, 0x000000070d400000, 0x000000070d600000|  0%| F|  |TAMS 0x000000070d400000| PB 0x000000070d400000| Untracked 
|  40|0x000000070d600000, 0x000000070d600000, 0x000000070d800000|  0%| F|  |TAMS 0x000000070d600000| PB 0x000000070d600000| Untracked 
|  41|0x000000070d800000, 0x000000070d800000, 0x000000070da00000|  0%| F|  |TAMS 0x000000070d800000| PB 0x000000070d800000| Untracked 
|  42|0x000000070da00000, 0x000000070da00000, 0x000000070dc00000|  0%| F|  |TAMS 0x000000070da00000| PB 0x000000070da00000| Untracked 
|  43|0x000000070dc00000, 0x000000070dc00000, 0x000000070de00000|  0%| F|  |TAMS 0x000000070dc00000| PB 0x000000070dc00000| Untracked 
|  44|0x000000070de00000, 0x000000070de00000, 0x000000070e000000|  0%| F|  |TAMS 0x000000070de00000| PB 0x000000070de00000| Untracked 
|  45|0x000000070e000000, 0x000000070e000000, 0x000000070e200000|  0%| F|  |TAMS 0x000000070e000000| PB 0x000000070e000000| Untracked 
|  46|0x000000070e200000, 0x000000070e200000, 0x000000070e400000|  0%| F|  |TAMS 0x000000070e200000| PB 0x000000070e200000| Untracked 
|  47|0x000000070e400000, 0x000000070e400000, 0x000000070e600000|  0%| F|  |TAMS 0x000000070e400000| PB 0x000000070e400000| Untracked 
|  48|0x000000070e600000, 0x000000070e600000, 0x000000070e800000|  0%| F|  |TAMS 0x000000070e600000| PB 0x000000070e600000| Untracked 
|  49|0x000000070e800000, 0x000000070e800000, 0x000000070ea00000|  0%| F|  |TAMS 0x000000070e800000| PB 0x000000070e800000| Untracked 
|  50|0x000000070ea00000, 0x000000070ea00000, 0x000000070ec00000|  0%| F|  |TAMS 0x000000070ea00000| PB 0x000000070ea00000| Untracked 
|  51|0x000000070ec00000, 0x000000070ec00000, 0x000000070ee00000|  0%| F|  |TAMS 0x000000070ec00000| PB 0x000000070ec00000| Untracked 
|  52|0x000000070ee00000, 0x000000070ee00000, 0x000000070f000000|  0%| F|  |TAMS 0x000000070ee00000| PB 0x000000070ee00000| Untracked 
|  53|0x000000070f000000, 0x000000070f000000, 0x000000070f200000|  0%| F|  |TAMS 0x000000070f000000| PB 0x000000070f000000| Untracked 
|  54|0x000000070f200000, 0x000000070f200000, 0x000000070f400000|  0%| F|  |TAMS 0x000000070f200000| PB 0x000000070f200000| Untracked 
|  55|0x000000070f400000, 0x000000070f400000, 0x000000070f600000|  0%| F|  |TAMS 0x000000070f400000| PB 0x000000070f400000| Untracked 
|  56|0x000000070f600000, 0x000000070f600000, 0x000000070f800000|  0%| F|  |TAMS 0x000000070f600000| PB 0x000000070f600000| Untracked 
|  57|0x000000070f800000, 0x000000070f800000, 0x000000070fa00000|  0%| F|  |TAMS 0x000000070f800000| PB 0x000000070f800000| Untracked 
|  58|0x000000070fa00000, 0x000000070fa00000, 0x000000070fc00000|  0%| F|  |TAMS 0x000000070fa00000| PB 0x000000070fa00000| Untracked 
|  59|0x000000070fc00000, 0x000000070fc00000, 0x000000070fe00000|  0%| F|  |TAMS 0x000000070fc00000| PB 0x000000070fc00000| Untracked 
|  60|0x000000070fe00000, 0x000000070fe00000, 0x0000000710000000|  0%| F|  |TAMS 0x000000070fe00000| PB 0x000000070fe00000| Untracked 
|  61|0x0000000710000000, 0x0000000710000000, 0x0000000710200000|  0%| F|  |TAMS 0x0000000710000000| PB 0x0000000710000000| Untracked 
|  62|0x0000000710200000, 0x0000000710200000, 0x0000000710400000|  0%| F|  |TAMS 0x0000000710200000| PB 0x0000000710200000| Untracked 
|  63|0x0000000710400000, 0x0000000710400000, 0x0000000710600000|  0%| F|  |TAMS 0x0000000710400000| PB 0x0000000710400000| Untracked 
|  64|0x0000000710600000, 0x0000000710600000, 0x0000000710800000|  0%| F|  |TAMS 0x0000000710600000| PB 0x0000000710600000| Untracked 
|  65|0x0000000710800000, 0x0000000710800000, 0x0000000710a00000|  0%| F|  |TAMS 0x0000000710800000| PB 0x0000000710800000| Untracked 
|  66|0x0000000710a00000, 0x0000000710a00000, 0x0000000710c00000|  0%| F|  |TAMS 0x0000000710a00000| PB 0x0000000710a00000| Untracked 
|  67|0x0000000710c00000, 0x0000000710c00000, 0x0000000710e00000|  0%| F|  |TAMS 0x0000000710c00000| PB 0x0000000710c00000| Untracked 
|  68|0x0000000710e00000, 0x0000000710e00000, 0x0000000711000000|  0%| F|  |TAMS 0x0000000710e00000| PB 0x0000000710e00000| Untracked 
|  69|0x0000000711000000, 0x0000000711000000, 0x0000000711200000|  0%| F|  |TAMS 0x0000000711000000| PB 0x0000000711000000| Untracked 
|  70|0x0000000711200000, 0x0000000711200000, 0x0000000711400000|  0%| F|  |TAMS 0x0000000711200000| PB 0x0000000711200000| Untracked 
|  71|0x0000000711400000, 0x0000000711400000, 0x0000000711600000|  0%| F|  |TAMS 0x0000000711400000| PB 0x0000000711400000| Untracked 
|  72|0x0000000711600000, 0x0000000711600000, 0x0000000711800000|  0%| F|  |TAMS 0x0000000711600000| PB 0x0000000711600000| Untracked 
|  73|0x0000000711800000, 0x0000000711800000, 0x0000000711a00000|  0%| F|  |TAMS 0x0000000711800000| PB 0x0000000711800000| Untracked 
|  74|0x0000000711a00000, 0x0000000711a00000, 0x0000000711c00000|  0%| F|  |TAMS 0x0000000711a00000| PB 0x0000000711a00000| Untracked 
|  75|0x0000000711c00000, 0x0000000711c00000, 0x0000000711e00000|  0%| F|  |TAMS 0x0000000711c00000| PB 0x0000000711c00000| Untracked 
|  76|0x0000000711e00000, 0x0000000711e00000, 0x0000000712000000|  0%| F|  |TAMS 0x0000000711e00000| PB 0x0000000711e00000| Untracked 
|  77|0x0000000712000000, 0x0000000712000000, 0x0000000712200000|  0%| F|  |TAMS 0x0000000712000000| PB 0x0000000712000000| Untracked 
|  78|0x0000000712200000, 0x0000000712200000, 0x0000000712400000|  0%| F|  |TAMS 0x0000000712200000| PB 0x0000000712200000| Untracked 
|  79|0x0000000712400000, 0x0000000712400000, 0x0000000712600000|  0%| F|  |TAMS 0x0000000712400000| PB 0x0000000712400000| Untracked 
|  80|0x0000000712600000, 0x0000000712600000, 0x0000000712800000|  0%| F|  |TAMS 0x0000000712600000| PB 0x0000000712600000| Untracked 
|  81|0x0000000712800000, 0x0000000712800000, 0x0000000712a00000|  0%| F|  |TAMS 0x0000000712800000| PB 0x0000000712800000| Untracked 
|  82|0x0000000712a00000, 0x0000000712a00000, 0x0000000712c00000|  0%| F|  |TAMS 0x0000000712a00000| PB 0x0000000712a00000| Untracked 
|  83|0x0000000712c00000, 0x0000000712c00000, 0x0000000712e00000|  0%| F|  |TAMS 0x0000000712c00000| PB 0x0000000712c00000| Untracked 
|  84|0x0000000712e00000, 0x0000000712e00000, 0x0000000713000000|  0%| F|  |TAMS 0x0000000712e00000| PB 0x0000000712e00000| Untracked 
|  85|0x0000000713000000, 0x0000000713000000, 0x0000000713200000|  0%| F|  |TAMS 0x0000000713000000| PB 0x0000000713000000| Untracked 
|  86|0x0000000713200000, 0x0000000713200000, 0x0000000713400000|  0%| F|  |TAMS 0x0000000713200000| PB 0x0000000713200000| Untracked 
|  87|0x0000000713400000, 0x0000000713400000, 0x0000000713600000|  0%| F|  |TAMS 0x0000000713400000| PB 0x0000000713400000| Untracked 
|  88|0x0000000713600000, 0x0000000713600000, 0x0000000713800000|  0%| F|  |TAMS 0x0000000713600000| PB 0x0000000713600000| Untracked 
|  89|0x0000000713800000, 0x0000000713800000, 0x0000000713a00000|  0%| F|  |TAMS 0x0000000713800000| PB 0x0000000713800000| Untracked 
|  90|0x0000000713a00000, 0x0000000713a00000, 0x0000000713c00000|  0%| F|  |TAMS 0x0000000713a00000| PB 0x0000000713a00000| Untracked 
|  91|0x0000000713c00000, 0x0000000713c00000, 0x0000000713e00000|  0%| F|  |TAMS 0x0000000713c00000| PB 0x0000000713c00000| Untracked 
|  92|0x0000000713e00000, 0x0000000713e00000, 0x0000000714000000|  0%| F|  |TAMS 0x0000000713e00000| PB 0x0000000713e00000| Untracked 
|  93|0x0000000714000000, 0x0000000714000000, 0x0000000714200000|  0%| F|  |TAMS 0x0000000714000000| PB 0x0000000714000000| Untracked 
|  94|0x0000000714200000, 0x0000000714200000, 0x0000000714400000|  0%| F|  |TAMS 0x0000000714200000| PB 0x0000000714200000| Untracked 
|  95|0x0000000714400000, 0x0000000714400000, 0x0000000714600000|  0%| F|  |TAMS 0x0000000714400000| PB 0x0000000714400000| Untracked 
|  96|0x0000000714600000, 0x0000000714600000, 0x0000000714800000|  0%| F|  |TAMS 0x0000000714600000| PB 0x0000000714600000| Untracked 
|  97|0x0000000714800000, 0x0000000714800000, 0x0000000714a00000|  0%| F|  |TAMS 0x0000000714800000| PB 0x0000000714800000| Untracked 
|  98|0x0000000714a00000, 0x0000000714a00000, 0x0000000714c00000|  0%| F|  |TAMS 0x0000000714a00000| PB 0x0000000714a00000| Untracked 
|  99|0x0000000714c00000, 0x0000000714c00000, 0x0000000714e00000|  0%| F|  |TAMS 0x0000000714c00000| PB 0x0000000714c00000| Untracked 
| 100|0x0000000714e00000, 0x0000000714e00000, 0x0000000715000000|  0%| F|  |TAMS 0x0000000714e00000| PB 0x0000000714e00000| Untracked 
| 101|0x0000000715000000, 0x0000000715000000, 0x0000000715200000|  0%| F|  |TAMS 0x0000000715000000| PB 0x0000000715000000| Untracked 
| 102|0x0000000715200000, 0x0000000715200000, 0x0000000715400000|  0%| F|  |TAMS 0x0000000715200000| PB 0x0000000715200000| Untracked 
| 103|0x0000000715400000, 0x0000000715400000, 0x0000000715600000|  0%| F|  |TAMS 0x0000000715400000| PB 0x0000000715400000| Untracked 
| 104|0x0000000715600000, 0x0000000715600000, 0x0000000715800000|  0%| F|  |TAMS 0x0000000715600000| PB 0x0000000715600000| Untracked 
| 105|0x0000000715800000, 0x0000000715800000, 0x0000000715a00000|  0%| F|  |TAMS 0x0000000715800000| PB 0x0000000715800000| Untracked 
| 106|0x0000000715a00000, 0x0000000715a00000, 0x0000000715c00000|  0%| F|  |TAMS 0x0000000715a00000| PB 0x0000000715a00000| Untracked 
| 107|0x0000000715c00000, 0x0000000715c00000, 0x0000000715e00000|  0%| F|  |TAMS 0x0000000715c00000| PB 0x0000000715c00000| Untracked 
| 108|0x0000000715e00000, 0x0000000715e00000, 0x0000000716000000|  0%| F|  |TAMS 0x0000000715e00000| PB 0x0000000715e00000| Untracked 
| 109|0x0000000716000000, 0x0000000716000000, 0x0000000716200000|  0%| F|  |TAMS 0x0000000716000000| PB 0x0000000716000000| Untracked 
| 110|0x0000000716200000, 0x0000000716200000, 0x0000000716400000|  0%| F|  |TAMS 0x0000000716200000| PB 0x0000000716200000| Untracked 
| 111|0x0000000716400000, 0x0000000716400000, 0x0000000716600000|  0%| F|  |TAMS 0x0000000716400000| PB 0x0000000716400000| Untracked 
| 112|0x0000000716600000, 0x0000000716600000, 0x0000000716800000|  0%| F|  |TAMS 0x0000000716600000| PB 0x0000000716600000| Untracked 
| 113|0x0000000716800000, 0x0000000716800000, 0x0000000716a00000|  0%| F|  |TAMS 0x0000000716800000| PB 0x0000000716800000| Untracked 
| 114|0x0000000716a00000, 0x0000000716a00000, 0x0000000716c00000|  0%| F|  |TAMS 0x0000000716a00000| PB 0x0000000716a00000| Untracked 
| 115|0x0000000716c00000, 0x0000000716c00000, 0x0000000716e00000|  0%| F|  |TAMS 0x0000000716c00000| PB 0x0000000716c00000| Untracked 
| 116|0x0000000716e00000, 0x0000000716e00000, 0x0000000717000000|  0%| F|  |TAMS 0x0000000716e00000| PB 0x0000000716e00000| Untracked 
| 117|0x0000000717000000, 0x0000000717000000, 0x0000000717200000|  0%| F|  |TAMS 0x0000000717000000| PB 0x0000000717000000| Untracked 
| 118|0x0000000717200000, 0x0000000717200000, 0x0000000717400000|  0%| F|  |TAMS 0x0000000717200000| PB 0x0000000717200000| Untracked 
| 119|0x0000000717400000, 0x0000000717400000, 0x0000000717600000|  0%| F|  |TAMS 0x0000000717400000| PB 0x0000000717400000| Untracked 
| 120|0x0000000717600000, 0x0000000717600000, 0x0000000717800000|  0%| F|  |TAMS 0x0000000717600000| PB 0x0000000717600000| Untracked 
| 121|0x0000000717800000, 0x0000000717800000, 0x0000000717a00000|  0%| F|  |TAMS 0x0000000717800000| PB 0x0000000717800000| Untracked 
| 122|0x0000000717a00000, 0x0000000717bceb20, 0x0000000717c00000| 90%| E|  |TAMS 0x0000000717a00000| PB 0x0000000717a00000| Complete 
| 123|0x0000000717c00000, 0x0000000717e00000, 0x0000000717e00000|100%| E|CS|TAMS 0x0000000717c00000| PB 0x0000000717c00000| Complete 
|1980|0x00000007ffe00000, 0x00000007fff0c7c0, 0x0000000800000000| 52%| O|  |TAMS 0x00000007ffe00000| PB 0x00000007ffe00000| Untracked 

Card table byte_map: [0x00007b1f49b87000,0x00007b1f4a344000] _byte_map_base: 0x00007b1f46344000

Marking Bits: (CMBitMap*) 0x00007b1f63676410
 Bits: [0x00007b1f45d9f000, 0x00007b1f49b87000)

Polling page: 0x00007b1f63ff6000

Metaspace:

Usage:
  Non-class:    493.31 KB used.
      Class:     40.65 KB used.
       Both:    533.96 KB used.

Virtual space:
  Non-class space:       64.00 MB reserved,     576.00 KB ( <1%) committed,  1 nodes.
      Class space:        1.00 GB reserved,     128.00 KB ( <1%) committed,  1 nodes.
             Both:        1.06 GB reserved,     704.00 KB ( <1%) committed. 

Chunk freelists:
   Non-Class:  11.96 MB
       Class:  15.74 MB
        Both:  27.70 MB

MaxMetaspaceSize: unlimited
CompressedClassSpaceSize: 1.00 GB
Initial GC threshold: 21.00 MB
Current GC threshold: 21.00 MB
CDS: on
 - commit_granule_bytes: 65536.
 - commit_granule_words: 8192.
 - virtual_space_node_default_size: 8388608.
 - enlarge_chunks_in_place: 1.
 - use_allocation_guard: 0.


Internal statistics:

num_allocs_failed_limit: 0.
num_arena_births: 14.
num_arena_deaths: 0.
num_vsnodes_births: 2.
num_vsnodes_deaths: 0.
num_space_committed: 11.
num_space_uncommitted: 0.
num_chunks_returned_to_freelist: 0.
num_chunks_taken_from_freelist: 20.
num_chunk_merges: 0.
num_chunk_splits: 13.
num_chunks_enlarged: 6.
num_inconsistent_stats: 0.

CodeHeap 'non-profiled nmethods': size=119168Kb used=52Kb max_used=52Kb free=119115Kb
 bounds [0x00007b1f537a0000, 0x00007b1f53a10000, 0x00007b1f5ac00000]
CodeHeap 'profiled nmethods': size=119164Kb used=208Kb max_used=208Kb free=118955Kb
 bounds [0x00007b1f4bc00000, 0x00007b1f4be70000, 0x00007b1f5305f000]
CodeHeap 'non-nmethods': size=7428Kb used=1258Kb max_used=2394Kb free=6169Kb
 bounds [0x00007b1f5305f000, 0x00007b1f532cf000, 0x00007b1f537a0000]
 total_blobs=570 nmethods=179 adapters=297
 compilation: enabled
              stopped_count=0, restarted_count=0
 full_count=0

Compilation events (20 events):
Event: 27.026 Thread 0x00007b1f637bd600  170       4       jdk.internal.util.ArraysSupport::vectorizedHashCode (158 bytes)
Event: 27.026 Thread 0x00007b1f637bcb80  171       3       java.lang.StringLatin1::hashCode (52 bytes)
Event: 27.026 Thread 0x00007b1f637bcb80 nmethod 171 0x00007b1f4bc31c90 code [0x00007b1f4bc31e40, 0x00007b1f4bc32060]
Event: 27.026 Thread 0x00007b1f637bcb80  172       3       jdk.internal.util.Preconditions::checkFromIndexSize (25 bytes)
Event: 27.026 Thread 0x00007b1f637bcb80 nmethod 172 0x00007b1f4bc32110 code [0x00007b1f4bc322c0, 0x00007b1f4bc32468]
Event: 27.026 Thread 0x00007b1f637bcb80  173       3       java.lang.String::<init> (15 bytes)
Event: 27.027 Thread 0x00007b1f637bcb80 nmethod 173 0x00007b1f4bc32590 code [0x00007b1f4bc32720, 0x00007b1f4bc328e8]
Event: 27.027 Thread 0x00007b1f637bcb80  174       3       jdk.internal.misc.Unsafe::getLongUnaligned (173 bytes)
Event: 27.027 Thread 0x00007b1f637bcb80 nmethod 174 0x00007b1f4bc32990 code [0x00007b1f4bc32b80, 0x00007b1f4bc32f58]
Event: 27.027 Thread 0x00007b1f637bcb80  175       1       java.net.URL::getProtocol (5 bytes)
Event: 27.027 Thread 0x00007b1f637bcb80 nmethod 175 0x00007b1f537ac610 code [0x00007b1f537ac7a0, 0x00007b1f537ac868]
Event: 27.027 Thread 0x00007b1f637bcb80  176       3       java.util.Arrays::copyOf (33 bytes)
Event: 27.027 Thread 0x00007b1f637bcb80 nmethod 176 0x00007b1f4bc33010 code [0x00007b1f4bc331e0, 0x00007b1f4bc336c0]
Event: 27.027 Thread 0x00007b1f637bcb80  178       3       jdk.internal.util.ArraysSupport::mismatch (103 bytes)
Event: 27.027 Thread 0x00007b1f637bcb80 nmethod 178 0x00007b1f4bc33810 code [0x00007b1f4bc339e0, 0x00007b1f4bc33de8]
Event: 27.027 Thread 0x00007b1f637bcb80  177       3       java.lang.String::startsWith (7 bytes)
Event: 27.028 Thread 0x00007b1f637bcb80 nmethod 177 0x00007b1f4bc34010 code [0x00007b1f4bc341c0, 0x00007b1f4bc34300]
Event: 27.028 Thread 0x00007b1f637bd600 nmethod 170 0x00007b1f537ac910 code [0x00007b1f537acaa0, 0x00007b1f537accd0]
Event: 27.031 Thread 0x00007b1f637bcb80  179       1       java.lang.invoke.MethodType::form (5 bytes)
Event: 27.031 Thread 0x00007b1f637bcb80 nmethod 179 0x00007b1f537ace10 code [0x00007b1f537acfa0, 0x00007b1f537ad068]

GC Heap History (0 events):
No events

Dll operation events (5 events):
Event: 0.002 Loaded shared library /usr/lib/jvm/java-21-openjdk-amd64/lib/libjava.so
Event: 0.022 Loaded shared library /usr/lib/jvm/java-21-openjdk-amd64/lib/libjsvml.so
Event: 0.027 Loaded shared library /usr/lib/jvm/java-21-openjdk-amd64/lib/libnio.so
Event: 0.029 Loaded shared library /usr/lib/jvm/java-21-openjdk-amd64/lib/libzip.so
Event: 27.024 Loaded shared library /usr/lib/jvm/java-21-openjdk-amd64/lib/libjimage.so

Deoptimization events (0 events):
No events

Classes loaded (20 events):
Event: 27.027 Loading class jdk/internal/logger/AbstractLoggerWrapper
Event: 27.028 Loading class jdk/internal/logger/AbstractLoggerWrapper done
Event: 27.028 Loading class jdk/internal/logger/LazyLoggers$LazyLoggerWrapper done
Event: 27.028 Loading class jdk/internal/logger/LazyLoggers$JdkLazyLogger done
Event: 27.028 Loading class jdk/internal/logger/LazyLoggers$LazyLoggerAccessor
Event: 27.029 Loading class jdk/internal/logger/LazyLoggers$LoggerAccessor
Event: 27.029 Loading class jdk/internal/logger/LazyLoggers$LoggerAccessor done
Event: 27.029 Loading class jdk/internal/logger/LazyLoggers$LazyLoggerAccessor done
Event: 27.029 Loading class java/lang/System$Logger$Level
Event: 27.029 Loading class java/lang/System$Logger$Level done
Event: 27.029 Loading class jdk/internal/logger/SurrogateLogger
Event: 27.030 Loading class jdk/internal/logger/SimpleConsoleLogger
Event: 27.030 Loading class sun/util/logging/PlatformLogger$ConfigurableBridge$LoggerConfiguration
Event: 27.031 Loading class sun/util/logging/PlatformLogger$ConfigurableBridge$LoggerConfiguration done
Event: 27.031 Loading class jdk/internal/logger/SimpleConsoleLogger done
Event: 27.031 Loading class jdk/internal/logger/SurrogateLogger done
Event: 27.031 Loading class sun/util/logging/PlatformLogger
Event: 27.032 Loading class sun/util/logging/PlatformLogger done
Event: 27.032 Loading class sun/util/logging/PlatformLogger$Level
Event: 27.032 Loading class sun/util/logging/PlatformLogger$Level done

Classes unloaded (0 events):
No events

Classes redefined (0 events):
No events

Internal exceptions (0 events):
No events

ZGC Phase Switch (0 events):
No events

VM Operations (5 events):
Event: 0.058 Executing VM operation: HandshakeAllThreads (Deoptimize)
Event: 0.058 Executing VM operation: HandshakeAllThreads (Deoptimize) done
Event: 1.058 Executing VM operation: Cleanup
Event: 1.058 Executing VM operation: Cleanup done
Event: 27.032 Executing VM operation: Exit

Memory protections (13 events):
Event: 0.002 Protecting memory [0x00007ffc7d03d000,0x00007ffc7d041000] with protection modes 0
Event: 0.020 Protecting memory [0x00007b1f4256f000,0x00007b1f42573000] with protection modes 0
Event: 0.020 Protecting memory [0x00007b1f4246f000,0x00007b1f42473000] with protection modes 0
Event: 0.020 Protecting memory [0x00007b1f4236f000,0x00007b1f42373000] with protection modes 0
Event: 0.020 Protecting memory [0x00007b1f4226f000,0x00007b1f42273000] with protection modes 0
Event: 0.021 Protecting memory [0x00007b1f4216f000,0x00007b1f42173000] with protection modes 0
Event: 0.021 Protecting memory [0x00007b1f4206f000,0x00007b1f42073000] with protection modes 0
Event: 0.021 Protecting memory [0x00007b1efcf00000,0x00007b1efcf04000] with protection modes 0
Event: 0.024 Protecting memory [0x00007b1efc12f000,0x00007b1efc133000] with protection modes 0
Event: 0.025 Protecting memory [0x00007b1efc02f000,0x00007b1efc033000] with protection modes 0
Event: 0.026 Protecting memory [0x00007b1efbf2f000,0x00007b1efbf33000] with protection modes 0
Event: 0.040 Protecting memory [0x00007b1efbe2f000,0x00007b1efbe33000] with protection modes 0
Event: 27.017 Protecting memory [0x00007b1efc12f000,0x00007b1efc133000] with protection modes 0

Nmethod flushes (0 events):
No events

Events (17 events):
Event: 0.014 Thread 0x00007b1f636a0f00 Thread added: 0x00007b1f636a0f00
Event: 0.020 Thread 0x00007b1f636a0f00 Thread added: 0x00007b1f637a9600
Event: 0.020 Thread 0x00007b1f636a0f00 Thread added: 0x00007b1f637a8f00
Event: 0.020 Thread 0x00007b1f636a0f00 Thread added: 0x00007b1f637a8800
Event: 0.020 Thread 0x00007b1f636a0f00 Thread added: 0x00007b1f637a8100
Event: 0.021 Thread 0x00007b1f636a0f00 Thread added: 0x00007b1f63727900
Event: 0.021 Thread 0x00007b1f636a0f00 Thread added: 0x00007b1f637bd600
Event: 0.021 Thread 0x00007b1f636a0f00 Thread added: 0x00007b1f637bcb80
Event: 0.024 Thread 0x00007b1f637bd600 Thread added: 0x00007b1efce8f580
Event: 0.025 Thread 0x00007b1f637bcb80 Thread added: 0x00007b1efce5b580
Event: 0.026 Thread 0x00007b1f636a0f00 Thread added: 0x00007b1f63727200
Event: 0.040 Thread 0x00007b1f636a0f00 Thread added: 0x00007b1f63724f00
Event: 5.059 Thread 0x00007b1efce5b580 Thread exited: 0x00007b1efce5b580
Event: 10.058 Thread 0x00007b1efce8f580 Thread exited: 0x00007b1efce8f580
Event: 27.017 Thread 0x00007b1f637a8800 Thread added: 0x00007b1dd4fcf900
Event: 27.032 Thread 0x00007b1dd4fcf900 Before exit entered
Event: 27.032 Thread 0x00007b1f637a8800 Thread exited: 0x00007b1f637a8800


Dynamic libraries:
708600000-717e00000 rw-p 00000000 00:00 0 
717e00000-7ffe00000 ---p 00000000 00:00 0 
7ffe00000-7fff0d000 rw-p 00cd6000 08:30 88814                            /usr/lib/jvm/java-21-openjdk-amd64/lib/server/classes.jsa
7fff0d000-800000000 rw-p 00000000 00:00 0 
580a4a96e000-580a4a9ae000 r--p 00000000 08:30 90566                      /home/hyuntae-choi/gcam-core/exe/gcam.exe
580a4a9ae000-580a4aece000 r-xp 00040000 08:30 90566                      /home/hyuntae-choi/gcam-core/exe/gcam.exe
580a4aece000-580a4af9b000 r--p 00560000 08:30 90566                      /home/hyuntae-choi/gcam-core/exe/gcam.exe
580a4af9b000-580a4afb1000 r--p 0062d000 08:30 90566                      /home/hyuntae-choi/gcam-core/exe/gcam.exe
580a4afb1000-580a4afb2000 rw-p 00643000 08:30 90566                      /home/hyuntae-choi/gcam-core/exe/gcam.exe
580a4afb2000-580a4afc7000 rw-p 00000000 00:00 0 
7b1d515f2000-7b1d52df2000 rw-p 00000000 00:00 0 
7b1d536f5000-7b1d6e9fe000 rw-p 00000000 00:00 0 
7b1dd3bc6000-7b1def1f6000 rw-p 00000000 00:00 0 
7b1df1000000-7b1df1c00000 rw-p 00000000 00:00 0 
7b1df364b000-7b1e11f4b000 rw-p 00000000 00:00 0 
7b1e11f4e000-7b1e12b4f000 rw-p 00000000 00:00 0 
7b1e12d0a000-7b1e13f0a000 rw-p 00000000 00:00 0 
7b1e14000000-7b1e1f400000 rw-p 00000000 00:00 0 
7b1e1f51c000-7b1e2071c000 rw-p 00000000 00:00 0 
7b1e34b88000-7b1e40bc8000 rw-p 00000000 00:00 0 
7b1e40ec9000-7b1e414cb000 rw-p 00000000 00:00 0 
7b1e43bd8000-7b1e43ed9000 rw-p 00000000 00:00 0 
7b1e444db000-7b1e4b400000 rw-p 00000000 00:00 0 
7b1e4d3f2000-7b1e4d6f3000 rw-p 00000000 00:00 0 
7b1e4fe00000-7b1e50a00000 rw-p 00000000 00:00 0 
7b1e51800000-7b1e58a00000 rw-p 00000000 00:00 0 
7b1e58bfe000-7b1e5aa00000 rw-p 00000000 00:00 0 
7b1e5acf9000-7b1e684fd000 rw-p 00000000 00:00 0 
7b1e68740000-7b1e7774a000 rw-p 00000000 00:00 0 
7b1e7777e000-7b1ea537e000 rw-p 00000000 00:00 0 
7b1ea5500000-7b1ea8800000 rw-p 00000000 00:00 0 
7b1ea8a00000-7b1ea9c00000 rw-p 00000000 00:00 0 
7b1ea9cf7000-7b1eac400000 rw-p 00000000 00:00 0 
7b1eac500000-7b1eb2200000 rw-p 00000000 00:00 0 
7b1eb2300000-7b1eb4a00000 rw-p 00000000 00:00 0 
7b1eb4c24000-7b1eb6724000 rw-p 00000000 00:00 0 
7b1eb677a000-7b1ed297a000 rw-p 00000000 00:00 0 
7b1ed297b000-7b1ed2c7b000 rw-p 00000000 00:00 0 
7b1ed2c7d000-7b1ed357e000 rw-p 00000000 00:00 0 
7b1ed357f000-7b1ed387f000 rw-p 00000000 00:00 0 
7b1ed3880000-7b1edb6a5000 rw-p 00000000 00:00 0 
7b1edb6a6000-7b1eec800000 rw-p 00000000 00:00 0 
7b1eec9e4000-7b1eed2e4000 rw-p 00000000 00:00 0 
7b1eed2e5000-7b1eedbe7000 rw-p 00000000 00:00 0 
7b1eedbef000-7b1ef3000000 rw-p 00000000 00:00 0 
7b1ef3100000-7b1ef3400000 rw-p 00000000 00:00 0 
7b1ef34ed000-7b1ef7a00000 rw-p 00000000 00:00 0 
7b1ef7aca000-7b1ef86ca000 rw-p 00000000 00:00 0 
7b1ef86dc000-7b1efa000000 rw-p 00000000 00:00 0 
7b1efa005000-7b1efbe2f000 rw-p 00000000 00:00 0 
7b1efbe2f000-7b1efbe33000 ---p 00000000 00:00 0 
7b1efbe33000-7b1efbf2f000 rw-p 00000000 00:00 0 
7b1efbf2f000-7b1efbf33000 ---p 00000000 00:00 0 
7b1efbf33000-7b1efc02f000 rw-p 00000000 00:00 0 
7b1efc02f000-7b1efc033000 ---p 00000000 00:00 0 
7b1efc033000-7b1efc12f000 rw-p 00000000 00:00 0 
7b1efc12f000-7b1efc133000 ---p 00000000 00:00 0 
7b1efc133000-7b1efc22f000 rw-p 00000000 00:00 0 
7b1efc22f000-7b1efc234000 r--p 00000000 08:30 88795                      /usr/lib/jvm/java-21-openjdk-amd64/lib/libjsvml.so
7b1efc234000-7b1efc275000 r-xp 00005000 08:30 88795                      /usr/lib/jvm/java-21-openjdk-amd64/lib/libjsvml.so
7b1efc275000-7b1efc2fe000 r--p 00046000 08:30 88795                      /usr/lib/jvm/java-21-openjdk-amd64/lib/libjsvml.so
7b1efc2fe000-7b1efc2ff000 r--p 000ce000 08:30 88795                      /usr/lib/jvm/java-21-openjdk-amd64/lib/libjsvml.so
7b1efc2ff000-7b1efc300000 rw-p 000cf000 08:30 88795                      /usr/lib/jvm/java-21-openjdk-amd64/lib/libjsvml.so
7b1efc300000-7b1efcf00000 rw-p 00000000 00:00 0 
7b1efcf00000-7b1efcf04000 ---p 00000000 00:00 0 
7b1efcf04000-7b1efd080000 rw-p 00000000 00:00 0 
7b1efd080000-7b1efd400000 ---p 00000000 00:00 0 
7b1efd400000-7b1efd410000 rw-p 00000000 00:00 0 
7b1efd410000-7b1f01000000 ---p 00000000 00:00 0 
7b1f01000000-7b1f01c97000 rw-p 00001000 08:30 88814                      /usr/lib/jvm/java-21-openjdk-amd64/lib/server/classes.jsa
7b1f01c97000-7b1f02000000 ---p 00000000 00:00 0 
7b1f02000000-7b1f02010000 rw-p 00000000 00:00 0 
7b1f02010000-7b1f02040000 ---p 00000000 00:00 0 
7b1f02040000-7b1f02050000 rw-p 00000000 00:00 0 
7b1f02050000-7b1f42000000 ---p 00000000 00:00 0 
7b1f4200f000-7b1f4206f000 rw-p 00000000 00:00 0 
7b1f4206f000-7b1f42073000 ---p 00000000 00:00 0 
7b1f42073000-7b1f4216f000 rw-p 00000000 00:00 0 
7b1f4216f000-7b1f42173000 ---p 00000000 00:00 0 
7b1f42173000-7b1f4226f000 rw-p 00000000 00:00 0 
7b1f4226f000-7b1f42273000 ---p 00000000 00:00 0 
7b1f42273000-7b1f4236f000 rw-p 00000000 00:00 0 
7b1f4236f000-7b1f42373000 ---p 00000000 00:00 0 
7b1f42373000-7b1f4246f000 rw-p 00000000 00:00 0 
7b1f4246f000-7b1f42473000 ---p 00000000 00:00 0 
7b1f42473000-7b1f4256f000 rw-p 00000000 00:00 0 
7b1f4256f000-7b1f42573000 ---p 00000000 00:00 0 
7b1f42573000-7b1f4266f000 rw-p 00000000 00:00 0 
7b1f4266f000-7b1f42670000 ---p 00000000 00:00 0 
7b1f42670000-7b1f42770000 rw-p 00000000 00:00 0 
7b1f42770000-7b1f42771000 ---p 00000000 00:00 0 
7b1f42771000-7b1f42871000 rw-p 00000000 00:00 0 
7b1f42871000-7b1f42872000 ---p 00000000 00:00 0 
7b1f42872000-7b1f42972000 rw-p 00000000 00:00 0 
7b1f42972000-7b1f42973000 ---p 00000000 00:00 0 
7b1f42973000-7b1f459a0000 rw-p 00000000 00:00 0 
7b1f459a0000-7b1f459a1000 ---p 00000000 00:00 0 
7b1f459a1000-7b1f45aa1000 rw-p 00000000 00:00 0 
7b1f45aa1000-7b1f45aa2000 ---p 00000000 00:00 0 
7b1f45aa2000-7b1f45ba2000 rw-p 00000000 00:00 0 
7b1f45ba2000-7b1f45ba3000 ---p 00000000 00:00 0 
7b1f45ba3000-7b1f4617f000 rw-p 00000000 00:00 0 
7b1f4617f000-7b1f49b7f000 ---p 00000000 00:00 0 
7b1f49b7f000-7b1f49c03000 rw-p 00000000 00:00 0 
7b1f49c03000-7b1f4a343000 ---p 00000000 00:00 0 
7b1f4a343000-7b1f4a3c0000 rw-p 00000000 00:00 0 
7b1f4a3c0000-7b1f4ab00000 ---p 00000000 00:00 0 
7b1f4ab00000-7b1f4ba33000 rw-p 00000000 00:00 0 
7b1f4ba33000-7b1f4bb17000 ---p 00000000 00:00 0 
7b1f4bb17000-7b1f4bb1c000 rw-p 00000000 00:00 0 
7b1f4bb1c000-7b1f4bc00000 ---p 00000000 00:00 0 
7b1f4bc00000-7b1f4be70000 rwxp 00000000 00:00 0 
7b1f4be70000-7b1f5305f000 ---p 00000000 00:00 0 
7b1f5305f000-7b1f532cf000 rwxp 00000000 00:00 0 
7b1f532cf000-7b1f537a0000 ---p 00000000 00:00 0 
7b1f537a0000-7b1f53a10000 rwxp 00000000 00:00 0 
7b1f53a10000-7b1f5ac00000 ---p 00000000 00:00 0 
7b1f5ac00000-7b1f6321e000 r--s 00000000 08:30 88811                      /usr/lib/jvm/java-21-openjdk-amd64/lib/modules
7b1f63223000-7b1f63263000 rw-p 00000000 00:00 0 
7b1f63263000-7b1f63265000 r--p 00000000 08:30 13126                      /usr/lib/x86_64-linux-gnu/libz.so.1.3
7b1f63265000-7b1f63277000 r-xp 00002000 08:30 13126                      /usr/lib/x86_64-linux-gnu/libz.so.1.3
7b1f63277000-7b1f6327d000 r--p 00014000 08:30 13126                      /usr/lib/x86_64-linux-gnu/libz.so.1.3
7b1f6327d000-7b1f6327e000 r--p 0001a000 08:30 13126                      /usr/lib/x86_64-linux-gnu/libz.so.1.3
7b1f6327e000-7b1f6327f000 rw-p 0001b000 08:30 13126                      /usr/lib/x86_64-linux-gnu/libz.so.1.3
7b1f6328a000-7b1f6328c000 r--p 00000000 08:30 88810                      /usr/lib/jvm/java-21-openjdk-amd64/lib/libzip.so
7b1f6328c000-7b1f63291000 r-xp 00002000 08:30 88810                      /usr/lib/jvm/java-21-openjdk-amd64/lib/libzip.so
7b1f63291000-7b1f63293000 r--p 00007000 08:30 88810                      /usr/lib/jvm/java-21-openjdk-amd64/lib/libzip.so
7b1f63293000-7b1f63294000 r--p 00008000 08:30 88810                      /usr/lib/jvm/java-21-openjdk-amd64/lib/libzip.so
7b1f63294000-7b1f63295000 rw-p 00009000 08:30 88810                      /usr/lib/jvm/java-21-openjdk-amd64/lib/libzip.so
7b1f63295000-7b1f63298000 r--p 00000000 08:30 88802                      /usr/lib/jvm/java-21-openjdk-amd64/lib/libnet.so
7b1f63298000-7b1f632a0000 r-xp 00003000 08:30 88802                      /usr/lib/jvm/java-21-openjdk-amd64/lib/libnet.so
7b1f632a0000-7b1f632a2000 r--p 0000b000 08:30 88802                      /usr/lib/jvm/java-21-openjdk-amd64/lib/libnet.so
7b1f632a2000-7b1f632a3000 r--p 0000c000 08:30 88802                      /usr/lib/jvm/java-21-openjdk-amd64/lib/libnet.so
7b1f632a3000-7b1f632a4000 rw-p 0000d000 08:30 88802                      /usr/lib/jvm/java-21-openjdk-amd64/lib/libnet.so
7b1f632a4000-7b1f632fd000 r--p 00000000 08:30 2597                       /usr/lib/locale/C.utf8/LC_CTYPE
7b1f632fd000-7b1f63800000 rw-p 00000000 00:00 0 
7b1f63800000-7b1f63828000 r--p 00000000 08:30 12715                      /usr/lib/x86_64-linux-gnu/libc.so.6
7b1f63828000-7b1f639b0000 r-xp 00028000 08:30 12715                      /usr/lib/x86_64-linux-gnu/libc.so.6
7b1f639b0000-7b1f639ff000 r--p 001b0000 08:30 12715                      /usr/lib/x86_64-linux-gnu/libc.so.6
7b1f639ff000-7b1f63a03000 r--p 001fe000 08:30 12715                      /usr/lib/x86_64-linux-gnu/libc.so.6
7b1f63a03000-7b1f63a05000 rw-p 00202000 08:30 12715                      /usr/lib/x86_64-linux-gnu/libc.so.6
7b1f63a05000-7b1f63a12000 rw-p 00000000 00:00 0 
7b1f63a13000-7b1f63a1a000 r--p 00000000 08:30 88803                      /usr/lib/jvm/java-21-openjdk-amd64/lib/libnio.so
7b1f63a1a000-7b1f63a23000 r-xp 00007000 08:30 88803                      /usr/lib/jvm/java-21-openjdk-amd64/lib/libnio.so
7b1f63a23000-7b1f63a27000 r--p 00010000 08:30 88803                      /usr/lib/jvm/java-21-openjdk-amd64/lib/libnio.so
7b1f63a27000-7b1f63a28000 r--p 00014000 08:30 88803                      /usr/lib/jvm/java-21-openjdk-amd64/lib/libnio.so
7b1f63a28000-7b1f63a29000 rw-p 00015000 08:30 88803                      /usr/lib/jvm/java-21-openjdk-amd64/lib/libnio.so
7b1f63a29000-7b1f63a2a000 r--p 00000000 08:30 2604                       /usr/lib/locale/C.utf8/LC_NUMERIC
7b1f63a2a000-7b1f63a2b000 r--p 00000000 08:30 2607                       /usr/lib/locale/C.utf8/LC_TIME
7b1f63a2b000-7b1f63a2c000 r--p 00000000 08:30 2596                       /usr/lib/locale/C.utf8/LC_COLLATE
7b1f63a2c000-7b1f63a2d000 r--p 00000000 08:30 2602                       /usr/lib/locale/C.utf8/LC_MONETARY
7b1f63a2d000-7b1f63a2e000 r--p 00000000 08:30 2601                       /usr/lib/locale/C.utf8/LC_MESSAGES/SYS_LC_MESSAGES
7b1f63a2e000-7b1f63a2f000 r--p 00000000 08:30 2605                       /usr/lib/locale/C.utf8/LC_PAPER
7b1f63a2f000-7b1f63a30000 r--p 00000000 08:30 2603                       /usr/lib/locale/C.utf8/LC_NAME
7b1f63a30000-7b1f63a31000 r--p 00000000 08:30 2595                       /usr/lib/locale/C.utf8/LC_ADDRESS
7b1f63a31000-7b1f63a32000 r--p 00000000 08:30 2606                       /usr/lib/locale/C.utf8/LC_TELEPHONE
7b1f63a32000-7b1f63a33000 r--p 00000000 08:30 2599                       /usr/lib/locale/C.utf8/LC_MEASUREMENT
7b1f63a33000-7b1f63a38000 rw-p 00000000 00:00 0 
7b1f63a38000-7b1f63a42000 ---p 00000000 00:00 0 
7b1f63a42000-7b1f63a4f000 r--p 00000000 08:30 88788                      /usr/lib/jvm/java-21-openjdk-amd64/lib/libjava.so
7b1f63a4f000-7b1f63a5e000 r-xp 0000d000 08:30 88788                      /usr/lib/jvm/java-21-openjdk-amd64/lib/libjava.so
7b1f63a5e000-7b1f63a63000 r--p 0001c000 08:30 88788                      /usr/lib/jvm/java-21-openjdk-amd64/lib/libjava.so
7b1f63a63000-7b1f63a64000 r--p 00021000 08:30 88788                      /usr/lib/jvm/java-21-openjdk-amd64/lib/libjava.so
7b1f63a64000-7b1f63a65000 rw-p 00022000 08:30 88788                      /usr/lib/jvm/java-21-openjdk-amd64/lib/libjava.so
7b1f63a65000-7b1f63a66000 rw-p 00000000 00:00 0 
7b1f63a66000-7b1f63a6e000 rw-s 00000000 08:30 462505                     /tmp/hsperfdata_hyuntae-choi/108374 (deleted)
7b1f63a6e000-7b1f63bbf000 rw-p 00000000 00:00 0 
7b1f63bbf000-7b1f63bc5000 r--p 00000000 08:30 86477                      /usr/lib/x86_64-linux-gnu/libtbbmalloc.so.2.11
7b1f63bc5000-7b1f63bd7000 r-xp 00006000 08:30 86477                      /usr/lib/x86_64-linux-gnu/libtbbmalloc.so.2.11
7b1f63bd7000-7b1f63bdc000 r--p 00018000 08:30 86477                      /usr/lib/x86_64-linux-gnu/libtbbmalloc.so.2.11
7b1f63bdc000-7b1f63bdd000 r--p 0001c000 08:30 86477                      /usr/lib/x86_64-linux-gnu/libtbbmalloc.so.2.11
7b1f63bdd000-7b1f63bdf000 rw-p 0001d000 08:30 86477                      /usr/lib/x86_64-linux-gnu/libtbbmalloc.so.2.11
7b1f63bdf000-7b1f63c00000 rw-p 00000000 00:00 0 
7b1f63c00000-7b1f63c9d000 r--p 00000000 08:30 13036                      /usr/lib/x86_64-linux-gnu/libstdc++.so.6.0.33
7b1f63c9d000-7b1f63de5000 r-xp 0009d000 08:30 13036                      /usr/lib/x86_64-linux-gnu/libstdc++.so.6.0.33
7b1f63de5000-7b1f63e6c000 r--p 001e5000 08:30 13036                      /usr/lib/x86_64-linux-gnu/libstdc++.so.6.0.33
7b1f63e6c000-7b1f63e77000 r--p 0026b000 08:30 13036                      /usr/lib/x86_64-linux-gnu/libstdc++.so.6.0.33
7b1f63e77000-7b1f63e7a000 rw-p 00276000 08:30 13036                      /usr/lib/x86_64-linux-gnu/libstdc++.so.6.0.33
7b1f63e7a000-7b1f63e7e000 rw-p 00000000 00:00 0 
7b1f63e7e000-7b1f63e85000 r--s 00000000 08:30 12431                      /usr/lib/x86_64-linux-gnu/gconv/gconv-modules.cache
7b1f63e85000-7b1f63e8a000 rw-p 00000000 00:00 0 
7b1f63e8a000-7b1f63e8e000 r--p 00000000 08:30 12817                      /usr/lib/x86_64-linux-gnu/libgcc_s.so.1
7b1f63e8e000-7b1f63eb2000 r-xp 00004000 08:30 12817                      /usr/lib/x86_64-linux-gnu/libgcc_s.so.1
7b1f63eb2000-7b1f63eb6000 r--p 00028000 08:30 12817                      /usr/lib/x86_64-linux-gnu/libgcc_s.so.1
7b1f63eb6000-7b1f63eb7000 r--p 0002b000 08:30 12817                      /usr/lib/x86_64-linux-gnu/libgcc_s.so.1
7b1f63eb7000-7b1f63eb8000 rw-p 0002c000 08:30 12817                      /usr/lib/x86_64-linux-gnu/libgcc_s.so.1
7b1f63eb8000-7b1f63ec8000 r--p 00000000 08:30 12921                      /usr/lib/x86_64-linux-gnu/libm.so.6
7b1f63ec8000-7b1f63f47000 r-xp 00010000 08:30 12921                      /usr/lib/x86_64-linux-gnu/libm.so.6
7b1f63f47000-7b1f63f9f000 r--p 0008f000 08:30 12921                      /usr/lib/x86_64-linux-gnu/libm.so.6
7b1f63f9f000-7b1f63fa0000 r--p 000e7000 08:30 12921                      /usr/lib/x86_64-linux-gnu/libm.so.6
7b1f63fa0000-7b1f63fa1000 rw-p 000e8000 08:30 12921                      /usr/lib/x86_64-linux-gnu/libm.so.6
7b1f63fa1000-7b1f63fad000 r--p 00000000 08:30 86505                      /usr/lib/x86_64-linux-gnu/libtbb.so.12.11
7b1f63fad000-7b1f63fd0000 r-xp 0000c000 08:30 86505                      /usr/lib/x86_64-linux-gnu/libtbb.so.12.11
7b1f63fd0000-7b1f63fda000 r--p 0002f000 08:30 86505                      /usr/lib/x86_64-linux-gnu/libtbb.so.12.11
7b1f63fda000-7b1f63fdc000 r--p 00039000 08:30 86505                      /usr/lib/x86_64-linux-gnu/libtbb.so.12.11
7b1f63fdc000-7b1f63fdf000 rw-p 0003b000 08:30 86505                      /usr/lib/x86_64-linux-gnu/libtbb.so.12.11
7b1f63fdf000-7b1f63ff5000 rw-p 00000000 00:00 0 
7b1f63ff5000-7b1f63ff6000 r--p 00000000 08:30 2598                       /usr/lib/locale/C.utf8/LC_IDENTIFICATION
7b1f63ff6000-7b1f63ff7000 ---p 00000000 00:00 0 
7b1f63ff7000-7b1f63ff8000 r--p 00000000 00:00 0 
7b1f63ff8000-7b1f63ffa000 r--p 00000000 08:30 88791                      /usr/lib/jvm/java-21-openjdk-amd64/lib/libjimage.so
7b1f63ffa000-7b1f63ffd000 r-xp 00002000 08:30 88791                      /usr/lib/jvm/java-21-openjdk-amd64/lib/libjimage.so
7b1f63ffd000-7b1f63ffe000 r--p 00005000 08:30 88791                      /usr/lib/jvm/java-21-openjdk-amd64/lib/libjimage.so
7b1f63ffe000-7b1f63fff000 r--p 00006000 08:30 88791                      /usr/lib/jvm/java-21-openjdk-amd64/lib/libjimage.so
7b1f63fff000-7b1f64000000 rw-p 00007000 08:30 88791                      /usr/lib/jvm/java-21-openjdk-amd64/lib/libjimage.so
7b1f64000000-7b1f642a1000 r--p 00000000 08:30 88817                      /usr/lib/jvm/java-21-openjdk-amd64/lib/server/libjvm.so
7b1f642a1000-7b1f6510d000 r-xp 002a1000 08:30 88817                      /usr/lib/jvm/java-21-openjdk-amd64/lib/server/libjvm.so
7b1f6510d000-7b1f653e5000 r--p 0110d000 08:30 88817                      /usr/lib/jvm/java-21-openjdk-amd64/lib/server/libjvm.so
7b1f653e5000-7b1f654b8000 r--p 013e5000 08:30 88817                      /usr/lib/jvm/java-21-openjdk-amd64/lib/server/libjvm.so
7b1f654b8000-7b1f654e8000 rw-p 014b8000 08:30 88817                      /usr/lib/jvm/java-21-openjdk-amd64/lib/server/libjvm.so
7b1f654e8000-7b1f6554e000 rw-p 00000000 00:00 0 
7b1f6554e000-7b1f6554f000 ---p 00000000 00:00 0 
7b1f6554f000-7b1f65551000 rw-p 00000000 00:00 0 
7b1f65551000-7b1f65552000 r--p 00000000 08:30 86478                      /usr/lib/x86_64-linux-gnu/libtbbmalloc_proxy.so.2.11
7b1f65552000-7b1f65553000 r-xp 00001000 08:30 86478                      /usr/lib/x86_64-linux-gnu/libtbbmalloc_proxy.so.2.11
7b1f65553000-7b1f65554000 r--p 00002000 08:30 86478                      /usr/lib/x86_64-linux-gnu/libtbbmalloc_proxy.so.2.11
7b1f65554000-7b1f65555000 r--p 00002000 08:30 86478                      /usr/lib/x86_64-linux-gnu/libtbbmalloc_proxy.so.2.11
7b1f65555000-7b1f65556000 rw-p 00003000 08:30 86478                      /usr/lib/x86_64-linux-gnu/libtbbmalloc_proxy.so.2.11
7b1f65556000-7b1f65558000 rw-p 00000000 00:00 0 
7b1f65558000-7b1f65559000 r--p 00000000 08:30 12512                      /usr/lib/x86_64-linux-gnu/ld-linux-x86-64.so.2
7b1f65559000-7b1f65584000 r-xp 00001000 08:30 12512                      /usr/lib/x86_64-linux-gnu/ld-linux-x86-64.so.2
7b1f65584000-7b1f6558e000 r--p 0002c000 08:30 12512                      /usr/lib/x86_64-linux-gnu/ld-linux-x86-64.so.2
7b1f6558e000-7b1f65590000 r--p 00036000 08:30 12512                      /usr/lib/x86_64-linux-gnu/ld-linux-x86-64.so.2
7b1f65590000-7b1f65592000 rw-p 00038000 08:30 12512                      /usr/lib/x86_64-linux-gnu/ld-linux-x86-64.so.2
7ffc7d03d000-7ffc7d041000 ---p 00000000 00:00 0 
7ffc7d041000-7ffc7d13d000 rw-p 00000000 00:00 0                          [stack]
7ffc7d143000-7ffc7d147000 r--p 00000000 00:00 0                          [vvar]
7ffc7d147000-7ffc7d149000 r-xp 00000000 00:00 0                          [vdso]
Total number of mappings: 228


VM Arguments:
jvm_args: -Djava.system.class.loader=WildcardExpandingClassLoader 
java_command: <unknown>
java_class_path (initial): XMLDBDriver.jar:/home/hyuntae-choi/gcam-core/libs/jars/*:../output/modelinterface/ModelInterface.jar
Launcher Type: generic

[Global flags]
     intx CICompilerCount                          = 12                                        {product} {ergonomic}
     uint ConcGCThreads                            = 4                                         {product} {ergonomic}
     uint G1ConcRefinementThreads                  = 15                                        {product} {ergonomic}
   size_t G1HeapRegionSize                         = 2097152                                   {product} {ergonomic}
    uintx GCDrainStackTargetSize                   = 64                                        {product} {ergonomic}
   size_t InitialHeapSize                          = 260046848                                 {product} {ergonomic}
   size_t MarkStackSize                            = 4194304                                   {product} {ergonomic}
   size_t MaxHeapSize                              = 4154458112                                {product} {ergonomic}
   size_t MaxNewSize                               = 2491416576                                {product} {ergonomic}
   size_t MinHeapDeltaBytes                        = 2097152                                   {product} {ergonomic}
   size_t MinHeapSize                              = 8388608                                   {product} {ergonomic}
    uintx NonNMethodCodeHeapSize                   = 7602480                                {pd product} {ergonomic}
    uintx NonProfiledCodeHeapSize                  = 122027880                              {pd product} {ergonomic}
    uintx ProfiledCodeHeapSize                     = 122027880                              {pd product} {ergonomic}
    uintx ReservedCodeCacheSize                    = 251658240                              {pd product} {ergonomic}
     bool SegmentedCodeCache                       = true                                      {product} {ergonomic}
   size_t SoftMaxHeapSize                          = 4154458112                             {manageable} {ergonomic}
     bool UseCompressedOops                        = true                           {product lp64_product} {ergonomic}
     bool UseG1GC                                  = true                                      {product} {ergonomic}

Logging:
Log output configuration:
 #0: 
[error occurred during error reporting (printing log configuration), id 0xb, SIGSEGV (0xb) at pc=0x00007b1f64b900d6]
Environment Variables:
PATH=/home/hyuntae-choi/anaconda3/bin:/home/hyuntae-choi/anaconda3/condabin:/usr/local/sbin:/usr/local/bin:/usr/sbin:/usr/bin:/sbin:/bin:/usr/games:/usr/local/games:/usr/lib/wsl/lib:/mnt/c/Windows/system32:/mnt/c/Windows:/mnt/c/Windows/System32/Wbem:/mnt/c/Windows/System32/WindowsPowerShell/v1.0:/mnt/c/Windows/System32/OpenSSH:/mnt/c/Program Files (x86)/NVIDIA Corporation/PhysX/Common:/mnt/c/Program Files/NVIDIA Corporation/NVIDIA NvDLISR:/mnt/c/WINDOWS/system32:/mnt/c/WINDOWS:/mnt/c/WINDOWS/System32/Wbem:/mnt/c/WINDOWS/System32/WindowsPowerShell/v1.0:/mnt/c/WINDOWS/System32/OpenSSH:/mnt/c/Program Files/Git/cmd:/mnt/c/Users/HyuntaeChoi/AppData/Local/Microsoft/WindowsApps:/mnt/c/Users/HyuntaeChoi/AppData/Local/Programs/Microsoft VS Code/bin:/snap/bin
SHELL=/bin/bash
DISPLAY=:0
HOSTTYPE=x86_64
LANG=C.UTF-8
TERM=xterm-256color

Active Locale:
LC_ALL=C.UTF-8
LC_COLLATE=C.UTF-8
LC_CTYPE=C.UTF-8
LC_MESSAGES=C.UTF-8
LC_MONETARY=C.UTF-8
LC_NUMERIC=C.UTF-8
LC_TIME=C.UTF-8

Signal Handlers:
   SIGSEGV: crash_handler in libjvm.so, mask=11100100010111111101111111111110, flags=SA_RESTART|SA_SIGINFO, unblocked
    SIGBUS: crash_handler in libjvm.so, mask=11100100010111111101111111111110, flags=SA_RESTART|SA_SIGINFO, unblocked
    SIGFPE: crash_handler in libjvm.so, mask=11100100010111111101111111111110, flags=SA_RESTART|SA_SIGINFO, unblocked
   SIGPIPE: javaSignalHandler in libjvm.so, mask=11100100010111111101111111111110, flags=SA_RESTART|SA_SIGINFO, blocked
   SIGXFSZ: javaSignalHandler in libjvm.so, mask=11100100010111111101111111111110, flags=SA_RESTART|SA_SIGINFO, blocked
    SIGILL: crash_handler in libjvm.so, mask=11100100010111111101111111111110, flags=SA_RESTART|SA_SIGINFO, unblocked
   SIGUSR2: SR_handler in libjvm.so, mask=00000000000000000000000000000000, flags=SA_RESTART|SA_SIGINFO, blocked
    SIGHUP: UserHandler in libjvm.so, mask=11100100010111111101111111111110, flags=SA_RESTART|SA_SIGINFO, blocked
    SIGINT: UserHandler in libjvm.so, mask=11100100010111111101111111111110, flags=SA_RESTART|SA_SIGINFO, blocked
   SIGTERM: UserHandler in libjvm.so, mask=11100100010111111101111111111110, flags=SA_RESTART|SA_SIGINFO, blocked
   SIGQUIT: UserHandler in libjvm.so, mask=11100100010111111101111111111110, flags=SA_RESTART|SA_SIGINFO, blocked
   SIGTRAP: crash_handler in libjvm.so, mask=11100100010111111101111111111110, flags=SA_RESTART|SA_SIGINFO, unblocked


Periodic native trim disabled

---------------  S Y S T E M  ---------------

OS:
DISTRIB_ID=Ubuntu
DISTRIB_RELEASE=24.04
DISTRIB_CODENAME=noble
DISTRIB_DESCRIPTION="Ubuntu 24.04.2 LTS"
uname: Linux 6.6.87.1-microsoft-standard-WSL2 #1 SMP PREEMPT_DYNAMIC Mon Apr 21 17:08:54 UTC 2025 x86_64
OS uptime: 0 days 8:20 hours
libc: glibc 2.39 NPTL 2.39 
rlimit (soft/hard): STACK 8192k/infinity , CORE 0k/infinity , NPROC 63341/63341 , NOFILE 1048576/1048576 , AS infinity/infinity , CPU infinity/infinity , DATA infinity/infinity , FSIZE infinity/infinity , MEMLOCK 65536k/65536k
load average: 0.63 2.36 4.31

/proc/meminfo:
MemTotal:       16225468 kB
MemFree:         5003800 kB
MemAvailable:    7907384 kB
Buffers:           35300 kB
Cached:          3024060 kB
SwapCached:        65996 kB
Active:          3704360 kB
Inactive:        6959824 kB
Active(anon):    1336820 kB
Inactive(anon):  6269936 kB
Active(file):    2367540 kB
Inactive(file):   689888 kB
Unevictable:           0 kB
Mlocked:               0 kB
SwapTotal:       4194304 kB
SwapFree:        2002236 kB
Dirty:              3944 kB
Writeback:             0 kB
AnonPages:       7536740 kB
Mapped:           102252 kB
Shmem:              1600 kB
KReclaimable:      65528 kB
Slab:             168036 kB
SReclaimable:      65528 kB
SUnreclaim:       102508 kB
KernelStack:        9872 kB
PageTables:        94404 kB
SecPageTables:         0 kB
NFS_Unstable:          0 kB
Bounce:                0 kB
WritebackTmp:          0 kB
CommitLimit:    12307036 kB
Committed_AS:   10067188 kB
VmallocTotal:   34359738367 kB
VmallocUsed:       35880 kB
VmallocChunk:          0 kB
Percpu:            10368 kB
HardwareCorrupted:     0 kB
AnonHugePages:         0 kB
ShmemHugePages:        0 kB
ShmemPmdMapped:        0 kB
FileHugePages:         0 kB
FilePmdMapped:         0 kB
Unaccepted:            0 kB
HugePages_Total:       0
HugePages_Free:        0
HugePages_Rsvd:        0
HugePages_Surp:        0
Hugepagesize:       2048 kB
Hugetlb:               0 kB
DirectMap4k:      107520 kB
DirectMap2M:     7079936 kB
DirectMap1G:    17825792 kB

/sys/kernel/mm/transparent_hugepage/enabled: always [madvise] never
/sys/kernel/mm/transparent_hugepage/hpage_pmd_size: 2097152
/sys/kernel/mm/transparent_hugepage/defrag (defrag/compaction efforts parameter): always defer defer+madvise [madvise] never

Process Memory:
Virtual Size: 10409088K (peak: 12750604K)
Resident Set Size: 4602552K (peak: 6855356K) (anon: 4574600K, file: 27952K, shmem: 0K)
Swapped out: 0K
C-Heap outstanding allocations: 0K, retained: 0K
glibc malloc tunables: (default)

/proc/sys/kernel/threads-max (system-wide limit on the number of threads): 126683
/proc/sys/vm/max_map_count (maximum number of memory map areas a process may have): 1048576
/proc/sys/vm/swappiness (control to define how aggressively the kernel swaps out anonymous memory): 60
/proc/sys/kernel/pid_max (system-wide limit on number of process identifiers): 4194304

container (cgroup) information:
container_type: cgroupv2
cpu_cpuset_cpus: not supported
cpu_memory_nodes: not supported
active_processor_count: 20
cpu_quota: no quota
cpu_period: 100000
cpu_shares: no shares
memory_limit_in_bytes: unlimited
memory_and_swap_limit_in_bytes: unlimited
memory_soft_limit_in_bytes: unlimited
memory_usage_in_bytes: 10709240 k
memory_max_usage_in_bytes: not supported
memory_swap_current_in_bytes: 2155640 k
memory_swap_max_limit_in_bytes: unlimited
maximum number of tasks: 19002
current number of tasks: 298

Hyper-V virtualization detected
Steal ticks since vm start: 0
Steal ticks percentage since vm start:  0.000

CPU: total 20 (initial active 20) (16 cores per cpu, 2 threads per core) family 6 model 154 stepping 3 microcode 0xffffffff, cx8, cmov, fxsr, ht, mmx, 3dnowpref, sse, sse2, sse3, ssse3, sse4.1, sse4.2, popcnt, lzcnt, tsc, tscinvbit, avx, avx2, aes, erms, clmul, bmi1, bmi2, adx, sha, fma, vzeroupper, clflush, clflushopt, clwb, hv, serialize, rdtscp, rdpid, fsrm, f16c, cet_ibt, cet_ss
CPU Model and flags from /proc/cpuinfo:
model name	: 12th Gen Intel(R) Core(TM) i7-12700H
flags		: fpu vme de pse tsc msr pae mce cx8 apic sep mtrr pge mca cmov pat pse36 clflush mmx fxsr sse sse2 ss ht syscall nx pdpe1gb rdtscp lm constant_tsc rep_good nopl xtopology tsc_reliable nonstop_tsc cpuid tsc_known_freq pni pclmulqdq vmx ssse3 fma cx16 pcid sse4_1 sse4_2 x2apic movbe popcnt tsc_deadline_timer aes xsave avx f16c rdrand hypervisor lahf_lm abm 3dnowprefetch ssbd ibrs ibpb stibp ibrs_enhanced tpr_shadow ept vpid ept_ad fsgsbase tsc_adjust bmi1 avx2 smep bmi2 erms invpcid rdseed adx smap clflushopt clwb sha_ni xsaveopt xsavec xgetbv1 xsaves avx_vnni vnmi umip waitpkg gfni vaes vpclmulqdq rdpid movdiri movdir64b fsrm md_clear serialize flush_l1d arch_capabilities

Online cpus: 0-19
Offline cpus: 
BIOS frequency limitation: <Not Available>
Frequency switch latency (ns): <Not Available>
Available cpu frequencies: <Not Available>
Current governor: <Not Available>
Core performance/turbo boost: <Not Available>

Memory: 4k page, physical 16225468k(7963112k free), swap 4194304k(2002236k free)
Page Sizes: 4k

vm_info: OpenJDK 64-Bit Server VM (21.0.7+6-Ubuntu-0ubuntu124.04) for linux-amd64 JRE (21.0.7+6-Ubuntu-0ubuntu124.04), built on 2025-04-17T05:57:30Z by "buildd" with gcc 13.3.0

END.
