#
# A fatal error has been detected by the Java Runtime Environment:
#
#  SIGSEGV (0xb) at pc=0x000056c604db3ec1, pid=87024, tid=87024
#
# JRE version: OpenJDK Runtime Environment (21.0.7+6) (build 21.0.7+6-Ubuntu-0ubuntu124.04)
# Java VM: OpenJDK 64-Bit Server VM (21.0.7+6-Ubuntu-0ubuntu124.04, mixed mode, sharing, tiered, compressed oops, compressed class ptrs, g1 gc, linux-amd64)
# Problematic frame:
# C  [gcam.exe+0x3efec1]  objects::AtomRegistry::findAtom(std::__cxx11::basic_string<char, std::char_traits<char>, std::allocator<char> > const&) const+0xf1
#
# Core dump will be written. Default location: Core dumps may be processed with "/wsl-capture-crash %t %E %p %s" (or dumping to /home/hyuntae-choi/gcam-core/exe/core.87024)
#
# If you would like to submit a bug report, please visit:
#   https://bugs.launchpad.net/ubuntu/+source/openjdk-21
# The crash happened outside the Java Virtual Machine in native code.
# See problematic frame for where to report the bug.
#

---------------  S U M M A R Y ------------

Command Line: -Djava.system.class.loader=WildcardExpandingClassLoader 

Host: 12th Gen Intel(R) Core(TM) i7-12700H, 20 cores, 15G, Ubuntu 24.04.2 LTS
Time: Thu Jul 17 15:35:01 2025 KST elapsed time: 20.766476 seconds (0d 0h 0m 20s)

---------------  T H R E A D  ---------------

Current thread (0x0000705ee52a0f00):  JavaThread "main"      [_thread_in_native, id=87024, stack(0x00007ffcba1ef000,0x00007ffcba2ef000) (1024K)]

Stack: [0x00007ffcba1ef000,0x00007ffcba2ef000],  sp=0x00007ffcba2ebf30,  free space=1011k
Native frames: (J=compiled Java code, j=interpreted, Vv=VM code, C=native code)
C  [gcam.exe+0x3efec1]  objects::AtomRegistry::findAtom(std::__cxx11::basic_string<char, std::char_traits<char>, std::allocator<char> > const&) const+0xf1

siginfo: si_signo: 11 (SIGSEGV), si_code: 128 (SI_KERNEL), si_addr: 0x0000000000000000

Registers:
RAX=0x019be314e5b05a33, RBX=0x40bc580000000009, RCX=0xdf442d22ce4859b9, RDX=0x0000705d63345950
RSP=0x00007ffcba2ebf30, RBP=0x000000000000000c, RSI=0x87eda3030300a6e3, RDI=0x9d8453ba7aa80ef1
R8 =0x0000705e52b3e2e8, R9 =0x9e3779b97f4a7c15, R10=0x26251cbc824b22f8, R11=0x0000705d63344e80
R12=0x0000705e52b3e2e0, R13=0x0000705e52b3e250, R14=0x0000705ce65fd260, R15=0x0000000000000801
RIP=0x000056c604db3ec1, EFLAGS=0x0000000000010206, CSGSFS=0x002b000000000033, ERR=0x0000000000000000
  TRAPNO=0x000000000000000d

XMM[0]=0x000056c605001200 0x000056c605001120
XMM[1]=0x0000000000000000 0x000056c605001200
XMM[2]=0x0000705d68bc4c80 0x0000705d8ee86530
XMM[3]=0x0000000000000000 0x0000000000000000
XMM[4]=0x0000000000000000 0xbff0000000000000
XMM[5]=0x0000000000000000 0xbff0000000000000
XMM[6]=0x000056c604f2f357 0x000056c604ff2508
XMM[7]=0x000056c604f2f368 0x000056c604ff2528
XMM[8]=0x000056c604f2f37a 0x000056c604ff2548
XMM[9]=0x000056c604f2fda3 0x000056c604ff2090
XMM[10]=0x000056c604f2e7eb 0x000056c604ff21f0
XMM[11]=0x000056c604f2f780 0x000056c604ff1430
XMM[12]=0x0000000000000000 0x0000000000000000
XMM[13]=0x0000000000000000 0x3fd46d2f83a54c5c
XMM[14]=0x0000000000000000 0x3fbc64b6acada187
XMM[15]=0x0000000000000000 0x3f40a381dd3b6800
  MXCSR=0x00001fb7


Register to memory mapping:

RAX=0x019be314e5b05a33 is an unknown value
RBX=0x40bc580000000009 is an unknown value
RCX=0xdf442d22ce4859b9 is an unknown value
RDX=0x0000705d63345950 points into unknown readable memory: 0x40bc580000000009 | 09 00 00 00 00 58 bc 40
RSP=0x00007ffcba2ebf30 is pointing into the stack for thread: 0x0000705ee52a0f00
RBP=0x000000000000000c is an unknown value
RSI=0x87eda3030300a6e3 is an unknown value
RDI=0x9d8453ba7aa80ef1 is an unknown value
R8 =0x0000705e52b3e2e8 points into unknown readable memory: 0x000000005a4e5f61 | 61 5f 4e 5a 00 00 00 00
R9 =0x9e3779b97f4a7c15 is an unknown value
R10=0x26251cbc824b22f8 is an unknown value
R11=0x0000705d63344e80 points into unknown readable memory: 0x0000705d63345390 | 90 53 34 63 5d 70 00 00
R12=0x0000705e52b3e2e0 points into unknown readable memory: 0x696c617274737541 | 41 75 73 74 72 61 6c 69
R13=0x0000705e52b3e250 points into unknown readable memory: 0x0000705e52b3e260 | 60 e2 b3 52 5e 70 00 00
R14=0x0000705ce65fd260 points into unknown readable memory: 0x000056c604ff4468 | 68 44 ff 04 c6 56 00 00
R15=0x0000000000000801 is an unknown value

Top of Stack: (sp=0x00007ffcba2ebf30)
0x00007ffcba2ebf30:   0000705e7eb54d00 0000705ce65fd260
0x00007ffcba2ebf40:   0000705e52b3e2d0 0000705ce65fd260
0x00007ffcba2ebf50:   0000000000000801 000056c604c94b52
0x00007ffcba2ebf60:   0000000000000851 e8a550891cb2fd00
0x00007ffcba2ebf70:   0000705e7eb54d00 0000000000000851
0x00007ffcba2ebf80:   0000705e52b3e2d0 000056c604ca811d
0x00007ffcba2ebf90:   0000000000000000 0000705ce65fd260
0x00007ffcba2ebfa0:   0000705ce65fd260 e8a550891cb2fd00
0x00007ffcba2ebfb0:   000056c604a92800 0000705e52b3e2d0
0x00007ffcba2ebfc0:   0000705d6a4f3270 0000705e52b3e240
0x00007ffcba2ebfd0:   000056c605019ae0 0000705e7eb54d00
0x00007ffcba2ebfe0:   00007ffcba2ec0f0 000056c604b03c64
0x00007ffcba2ebff0:   0000705e52b3e2d0 0000705e52b3e250
0x00007ffcba2ec000:   0000705e7eb54d00 000000000000000a
0x00007ffcba2ec010:   6e752d6563697270 0000000000007469
0x00007ffcba2ec020:   00007ffcba2ec0e0 e8a550891cb2fd00
0x00007ffcba2ec030:   000000000000000c 0000705e52b3e240
0x00007ffcba2ec040:   0000705dee786480 e8a550891cb2fd00
0x00007ffcba2ec050:   0000705e52b3e240 0000000000000000
0x00007ffcba2ec060:   0000705d6a4f3270 00007ffcba2ec0e0
0x00007ffcba2ec070:   0000705e52b3e240 00007ffcba2ec1a0
0x00007ffcba2ec080:   00007ffcba2ec0f0 000056c604b03fbf
0x00007ffcba2ec090:   00000000ba2ec0e0 3f4d7dbf487fcb92
0x00007ffcba2ec0a0:   0000000000000000 0000705ee5968670
0x00007ffcba2ec0b0:   0000705e7eb54d00 e8a550891cb2fd00
0x00007ffcba2ec0c0:   0000705e52b3e490 0000705ee5968670
0x00007ffcba2ec0d0:   0000705e52b3e2d0 e8a550891cb2fd00
0x00007ffcba2ec0e0:   00007ffcba2ec1a0 0000705e55ba0f80
0x00007ffcba2ec0f0:   0000705e52b3e2d0 0000705e52b3e250
0x00007ffcba2ec100:   00007ffcba2ec1a0 e8a550891cb2fd00
0x00007ffcba2ec110:   0000705e52b3e240 0000705e7ea5bd00
0x00007ffcba2ec120:   0000705e7ea5bd18 0000705dec516fe0 

Instructions: (pc=0x000056c604db3ec1)
0x000056c604db3dc1:   0f 1e fa 48 89 c3 e9 ca ee c6 ff 0f 1f 40 00 f3
0x000056c604db3dd1:   0f 1e fa 41 57 41 56 41 54 55 53 48 8b 6e 08 4c
0x000056c604db3de1:   8b 5f 08 4c 8b 26 48 be ce 2a b6 83 49 29 b6 e9
0x000056c604db3df1:   48 89 ef 48 31 f7 48 83 fd 07 0f 86 47 01 00 00
0x000056c604db3e01:   4c 8d 55 f8 4c 89 e1 49 b9 15 7c 4a 7f b9 79 37
0x000056c604db3e11:   9e 48 bb b9 59 48 ce 22 2d 44 df 49 c1 ea 03 4f
0x000056c604db3e21:   8d 44 d4 08 0f 1f 00 48 8b 01 4c 01 ce 48 83 c1
0x000056c604db3e31:   08 48 01 f0 48 f7 e3 48 31 c2 48 31 d7 4c 39 c1
0x000056c604db3e41:   75 e5 4d 0f af d1 48 89 e9 48 b8 f8 22 4b 82 bc
0x000056c604db3e51:   1c 25 26 83 e1 07 49 01 c2 48 83 f9 03 0f 86 9c
0x000056c604db3e61:   00 00 00 41 8b 44 08 fc 41 8b 10 48 8d 0c cd e0
0x000056c604db3e71:   ff ff ff 48 d3 e0 48 09 d0 4c 01 d0 48 b9 b9 59
0x000056c604db3e81:   48 ce 22 2d 44 df 48 f7 e1 48 31 c7 48 31 d7 4c
0x000056c604db3e91:   01 d7 48 89 f8 48 f7 e1 48 31 d0 31 d2 49 f7 73
0x000056c604db3ea1:   18 48 c1 e2 04 49 03 13 48 8b 1a 48 85 db 75 10
0x000056c604db3eb1:   eb 3d 0f 1f 44 00 00 48 8b 5b 30 48 85 db 74 2f
0x000056c604db3ec1:   48 3b 6b 08 75 f1 48 8b 3b 48 85 ed 74 0f 48 89
0x000056c604db3ed1:   ea 4c 89 e6 e8 06 14 c5 ff 85 c0 75 da 48 8b 43
0x000056c604db3ee1:   20 5b 5d 41 5c 41 5e 41 5f c3 0f 1f 44 00 00 5b
0x000056c604db3ef1:   31 c0 5d 41 5c 41 5e 41 5f c3 0f 1f 44 00 00 4c
0x000056c604db3f01:   89 d0 48 85 c9 0f 84 71 ff ff ff 48 8d 51 ff 48
0x000056c604db3f11:   d1 e9 41 0f b6 04 08 c1 e1 03 83 e2 02 41 0f b6
0x000056c604db3f21:   34 10 48 d3 e0 41 0f b6 08 48 09 c8 48 8d 0c d5
0x000056c604db3f31:   00 00 00 00 48 d3 e6 48 09 f0 4c 01 d0 e9 3a ff
0x000056c604db3f41:   ff ff 0f 1f 44 00 00 49 ba e3 a6 00 03 03 a3 ed
0x000056c604db3f51:   87 48 89 e9 4d 89 e0 e9 fd fe ff ff 90 66 90 f3
0x000056c604db3f61:   0f 1e fa 0f b6 07 c3 0f 1f 84 00 00 00 00 00 f3
0x000056c604db3f71:   0f 1e fa b8 67 00 00 00 c3 66 0f 1f 44 00 00 f3
0x000056c604db3f81:   0f 1e fa 41 57 41 56 41 55 49 89 fd bf 18 00 00
0x000056c604db3f91:   00 41 54 55 48 89 f5 53 48 81 ec b8 00 00 00 64
0x000056c604db3fa1:   48 8b 04 25 28 00 00 00 48 89 84 24 a8 00 00 00
0x000056c604db3fb1:   31 c0 e8 08 14 c5 ff 48 89 c3 4c 8d 60 08 48 89 


Stack slot to memory mapping:

stack at sp + 0 slots: 0x0000705e7eb54d00 points into unknown readable memory: 0x000056c604ff4688 | 88 46 ff 04 c6 56 00 00
stack at sp + 1 slots: 0x0000705ce65fd260 points into unknown readable memory: 0x000056c604ff4468 | 68 44 ff 04 c6 56 00 00
stack at sp + 2 slots: 0x0000705e52b3e2d0 points into unknown readable memory: 0x0000705e52b3e2e0 | e0 e2 b3 52 5e 70 00 00
stack at sp + 3 slots: 0x0000705ce65fd260 points into unknown readable memory: 0x000056c604ff4468 | 68 44 ff 04 c6 56 00 00
stack at sp + 4 slots: 0x0000000000000801 is an unknown value
stack at sp + 5 slots: 0x000056c604c94b52: <offset 0x00000000002d0b52> in ./gcam.exe at 0x000056c6049c4000
stack at sp + 6 slots: 0x0000000000000851 is an unknown value
stack at sp + 7 slots: 0xe8a550891cb2fd00 is an unknown value


---------------  P R O C E S S  ---------------

Threads class SMR info:
_java_thread_list=0x0000705ee5337f60, length=10, elements={
0x0000705ee52a0f00, 0x0000705ee53a9600, 0x0000705ee53a8f00, 0x0000705ee53a8100,
0x0000705ee538b900, 0x0000705ee53c1600, 0x0000705ee53c0b80, 0x0000705ee538b200,
0x0000705ee5388f00, 0x0000705d6c237900
}

Java Threads: ( => current thread )
=>0x0000705ee52a0f00 JavaThread "main"                       [_thread_in_native, id=87024, stack(0x00007ffcba1ef000,0x00007ffcba2ef000) (1024K)]
  0x0000705ee53a9600 JavaThread "Reference Handler"          [_thread_blocked, id=87032, stack(0x0000705ec416f000,0x0000705ec426f000) (1024K)]
  0x0000705ee53a8f00 JavaThread "Finalizer"                  [_thread_blocked, id=87033, stack(0x0000705ec406f000,0x0000705ec416f000) (1024K)]
  0x0000705ee53a8100 JavaThread "Service Thread"             [_thread_blocked, id=87035, stack(0x0000705e7ee00000,0x0000705e7ef00000) (1024K)]
  0x0000705ee538b900 JavaThread "Monitor Deflation Thread"   [_thread_blocked, id=87036, stack(0x0000705e7ed00000,0x0000705e7ee00000) (1024K)]
  0x0000705ee53c1600 JavaThread "C2 CompilerThread0"         [_thread_blocked, id=87037, stack(0x0000705e7ec00000,0x0000705e7ed00000) (1024K)]
  0x0000705ee53c0b80 JavaThread "C1 CompilerThread0"         [_thread_blocked, id=87038, stack(0x0000705e7df00000,0x0000705e7e000000) (1024K)]
  0x0000705ee538b200 JavaThread "Common-Cleaner"             [_thread_blocked, id=87040, stack(0x0000705e7dc2f000,0x0000705e7dd2f000) (1024K)]
  0x0000705ee5388f00 JavaThread "Notification Thread"        [_thread_blocked, id=87041, stack(0x0000705e7db2f000,0x0000705e7dc2f000) (1024K)]
  0x0000705d6c237900 JavaThread "SIGINT handler"             [_thread_blocked, id=87142, stack(0x0000705e7dd2f000,0x0000705e7de2f000) (1024K)]
Total: 10

Other Threads:
  0x0000705ee52a4800 VMThread "VM Thread"                           [id=87031, stack(0x0000705ec4270000,0x0000705ec4370000) (1024K)]
  0x0000705ee52a7000 WorkerThread "GC Thread#0"                     [id=87025, stack(0x0000705ec77a3000,0x0000705ec78a3000) (1024K)]
  0x0000705ee52a6c00 ConcurrentGCThread "G1 Main Marker"            terminated
  0x0000705ee52a6400 WorkerThread "G1 Conc#0"                       [id=87027, stack(0x0000705ec75a1000,0x0000705ec76a1000) (1024K)]
  0x0000705ee5275d00 ConcurrentGCThread "G1 Refine#0"               terminated
  0x0000705ee5275600 ConcurrentGCThread "G1 Service"                terminated
Total: 6

Threads with active compile tasks:
Total: 0

VM state: at safepoint (shutting down)

VM Mutex/Monitor currently owned by a thread:  ([mutex/lock_event])
[0x0000705ee7119cf0] Threads_lock - owner thread: 0x0000705ee52a4800
[0x0000705ee7119bf0] Heap_lock - owner thread: 0x0000705d6c237900

Heap address: 0x0000000708600000, size: 3962 MB, Compressed Oops mode: Zero based, Oop shift amount: 3

CDS archive(s) mapped at: [0x0000705e83000000-0x0000705e83c97000-0x0000705e83c97000), size 13201408, SharedBaseAddress: 0x0000705e83000000, ArchiveRelocationMode: 1.
Compressed class space mapped at: 0x0000705e84000000-0x0000705ec4000000, reserved size: 1073741824
Narrow klass base: 0x0000705e83000000, Narrow klass shift: 0, Narrow klass range: 0x100000000

GC Precious Log:
 CardTable entry size: 512
 Card Set container configuration: InlinePtr #cards 4 size 8 Array Of Cards #cards 16 size 48 Howl #buckets 8 coarsen threshold 3686 Howl Bitmap #cards 512 size 80 coarsen threshold 460 Card regions per heap region 1 cards per card region 4096
 CPUs: 20 total, 20 available
 Memory: 15845M
 Large Page Support: Disabled
 NUMA Support: Disabled
 Compressed Oops: Enabled (Zero based)
 Heap Region Size: 2M
 Heap Min Capacity: 8M
 Heap Initial Capacity: 248M
 Heap Max Capacity: 3962M
 Pre-touch: Disabled
 Parallel Workers: 15
 Concurrent Workers: 4
 Concurrent Refinement Workers: 15
 Periodic GC: Disabled

Heap:
 garbage-first heap   total 256000K, used 3121K [0x0000000708600000, 0x0000000800000000)
  region size 2048K, 2 young (4096K), 0 survivors (0K)
 Metaspace       used 535K, committed 704K, reserved 1114112K
  class space    used 40K, committed 128K, reserved 1048576K

Heap Regions: E=young(eden), S=young(survivor), O=old, HS=humongous(starts), HC=humongous(continues), CS=collection set, F=free, TAMS=top-at-mark-start, PB=parsable bottom
|   0|0x0000000708600000, 0x0000000708600000, 0x0000000708800000|  0%| F|  |TAMS 0x0000000708600000| PB 0x0000000708600000| Untracked 
|   1|0x0000000708800000, 0x0000000708800000, 0x0000000708a00000|  0%| F|  |TAMS 0x0000000708800000| PB 0x0000000708800000| Untracked 
|   2|0x0000000708a00000, 0x0000000708a00000, 0x0000000708c00000|  0%| F|  |TAMS 0x0000000708a00000| PB 0x0000000708a00000| Untracked 
|   3|0x0000000708c00000, 0x0000000708c00000, 0x0000000708e00000|  0%| F|  |TAMS 0x0000000708c00000| PB 0x0000000708c00000| Untracked 
|   4|0x0000000708e00000, 0x0000000708e00000, 0x0000000709000000|  0%| F|  |TAMS 0x0000000708e00000| PB 0x0000000708e00000| Untracked 
|   5|0x0000000709000000, 0x0000000709000000, 0x0000000709200000|  0%| F|  |TAMS 0x0000000709000000| PB 0x0000000709000000| Untracked 
|   6|0x0000000709200000, 0x0000000709200000, 0x0000000709400000|  0%| F|  |TAMS 0x0000000709200000| PB 0x0000000709200000| Untracked 
|   7|0x0000000709400000, 0x0000000709400000, 0x0000000709600000|  0%| F|  |TAMS 0x0000000709400000| PB 0x0000000709400000| Untracked 
|   8|0x0000000709600000, 0x0000000709600000, 0x0000000709800000|  0%| F|  |TAMS 0x0000000709600000| PB 0x0000000709600000| Untracked 
|   9|0x0000000709800000, 0x0000000709800000, 0x0000000709a00000|  0%| F|  |TAMS 0x0000000709800000| PB 0x0000000709800000| Untracked 
|  10|0x0000000709a00000, 0x0000000709a00000, 0x0000000709c00000|  0%| F|  |TAMS 0x0000000709a00000| PB 0x0000000709a00000| Untracked 
|  11|0x0000000709c00000, 0x0000000709c00000, 0x0000000709e00000|  0%| F|  |TAMS 0x0000000709c00000| PB 0x0000000709c00000| Untracked 
|  12|0x0000000709e00000, 0x0000000709e00000, 0x000000070a000000|  0%| F|  |TAMS 0x0000000709e00000| PB 0x0000000709e00000| Untracked 
|  13|0x000000070a000000, 0x000000070a000000, 0x000000070a200000|  0%| F|  |TAMS 0x000000070a000000| PB 0x000000070a000000| Untracked 
|  14|0x000000070a200000, 0x000000070a200000, 0x000000070a400000|  0%| F|  |TAMS 0x000000070a200000| PB 0x000000070a200000| Untracked 
|  15|0x000000070a400000, 0x000000070a400000, 0x000000070a600000|  0%| F|  |TAMS 0x000000070a400000| PB 0x000000070a400000| Untracked 
|  16|0x000000070a600000, 0x000000070a600000, 0x000000070a800000|  0%| F|  |TAMS 0x000000070a600000| PB 0x000000070a600000| Untracked 
|  17|0x000000070a800000, 0x000000070a800000, 0x000000070aa00000|  0%| F|  |TAMS 0x000000070a800000| PB 0x000000070a800000| Untracked 
|  18|0x000000070aa00000, 0x000000070aa00000, 0x000000070ac00000|  0%| F|  |TAMS 0x000000070aa00000| PB 0x000000070aa00000| Untracked 
|  19|0x000000070ac00000, 0x000000070ac00000, 0x000000070ae00000|  0%| F|  |TAMS 0x000000070ac00000| PB 0x000000070ac00000| Untracked 
|  20|0x000000070ae00000, 0x000000070ae00000, 0x000000070b000000|  0%| F|  |TAMS 0x000000070ae00000| PB 0x000000070ae00000| Untracked 
|  21|0x000000070b000000, 0x000000070b000000, 0x000000070b200000|  0%| F|  |TAMS 0x000000070b000000| PB 0x000000070b000000| Untracked 
|  22|0x000000070b200000, 0x000000070b200000, 0x000000070b400000|  0%| F|  |TAMS 0x000000070b200000| PB 0x000000070b200000| Untracked 
|  23|0x000000070b400000, 0x000000070b400000, 0x000000070b600000|  0%| F|  |TAMS 0x000000070b400000| PB 0x000000070b400000| Untracked 
|  24|0x000000070b600000, 0x000000070b600000, 0x000000070b800000|  0%| F|  |TAMS 0x000000070b600000| PB 0x000000070b600000| Untracked 
|  25|0x000000070b800000, 0x000000070b800000, 0x000000070ba00000|  0%| F|  |TAMS 0x000000070b800000| PB 0x000000070b800000| Untracked 
|  26|0x000000070ba00000, 0x000000070ba00000, 0x000000070bc00000|  0%| F|  |TAMS 0x000000070ba00000| PB 0x000000070ba00000| Untracked 
|  27|0x000000070bc00000, 0x000000070bc00000, 0x000000070be00000|  0%| F|  |TAMS 0x000000070bc00000| PB 0x000000070bc00000| Untracked 
|  28|0x000000070be00000, 0x000000070be00000, 0x000000070c000000|  0%| F|  |TAMS 0x000000070be00000| PB 0x000000070be00000| Untracked 
|  29|0x000000070c000000, 0x000000070c000000, 0x000000070c200000|  0%| F|  |TAMS 0x000000070c000000| PB 0x000000070c000000| Untracked 
|  30|0x000000070c200000, 0x000000070c200000, 0x000000070c400000|  0%| F|  |TAMS 0x000000070c200000| PB 0x000000070c200000| Untracked 
|  31|0x000000070c400000, 0x000000070c400000, 0x000000070c600000|  0%| F|  |TAMS 0x000000070c400000| PB 0x000000070c400000| Untracked 
|  32|0x000000070c600000, 0x000000070c600000, 0x000000070c800000|  0%| F|  |TAMS 0x000000070c600000| PB 0x000000070c600000| Untracked 
|  33|0x000000070c800000, 0x000000070c800000, 0x000000070ca00000|  0%| F|  |TAMS 0x000000070c800000| PB 0x000000070c800000| Untracked 
|  34|0x000000070ca00000, 0x000000070ca00000, 0x000000070cc00000|  0%| F|  |TAMS 0x000000070ca00000| PB 0x000000070ca00000| Untracked 
|  35|0x000000070cc00000, 0x000000070cc00000, 0x000000070ce00000|  0%| F|  |TAMS 0x000000070cc00000| PB 0x000000070cc00000| Untracked 
|  36|0x000000070ce00000, 0x000000070ce00000, 0x000000070d000000|  0%| F|  |TAMS 0x000000070ce00000| PB 0x000000070ce00000| Untracked 
|  37|0x000000070d000000, 0x000000070d000000, 0x000000070d200000|  0%| F|  |TAMS 0x000000070d000000| PB 0x000000070d000000| Untracked 
|  38|0x000000070d200000, 0x000000070d200000, 0x000000070d400000|  0%| F|  |TAMS 0x000000070d200000| PB 0x000000070d200000| Untracked 
|  39|0x000000070d400000, 0x000000070d400000, 0x000000070d600000|  0%| F|  |TAMS 0x000000070d400000| PB 0x000000070d400000| Untracked 
|  40|0x000000070d600000, 0x000000070d600000, 0x000000070d800000|  0%| F|  |TAMS 0x000000070d600000| PB 0x000000070d600000| Untracked 
|  41|0x000000070d800000, 0x000000070d800000, 0x000000070da00000|  0%| F|  |TAMS 0x000000070d800000| PB 0x000000070d800000| Untracked 
|  42|0x000000070da00000, 0x000000070da00000, 0x000000070dc00000|  0%| F|  |TAMS 0x000000070da00000| PB 0x000000070da00000| Untracked 
|  43|0x000000070dc00000, 0x000000070dc00000, 0x000000070de00000|  0%| F|  |TAMS 0x000000070dc00000| PB 0x000000070dc00000| Untracked 
|  44|0x000000070de00000, 0x000000070de00000, 0x000000070e000000|  0%| F|  |TAMS 0x000000070de00000| PB 0x000000070de00000| Untracked 
|  45|0x000000070e000000, 0x000000070e000000, 0x000000070e200000|  0%| F|  |TAMS 0x000000070e000000| PB 0x000000070e000000| Untracked 
|  46|0x000000070e200000, 0x000000070e200000, 0x000000070e400000|  0%| F|  |TAMS 0x000000070e200000| PB 0x000000070e200000| Untracked 
|  47|0x000000070e400000, 0x000000070e400000, 0x000000070e600000|  0%| F|  |TAMS 0x000000070e400000| PB 0x000000070e400000| Untracked 
|  48|0x000000070e600000, 0x000000070e600000, 0x000000070e800000|  0%| F|  |TAMS 0x000000070e600000| PB 0x000000070e600000| Untracked 
|  49|0x000000070e800000, 0x000000070e800000, 0x000000070ea00000|  0%| F|  |TAMS 0x000000070e800000| PB 0x000000070e800000| Untracked 
|  50|0x000000070ea00000, 0x000000070ea00000, 0x000000070ec00000|  0%| F|  |TAMS 0x000000070ea00000| PB 0x000000070ea00000| Untracked 
|  51|0x000000070ec00000, 0x000000070ec00000, 0x000000070ee00000|  0%| F|  |TAMS 0x000000070ec00000| PB 0x000000070ec00000| Untracked 
|  52|0x000000070ee00000, 0x000000070ee00000, 0x000000070f000000|  0%| F|  |TAMS 0x000000070ee00000| PB 0x000000070ee00000| Untracked 
|  53|0x000000070f000000, 0x000000070f000000, 0x000000070f200000|  0%| F|  |TAMS 0x000000070f000000| PB 0x000000070f000000| Untracked 
|  54|0x000000070f200000, 0x000000070f200000, 0x000000070f400000|  0%| F|  |TAMS 0x000000070f200000| PB 0x000000070f200000| Untracked 
|  55|0x000000070f400000, 0x000000070f400000, 0x000000070f600000|  0%| F|  |TAMS 0x000000070f400000| PB 0x000000070f400000| Untracked 
|  56|0x000000070f600000, 0x000000070f600000, 0x000000070f800000|  0%| F|  |TAMS 0x000000070f600000| PB 0x000000070f600000| Untracked 
|  57|0x000000070f800000, 0x000000070f800000, 0x000000070fa00000|  0%| F|  |TAMS 0x000000070f800000| PB 0x000000070f800000| Untracked 
|  58|0x000000070fa00000, 0x000000070fa00000, 0x000000070fc00000|  0%| F|  |TAMS 0x000000070fa00000| PB 0x000000070fa00000| Untracked 
|  59|0x000000070fc00000, 0x000000070fc00000, 0x000000070fe00000|  0%| F|  |TAMS 0x000000070fc00000| PB 0x000000070fc00000| Untracked 
|  60|0x000000070fe00000, 0x000000070fe00000, 0x0000000710000000|  0%| F|  |TAMS 0x000000070fe00000| PB 0x000000070fe00000| Untracked 
|  61|0x0000000710000000, 0x0000000710000000, 0x0000000710200000|  0%| F|  |TAMS 0x0000000710000000| PB 0x0000000710000000| Untracked 
|  62|0x0000000710200000, 0x0000000710200000, 0x0000000710400000|  0%| F|  |TAMS 0x0000000710200000| PB 0x0000000710200000| Untracked 
|  63|0x0000000710400000, 0x0000000710400000, 0x0000000710600000|  0%| F|  |TAMS 0x0000000710400000| PB 0x0000000710400000| Untracked 
|  64|0x0000000710600000, 0x0000000710600000, 0x0000000710800000|  0%| F|  |TAMS 0x0000000710600000| PB 0x0000000710600000| Untracked 
|  65|0x0000000710800000, 0x0000000710800000, 0x0000000710a00000|  0%| F|  |TAMS 0x0000000710800000| PB 0x0000000710800000| Untracked 
|  66|0x0000000710a00000, 0x0000000710a00000, 0x0000000710c00000|  0%| F|  |TAMS 0x0000000710a00000| PB 0x0000000710a00000| Untracked 
|  67|0x0000000710c00000, 0x0000000710c00000, 0x0000000710e00000|  0%| F|  |TAMS 0x0000000710c00000| PB 0x0000000710c00000| Untracked 
|  68|0x0000000710e00000, 0x0000000710e00000, 0x0000000711000000|  0%| F|  |TAMS 0x0000000710e00000| PB 0x0000000710e00000| Untracked 
|  69|0x0000000711000000, 0x0000000711000000, 0x0000000711200000|  0%| F|  |TAMS 0x0000000711000000| PB 0x0000000711000000| Untracked 
|  70|0x0000000711200000, 0x0000000711200000, 0x0000000711400000|  0%| F|  |TAMS 0x0000000711200000| PB 0x0000000711200000| Untracked 
|  71|0x0000000711400000, 0x0000000711400000, 0x0000000711600000|  0%| F|  |TAMS 0x0000000711400000| PB 0x0000000711400000| Untracked 
|  72|0x0000000711600000, 0x0000000711600000, 0x0000000711800000|  0%| F|  |TAMS 0x0000000711600000| PB 0x0000000711600000| Untracked 
|  73|0x0000000711800000, 0x0000000711800000, 0x0000000711a00000|  0%| F|  |TAMS 0x0000000711800000| PB 0x0000000711800000| Untracked 
|  74|0x0000000711a00000, 0x0000000711a00000, 0x0000000711c00000|  0%| F|  |TAMS 0x0000000711a00000| PB 0x0000000711a00000| Untracked 
|  75|0x0000000711c00000, 0x0000000711c00000, 0x0000000711e00000|  0%| F|  |TAMS 0x0000000711c00000| PB 0x0000000711c00000| Untracked 
|  76|0x0000000711e00000, 0x0000000711e00000, 0x0000000712000000|  0%| F|  |TAMS 0x0000000711e00000| PB 0x0000000711e00000| Untracked 
|  77|0x0000000712000000, 0x0000000712000000, 0x0000000712200000|  0%| F|  |TAMS 0x0000000712000000| PB 0x0000000712000000| Untracked 
|  78|0x0000000712200000, 0x0000000712200000, 0x0000000712400000|  0%| F|  |TAMS 0x0000000712200000| PB 0x0000000712200000| Untracked 
|  79|0x0000000712400000, 0x0000000712400000, 0x0000000712600000|  0%| F|  |TAMS 0x0000000712400000| PB 0x0000000712400000| Untracked 
|  80|0x0000000712600000, 0x0000000712600000, 0x0000000712800000|  0%| F|  |TAMS 0x0000000712600000| PB 0x0000000712600000| Untracked 
|  81|0x0000000712800000, 0x0000000712800000, 0x0000000712a00000|  0%| F|  |TAMS 0x0000000712800000| PB 0x0000000712800000| Untracked 
|  82|0x0000000712a00000, 0x0000000712a00000, 0x0000000712c00000|  0%| F|  |TAMS 0x0000000712a00000| PB 0x0000000712a00000| Untracked 
|  83|0x0000000712c00000, 0x0000000712c00000, 0x0000000712e00000|  0%| F|  |TAMS 0x0000000712c00000| PB 0x0000000712c00000| Untracked 
|  84|0x0000000712e00000, 0x0000000712e00000, 0x0000000713000000|  0%| F|  |TAMS 0x0000000712e00000| PB 0x0000000712e00000| Untracked 
|  85|0x0000000713000000, 0x0000000713000000, 0x0000000713200000|  0%| F|  |TAMS 0x0000000713000000| PB 0x0000000713000000| Untracked 
|  86|0x0000000713200000, 0x0000000713200000, 0x0000000713400000|  0%| F|  |TAMS 0x0000000713200000| PB 0x0000000713200000| Untracked 
|  87|0x0000000713400000, 0x0000000713400000, 0x0000000713600000|  0%| F|  |TAMS 0x0000000713400000| PB 0x0000000713400000| Untracked 
|  88|0x0000000713600000, 0x0000000713600000, 0x0000000713800000|  0%| F|  |TAMS 0x0000000713600000| PB 0x0000000713600000| Untracked 
|  89|0x0000000713800000, 0x0000000713800000, 0x0000000713a00000|  0%| F|  |TAMS 0x0000000713800000| PB 0x0000000713800000| Untracked 
|  90|0x0000000713a00000, 0x0000000713a00000, 0x0000000713c00000|  0%| F|  |TAMS 0x0000000713a00000| PB 0x0000000713a00000| Untracked 
|  91|0x0000000713c00000, 0x0000000713c00000, 0x0000000713e00000|  0%| F|  |TAMS 0x0000000713c00000| PB 0x0000000713c00000| Untracked 
|  92|0x0000000713e00000, 0x0000000713e00000, 0x0000000714000000|  0%| F|  |TAMS 0x0000000713e00000| PB 0x0000000713e00000| Untracked 
|  93|0x0000000714000000, 0x0000000714000000, 0x0000000714200000|  0%| F|  |TAMS 0x0000000714000000| PB 0x0000000714000000| Untracked 
|  94|0x0000000714200000, 0x0000000714200000, 0x0000000714400000|  0%| F|  |TAMS 0x0000000714200000| PB 0x0000000714200000| Untracked 
|  95|0x0000000714400000, 0x0000000714400000, 0x0000000714600000|  0%| F|  |TAMS 0x0000000714400000| PB 0x0000000714400000| Untracked 
|  96|0x0000000714600000, 0x0000000714600000, 0x0000000714800000|  0%| F|  |TAMS 0x0000000714600000| PB 0x0000000714600000| Untracked 
|  97|0x0000000714800000, 0x0000000714800000, 0x0000000714a00000|  0%| F|  |TAMS 0x0000000714800000| PB 0x0000000714800000| Untracked 
|  98|0x0000000714a00000, 0x0000000714a00000, 0x0000000714c00000|  0%| F|  |TAMS 0x0000000714a00000| PB 0x0000000714a00000| Untracked 
|  99|0x0000000714c00000, 0x0000000714c00000, 0x0000000714e00000|  0%| F|  |TAMS 0x0000000714c00000| PB 0x0000000714c00000| Untracked 
| 100|0x0000000714e00000, 0x0000000714e00000, 0x0000000715000000|  0%| F|  |TAMS 0x0000000714e00000| PB 0x0000000714e00000| Untracked 
| 101|0x0000000715000000, 0x0000000715000000, 0x0000000715200000|  0%| F|  |TAMS 0x0000000715000000| PB 0x0000000715000000| Untracked 
| 102|0x0000000715200000, 0x0000000715200000, 0x0000000715400000|  0%| F|  |TAMS 0x0000000715200000| PB 0x0000000715200000| Untracked 
| 103|0x0000000715400000, 0x0000000715400000, 0x0000000715600000|  0%| F|  |TAMS 0x0000000715400000| PB 0x0000000715400000| Untracked 
| 104|0x0000000715600000, 0x0000000715600000, 0x0000000715800000|  0%| F|  |TAMS 0x0000000715600000| PB 0x0000000715600000| Untracked 
| 105|0x0000000715800000, 0x0000000715800000, 0x0000000715a00000|  0%| F|  |TAMS 0x0000000715800000| PB 0x0000000715800000| Untracked 
| 106|0x0000000715a00000, 0x0000000715a00000, 0x0000000715c00000|  0%| F|  |TAMS 0x0000000715a00000| PB 0x0000000715a00000| Untracked 
| 107|0x0000000715c00000, 0x0000000715c00000, 0x0000000715e00000|  0%| F|  |TAMS 0x0000000715c00000| PB 0x0000000715c00000| Untracked 
| 108|0x0000000715e00000, 0x0000000715e00000, 0x0000000716000000|  0%| F|  |TAMS 0x0000000715e00000| PB 0x0000000715e00000| Untracked 
| 109|0x0000000716000000, 0x0000000716000000, 0x0000000716200000|  0%| F|  |TAMS 0x0000000716000000| PB 0x0000000716000000| Untracked 
| 110|0x0000000716200000, 0x0000000716200000, 0x0000000716400000|  0%| F|  |TAMS 0x0000000716200000| PB 0x0000000716200000| Untracked 
| 111|0x0000000716400000, 0x0000000716400000, 0x0000000716600000|  0%| F|  |TAMS 0x0000000716400000| PB 0x0000000716400000| Untracked 
| 112|0x0000000716600000, 0x0000000716600000, 0x0000000716800000|  0%| F|  |TAMS 0x0000000716600000| PB 0x0000000716600000| Untracked 
| 113|0x0000000716800000, 0x0000000716800000, 0x0000000716a00000|  0%| F|  |TAMS 0x0000000716800000| PB 0x0000000716800000| Untracked 
| 114|0x0000000716a00000, 0x0000000716a00000, 0x0000000716c00000|  0%| F|  |TAMS 0x0000000716a00000| PB 0x0000000716a00000| Untracked 
| 115|0x0000000716c00000, 0x0000000716c00000, 0x0000000716e00000|  0%| F|  |TAMS 0x0000000716c00000| PB 0x0000000716c00000| Untracked 
| 116|0x0000000716e00000, 0x0000000716e00000, 0x0000000717000000|  0%| F|  |TAMS 0x0000000716e00000| PB 0x0000000716e00000| Untracked 
| 117|0x0000000717000000, 0x0000000717000000, 0x0000000717200000|  0%| F|  |TAMS 0x0000000717000000| PB 0x0000000717000000| Untracked 
| 118|0x0000000717200000, 0x0000000717200000, 0x0000000717400000|  0%| F|  |TAMS 0x0000000717200000| PB 0x0000000717200000| Untracked 
| 119|0x0000000717400000, 0x0000000717400000, 0x0000000717600000|  0%| F|  |TAMS 0x0000000717400000| PB 0x0000000717400000| Untracked 
| 120|0x0000000717600000, 0x0000000717600000, 0x0000000717800000|  0%| F|  |TAMS 0x0000000717600000| PB 0x0000000717600000| Untracked 
| 121|0x0000000717800000, 0x0000000717800000, 0x0000000717a00000|  0%| F|  |TAMS 0x0000000717800000| PB 0x0000000717800000| Untracked 
| 122|0x0000000717a00000, 0x0000000717bceb20, 0x0000000717c00000| 90%| E|  |TAMS 0x0000000717a00000| PB 0x0000000717a00000| Complete 
| 123|0x0000000717c00000, 0x0000000717e00000, 0x0000000717e00000|100%| E|CS|TAMS 0x0000000717c00000| PB 0x0000000717c00000| Complete 
|1980|0x00000007ffe00000, 0x00000007fff0c7c0, 0x0000000800000000| 52%| O|  |TAMS 0x00000007ffe00000| PB 0x00000007ffe00000| Untracked 

Card table byte_map: [0x0000705ecb787000,0x0000705ecbf44000] _byte_map_base: 0x0000705ec7f44000

Marking Bits: (CMBitMap*) 0x0000705ee5276410
 Bits: [0x0000705ec799f000, 0x0000705ecb787000)

Polling page: 0x0000705ee5bf6000

Metaspace:

Usage:
  Non-class:    494.92 KB used.
      Class:     40.65 KB used.
       Both:    535.57 KB used.

Virtual space:
  Non-class space:       64.00 MB reserved,     576.00 KB ( <1%) committed,  1 nodes.
      Class space:        1.00 GB reserved,     128.00 KB ( <1%) committed,  1 nodes.
             Both:        1.06 GB reserved,     704.00 KB ( <1%) committed. 

Chunk freelists:
   Non-Class:  11.96 MB
       Class:  15.74 MB
        Both:  27.70 MB

MaxMetaspaceSize: unlimited
CompressedClassSpaceSize: 1.00 GB
Initial GC threshold: 21.00 MB
Current GC threshold: 21.00 MB
CDS: on
 - commit_granule_bytes: 65536.
 - commit_granule_words: 8192.
 - virtual_space_node_default_size: 8388608.
 - enlarge_chunks_in_place: 1.
 - use_allocation_guard: 0.


Internal statistics:

num_allocs_failed_limit: 0.
num_arena_births: 14.
num_arena_deaths: 0.
num_vsnodes_births: 2.
num_vsnodes_deaths: 0.
num_space_committed: 11.
num_space_uncommitted: 0.
num_chunks_returned_to_freelist: 0.
num_chunks_taken_from_freelist: 20.
num_chunk_merges: 0.
num_chunk_splits: 13.
num_chunks_enlarged: 6.
num_inconsistent_stats: 0.

CodeHeap 'non-profiled nmethods': size=119168Kb used=53Kb max_used=53Kb free=119115Kb
 bounds [0x0000705ed53a0000, 0x0000705ed5610000, 0x0000705edc800000]
CodeHeap 'profiled nmethods': size=119164Kb used=224Kb max_used=224Kb free=118939Kb
 bounds [0x0000705ecd800000, 0x0000705ecda70000, 0x0000705ed4c5f000]
CodeHeap 'non-nmethods': size=7428Kb used=1258Kb max_used=2394Kb free=6169Kb
 bounds [0x0000705ed4c5f000, 0x0000705ed4ecf000, 0x0000705ed53a0000]
 total_blobs=576 nmethods=185 adapters=297
 compilation: enabled
              stopped_count=0, restarted_count=0
 full_count=0

Compilation events (20 events):
Event: 20.402 Thread 0x0000705ee53c0b80 nmethod 171 0x0000705ecd835410 code [0x0000705ecd8355c0, 0x0000705ecd835818]
Event: 20.403 Thread 0x0000705ee53c0b80  177       3       java.lang.StringLatin1::hashCode (52 bytes)
Event: 20.403 Thread 0x0000705ee53c0b80 nmethod 177 0x0000705ecd835990 code [0x0000705ecd835b40, 0x0000705ecd835d60]
Event: 20.403 Thread 0x0000705ee53c0b80  178       3       jdk.internal.util.Preconditions::checkFromIndexSize (25 bytes)
Event: 20.403 Thread 0x0000705ee53c0b80 nmethod 178 0x0000705ecd835e10 code [0x0000705ecd835fc0, 0x0000705ecd836168]
Event: 20.403 Thread 0x0000705ee53c0b80  179       3       java.lang.String::<init> (15 bytes)
Event: 20.403 Thread 0x0000705ee53c0b80 nmethod 179 0x0000705ecd836290 code [0x0000705ecd836420, 0x0000705ecd8365e8]
Event: 20.403 Thread 0x0000705ee53c0b80  180       3       jdk.internal.misc.Unsafe::getLongUnaligned (173 bytes)
Event: 20.403 Thread 0x0000705ee53c0b80 nmethod 180 0x0000705ecd836690 code [0x0000705ecd836880, 0x0000705ecd836c58]
Event: 20.403 Thread 0x0000705ee53c0b80  181       1       java.net.URL::getProtocol (5 bytes)
Event: 20.403 Thread 0x0000705ee53c0b80 nmethod 181 0x0000705ed53ac910 code [0x0000705ed53acaa0, 0x0000705ed53acb68]
Event: 20.403 Thread 0x0000705ee53c0b80  182       3       java.util.Arrays::copyOf (33 bytes)
Event: 20.403 Thread 0x0000705ee53c0b80 nmethod 182 0x0000705ecd836d10 code [0x0000705ecd836ee0, 0x0000705ecd8373c0]
Event: 20.403 Thread 0x0000705ee53c0b80  184       3       jdk.internal.util.ArraysSupport::mismatch (103 bytes)
Event: 20.403 Thread 0x0000705ee53c0b80 nmethod 184 0x0000705ecd837510 code [0x0000705ecd8376e0, 0x0000705ecd837ae8]
Event: 20.403 Thread 0x0000705ee53c0b80  183       3       java.lang.String::startsWith (7 bytes)
Event: 20.403 Thread 0x0000705ee53c0b80 nmethod 183 0x0000705ecd837d10 code [0x0000705ecd837ec0, 0x0000705ecd838000]
Event: 20.404 Thread 0x0000705ee53c1600 nmethod 176 0x0000705ed53acc10 code [0x0000705ed53acda0, 0x0000705ed53acfd0]
Event: 20.407 Thread 0x0000705ee53c0b80  185       1       java.lang.invoke.MethodType::form (5 bytes)
Event: 20.407 Thread 0x0000705ee53c0b80 nmethod 185 0x0000705ed53ad110 code [0x0000705ed53ad2a0, 0x0000705ed53ad368]

GC Heap History (0 events):
No events

Dll operation events (5 events):
Event: 0.002 Loaded shared library /usr/lib/jvm/java-21-openjdk-amd64/lib/libjava.so
Event: 0.021 Loaded shared library /usr/lib/jvm/java-21-openjdk-amd64/lib/libjsvml.so
Event: 0.029 Loaded shared library /usr/lib/jvm/java-21-openjdk-amd64/lib/libnio.so
Event: 0.031 Loaded shared library /usr/lib/jvm/java-21-openjdk-amd64/lib/libzip.so
Event: 20.401 Loaded shared library /usr/lib/jvm/java-21-openjdk-amd64/lib/libjimage.so

Deoptimization events (0 events):
No events

Classes loaded (20 events):
Event: 20.403 Loading class jdk/internal/logger/AbstractLoggerWrapper
Event: 20.404 Loading class jdk/internal/logger/AbstractLoggerWrapper done
Event: 20.404 Loading class jdk/internal/logger/LazyLoggers$LazyLoggerWrapper done
Event: 20.404 Loading class jdk/internal/logger/LazyLoggers$JdkLazyLogger done
Event: 20.404 Loading class jdk/internal/logger/LazyLoggers$LazyLoggerAccessor
Event: 20.405 Loading class jdk/internal/logger/LazyLoggers$LoggerAccessor
Event: 20.405 Loading class jdk/internal/logger/LazyLoggers$LoggerAccessor done
Event: 20.405 Loading class jdk/internal/logger/LazyLoggers$LazyLoggerAccessor done
Event: 20.405 Loading class java/lang/System$Logger$Level
Event: 20.405 Loading class java/lang/System$Logger$Level done
Event: 20.405 Loading class jdk/internal/logger/SurrogateLogger
Event: 20.406 Loading class jdk/internal/logger/SimpleConsoleLogger
Event: 20.406 Loading class sun/util/logging/PlatformLogger$ConfigurableBridge$LoggerConfiguration
Event: 20.407 Loading class sun/util/logging/PlatformLogger$ConfigurableBridge$LoggerConfiguration done
Event: 20.407 Loading class jdk/internal/logger/SimpleConsoleLogger done
Event: 20.407 Loading class jdk/internal/logger/SurrogateLogger done
Event: 20.407 Loading class sun/util/logging/PlatformLogger
Event: 20.408 Loading class sun/util/logging/PlatformLogger done
Event: 20.408 Loading class sun/util/logging/PlatformLogger$Level
Event: 20.408 Loading class sun/util/logging/PlatformLogger$Level done

Classes unloaded (0 events):
No events

Classes redefined (0 events):
No events

Internal exceptions (0 events):
No events

ZGC Phase Switch (0 events):
No events

VM Operations (5 events):
Event: 0.053 Executing VM operation: HandshakeAllThreads (Deoptimize)
Event: 0.053 Executing VM operation: HandshakeAllThreads (Deoptimize) done
Event: 1.054 Executing VM operation: Cleanup
Event: 1.054 Executing VM operation: Cleanup done
Event: 20.408 Executing VM operation: Exit

Memory protections (13 events):
Event: 0.001 Protecting memory [0x00007ffcba1ef000,0x00007ffcba1f3000] with protection modes 0
Event: 0.018 Protecting memory [0x0000705ec416f000,0x0000705ec4173000] with protection modes 0
Event: 0.019 Protecting memory [0x0000705ec406f000,0x0000705ec4073000] with protection modes 0
Event: 0.019 Protecting memory [0x0000705e7ef00000,0x0000705e7ef04000] with protection modes 0
Event: 0.019 Protecting memory [0x0000705e7ee00000,0x0000705e7ee04000] with protection modes 0
Event: 0.020 Protecting memory [0x0000705e7ed00000,0x0000705e7ed04000] with protection modes 0
Event: 0.020 Protecting memory [0x0000705e7ec00000,0x0000705e7ec04000] with protection modes 0
Event: 0.020 Protecting memory [0x0000705e7df00000,0x0000705e7df04000] with protection modes 0
Event: 0.024 Protecting memory [0x0000705e7dd2f000,0x0000705e7dd33000] with protection modes 0
Event: 0.028 Protecting memory [0x0000705e7dc2f000,0x0000705e7dc33000] with protection modes 0
Event: 0.043 Protecting memory [0x0000705e7db2f000,0x0000705e7db33000] with protection modes 0
Event: 0.049 Protecting memory [0x0000705e7c227000,0x0000705e7c22b000] with protection modes 0
Event: 20.398 Protecting memory [0x0000705e7dd2f000,0x0000705e7dd33000] with protection modes 0

Nmethod flushes (0 events):
No events

Events (17 events):
Event: 0.013 Thread 0x0000705ee52a0f00 Thread added: 0x0000705ee52a0f00
Event: 0.018 Thread 0x0000705ee52a0f00 Thread added: 0x0000705ee53a9600
Event: 0.019 Thread 0x0000705ee52a0f00 Thread added: 0x0000705ee53a8f00
Event: 0.019 Thread 0x0000705ee52a0f00 Thread added: 0x0000705ee53a8800
Event: 0.019 Thread 0x0000705ee52a0f00 Thread added: 0x0000705ee53a8100
Event: 0.020 Thread 0x0000705ee52a0f00 Thread added: 0x0000705ee538b900
Event: 0.020 Thread 0x0000705ee52a0f00 Thread added: 0x0000705ee53c1600
Event: 0.020 Thread 0x0000705ee52a0f00 Thread added: 0x0000705ee53c0b80
Event: 0.023 Thread 0x0000705ee53c1600 Thread added: 0x0000705e7eb87580
Event: 0.028 Thread 0x0000705ee52a0f00 Thread added: 0x0000705ee538b200
Event: 0.043 Thread 0x0000705ee52a0f00 Thread added: 0x0000705ee5388f00
Event: 0.049 Thread 0x0000705ee53c0b80 Thread added: 0x0000705e7eb12b00
Event: 5.053 Thread 0x0000705e7eb12b00 Thread exited: 0x0000705e7eb12b00
Event: 10.054 Thread 0x0000705e7eb87580 Thread exited: 0x0000705e7eb87580
Event: 20.398 Thread 0x0000705ee53a8800 Thread added: 0x0000705d6c237900
Event: 20.408 Thread 0x0000705d6c237900 Before exit entered
Event: 20.408 Thread 0x0000705ee53a8800 Thread exited: 0x0000705ee53a8800


Dynamic libraries:
708600000-717e00000 rw-p 00000000 00:00 0 
717e00000-7ffe00000 ---p 00000000 00:00 0 
7ffe00000-7fff0d000 rw-p 00cd6000 08:30 88814                            /usr/lib/jvm/java-21-openjdk-amd64/lib/server/classes.jsa
7fff0d000-800000000 rw-p 00000000 00:00 0 
56c6049c4000-56c604a04000 r--p 00000000 08:30 90566                      /home/hyuntae-choi/gcam-core/exe/gcam.exe
56c604a04000-56c604f24000 r-xp 00040000 08:30 90566                      /home/hyuntae-choi/gcam-core/exe/gcam.exe
56c604f24000-56c604ff1000 r--p 00560000 08:30 90566                      /home/hyuntae-choi/gcam-core/exe/gcam.exe
56c604ff1000-56c605007000 r--p 0062d000 08:30 90566                      /home/hyuntae-choi/gcam-core/exe/gcam.exe
56c605007000-56c605008000 rw-p 00643000 08:30 90566                      /home/hyuntae-choi/gcam-core/exe/gcam.exe
56c605008000-56c60501d000 rw-p 00000000 00:00 0 
705cd37f6000-705cecffa000 rw-p 00000000 00:00 0 
705ced5fc000-705ced8fd000 rw-p 00000000 00:00 0 
705cedbfe000-705cefffe000 rw-p 00000000 00:00 0 
705d61cfc000-705d625ff000 rw-p 00000000 00:00 0 
705d62900000-705d66200000 rw-p 00000000 00:00 0 
705d68a00000-705d71400000 rw-p 00000000 00:00 0 
705d71600000-705d73400000 rw-p 00000000 00:00 0 
705d73547000-705d93c4c000 rw-p 00000000 00:00 0 
705d93c4e000-705d9454f000 rw-p 00000000 00:00 0 
705d9470c000-705d9590c000 rw-p 00000000 00:00 0 
705d9590e000-705d95f0e000 rw-p 00000000 00:00 0 
705d963e2000-705d9d605000 rw-p 00000000 00:00 0 
705dc1cc7000-705dc1fc8000 rw-p 00000000 00:00 0 
705dc25ca000-705dc31ce000 rw-p 00000000 00:00 0 
705dd1200000-705dd1e00000 rw-p 00000000 00:00 0 
705dd2c00000-705dda400000 rw-p 00000000 00:00 0 
705dda600000-705ddc400000 rw-p 00000000 00:00 0 
705dddefd000-705de9efd000 rw-p 00000000 00:00 0 
705deaa43000-705ded443000 rw-p 00000000 00:00 0 
705dee047000-705df8847000 rw-p 00000000 00:00 0 
705df8e49000-705df914a000 rw-p 00000000 00:00 0 
705df917e000-705e26d7e000 rw-p 00000000 00:00 0 
705e26f00000-705e2a200000 rw-p 00000000 00:00 0 
705e2a400000-705e2b600000 rw-p 00000000 00:00 0 
705e2d200000-705e2de00000 rw-p 00000000 00:00 0 
705e2df00000-705e33c00000 rw-p 00000000 00:00 0 
705e33d00000-705e36400000 rw-p 00000000 00:00 0 
705e36624000-705e38124000 rw-p 00000000 00:00 0 
705e3817a000-705e5437a000 rw-p 00000000 00:00 0 
705e5437b000-705e5467b000 rw-p 00000000 00:00 0 
705e5467d000-705e54f7e000 rw-p 00000000 00:00 0 
705e54f7f000-705e5527f000 rw-p 00000000 00:00 0 
705e55280000-705e5d0a5000 rw-p 00000000 00:00 0 
705e5d0a6000-705e5d9a8000 rw-p 00000000 00:00 0 
705e618bd000-705e61bbe000 rw-p 00000000 00:00 0 
705e621c0000-705e669d8000 rw-p 00000000 00:00 0 
705e66cd9000-705e690e5000 rw-p 00000000 00:00 0 
705e696e7000-705e6c0f5000 rw-p 00000000 00:00 0 
705e6ccf9000-705e6d2fb000 rw-p 00000000 00:00 0 
705e6d5fc000-705e6e200000 rw-p 00000000 00:00 0 
705e6e3e4000-705e6ece4000 rw-p 00000000 00:00 0 
705e6f2e7000-705e6f5e7000 rw-p 00000000 00:00 0 
705e704f4000-705e746ff000 rw-p 00000000 00:00 0 
705e74b00000-705e74e00000 rw-p 00000000 00:00 0 
705e74eed000-705e754ef000 rw-p 00000000 00:00 0 
705e75af1000-705e79400000 rw-p 00000000 00:00 0 
705e79520000-705e7c227000 rw-p 00000000 00:00 0 
705e7c227000-705e7c22b000 ---p 00000000 00:00 0 
705e7c22b000-705e7c628000 rw-p 00000000 00:00 0 
705e7c7df000-705e7cc00000 rw-p 00000000 00:00 0 
705e7cc0a000-705e7db2f000 rw-p 00000000 00:00 0 
705e7db2f000-705e7db33000 ---p 00000000 00:00 0 
705e7db33000-705e7dc2f000 rw-p 00000000 00:00 0 
705e7dc2f000-705e7dc33000 ---p 00000000 00:00 0 
705e7dc33000-705e7dd2f000 rw-p 00000000 00:00 0 
705e7dd2f000-705e7dd33000 ---p 00000000 00:00 0 
705e7dd33000-705e7de2f000 rw-p 00000000 00:00 0 
705e7de2f000-705e7de34000 r--p 00000000 08:30 88795                      /usr/lib/jvm/java-21-openjdk-amd64/lib/libjsvml.so
705e7de34000-705e7de75000 r-xp 00005000 08:30 88795                      /usr/lib/jvm/java-21-openjdk-amd64/lib/libjsvml.so
705e7de75000-705e7defe000 r--p 00046000 08:30 88795                      /usr/lib/jvm/java-21-openjdk-amd64/lib/libjsvml.so
705e7defe000-705e7deff000 r--p 000ce000 08:30 88795                      /usr/lib/jvm/java-21-openjdk-amd64/lib/libjsvml.so
705e7deff000-705e7df00000 rw-p 000cf000 08:30 88795                      /usr/lib/jvm/java-21-openjdk-amd64/lib/libjsvml.so
705e7df00000-705e7df04000 ---p 00000000 00:00 0 
705e7df04000-705e7ec00000 rw-p 00000000 00:00 0 
705e7ec00000-705e7ec04000 ---p 00000000 00:00 0 
705e7ec04000-705e7ed00000 rw-p 00000000 00:00 0 
705e7ed00000-705e7ed04000 ---p 00000000 00:00 0 
705e7ed04000-705e7ee00000 rw-p 00000000 00:00 0 
705e7ee00000-705e7ee04000 ---p 00000000 00:00 0 
705e7ee04000-705e7ef00000 rw-p 00000000 00:00 0 
705e7ef00000-705e7ef04000 ---p 00000000 00:00 0 
705e7ef04000-705e7f080000 rw-p 00000000 00:00 0 
705e7f080000-705e7f400000 ---p 00000000 00:00 0 
705e7f400000-705e7f410000 rw-p 00000000 00:00 0 
705e7f410000-705e83000000 ---p 00000000 00:00 0 
705e83000000-705e83c97000 rw-p 00001000 08:30 88814                      /usr/lib/jvm/java-21-openjdk-amd64/lib/server/classes.jsa
705e83c97000-705e84000000 ---p 00000000 00:00 0 
705e84000000-705e84010000 rw-p 00000000 00:00 0 
705e84010000-705e84040000 ---p 00000000 00:00 0 
705e84040000-705e84050000 rw-p 00000000 00:00 0 
705e84050000-705ec4000000 ---p 00000000 00:00 0 
705ec400f000-705ec406f000 rw-p 00000000 00:00 0 
705ec406f000-705ec4073000 ---p 00000000 00:00 0 
705ec4073000-705ec416f000 rw-p 00000000 00:00 0 
705ec416f000-705ec4173000 ---p 00000000 00:00 0 
705ec4173000-705ec426f000 rw-p 00000000 00:00 0 
705ec426f000-705ec4270000 ---p 00000000 00:00 0 
705ec4270000-705ec4370000 rw-p 00000000 00:00 0 
705ec4370000-705ec4371000 ---p 00000000 00:00 0 
705ec4371000-705ec4471000 rw-p 00000000 00:00 0 
705ec4471000-705ec4472000 ---p 00000000 00:00 0 
705ec4472000-705ec4572000 rw-p 00000000 00:00 0 
705ec4572000-705ec4573000 ---p 00000000 00:00 0 
705ec4573000-705ec75a0000 rw-p 00000000 00:00 0 
705ec75a0000-705ec75a1000 ---p 00000000 00:00 0 
705ec75a1000-705ec76a1000 rw-p 00000000 00:00 0 
705ec76a1000-705ec76a2000 ---p 00000000 00:00 0 
705ec76a2000-705ec77a2000 rw-p 00000000 00:00 0 
705ec77a2000-705ec77a3000 ---p 00000000 00:00 0 
705ec77a3000-705ec7d7f000 rw-p 00000000 00:00 0 
705ec7d7f000-705ecb77f000 ---p 00000000 00:00 0 
705ecb77f000-705ecb803000 rw-p 00000000 00:00 0 
705ecb803000-705ecbf43000 ---p 00000000 00:00 0 
705ecbf43000-705ecbfc0000 rw-p 00000000 00:00 0 
705ecbfc0000-705ecc700000 ---p 00000000 00:00 0 
705ecc700000-705ecd633000 rw-p 00000000 00:00 0 
705ecd633000-705ecd717000 ---p 00000000 00:00 0 
705ecd717000-705ecd71c000 rw-p 00000000 00:00 0 
705ecd71c000-705ecd800000 ---p 00000000 00:00 0 
705ecd800000-705ecda70000 rwxp 00000000 00:00 0 
705ecda70000-705ed4c5f000 ---p 00000000 00:00 0 
705ed4c5f000-705ed4ecf000 rwxp 00000000 00:00 0 
705ed4ecf000-705ed53a0000 ---p 00000000 00:00 0 
705ed53a0000-705ed5610000 rwxp 00000000 00:00 0 
705ed5610000-705edc800000 ---p 00000000 00:00 0 
705edc800000-705ee4e1e000 r--s 00000000 08:30 88811                      /usr/lib/jvm/java-21-openjdk-amd64/lib/modules
705ee4e2c000-705ee4e5c000 rw-p 00000000 00:00 0 
705ee4e5c000-705ee4e5e000 r--p 00000000 08:30 13126                      /usr/lib/x86_64-linux-gnu/libz.so.1.3
705ee4e5e000-705ee4e70000 r-xp 00002000 08:30 13126                      /usr/lib/x86_64-linux-gnu/libz.so.1.3
705ee4e70000-705ee4e76000 r--p 00014000 08:30 13126                      /usr/lib/x86_64-linux-gnu/libz.so.1.3
705ee4e76000-705ee4e77000 r--p 0001a000 08:30 13126                      /usr/lib/x86_64-linux-gnu/libz.so.1.3
705ee4e77000-705ee4e78000 rw-p 0001b000 08:30 13126                      /usr/lib/x86_64-linux-gnu/libz.so.1.3
705ee4e83000-705ee4e85000 r--p 00000000 08:30 88810                      /usr/lib/jvm/java-21-openjdk-amd64/lib/libzip.so
705ee4e85000-705ee4e8a000 r-xp 00002000 08:30 88810                      /usr/lib/jvm/java-21-openjdk-amd64/lib/libzip.so
705ee4e8a000-705ee4e8c000 r--p 00007000 08:30 88810                      /usr/lib/jvm/java-21-openjdk-amd64/lib/libzip.so
705ee4e8c000-705ee4e8d000 r--p 00008000 08:30 88810                      /usr/lib/jvm/java-21-openjdk-amd64/lib/libzip.so
705ee4e8d000-705ee4e8e000 rw-p 00009000 08:30 88810                      /usr/lib/jvm/java-21-openjdk-amd64/lib/libzip.so
705ee4e8e000-705ee4e95000 r--p 00000000 08:30 88803                      /usr/lib/jvm/java-21-openjdk-amd64/lib/libnio.so
705ee4e95000-705ee4e9e000 r-xp 00007000 08:30 88803                      /usr/lib/jvm/java-21-openjdk-amd64/lib/libnio.so
705ee4e9e000-705ee4ea2000 r--p 00010000 08:30 88803                      /usr/lib/jvm/java-21-openjdk-amd64/lib/libnio.so
705ee4ea2000-705ee4ea3000 r--p 00014000 08:30 88803                      /usr/lib/jvm/java-21-openjdk-amd64/lib/libnio.so
705ee4ea3000-705ee4ea4000 rw-p 00015000 08:30 88803                      /usr/lib/jvm/java-21-openjdk-amd64/lib/libnio.so
705ee4ea4000-705ee4efd000 r--p 00000000 08:30 12210                      /usr/lib/locale/C.utf8/LC_CTYPE
705ee4efd000-705ee5400000 rw-p 00000000 00:00 0 
705ee5400000-705ee5428000 r--p 00000000 08:30 101134                     /usr/lib/x86_64-linux-gnu/libc.so.6
705ee5428000-705ee55b0000 r-xp 00028000 08:30 101134                     /usr/lib/x86_64-linux-gnu/libc.so.6
705ee55b0000-705ee55ff000 r--p 001b0000 08:30 101134                     /usr/lib/x86_64-linux-gnu/libc.so.6
705ee55ff000-705ee5603000 r--p 001fe000 08:30 101134                     /usr/lib/x86_64-linux-gnu/libc.so.6
705ee5603000-705ee5605000 rw-p 00202000 08:30 101134                     /usr/lib/x86_64-linux-gnu/libc.so.6
705ee5605000-705ee5612000 rw-p 00000000 00:00 0 
705ee5613000-705ee5616000 r--p 00000000 08:30 88802                      /usr/lib/jvm/java-21-openjdk-amd64/lib/libnet.so
705ee5616000-705ee561e000 r-xp 00003000 08:30 88802                      /usr/lib/jvm/java-21-openjdk-amd64/lib/libnet.so
705ee561e000-705ee5620000 r--p 0000b000 08:30 88802                      /usr/lib/jvm/java-21-openjdk-amd64/lib/libnet.so
705ee5620000-705ee5621000 r--p 0000c000 08:30 88802                      /usr/lib/jvm/java-21-openjdk-amd64/lib/libnet.so
705ee5621000-705ee5622000 rw-p 0000d000 08:30 88802                      /usr/lib/jvm/java-21-openjdk-amd64/lib/libnet.so
705ee5622000-705ee5623000 r--p 00000000 08:30 12216                      /usr/lib/locale/C.utf8/LC_NUMERIC
705ee5623000-705ee5624000 r--p 00000000 08:30 12219                      /usr/lib/locale/C.utf8/LC_TIME
705ee5624000-705ee5625000 r--p 00000000 08:30 12209                      /usr/lib/locale/C.utf8/LC_COLLATE
705ee5625000-705ee5626000 r--p 00000000 08:30 12214                      /usr/lib/locale/C.utf8/LC_MONETARY
705ee5626000-705ee5627000 r--p 00000000 08:30 12213                      /usr/lib/locale/C.utf8/LC_MESSAGES/SYS_LC_MESSAGES
705ee5627000-705ee5628000 r--p 00000000 08:30 12217                      /usr/lib/locale/C.utf8/LC_PAPER
705ee5628000-705ee5629000 r--p 00000000 08:30 12215                      /usr/lib/locale/C.utf8/LC_NAME
705ee5629000-705ee562a000 r--p 00000000 08:30 12208                      /usr/lib/locale/C.utf8/LC_ADDRESS
705ee562a000-705ee562b000 r--p 00000000 08:30 12218                      /usr/lib/locale/C.utf8/LC_TELEPHONE
705ee562b000-705ee562c000 r--p 00000000 08:30 12212                      /usr/lib/locale/C.utf8/LC_MEASUREMENT
705ee562c000-705ee5633000 r--s 00000000 08:30 101096                     /usr/lib/x86_64-linux-gnu/gconv/gconv-modules.cache
705ee5633000-705ee5638000 rw-p 00000000 00:00 0 
705ee5638000-705ee5642000 ---p 00000000 00:00 0 
705ee5642000-705ee564f000 r--p 00000000 08:30 88788                      /usr/lib/jvm/java-21-openjdk-amd64/lib/libjava.so
705ee564f000-705ee565e000 r-xp 0000d000 08:30 88788                      /usr/lib/jvm/java-21-openjdk-amd64/lib/libjava.so
705ee565e000-705ee5663000 r--p 0001c000 08:30 88788                      /usr/lib/jvm/java-21-openjdk-amd64/lib/libjava.so
705ee5663000-705ee5664000 r--p 00021000 08:30 88788                      /usr/lib/jvm/java-21-openjdk-amd64/lib/libjava.so
705ee5664000-705ee5665000 rw-p 00022000 08:30 88788                      /usr/lib/jvm/java-21-openjdk-amd64/lib/libjava.so
705ee5665000-705ee5666000 rw-p 00000000 00:00 0 
705ee5666000-705ee566e000 rw-s 00000000 08:30 385046                     /tmp/hsperfdata_hyuntae-choi/87024 (deleted)
705ee566e000-705ee57bf000 rw-p 00000000 00:00 0 
705ee57bf000-705ee57c5000 r--p 00000000 08:30 86477                      /usr/lib/x86_64-linux-gnu/libtbbmalloc.so.2.11
705ee57c5000-705ee57d7000 r-xp 00006000 08:30 86477                      /usr/lib/x86_64-linux-gnu/libtbbmalloc.so.2.11
705ee57d7000-705ee57dc000 r--p 00018000 08:30 86477                      /usr/lib/x86_64-linux-gnu/libtbbmalloc.so.2.11
705ee57dc000-705ee57dd000 r--p 0001c000 08:30 86477                      /usr/lib/x86_64-linux-gnu/libtbbmalloc.so.2.11
705ee57dd000-705ee57df000 rw-p 0001d000 08:30 86477                      /usr/lib/x86_64-linux-gnu/libtbbmalloc.so.2.11
705ee57df000-705ee5800000 rw-p 00000000 00:00 0 
705ee5800000-705ee589d000 r--p 00000000 08:30 13036                      /usr/lib/x86_64-linux-gnu/libstdc++.so.6.0.33
705ee589d000-705ee59e5000 r-xp 0009d000 08:30 13036                      /usr/lib/x86_64-linux-gnu/libstdc++.so.6.0.33
705ee59e5000-705ee5a6c000 r--p 001e5000 08:30 13036                      /usr/lib/x86_64-linux-gnu/libstdc++.so.6.0.33
705ee5a6c000-705ee5a77000 r--p 0026b000 08:30 13036                      /usr/lib/x86_64-linux-gnu/libstdc++.so.6.0.33
705ee5a77000-705ee5a7a000 rw-p 00276000 08:30 13036                      /usr/lib/x86_64-linux-gnu/libstdc++.so.6.0.33
705ee5a7a000-705ee5a7e000 rw-p 00000000 00:00 0 
705ee5a7e000-705ee5a83000 rw-p 00000000 00:00 0 
705ee5a83000-705ee5a87000 r--p 00000000 08:30 12817                      /usr/lib/x86_64-linux-gnu/libgcc_s.so.1
705ee5a87000-705ee5aab000 r-xp 00004000 08:30 12817                      /usr/lib/x86_64-linux-gnu/libgcc_s.so.1
705ee5aab000-705ee5aaf000 r--p 00028000 08:30 12817                      /usr/lib/x86_64-linux-gnu/libgcc_s.so.1
705ee5aaf000-705ee5ab0000 r--p 0002b000 08:30 12817                      /usr/lib/x86_64-linux-gnu/libgcc_s.so.1
705ee5ab0000-705ee5ab1000 rw-p 0002c000 08:30 12817                      /usr/lib/x86_64-linux-gnu/libgcc_s.so.1
705ee5ab1000-705ee5ab3000 rw-p 00000000 00:00 0 
705ee5ab3000-705ee5ac3000 r--p 00000000 08:30 101137                     /usr/lib/x86_64-linux-gnu/libm.so.6
705ee5ac3000-705ee5b42000 r-xp 00010000 08:30 101137                     /usr/lib/x86_64-linux-gnu/libm.so.6
705ee5b42000-705ee5b9a000 r--p 0008f000 08:30 101137                     /usr/lib/x86_64-linux-gnu/libm.so.6
705ee5b9a000-705ee5b9b000 r--p 000e7000 08:30 101137                     /usr/lib/x86_64-linux-gnu/libm.so.6
705ee5b9b000-705ee5b9c000 rw-p 000e8000 08:30 101137                     /usr/lib/x86_64-linux-gnu/libm.so.6
705ee5b9c000-705ee5b9d000 r--p 00000000 08:30 86478                      /usr/lib/x86_64-linux-gnu/libtbbmalloc_proxy.so.2.11
705ee5b9d000-705ee5b9e000 r-xp 00001000 08:30 86478                      /usr/lib/x86_64-linux-gnu/libtbbmalloc_proxy.so.2.11
705ee5b9e000-705ee5b9f000 r--p 00002000 08:30 86478                      /usr/lib/x86_64-linux-gnu/libtbbmalloc_proxy.so.2.11
705ee5b9f000-705ee5ba0000 r--p 00002000 08:30 86478                      /usr/lib/x86_64-linux-gnu/libtbbmalloc_proxy.so.2.11
705ee5ba0000-705ee5ba1000 rw-p 00003000 08:30 86478                      /usr/lib/x86_64-linux-gnu/libtbbmalloc_proxy.so.2.11
705ee5ba1000-705ee5bad000 r--p 00000000 08:30 86505                      /usr/lib/x86_64-linux-gnu/libtbb.so.12.11
705ee5bad000-705ee5bd0000 r-xp 0000c000 08:30 86505                      /usr/lib/x86_64-linux-gnu/libtbb.so.12.11
705ee5bd0000-705ee5bda000 r--p 0002f000 08:30 86505                      /usr/lib/x86_64-linux-gnu/libtbb.so.12.11
705ee5bda000-705ee5bdc000 r--p 00039000 08:30 86505                      /usr/lib/x86_64-linux-gnu/libtbb.so.12.11
705ee5bdc000-705ee5bdf000 rw-p 0003b000 08:30 86505                      /usr/lib/x86_64-linux-gnu/libtbb.so.12.11
705ee5bdf000-705ee5bf5000 rw-p 00000000 00:00 0 
705ee5bf5000-705ee5bf6000 r--p 00000000 08:30 12211                      /usr/lib/locale/C.utf8/LC_IDENTIFICATION
705ee5bf6000-705ee5bf7000 ---p 00000000 00:00 0 
705ee5bf7000-705ee5bf8000 r--p 00000000 00:00 0 
705ee5bf8000-705ee5bfa000 r--p 00000000 08:30 88791                      /usr/lib/jvm/java-21-openjdk-amd64/lib/libjimage.so
705ee5bfa000-705ee5bfd000 r-xp 00002000 08:30 88791                      /usr/lib/jvm/java-21-openjdk-amd64/lib/libjimage.so
705ee5bfd000-705ee5bfe000 r--p 00005000 08:30 88791                      /usr/lib/jvm/java-21-openjdk-amd64/lib/libjimage.so
705ee5bfe000-705ee5bff000 r--p 00006000 08:30 88791                      /usr/lib/jvm/java-21-openjdk-amd64/lib/libjimage.so
705ee5bff000-705ee5c00000 rw-p 00007000 08:30 88791                      /usr/lib/jvm/java-21-openjdk-amd64/lib/libjimage.so
705ee5c00000-705ee5ea1000 r--p 00000000 08:30 88817                      /usr/lib/jvm/java-21-openjdk-amd64/lib/server/libjvm.so
705ee5ea1000-705ee6d0d000 r-xp 002a1000 08:30 88817                      /usr/lib/jvm/java-21-openjdk-amd64/lib/server/libjvm.so
705ee6d0d000-705ee6fe5000 r--p 0110d000 08:30 88817                      /usr/lib/jvm/java-21-openjdk-amd64/lib/server/libjvm.so
705ee6fe5000-705ee70b8000 r--p 013e5000 08:30 88817                      /usr/lib/jvm/java-21-openjdk-amd64/lib/server/libjvm.so
705ee70b8000-705ee70e8000 rw-p 014b8000 08:30 88817                      /usr/lib/jvm/java-21-openjdk-amd64/lib/server/libjvm.so
705ee70e8000-705ee714e000 rw-p 00000000 00:00 0 
705ee714e000-705ee714f000 ---p 00000000 00:00 0 
705ee714f000-705ee7151000 rw-p 00000000 00:00 0 
705ee7151000-705ee7152000 r--p 00000000 08:30 101104                     /usr/lib/x86_64-linux-gnu/ld-linux-x86-64.so.2
705ee7152000-705ee717d000 r-xp 00001000 08:30 101104                     /usr/lib/x86_64-linux-gnu/ld-linux-x86-64.so.2
705ee717d000-705ee7187000 r--p 0002c000 08:30 101104                     /usr/lib/x86_64-linux-gnu/ld-linux-x86-64.so.2
705ee7187000-705ee7189000 r--p 00036000 08:30 101104                     /usr/lib/x86_64-linux-gnu/ld-linux-x86-64.so.2
705ee7189000-705ee718b000 rw-p 00038000 08:30 101104                     /usr/lib/x86_64-linux-gnu/ld-linux-x86-64.so.2
7ffcba1ef000-7ffcba1f3000 ---p 00000000 00:00 0 
7ffcba1f3000-7ffcba2ef000 rw-p 00000000 00:00 0                          [stack]
7ffcba372000-7ffcba376000 r--p 00000000 00:00 0                          [vvar]
7ffcba376000-7ffcba378000 r-xp 00000000 00:00 0                          [vdso]
Total number of mappings: 236


VM Arguments:
jvm_args: -Djava.system.class.loader=WildcardExpandingClassLoader 
java_command: <unknown>
java_class_path (initial): XMLDBDriver.jar:/home/hyuntae-choi/gcam-core/libs/jars/*:../output/modelinterface/ModelInterface.jar
Launcher Type: generic

[Global flags]
     intx CICompilerCount                          = 12                                        {product} {ergonomic}
     uint ConcGCThreads                            = 4                                         {product} {ergonomic}
     uint G1ConcRefinementThreads                  = 15                                        {product} {ergonomic}
   size_t G1HeapRegionSize                         = 2097152                                   {product} {ergonomic}
    uintx GCDrainStackTargetSize                   = 64                                        {product} {ergonomic}
   size_t InitialHeapSize                          = 260046848                                 {product} {ergonomic}
   size_t MarkStackSize                            = 4194304                                   {product} {ergonomic}
   size_t MaxHeapSize                              = 4154458112                                {product} {ergonomic}
   size_t MaxNewSize                               = 2491416576                                {product} {ergonomic}
   size_t MinHeapDeltaBytes                        = 2097152                                   {product} {ergonomic}
   size_t MinHeapSize                              = 8388608                                   {product} {ergonomic}
    uintx NonNMethodCodeHeapSize                   = 7602480                                {pd product} {ergonomic}
    uintx NonProfiledCodeHeapSize                  = 122027880                              {pd product} {ergonomic}
    uintx ProfiledCodeHeapSize                     = 122027880                              {pd product} {ergonomic}
    uintx ReservedCodeCacheSize                    = 251658240                              {pd product} {ergonomic}
     bool SegmentedCodeCache                       = true                                      {product} {ergonomic}
   size_t SoftMaxHeapSize                          = 4154458112                             {manageable} {ergonomic}
     bool UseCompressedOops                        = true                           {product lp64_product} {ergonomic}
     bool UseG1GC                                  = true                                      {product} {ergonomic}

Logging:
Log output configuration:
 #0: 
[error occurred during error reporting (printing log configuration), id 0xb, SIGSEGV (0xb) at pc=0x0000705ee67900d6]
Environment Variables:
PATH=/home/hyuntae-choi/anaconda3/bin:/home/hyuntae-choi/anaconda3/condabin:/usr/local/sbin:/usr/local/bin:/usr/sbin:/usr/bin:/sbin:/bin:/usr/games:/usr/local/games:/usr/lib/wsl/lib:/mnt/c/Windows/system32:/mnt/c/Windows:/mnt/c/Windows/System32/Wbem:/mnt/c/Windows/System32/WindowsPowerShell/v1.0:/mnt/c/Windows/System32/OpenSSH:/mnt/c/Program Files (x86)/NVIDIA Corporation/PhysX/Common:/mnt/c/Program Files/NVIDIA Corporation/NVIDIA NvDLISR:/mnt/c/WINDOWS/system32:/mnt/c/WINDOWS:/mnt/c/WINDOWS/System32/Wbem:/mnt/c/WINDOWS/System32/WindowsPowerShell/v1.0:/mnt/c/WINDOWS/System32/OpenSSH:/mnt/c/Program Files/Git/cmd:/mnt/c/Users/HyuntaeChoi/AppData/Local/Microsoft/WindowsApps:/mnt/c/Users/HyuntaeChoi/AppData/Local/Programs/Microsoft VS Code/bin:/snap/bin
SHELL=/bin/bash
DISPLAY=:0
HOSTTYPE=x86_64
LANG=C.UTF-8
TERM=xterm-256color

Active Locale:
LC_ALL=C.UTF-8
LC_COLLATE=C.UTF-8
LC_CTYPE=C.UTF-8
LC_MESSAGES=C.UTF-8
LC_MONETARY=C.UTF-8
LC_NUMERIC=C.UTF-8
LC_TIME=C.UTF-8

Signal Handlers:
   SIGSEGV: crash_handler in libjvm.so, mask=11100100010111111101111111111110, flags=SA_RESTART|SA_SIGINFO, unblocked
    SIGBUS: crash_handler in libjvm.so, mask=11100100010111111101111111111110, flags=SA_RESTART|SA_SIGINFO, unblocked
    SIGFPE: crash_handler in libjvm.so, mask=11100100010111111101111111111110, flags=SA_RESTART|SA_SIGINFO, unblocked
   SIGPIPE: javaSignalHandler in libjvm.so, mask=11100100010111111101111111111110, flags=SA_RESTART|SA_SIGINFO, blocked
   SIGXFSZ: javaSignalHandler in libjvm.so, mask=11100100010111111101111111111110, flags=SA_RESTART|SA_SIGINFO, blocked
    SIGILL: crash_handler in libjvm.so, mask=11100100010111111101111111111110, flags=SA_RESTART|SA_SIGINFO, unblocked
   SIGUSR2: SR_handler in libjvm.so, mask=00000000000000000000000000000000, flags=SA_RESTART|SA_SIGINFO, blocked
    SIGHUP: UserHandler in libjvm.so, mask=11100100010111111101111111111110, flags=SA_RESTART|SA_SIGINFO, blocked
    SIGINT: UserHandler in libjvm.so, mask=11100100010111111101111111111110, flags=SA_RESTART|SA_SIGINFO, blocked
   SIGTERM: UserHandler in libjvm.so, mask=11100100010111111101111111111110, flags=SA_RESTART|SA_SIGINFO, blocked
   SIGQUIT: UserHandler in libjvm.so, mask=11100100010111111101111111111110, flags=SA_RESTART|SA_SIGINFO, blocked
   SIGTRAP: crash_handler in libjvm.so, mask=11100100010111111101111111111110, flags=SA_RESTART|SA_SIGINFO, unblocked


Periodic native trim disabled

---------------  S Y S T E M  ---------------

OS:
DISTRIB_ID=Ubuntu
DISTRIB_RELEASE=24.04
DISTRIB_CODENAME=noble
DISTRIB_DESCRIPTION="Ubuntu 24.04.2 LTS"
uname: Linux 6.6.87.1-microsoft-standard-WSL2 #1 SMP PREEMPT_DYNAMIC Mon Apr 21 17:08:54 UTC 2025 x86_64
OS uptime: 0 days 6:51 hours
libc: glibc 2.39 NPTL 2.39 
rlimit (soft/hard): STACK 8192k/infinity , CORE 0k/infinity , NPROC 63341/63341 , NOFILE 1048576/1048576 , AS infinity/infinity , CPU infinity/infinity , DATA infinity/infinity , FSIZE infinity/infinity , MEMLOCK 65536k/65536k
load average: 0.80 6.41 8.30

/proc/meminfo:
MemTotal:       16225472 kB
MemFree:         7164464 kB
MemAvailable:   10037548 kB
Buffers:            6796 kB
Cached:          3021720 kB
SwapCached:       552084 kB
Active:          3351996 kB
Inactive:        5188540 kB
Active(anon):     580960 kB
Inactive(anon):  4934124 kB
Active(file):    2771036 kB
Inactive(file):   254416 kB
Unevictable:           0 kB
Mlocked:               0 kB
SwapTotal:       4194304 kB
SwapFree:        2398764 kB
Dirty:              3760 kB
Writeback:             0 kB
AnonPages:       5396556 kB
Mapped:           103524 kB
Shmem:              3048 kB
KReclaimable:      68476 kB
Slab:             163376 kB
SReclaimable:      68476 kB
SUnreclaim:        94900 kB
KernelStack:        9424 kB
PageTables:        60404 kB
SecPageTables:         0 kB
NFS_Unstable:          0 kB
Bounce:                0 kB
WritebackTmp:          0 kB
CommitLimit:    12307040 kB
Committed_AS:    7854684 kB
VmallocTotal:   34359738367 kB
VmallocUsed:       35304 kB
VmallocChunk:          0 kB
Percpu:            10080 kB
HardwareCorrupted:     0 kB
AnonHugePages:         0 kB
ShmemHugePages:        0 kB
ShmemPmdMapped:        0 kB
FileHugePages:         0 kB
FilePmdMapped:         0 kB
Unaccepted:            0 kB
HugePages_Total:       0
HugePages_Free:        0
HugePages_Rsvd:        0
HugePages_Surp:        0
Hugepagesize:       2048 kB
Hugetlb:               0 kB
DirectMap4k:       93184 kB
DirectMap2M:     7094272 kB
DirectMap1G:    17825792 kB

/sys/kernel/mm/transparent_hugepage/enabled: always [madvise] never
/sys/kernel/mm/transparent_hugepage/hpage_pmd_size: 2097152
/sys/kernel/mm/transparent_hugepage/defrag (defrag/compaction efforts parameter): always defer defer+madvise [madvise] never

Process Memory:
Virtual Size: 9538852K (peak: 12741376K)
Resident Set Size: 3752776K (peak: 6856296K) (anon: 3724748K, file: 28028K, shmem: 0K)
Swapped out: 0K
C-Heap outstanding allocations: 0K, retained: 0K
glibc malloc tunables: (default)

/proc/sys/kernel/threads-max (system-wide limit on the number of threads): 126683
/proc/sys/vm/max_map_count (maximum number of memory map areas a process may have): 1048576
/proc/sys/vm/swappiness (control to define how aggressively the kernel swaps out anonymous memory): 60
/proc/sys/kernel/pid_max (system-wide limit on number of process identifiers): 4194304

container (cgroup) information:
container_type: cgroupv2
cpu_cpuset_cpus: not supported
cpu_memory_nodes: not supported
active_processor_count: 20
cpu_quota: no quota
cpu_period: 100000
cpu_shares: no shares
memory_limit_in_bytes: unlimited
memory_and_swap_limit_in_bytes: unlimited
memory_soft_limit_in_bytes: unlimited
memory_usage_in_bytes: 8527244 k
memory_max_usage_in_bytes: not supported
memory_swap_current_in_bytes: 1765544 k
memory_swap_max_limit_in_bytes: unlimited
maximum number of tasks: 19002
current number of tasks: 267

Hyper-V virtualization detected
Steal ticks since vm start: 0
Steal ticks percentage since vm start:  0.000

CPU: total 20 (initial active 20) (16 cores per cpu, 2 threads per core) family 6 model 154 stepping 3 microcode 0xffffffff, cx8, cmov, fxsr, ht, mmx, 3dnowpref, sse, sse2, sse3, ssse3, sse4.1, sse4.2, popcnt, lzcnt, tsc, tscinvbit, avx, avx2, aes, erms, clmul, bmi1, bmi2, adx, sha, fma, vzeroupper, clflush, clflushopt, clwb, hv, serialize, rdtscp, rdpid, fsrm, f16c, cet_ibt, cet_ss
CPU Model and flags from /proc/cpuinfo:
model name	: 12th Gen Intel(R) Core(TM) i7-12700H
flags		: fpu vme de pse tsc msr pae mce cx8 apic sep mtrr pge mca cmov pat pse36 clflush mmx fxsr sse sse2 ss ht syscall nx pdpe1gb rdtscp lm constant_tsc rep_good nopl xtopology tsc_reliable nonstop_tsc cpuid tsc_known_freq pni pclmulqdq vmx ssse3 fma cx16 pcid sse4_1 sse4_2 x2apic movbe popcnt tsc_deadline_timer aes xsave avx f16c rdrand hypervisor lahf_lm abm 3dnowprefetch ssbd ibrs ibpb stibp ibrs_enhanced tpr_shadow ept vpid ept_ad fsgsbase tsc_adjust bmi1 avx2 smep bmi2 erms invpcid rdseed adx smap clflushopt clwb sha_ni xsaveopt xsavec xgetbv1 xsaves avx_vnni vnmi umip waitpkg gfni vaes vpclmulqdq rdpid movdiri movdir64b fsrm md_clear serialize flush_l1d arch_capabilities

Online cpus: 0-19
Offline cpus: 
BIOS frequency limitation: <Not Available>
Frequency switch latency (ns): <Not Available>
Available cpu frequencies: <Not Available>
Current governor: <Not Available>
Core performance/turbo boost: <Not Available>

Memory: 4k page, physical 16225472k(10057636k free), swap 4194304k(2398764k free)
Page Sizes: 4k

vm_info: OpenJDK 64-Bit Server VM (21.0.7+6-Ubuntu-0ubuntu124.04) for linux-amd64 JRE (21.0.7+6-Ubuntu-0ubuntu124.04), built on 2025-04-17T05:57:30Z by "buildd" with gcc 13.3.0

END.
